 ched

 Timestamp is 3070bbd3 (Mon Oct 02 21:28:03 1995)

 Preferred load address is 00400000

 Start         Length     Name                   Class
 0001:00000000 000f470eH .text                   CODE
 0002:00000000 00002ebcH .bss                    DATA
 0003:00000000 00004df0H .rdata                  DATA
 0004:00000000 0000d2c4H .data                   DATA
 0004:0000d2c4 00000004H .CRT$XCA                DATA
 0004:0000d2c8 00000004H .CRT$XCC                DATA
 0004:0000d2cc 0000010cH .CRT$XCU                DATA
 0004:0000d3d8 00000004H .CRT$XCZ                DATA
 0004:0000d3dc 00000004H .CRT$XIA                DATA
 0004:0000d3e0 00000008H .CRT$XIC                DATA
 0004:0000d3e8 00000004H .CRT$XIZ                DATA
 0004:0000d3ec 00000004H .CRT$XPA                DATA
 0004:0000d3f0 00000004H .CRT$XPX                DATA
 0004:0000d3f4 00000004H .CRT$XPZ                DATA
 0004:0000d3f8 00000004H .CRT$XTA                DATA
 0004:0000d3fc 00000004H .CRT$XTZ                DATA
 0005:00000000 000000a0H .idata$2                DATA
 0005:000000a0 00000028H .idata$3                DATA
 0005:000000c8 000004ccH .idata$4                DATA
 0005:00000594 000004ccH .idata$5                DATA
 0005:00000a60 0000147cH .idata$6                DATA
 0006:00000000 000002acH .rsrc$01                DATA
 0006:000002b0 000017d8H .rsrc$02                DATA
 0008:00000000 00000000H .debug$C                DATA
 0008:00000000 00000110H .debug$E                DATA
 0008:00000110 000008f0H .debug$F                DATA
 0008:00000c70 00000000H .debug$G                DATA
 0008:00000c70 00000031H .debug$H                DATA
 0008:ffee3000 00000000H .debug$P                DATA
 0008:ffee3000 00000000H .debug$S                DATA
 0008:ffee3000 00000000H .debug$T                DATA

  Address         Publics by Value              Rva+Base   Lib:Object

 0001:00000000       ?FWouldBe@USAC@@SGHJ@Z     00401000 f utilglob.obj
 0001:00000040       ?FIs@USAC@@UAEHJ@Z         00401040 f utilglob.obj
 0001:00000070       ?Cls@USAC@@UAEJXZ          00401070 f utilglob.obj
 0001:000001b0       ??1RND@@UAE@XZ             004011b0 f utilglob.obj
 0001:000001e0       ??1KCDC@@UAE@XZ            004011e0 f utilglob.obj
 0001:00000210       ??0KCDC@@QAE@XZ            00401210 f utilglob.obj
 0001:00000250       ??1USAC@@UAE@XZ            00401250 f utilglob.obj
 0001:000002a0       ??1BASE@@UAE@XZ            004012a0 f utilglob.obj
 0001:000002f0       ??_EBASE@@UAEPAXI@Z        004012f0 f utilglob.obj
 0001:000002f0       ??_GBASE@@UAEPAXI@Z        004012f0 f utilglob.obj
 0001:00000330       ??1CODC@@UAE@XZ            00401330 f utilglob.obj
 0001:00000360       ??_GKCDC@@UAEPAXI@Z        00401360 f utilglob.obj
 0001:00000360       ??_EKCDC@@UAEPAXI@Z        00401360 f utilglob.obj
 0001:000003a0       ??0CODC@@QAE@XZ            004013a0 f utilglob.obj
 0001:000003e0       ??_ECODC@@UAEPAXI@Z        004013e0 f utilglob.obj
 0001:000003e0       ??_GCODC@@UAEPAXI@Z        004013e0 f utilglob.obj
 0001:00000420       ??0MUTX@@QAE@XZ            00401420 f utilglob.obj
 0001:00000450       ??1MUTX@@QAE@XZ            00401450 f utilglob.obj
 0001:00000480       ?FCanDo@KCDC@@UAEHHJ@Z     00401480 f utilglob.obj
 0001:000004d0       ?MarkUtilMem@@YGXXZ        004014d0 f util.obj
 0001:00000620       ?PfilNext@FIL@@QAEPAV1@XZ  00401620 f util.obj
 0001:00000650       ?PbllNext@BLL@@QAEPAV1@XZ  00401650 f util.obj
 0001:00000680       ?PfilFirst@FIL@@SGPAV1@XZ  00401680 f util.obj
 0001:000006a0       ?PcflNext@CFL@@QAEPAV1@XZ  004016a0 f util.obj
 0001:000006d0       ?PcflFirst@CFL@@SGPAV1@XZ  004016d0 f util.obj
 0001:000006f0       ?FWouldBe@BLL@@SGHJ@Z      004016f0 f base.obj
 0001:00000730       ?FIs@BLL@@UAEHJ@Z          00401730 f base.obj
 0001:00000760       ?Cls@BLL@@UAEJXZ           00401760 f base.obj
 0001:00000790       ?Cls@BASE@@UAEJXZ          00401790 f base.obj
 0001:000007c0       ?FIs@BASE@@UAEHJ@Z         004017c0 f base.obj
 0001:00000800       ?FWouldBe@BASE@@SGHJ@Z     00401800 f base.obj
 0001:00000830       ??0BASE@@QAE@XZ            00401830 f base.obj
 0001:00000910       ?_PbaseFromDoi@@YGPAVBASE@@PAUDOI@@@Z 00401910 f base.obj
 0001:00000930       ?_Enter@@YGXXZ             00401930 f base.obj
 0001:00000950       ?_Leave@@YGXXZ             00401950 f base.obj
 0001:00000970       ?AddRef@BASE@@UAEXXZ       00401970 f base.obj
 0001:00000a00       ?Release@BASE@@UAEXXZ      00401a00 f base.obj
 0001:00000ab0       ??2BASE@@SGPAXIPADJ@Z      00401ab0 f base.obj
 0001:00000c80       ?Debugger@@YGXXZ           00401c80 f base.obj
 0001:00000ca0       ??3BASE@@SGXPAX@Z          00401ca0 f base.obj
 0001:00000d20       ?_PdoiFromBase@@YGPAUDOI@@PAX@Z 00401d20 f base.obj
 0001:00000d40       ?AssertValid@BASE@@QAEXK@Z 00401d40 f base.obj
 0001:00000e70       ?MarkMemStub@BASE@@QAEXXZ  00401e70 f base.obj
 0001:00000f50       ?MarkMem@BASE@@UAEXXZ      00401f50 f base.obj
 0001:00000fa0       ?_AssertDoi@@YGXPAUDOI@@H@Z 00401fa0 f base.obj
 0001:00001190       ?_LinkDoi@@YGXPAUDOI@@PAPAU1@@Z 00402190 f base.obj
 0001:00001210       ?_UnlinkDoi@@YGXPAUDOI@@@Z 00402210 f base.obj
 0001:00001290       ?AssertUnmarkedObjs@@YGXXZ 00402290 f base.obj
 0001:00001560       ?UnmarkAllObjs@@YGXXZ      00402560 f base.obj
 0001:00001670       ??0BLL@@QAE@XZ             00402670 f base.obj
 0001:000016c0       ??1BLL@@UAE@XZ             004026c0 f base.obj
 0001:00001710       ?_Attach@BLL@@IAEXPAX@Z    00402710 f base.obj
 0001:000018b0       ?AssertNilOrPvCb@@YGXPAXJ@Z 004028b0 f base.obj
 0001:000018e0       ?AssertValid@BLL@@QAEXK@Z  004028e0 f base.obj
 0001:000019e0       ??_GBLL@@UAEPAXI@Z         004029e0 f base.obj
 0001:000019e0       ??_EBLL@@UAEPAXI@Z         004029e0 f base.obj
 0001:00001a20       ??0STN@@QAE@XZ             00402a20 f base.obj
 0001:00001a80       ?PvAddBv@@YGPAXPAXJ@Z      00402a80 f base.obj
 0001:00001aa0       ?PvSubBv@@YGPAXPAXJ@Z      00402aa0 f base.obj
 0001:00001ac0       ?Enter@MUTX@@QAEXXZ        00402ac0 f base.obj
 0001:00001af0       ?Leave@MUTX@@QAEXXZ        00402af0 f base.obj
 0001:00001b20       ?LwThreadCur@@YGJXZ        00402b20 f base.obj
 0001:00001b40       ?FillPb@@YGXPAXJE@Z        00402b40 f utilcopy.obj
 0001:00001ba0       ?ClearPb@@YGXPAXJ@Z        00402ba0 f utilcopy.obj
 0001:00001bf0       ?ReversePb@@YGXPAXJ@Z      00402bf0 f utilcopy.obj
 0001:00001c50       ?ReverseRglw@@YGXPAXJ@Z    00402c50 f utilcopy.obj
 0001:00001cb0       ?SwapBlocks@@YGXPAXJJ@Z    00402cb0 f utilcopy.obj
 0001:00001d30       ?SwapPb@@YGXPAX0J@Z        00402d30 f utilcopy.obj
 0001:00001dd0       ?MoveElement@@YGXPAXJJJ@Z  00402dd0 f utilcopy.obj
 0001:00001ee0       ?FEqualRgb@@YGHPAX0J@Z     00402ee0 f utilcopy.obj
 0001:00001f60       ?CbEqualRgb@@YGJPAX0J@Z    00402f60 f utilcopy.obj
 0001:00001ff0       ?CopyPb@@YGXPAX0J@Z        00402ff0 f utilcopy.obj
 0001:00002090       ?BltPb@@YGXPAX0J@Z         00403090 f utilcopy.obj
 0001:00002170       ?FWouldBe@ERS@@SGHJ@Z      00403170 f utilerro.obj
 0001:000021b0       ?FIs@ERS@@UAEHJ@Z          004031b0 f utilerro.obj
 0001:000021e0       ?Cls@ERS@@UAEJXZ           004031e0 f utilerro.obj
 0001:00002210       ??0ERS@@QAE@XZ             00403210 f utilerro.obj
 0001:00002260       ?Push@ERS@@UAEXJPADJ@Z     00403260 f utilerro.obj
 0001:00002420       ?FPop@ERS@@UAEHPAJ@Z       00403420 f utilerro.obj
 0001:00002520       ?Clear@ERS@@UAEXXZ         00403520 f utilerro.obj
 0001:00002590       ?Cerc@ERS@@UAEJXZ          00403590 f utilerro.obj
 0001:000025e0       ?FIn@ERS@@UAEHJ@Z          004035e0 f utilerro.obj
 0001:000026b0       ?ErcGet@ERS@@UAEJJ@Z       004036b0 f utilerro.obj
 0001:00002750       ?Flush@ERS@@UAEXJ@Z        00403750 f utilerro.obj
 0001:00002840       ?FIn@@YGHJJJ@Z             00403840 f utilerro.obj
 0001:00002880       ?AssertValid@ERS@@QAEXK@Z  00403880 f utilerro.obj
 0001:00002920       ??1ERS@@UAE@XZ             00403920 f utilerro.obj
 0001:00002950       ??_GERS@@UAEPAXI@Z         00403950 f utilerro.obj
 0001:00002950       ??_EERS@@UAEPAXI@Z         00403950 f utilerro.obj
 0001:00002990       ?LwGcd@@YGJJJ@Z            00403990 f utilint.obj
 0001:000029c0       ?LuGcd@@YGKKK@Z            004039c0 f utilint.obj
 0001:00002a50       ?SortLw@@YGXPAJ0@Z         00403a50 f utilint.obj
 0001:00002aa0       ?MulLw@@YGXJJPAJPAK@Z      00403aa0 f utilint.obj
 0001:00002ad0       ?LuMulDiv@@YGKKKK@Z        00403ad0 f utilint.obj
 0001:00002b30       ?MulLu@@YGXKKPAK0@Z        00403b30 f utilint.obj
 0001:00002b60       ?LwMulDivAway@@YGJJJJ@Z    00403b60 f utilint.obj
 0001:00002bf0       ?LwDivAway@@YGJJJ@Z        00403bf0 f utilint.obj
 0001:00002ca0       ?LwRoundAway@@YGJJJ@Z      00403ca0 f utilint.obj
 0001:00002d30       ?LwRoundToward@@YGJJJ@Z    00403d30 f utilint.obj
 0001:00002da0       ?LwRoundClosest@@YGJJJ@Z   00403da0 f utilint.obj
 0001:00002e40       ?FcmpCompareFracs@@YGKJJJJ@Z 00403e40 f utilint.obj
 0001:00002f20       ?FAdjustIv@@YGHPAJJJJ@Z    00403f20 f utilint.obj
 0001:00002fd0       ?LwMul@@YGJJJ@Z            00403fd0 f utilint.obj
 0001:00003040       ?AssertIn@@YGXJJJ@Z        00404040 f utilint.obj
 0001:000030c0       ?SwapBytesBom@@YGXPAXK@Z   004040c0 f utilint.obj
 0001:000031a0       ?LwMin@@YGJJJ@Z            004041a0 f utilint.obj
 0001:000031d0       ?LwAbs@@YGJJ@Z             004041d0 f utilint.obj
 0001:00003200       ?SwapBytesRgsw@@YGXPAXJ@Z  00404200 f utilint.obj
 0001:00003290       ?LwMulDivMod@@YGJJJJPAJ@Z  00404290 f utilint.obj
 0001:000032f0       ?SwapBytesRglw@@YGXPAXJ@Z  004042f0 f utilint.obj
 0001:000033a0       ?AssertBomRglw@@YGXKJ@Z    004043a0 f utilint.obj
 0001:00003460       ??BPT@@QAE?AUtagPOINT@@XZ  00404460 f utilint.obj
 0001:000034c0       ?SwTruncLw@@YGFJ@Z         004044c0 f utilint.obj
 0001:00003510       ??4PT@@QAEAAV0@AAUtagPOINT@@@Z 00404510 f utilint.obj
 0001:00003560       ?Map@PT@@QAEXPAVRC@@0@Z    00404560 f utilint.obj
 0001:00003740       ?LwMulDiv@@YGJJJJ@Z        00404740 f utilint.obj
 0001:00003790       ?Transform@PT@@QAEXK@Z     00404790 f utilint.obj
 0001:00003810       ??8RC@@QAEHAAV0@@Z         00404810 f utilint.obj
 0001:000038b0       ??9RC@@QAEHAAV0@@Z         004048b0 f utilint.obj
 0001:00003960       ?Union@RC@@QAEXPAV1@0@Z    00404960 f utilint.obj
 0001:000039d0       ?Union@RC@@QAEXPAV1@@Z     004049d0 f utilint.obj
 0001:00003ab0       ?LwMax@@YGJJJ@Z            00404ab0 f utilint.obj
 0001:00003ae0       ?Dxp@RC@@QAEJXZ            00404ae0 f utilint.obj
 0001:00003b20       ?Dyp@RC@@QAEJXZ            00404b20 f utilint.obj
 0001:00003b60       ?FIntersect@RC@@QAEHPAV1@0@Z 00404b60 f utilint.obj
 0001:00003c30       ?Zero@RC@@QAEXXZ           00404c30 f utilint.obj
 0001:00003c90       ?FEmpty@RC@@QAEHXZ         00404c90 f utilint.obj
 0001:00003cf0       ?FIntersect@RC@@QAEHPAV1@@Z 00404cf0 f utilint.obj
 0001:00003db0       ?Inset@RC@@QAEXJJ@Z        00404db0 f utilint.obj
 0001:00003e10       ?Map@RC@@QAEXPAV1@0@Z      00404e10 f utilint.obj
 0001:00004060       ?Transform@RC@@QAEXK@Z     00405060 f utilint.obj
 0001:00004130       ?OffsetCopy@RC@@QAEXPAV1@JJ@Z 00405130 f utilint.obj
 0001:000041a0       ?Offset@RC@@QAEXJJ@Z       004051a0 f utilint.obj
 0001:000041f0       ?OffsetToOrigin@RC@@QAEXXZ 004051f0 f utilint.obj
 0001:00004250       ?CenterOnRc@RC@@QAEXPAV1@@Z 00405250 f utilint.obj
 0001:000042f0       ?StretchToRc@RC@@QAEXPAV1@@Z 004052f0 f utilint.obj
 0001:00004420       ?FPtIn@RC@@QAEHJJ@Z        00405420 f utilint.obj
 0001:000044a0       ?PinPt@RC@@QAEXPAVPT@@@Z   004054a0 f utilint.obj
 0001:00004520       ?LwBound@@YGJJJJ@Z         00405520 f utilint.obj
 0001:00004560       ?PinToRc@RC@@QAEXPAV1@@Z   00405560 f utilint.obj
 0001:00004610       ??4RC@@QAEAAV0@AAUtagRECT@@@Z 00405610 f utilint.obj
 0001:00004670       ??BRC@@QAE?AUtagRECT@@XZ   00405670 f utilint.obj
 0001:00004700       ?FContains@RC@@QAEHPAV1@@Z 00405700 f utilint.obj
 0001:000047a0       ?SetToCell@RC@@QAEXPAV1@JJJJ@Z 004057a0 f utilint.obj
 0001:000048e0       ?AssertValid@RAT@@QAEXK@Z  004058e0 f utilint.obj
 0001:00004960       ??0USAC@@QAE@XZ            00405960 f utilint.obj
 0001:000049c0       ?TsCur@USAC@@QAEKXZ        004059c0 f utilint.obj
 0001:00004a50       ?LwHighLow@@YGJFF@Z        00405a50 f utilint.obj
 0001:00004a80       ?SuHigh@@YGGJ@Z            00405a80 f utilint.obj
 0001:00004aa0       ?SuLow@@YGGJ@Z             00405aa0 f utilint.obj
 0001:00004ac0       ?Scale@USAC@@QAEXK@Z       00405ac0 f utilint.obj
 0001:00004b80       ?Set@DVER@@QAEXFF@Z        00405b80 f utilint.obj
 0001:00004bc0       ?FReadable@DVER@@QAEHFF@Z  00405bc0 f utilint.obj
 0001:00004c80       ??_GUSAC@@UAEPAXI@Z        00405c80 f utilint.obj
 0001:00004c80       ??_EUSAC@@UAEPAXI@Z        00405c80 f utilint.obj
 0001:00004cc0       ?TsCurrentSystem@@YGKXZ    00405cc0 f utilint.obj
 0001:00004ce0       ?FFail@DMAGL@@QAEHXZ       00405ce0 f utilmem.obj
 0001:00004d50       ?Allocate@DMAGL@@QAEXJ@Z   00405d50 f utilmem.obj
 0001:00004de0       ?Resize@DMAGL@@QAEXJ@Z     00405de0 f utilmem.obj
 0001:00004e40       ?Free@DMAGL@@QAEXJ@Z       00405e40 f utilmem.obj
 0001:00004e80       ?FAllocPvDebug@@YGHPAPAXJKJPADJPAUDMAGL@@@Z 00405e80 f utilmem.obj
 0001:000051d0       ?_FResizePpvDebug@@YGHPAPAXJJKJPAUDMAGL@@@Z 004061d0 f utilmem.obj
 0001:000055e0       ?FreePpvDebug@@YGXPAPAXPAUDMAGL@@@Z 004065e0 f utilmem.obj
 0001:00005680       ?_LinkMbh@@YGXPAUMBH@@@Z   00406680 f utilmem.obj
 0001:00005720       ?_UnlinkMbh@@YGXPAUMBH@@0@Z 00406720 f utilmem.obj
 0001:000058c0       ?_AssertMbh@@YGXPAUMBH@@@Z 004068c0 f utilmem.obj
 0001:00005b00       ?AssertPvAlloced@@YGXPAXJ@Z 00406b00 f utilmem.obj
 0001:00005bc0       ?AssertUnmarkedMem@@YGXXZ  00406bc0 f utilmem.obj
 0001:00005cb0       ?UnmarkAllMem@@YGXXZ       00406cb0 f utilmem.obj
 0001:00005d30       ?MarkPv@@YGXPAX@Z          00406d30 f utilmem.obj
 0001:00005da0       ?FWouldBe@RND@@SGHJ@Z      00406da0 f utilrnd.obj
 0001:00005de0       ?FIs@RND@@UAEHJ@Z          00406de0 f utilrnd.obj
 0001:00005e10       ?Cls@RND@@UAEJXZ           00406e10 f utilrnd.obj
 0001:00005e40       ?FWouldBe@SFL@@SGHJ@Z      00406e40 f utilrnd.obj
 0001:00005e80       ?FIs@SFL@@UAEHJ@Z          00406e80 f utilrnd.obj
 0001:00005eb0       ?Cls@SFL@@UAEJXZ           00406eb0 f utilrnd.obj
 0001:00005ee0       ??0RND@@QAE@K@Z            00406ee0 f utilrnd.obj
 0001:00005f70       ?LwNext@RND@@UAEJJ@Z       00406f70 f utilrnd.obj
 0001:00006040       ??0SFL@@QAE@K@Z            00407040 f utilrnd.obj
 0001:000060d0       ??1SFL@@UAE@XZ             004070d0 f utilrnd.obj
 0001:00006140       ?AssertValid@SFL@@QAEXK@Z  00407140 f utilrnd.obj
 0001:00006210       ?MarkMem@SFL@@UAEXXZ       00407210 f utilrnd.obj
 0001:00006270       ?Shuffle@SFL@@QAEXJ@Z      00407270 f utilrnd.obj
 0001:00006380       ?ShuffleRglw@SFL@@QAEXJPAJ@Z 00407380 f utilrnd.obj
 0001:00006480       ?_ShuffleCore@SFL@@IAEXXZ  00407480 f utilrnd.obj
 0001:00006570       ?_FEnsureHq@SFL@@IAEHJ@Z   00407570 f utilrnd.obj
 0001:000066f0       ?LwNext@SFL@@UAEJJ@Z       004076f0 f utilrnd.obj
 0001:00006850       ??_ERND@@UAEPAXI@Z         00407850 f utilrnd.obj
 0001:00006850       ??_GRND@@UAEPAXI@Z         00407850 f utilrnd.obj
 0001:00006890       ??_ESFL@@UAEPAXI@Z         00407890 f utilrnd.obj
 0001:00006890       ??_GSFL@@UAEPAXI@Z         00407890 f utilrnd.obj
 0001:000068d0       ??4STN@@QAEAAV0@AAV0@@Z    004078d0 f utilstr.obj
 0001:000069c0       ?SetRgch@STN@@QAEXPADJ@Z   004079c0 f utilstr.obj
 0001:00006aa0       ?SetSzs@STN@@QAEXPAD@Z     00407aa0 f utilstr.obj
 0001:00006b00       ?Delete@STN@@QAEXJJ@Z      00407b00 f utilstr.obj
 0001:00006c60       ?FAppendRgch@STN@@QAEHPADJ@Z 00407c60 f utilstr.obj
 0001:00006d60       ?FInsertRgch@STN@@QAEHJPADJ@Z 00407d60 f utilstr.obj
 0001:00006f10       ?FEqualRgch@STN@@QAEHPADJ@Z 00407f10 f utilstr.obj
 0001:00006fb0       ?FEqualUserRgch@STN@@QAEHPADJK@Z 00407fb0 f utilstr.obj
 0001:00007040       ?CbData@STN@@QAEJXZ        00408040 f utilstr.obj
 0001:00007090       ?GetData@STN@@QAEXPAX@Z    00408090 f utilstr.obj
 0001:00007120       ?FWrite@STN@@QAEHPAVBLCK@@J@Z 00408120 f utilstr.obj
 0001:00007280       ?FSetData@STN@@QAEHPAXJPAJ@Z 00408280 f utilstr.obj
 0001:00007740       ?FRead@STN@@QAEHPAVBLCK@@JPAJ@Z 00408740 f utilstr.obj
 0001:00007d70       ?GetSzs@STN@@QAEXPAD@Z     00408d70 f utilstr.obj
 0001:00007de0       ?FFormatSz@STN@@QAAHPADZZ  00408de0 f utilstr.obj
 0001:00007e40       ?FFormatRgch@STN@@QAEHPADJPAK@Z 00408e40 f utilstr.obj
 0001:000086a0       ?CbCharOsk@@YGJF@Z         004096a0 f utilstr.obj
 0001:00008730       ?FGetLw@STN@@QAEHPAJJ@Z    00409730 f utilstr.obj
 0001:00008a00       ?Prgch@STN@@QAEPADXZ       00409a00 f utilstr.obj
 0001:00008a50       ?Psz@STN@@QAEPADXZ         00409a50 f utilstr.obj
 0001:00008aa0       ?FExpandControls@STN@@QAEHXZ 00409aa0 f utilstr.obj
 0001:00008cd0       ?Cch@STN@@QAEJXZ           00409cd0 f utilstr.obj
 0001:00008d20       ?SetNil@STN@@QAEXXZ        00409d20 f utilstr.obj
 0001:00008d80       ?SetSz@STN@@QAEXPAD@Z      00409d80 f utilstr.obj
 0001:00008dc0       ?AssertValid@STN@@QAEXK@Z  00409dc0 f utilstr.obj
 0001:00008eb0       ?FValidSt@@YGHPAD@Z        00409eb0 f utilstr.obj
 0001:00008f60       ?PrgchSt@@YGPADPAD@Z       00409f60 f utilstr.obj
 0001:00008f80       ?FValidStz@@YGHPAD@Z       00409f80 f utilstr.obj
 0001:00008fe0       ?CchSt@@YGJPAD@Z           00409fe0 f utilstr.obj
 0001:00009010       ?PszStz@@YGPADPAD@Z        0040a010 f utilstr.obj
 0001:00009030       ?CchSz@@YGJPAD@Z           0040a030 f utilstr.obj
 0001:000090d0       ?FcmpCompareRgch@@YGKPADJ0J@Z 0040a0d0 f utilstr.obj
 0001:00009210       ?FEqualUserRgch@@YGHPADJ0JK@Z 0040a210 f utilstr.obj
 0001:00009380       ?FcmpCompareUserRgch@@YGKPADJ0JK@Z 0040a380 f utilstr.obj
 0001:00009490       ?UpperRgchs@@YGXPADJ@Z     0040a490 f utilstr.obj
 0001:00009550       ?LowerRgchs@@YGXPADJ@Z     0040a550 f utilstr.obj
 0001:00009610       ?CchTranslateRgb@@YGJPAXJFPADJ@Z 0040a610 f utilstr.obj
 0001:000097c0       ?TranslateRgch@@YGXPADJFH@Z 0040a7c0 f utilstr.obj
 0001:000098b0       ?GrfchFromCh@@YGKD@Z       0040a8b0 f utilstr.obj
 0001:000099e0       ?AssertOsk@@YGXF@Z         0040a9e0 f utilstr.obj
 0001:00009a90       ?AssertSt@@YGXPAD@Z        0040aa90 f utilstr.obj
 0001:00009ae0       ?AssertStz@@YGXPAD@Z       0040aae0 f utilstr.obj
 0001:00009b30       ?AssertSz@@YGXPAD@Z        0040ab30 f utilstr.obj
 0001:00009b80       ?FAllocHqDebug@@YGHPAPAXJKJPADJ@Z 0040ab80 f memwin.obj
 0001:00009c60       ?FResizePhq@@YGHPAPAXJKJ@Z 0040ac60 f memwin.obj
 0001:00009d90       ?FreePhq@@YGXPAPAX@Z       0040ad90 f memwin.obj
 0001:00009e40       ?CbOfHq@@YGJPAX@Z          0040ae40 f memwin.obj
 0001:00009e80       ?QvFromHq@@YGPAXPAX@Z      0040ae80 f memwin.obj
 0001:00009ea0       ?PvLockHq@@YGPAXPAX@Z      0040aea0 f memwin.obj
 0001:00009f20       ?UnlockHq@@YGXPAX@Z        0040af20 f memwin.obj
 0001:00009fa0       ?AssertHq@@YGXPAX@Z        0040afa0 f memwin.obj
 0001:0000a090       ?MarkHq@@YGXPAX@Z          0040b090 f memwin.obj
 0001:0000a0d0       ?AssertPvCb@@YGXPAXJ@Z     0040b0d0 f memwin.obj
 0001:0000a160       ?FWouldBe@CFL@@SGHJ@Z      0040b160 f chunk.obj
 0001:0000a1a0       ?FIs@CFL@@UAEHJ@Z          0040b1a0 f chunk.obj
 0001:0000a1d0       ?Cls@CFL@@UAEJXZ           0040b1d0 f chunk.obj
 0001:0000a200       ?FWouldBe@CGE@@SGHJ@Z      0040b200 f chunk.obj
 0001:0000a240       ?FIs@CGE@@UAEHJ@Z          0040b240 f chunk.obj
 0001:0000a270       ?Cls@CGE@@UAEJXZ           0040b270 f chunk.obj
 0001:0000a2a0       ??0CFL@@AAE@XZ             0040b2a0 f chunk.obj
 0001:0000a310       ??1CFL@@EAE@XZ             0040b310 f chunk.obj
 0001:0000a4a0       ?PcflOpen@CFL@@SGPAV1@PAVFNI@@K@Z 0040b4a0 f chunk.obj
 0001:0000a730       ?FReopen@CFL@@QAEHXZ       0040b730 f chunk.obj
 0001:0000aac0       ?_GrffilFromGrfcfl@CFL@@CGKK@Z 0040bac0 f chunk.obj
 0001:0000ab10       ?PcflCreate@CFL@@SGPAV1@PAVFNI@@K@Z 0040bb10 f chunk.obj
 0001:0000ad80       ?PcflCreateTemp@CFL@@SGPAV1@PAVFNI@@@Z 0040bd80 f chunk.obj
 0001:0000aea0       ?PcflFromFni@CFL@@SGPAV1@PAVFNI@@@Z 0040bea0 f chunk.obj
 0001:0000afd0       ?FWriteChunkTree@CFL@@QAEHKKPAVFIL@@JPAJ@Z 0040bfd0 f chunk.obj
 0001:0000b250       ?PcflReadForestFromFlo@CFL@@SGPAV1@PAUFLO@@H@Z 0040c250 f chunk.obj
 0001:0000b7c0       ?AssignGrfcrp@CRPSM@@QAEXKK@Z 0040c7c0 f chunk.obj
 0001:0000b810       ?SetCb@CRPSM@@QAEXJ@Z      0040c810 f chunk.obj
 0001:0000b850       ?FForest@CFL@@QAEHKK@Z     0040c850 f chunk.obj
 0001:0000b960       ?Grfcrp@CRPSM@@QAEKK@Z     0040c960 f chunk.obj
 0001:0000b990       ?SetForest@CFL@@QAEXKKH@Z  0040c990 f chunk.obj
 0001:0000bad0       ?ClearGrfcrp@CRPSM@@QAEXK@Z 0040cad0 f chunk.obj
 0001:0000bb00       ?SetGrfcrp@CRPSM@@QAEXK@Z  0040cb00 f chunk.obj
 0001:0000bb30       ?PcflReadForest@CFL@@QAEPAV1@KKH@Z 0040cb30 f chunk.obj
 0001:0000bc20       ?FSetGrfcfl@CFL@@QAEHKK@Z  0040cc20 f chunk.obj
 0001:0000bd70       ?Release@CFL@@UAEXXZ       0040cd70 f chunk.obj
 0001:0000be50       ?AssertValid@CFL@@QAEXK@Z  0040ce50 f chunk.obj
 0001:0000cc20       ?CbRgch@CRPSM@@QAEJJ@Z     0040dc20 f chunk.obj
 0001:0000cc50       ?BvRgch@CRPSM@@QAEJXZ      0040dc50 f chunk.obj
 0001:0000cc80       ?Cb@CRPSM@@QAEJXZ          0040dc80 f chunk.obj
 0001:0000ccb0       ?SuspendAssertValid@@YGXXZ 0040dcb0 f chunk.obj
 0001:0000cd00       ?ResumeAssertValid@@YGXXZ  0040dd00 f chunk.obj
 0001:0000cd30       ?ElError@FIL@@QAEJXZ       0040dd30 f chunk.obj
 0001:0000cd60       ?GrffilCur@FIL@@QAEKXZ     0040dd60 f chunk.obj
 0001:0000cd90       ?FReadRgbSeq@FIL@@QAEHPAXJPAJ@Z 0040dd90 f chunk.obj
 0001:0000cdf0       ?FWriteRgbSeq@FIL@@QAEHPAXJPAJ@Z 0040ddf0 f chunk.obj
 0001:0000ce50       ?IvMac@GRPB@@QAEJXZ        0040de50 f chunk.obj
 0001:0000ce80       ?FPush@GL@@QAEHPAX@Z       0040de80 f chunk.obj
 0001:0000cec0       ?MarkMem@CFL@@UAEXXZ       0040dec0 f chunk.obj
 0001:0000cf90       ?_TValidIndex@CFL@@AAEHXZ  0040df90 f chunk.obj
 0001:0000d4c0       ?_FReadIndex@CFL@@AAEHXZ   0040e4c0 f chunk.obj
 0001:0000e1d0       ?BvRgch@CRPBG@@QAEJXZ      0040f1d0 f chunk.obj
 0001:0000e200       ?CbRgch@CRPBG@@QAEJJ@Z     0040f200 f chunk.obj
 0001:0000e230       ?Grfcrp@CRPBG@@QAEKK@Z     0040f230 f chunk.obj
 0001:0000e260       ?ClearGrfcrp@CRPBG@@QAEXK@Z 0040f260 f chunk.obj
 0001:0000e290       ?SetGrfcrp@CRPBG@@QAEXK@Z  0040f290 f chunk.obj
 0001:0000e2c0       ?Cb@CRPBG@@QAEJXZ          0040f2c0 f chunk.obj
 0001:0000e2f0       ?Lock@GRPB@@QAEXXZ         0040f2f0 f chunk.obj
 0001:0000e330       ?Unlock@GRPB@@QAEXXZ       0040f330 f chunk.obj
 0001:0000e370       ?CbFixed@GGB@@QAEJXZ       0040f370 f chunk.obj
 0001:0000e3a0       ?_ReadFreeMap@CFL@@AAEXXZ  0040f3a0 f chunk.obj
 0001:0000e590       ?CbEntry@GLB@@QAEJXZ       0040f590 f chunk.obj
 0001:0000e5c0       ?FSave@CFL@@QAEHKPAVFNI@@@Z 0040f5c0 f chunk.obj
 0001:0000ee10       ?FTemp@FIL@@QAEHXZ         0040fe10 f chunk.obj
 0001:0000ee50       ?GetFni@CFL@@QAEXPAVFNI@@@Z 0040fe50 f chunk.obj
 0001:0000ee80       ?GetFni@FIL@@QAEXPAVFNI@@@Z 0040fe80 f chunk.obj
 0001:0000eeb0       ?_FWriteIndex@CFL@@AAEHK@Z 0040feb0 f chunk.obj
 0001:0000f210       ?FSaveACopy@CFL@@QAEHKPAVFNI@@@Z 00410210 f chunk.obj
 0001:0000f4e0       ?SetTemp@CFL@@QAEXH@Z      004104e0 f chunk.obj
 0001:0000f510       ?_FEnsureOnExtra@CFL@@AAEHJPAUFLO@@@Z 00410510 f chunk.obj
 0001:0000f690       ?_GetFlo@CFL@@AAEXJPAUFLO@@@Z 00410690 f chunk.obj
 0001:0000f7e0       ?_GetBlck@CFL@@AAEXJPAVBLCK@@@Z 004107e0 f chunk.obj
 0001:0000f8c0       ?FFind@CFL@@QAEHKKPAVBLCK@@@Z 004108c0 f chunk.obj
 0001:0000f990       ?FFindFlo@CFL@@QAEHKKPAUFLO@@@Z 00410990 f chunk.obj
 0001:0000fa40       ?FReadHq@BLCK@@QAEHPAPAXH@Z 00410a40 f chunk.obj
 0001:0000fa80       ?SetPacked@CFL@@QAEXKKH@Z  00410a80 f chunk.obj
 0001:0000fbc0       ?FPacked@CFL@@QAEHKK@Z     00410bc0 f chunk.obj
 0001:0000fcd0       ?FUnpackData@CFL@@QAEHKK@Z 00410cd0 f chunk.obj
 0001:0000fde0       ?FPackData@CFL@@QAEHKK@Z   00410de0 f chunk.obj
 0001:0000fef0       ?_FCreateExtra@CFL@@AAEHXZ 00410ef0 f chunk.obj
 0001:0000ffd0       ?_FAllocFlo@CFL@@AAEHJPAUFLO@@H@Z 00410fd0 f chunk.obj
 0001:00010310       ?_FFindCtgCno@CFL@@AAEHKKPAJ@Z 00411310 f chunk.obj
 0001:000104b0       ?_GetUniqueCno@CFL@@AAEXKPAJPAK@Z 004114b0 f chunk.obj
 0001:000105c0       ?FAdd@CFL@@QAEHJKPAKPAVBLCK@@@Z 004115c0 f chunk.obj
 0001:00010710       ?FWrite@BLCK@@QAEHPAXH@Z   00411710 f chunk.obj
 0001:00010750       ?FAddBlck@CFL@@QAEHPAVBLCK@@KPAK@Z 00411750 f chunk.obj
 0001:000108e0       ?FAddChild@CFL@@QAEHKKKJKPAKPAVBLCK@@@Z 004118e0 f chunk.obj
 0001:00010a10       ?_FAdd@CFL@@AAEHJKKJPAVBLCK@@@Z 00411a10 f chunk.obj
 0001:00010c40       ?FPut@CFL@@QAEHJKKPAVBLCK@@@Z 00411c40 f chunk.obj
 0001:00010ce0       ?FPutPv@CFL@@QAEHPAXJKK@Z  00411ce0 f chunk.obj
 0001:00010d60       ?FPutBlck@CFL@@QAEHPAVBLCK@@KK@Z 00411d60 f chunk.obj
 0001:00010e60       ?_FPut@CFL@@AAEHJKKPAVBLCK@@0PAX@Z 00411e60 f chunk.obj
 0001:00011360       ?FWrite@FLO@@QAEHPAX@Z     00412360 f chunk.obj
 0001:000113a0       ?SwapData@CFL@@QAEXKKKK@Z  004123a0 f chunk.obj
 0001:00011550       ?SwapChildren@CFL@@QAEXKKKK@Z 00412550 f chunk.obj
 0001:00011770       ?Move@CFL@@QAEXKKKK@Z      00412770 f chunk.obj
 0001:00011a80       ?Delete@CFL@@QAEXKK@Z      00412a80 f chunk.obj
 0001:00011d90       ?SetLoner@CFL@@QAEXKKH@Z   00412d90 f chunk.obj
 0001:00011e80       ?FLoner@CFL@@QAEHKK@Z      00412e80 f chunk.obj
 0001:00011f50       ?CckiRef@CFL@@QAEJKK@Z     00412f50 f chunk.obj
 0001:00012010       ?TIsDescendent@CFL@@QAEHKKKK@Z 00413010 f chunk.obj
 0001:00012130       ?DeleteChild@CFL@@QAEXKKKKK@Z 00413130 f chunk.obj
 0001:000122c0       ?_FDecRefCount@CFL@@AAEHJ@Z 004132c0 f chunk.obj
 0001:000123a0       ?_DeleteCore@CFL@@AAEXJ@Z  004133a0 f chunk.obj
 0001:00012460       ?_FreeFpCb@CFL@@AAEXHJJ@Z  00413460 f chunk.obj
 0001:00012a20       ?FSetName@CFL@@QAEHKKPAVSTN@@@Z 00413a20 f chunk.obj
 0001:00012b50       ?_FSetName@CFL@@AAEHJPAVSTN@@@Z 00413b50 f chunk.obj
 0001:00012cf0       ?FGetName@CFL@@QAEHKKPAVSTN@@@Z 00413cf0 f chunk.obj
 0001:00012e00       ?_FGetName@CFL@@AAEHJPAVSTN@@@Z 00413e00 f chunk.obj
 0001:00012f80       ?FAdoptChild@CFL@@QAEHKKKKKH@Z 00413f80 f chunk.obj
 0001:000130d0       ?_FAdoptChild@CFL@@AAEHJJKKKH@Z 004140d0 f chunk.obj
 0001:00013370       ?ChangeChid@CFL@@QAEXKKKKKK@Z 00414370 f chunk.obj
 0001:00013500       ?Ccki@CFL@@QAEJXZ          00414500 f chunk.obj
 0001:00013550       ?FGetCki@CFL@@QAEHJPAUCKI@@PAJPAVBLCK@@@Z 00414550 f chunk.obj
 0001:000136d0       ?FGetIcki@CFL@@QAEHKKPAJ@Z 004146d0 f chunk.obj
 0001:00013740       ?FGetCkiCtg@CFL@@QAEHKJPAUCKI@@PAJPAVBLCK@@@Z 00414740 f chunk.obj
 0001:00013920       ?Ckid@CFL@@QAEJKK@Z        00414920 f chunk.obj
 0001:000139e0       ?FGetKid@CFL@@QAEHKKJPAUKID@@@Z 004149e0 f chunk.obj
 0001:00013bc0       ?FGetKidChidCtg@CFL@@QAEHKKKKPAUKID@@@Z 00414bc0 f chunk.obj
 0001:00013c70       ?_FFindChidCtg@CFL@@AAEHKKKKPAUKID@@@Z 00414c70 f chunk.obj
 0001:00013eb0       ?FGetIkid@CFL@@QAEHKKKKKPAJ@Z 00414eb0 f chunk.obj
 0001:00013f80       ?_FFindChild@CFL@@AAEHJKKKPAJ@Z 00414f80 f chunk.obj
 0001:00014160       ?_FFindCnom@@YGHPAVGL@@KKPAUCNOM@@PAJ@Z 00415160 f chunk.obj
 0001:00014320       ?_FAddCnom@@YGHPAPAVGL@@PAUCNOM@@@Z 00415320 f chunk.obj
 0001:00014420       ?_FCopy@CFL@@AAEHKKPAV1@PAKH@Z 00415420 f chunk.obj
 0001:00014ce0       ?_FFindMatch@CFL@@AAEHKKPAV1@PAK@Z 00415ce0 f chunk.obj
 0001:00015090       ?_FFindCtgRti@CFL@@AAEHKJKPAK@Z 00416090 f chunk.obj
 0001:000151b0       ?FCopy@CFL@@QAEHKKPAV1@PAK@Z 004161b0 f chunk.obj
 0001:000151f0       ?FClone@CFL@@QAEHKKPAV1@PAK@Z 004161f0 f chunk.obj
 0001:00015230       ?_Rti@CFL@@AAEJKK@Z        00416230 f chunk.obj
 0001:000152a0       ?_FSetRti@CFL@@AAEHKKJ@Z   004162a0 f chunk.obj
 0001:000153c0       ?_FFindRtie@CFL@@AAEHKKPAURTIE@1@PAJ@Z 004163c0 f chunk.obj
 0001:00015580       ??0CGE@@QAE@XZ             00416580 f chunk.obj
 0001:00015600       ??1CGE@@UAE@XZ             00416600 f chunk.obj
 0001:00015690       ?AssertValid@CGE@@QAEXK@Z  00416690 f chunk.obj
 0001:000157c0       ?MarkMem@CGE@@UAEXXZ       004167c0 f chunk.obj
 0001:00015830       ?Init@CGE@@QAEXPAVCFL@@KK@Z 00416830 f chunk.obj
 0001:00015980       ?FNextKid@CGE@@QAEHPAUKID@@PAUCKI@@PAKK@Z 00416980 f chunk.obj
 0001:00015dc0       ??4FNI@@QAEAAV0@AAV0@@Z    00416dc0 f chunk.obj
 0001:00015e10       ??_GCFL@@EAEPAXI@Z         00416e10 f chunk.obj
 0001:00015e10       ??_ECFL@@EAEPAXI@Z         00416e10 f chunk.obj
 0001:00015e50       ??1FNI@@UAE@XZ             00416e50 f chunk.obj
 0001:00015e80       ??_ECGE@@UAEPAXI@Z         00416e80 f chunk.obj
 0001:00015e80       ??_GCGE@@UAEPAXI@Z         00416e80 f chunk.obj
 0001:00015ec0       ??4BASE@@QAEAAV0@ABV0@@Z   00416ec0 f chunk.obj
 0001:00015f00       ?FWouldBe@CODM@@SGHJ@Z     00416f00 f codec.obj
 0001:00015f40       ?FIs@CODM@@UAEHJ@Z         00416f40 f codec.obj
 0001:00015f70       ?Cls@CODM@@UAEJXZ          00416f70 f codec.obj
 0001:00015fa0       ?FWouldBe@CODC@@SGHJ@Z     00416fa0 f codec.obj
 0001:00015fe0       ?FIs@CODC@@UAEHJ@Z         00416fe0 f codec.obj
 0001:00016010       ?Cls@CODC@@UAEJXZ          00417010 f codec.obj
 0001:00016040       ??0CODM@@QAE@PAVCODC@@J@Z  00417040 f codec.obj
 0001:00016140       ??1CODM@@UAE@XZ            00417140 f codec.obj
 0001:00016260       ?AssertValid@CODM@@QAEXK@Z 00417260 f codec.obj
 0001:00016330       ?MarkMem@CODM@@UAEXXZ      00417330 f codec.obj
 0001:00016420       ?SetCfmtDefault@CODM@@QAEXJ@Z 00417420 f codec.obj
 0001:000164b0       ?FRegisterCodec@CODM@@UAEHPAVCODC@@@Z 004174b0 f codec.obj
 0001:000165c0       ?FCanDo@CODM@@UAEHJH@Z     004175c0 f codec.obj
 0001:00016630       ?FGetCfmtFromBlck@CODM@@UAEHPAVBLCK@@PAJ@Z 00417630 f codec.obj
 0001:00016760       ?LwFromBytes@@YGJEEEE@Z    00417760 f codec.obj
 0001:000167a0       ?_FFindCodec@CODM@@MAEHHJPAPAVCODC@@@Z 004177a0 f codec.obj
 0001:000168e0       ?_FCodePhq@CODM@@MAEHJPAPAX@Z 004178e0 f codec.obj
 0001:00016ad0       ?_FCode@CODM@@MAEHJPAXJ0JPAJ@Z 00417ad0 f codec.obj
 0001:00016de0       ?B0Lw@@YGEJ@Z              00417de0 f codec.obj
 0001:00016e00       ?B1Lw@@YGEJ@Z              00417e00 f codec.obj
 0001:00016e20       ?B2Lw@@YGEJ@Z              00417e20 f codec.obj
 0001:00016e40       ?B3Lw@@YGEJ@Z              00417e40 f codec.obj
 0001:00016e80       ??_GCODM@@UAEPAXI@Z        00417e80 f codec.obj
 0001:00016e80       ??_ECODM@@UAEPAXI@Z        00417e80 f codec.obj
 0001:00016ec0       ?FWouldBe@KCDC@@SGHJ@Z     00417ec0 f codkauai.obj
 0001:00016f00       ?FIs@KCDC@@UAEHJ@Z         00417f00 f codkauai.obj
 0001:00016f30       ?Cls@KCDC@@UAEJXZ          00417f30 f codkauai.obj
 0001:00016f60       ?FConvert@KCDC@@UAEHHJPAXJ0JPAJ@Z 00417f60 f codkauai.obj
 0001:000170c0       ?Set@BITA@@QAEXPAXJ@Z      004180c0 f codkauai.obj
 0001:00017120       ?FWriteBits@BITA@@QAEHKJ@Z 00418120 f codkauai.obj
 0001:000172c0       ?FWriteLogEncoded@BITA@@QAEHK@Z 004182c0 f codkauai.obj
 0001:000173b0       ?_FEncode@KCDC@@IAEHPAXJ0JPAJ@Z 004183b0 f codkauai.obj
 0001:00017b70       ?Ibit@BITA@@QAEJXZ         00418b70 f codkauai.obj
 0001:00017ba0       ?Ib@BITA@@QAEJXZ           00418ba0 f codkauai.obj
 0001:00017bd0       ?_FDecode@KCDC@@IAEHPAXJ0JPAJ@Z 00418bd0 f codkauai.obj
 0001:0001b8b0       ?_FEncode2@KCDC@@IAEHPAXJ0JPAJ@Z 0041c8b0 f codkauai.obj
 0001:0001c1d0       ?_FDecode2@KCDC@@IAEHPAXJ0JPAJ@Z 0041d1d0 f codkauai.obj
 0001:0001e9c0       ?FWouldBe@BACO@@SGHJ@Z     0041f9c0 f crf.obj
 0001:0001ea00       ?FIs@BACO@@UAEHJ@Z         0041fa00 f crf.obj
 0001:0001ea30       ?Cls@BACO@@UAEJXZ          0041fa30 f crf.obj
 0001:0001ea60       ?FWouldBe@RCA@@SGHJ@Z      0041fa60 f crf.obj
 0001:0001eaa0       ?FIs@RCA@@UAEHJ@Z          0041faa0 f crf.obj
 0001:0001ead0       ?Cls@RCA@@UAEJXZ           0041fad0 f crf.obj
 0001:0001eb00       ?FWouldBe@CRF@@SGHJ@Z      0041fb00 f crf.obj
 0001:0001eb40       ?FIs@CRF@@UAEHJ@Z          0041fb40 f crf.obj
 0001:0001eb70       ?Cls@CRF@@UAEJXZ           0041fb70 f crf.obj
 0001:0001eba0       ?FWouldBe@CABO@@SGHJ@Z     0041fba0 f crf.obj
 0001:0001ebe0       ?FIs@CABO@@UAEHJ@Z         0041fbe0 f crf.obj
 0001:0001ec10       ?Cls@CABO@@UAEJXZ          0041fc10 f crf.obj
 0001:0001ec40       ??0BACO@@IAE@XZ            0041fc40 f crf.obj
 0001:0001ecc0       ??1BACO@@MAE@XZ            0041fcc0 f crf.obj
 0001:0001ed90       ?FWriteFlo@BACO@@UAEHPAUFLO@@@Z 0041fd90 f crf.obj
 0001:0001ee80       ?FWrite@BACO@@UAEHPAVBLCK@@@Z 0041fe80 f crf.obj
 0001:0001eef0       ?CbOnFile@BACO@@UAEJXZ     0041fef0 f crf.obj
 0001:0001ef60       ?AssertValid@BACO@@QAEXK@Z 0041ff60 f crf.obj
 0001:0001eff0       ?MarkMem@BACO@@UAEXXZ      0041fff0 f crf.obj
 0001:0001f060       ?Release@BACO@@UAEXXZ      00420060 f crf.obj
 0001:0001f1c0       ?Detach@BACO@@UAEXXZ       004201c0 f crf.obj
 0001:0001f2f0       ?SetCrep@BACO@@UAEXJ@Z     004202f0 f crf.obj
 0001:0001f370       ??0CRF@@IAE@PAVCFL@@J@Z    00420370 f crf.obj
 0001:0001f460       ??1CRF@@UAE@XZ             00420460 f crf.obj
 0001:0001f5c0       ?PcrfNew@CRF@@SGPAV1@PAVCFL@@J@Z 004205c0 f crf.obj
 0001:0001f710       ?CactRef@BASE@@QAEJXZ      00420710 f crf.obj
 0001:0001f740       ?TLoad@CRF@@UAEHKKP6GHPAV1@KKPAVBLCK@@PAPAVBACO@@PAJ@ZKJ@Z 00420740 f crf.obj
 0001:0001fbe0       ?PbacoFetch@CRF@@UAEPAVBACO@@KKP6GHPAV1@KKPAVBLCK@@PAPAV2@PAJ@ZPAHK@Z 00420be0 f crf.obj
 0001:0001ffc0       ?PbacoFind@CRF@@UAEPAVBACO@@KKP6GHPAV1@KKPAVBLCK@@PAPAV2@PAJ@ZK@Z 00420fc0 f crf.obj
 0001:00020110       ?FSetCrep@CRF@@UAEHJKKP6GHPAV1@KKPAVBLCK@@PAPAVBACO@@PAJ@ZK@Z 00421110 f crf.obj
 0001:00020260       ?PcrfFindChunk@CRF@@UAEPAV1@KKK@Z 00421260 f crf.obj
 0001:00020300       ?BacoDetached@CRF@@QAEXPAVBACO@@@Z 00421300 f crf.obj
 0001:000204c0       ?BacoReleased@CRF@@QAEXPAVBACO@@@Z 004214c0 f crf.obj
 0001:000206b0       ?_FFindCre@CRF@@IAEHKKP6GHPAV1@KKPAVBLCK@@PAPAVBACO@@PAJ@Z3@Z 004216b0 f crf.obj
 0001:00020880       ?_FFindBaco@CRF@@IAEHPAVBACO@@PAJ@Z 00421880 f crf.obj
 0001:00020c00       ?_FPurgeCb@CRF@@IAEHJJ@Z   00421c00 f crf.obj
 0001:00020eb0       ?AssertValid@CRF@@QAEXK@Z  00421eb0 f crf.obj
 0001:00020fe0       ?MarkMem@CRF@@UAEXXZ       00421fe0 f crf.obj
 0001:00021170       ?Pcfl@CRF@@QAEPAVCFL@@XZ   00422170 f crf.obj
 0001:000211a0       ?MarkMem@CABO@@UAEXXZ      004221a0 f crf.obj
 0001:00021210       ??0RCA@@QAE@XZ             00422210 f crf.obj
 0001:00021250       ??1RCA@@UAE@XZ             00422250 f crf.obj
 0001:00021280       ??_EBACO@@MAEPAXI@Z        00422280 f crf.obj
 0001:00021280       ??_GBACO@@MAEPAXI@Z        00422280 f crf.obj
 0001:000212c0       ??_GCRF@@UAEPAXI@Z         004222c0 f crf.obj
 0001:000212c0       ??_ECRF@@UAEPAXI@Z         004222c0 f crf.obj
 0001:00021300       ??_GRCA@@UAEPAXI@Z         00422300 f crf.obj
 0001:00021300       ??_ERCA@@UAEPAXI@Z         00422300 f crf.obj
 0001:00021360       ?FWouldBe@FIL@@SGHJ@Z      00422360 f file.obj
 0001:000213a0       ?FIs@FIL@@UAEHJ@Z          004223a0 f file.obj
 0001:000213d0       ?Cls@FIL@@UAEJXZ           004223d0 f file.obj
 0001:00021400       ?FWouldBe@BLCK@@SGHJ@Z     00422400 f file.obj
 0001:00021440       ?FIs@BLCK@@UAEHJ@Z         00422440 f file.obj
 0001:00021470       ?Cls@BLCK@@UAEJXZ          00422470 f file.obj
 0001:000214a0       ?FWouldBe@MSFIL@@SGHJ@Z    004224a0 f file.obj
 0001:000214e0       ?FIs@MSFIL@@UAEHJ@Z        004224e0 f file.obj
 0001:00021510       ?Cls@MSFIL@@UAEJXZ         00422510 f file.obj
 0001:00021540       ??0FIL@@IAE@PAVFNI@@K@Z    00422540 f file.obj
 0001:00021630       ??1FIL@@MAE@XZ             00422630 f file.obj
 0001:000216a0       ?PfilOpen@FIL@@SGPAV1@PAVFNI@@K@Z 004226a0 f file.obj
 0001:000218c0       ?PfilCreate@FIL@@SGPAV1@PAVFNI@@K@Z 004228c0 f file.obj
 0001:00021a90       ?PfilCreateTemp@FIL@@SGPAV1@PAVFNI@@@Z 00422a90 f file.obj
 0001:00021bb0       ?PfilFromFni@FIL@@SGPAV1@PAVFNI@@@Z 00422bb0 f file.obj
 0001:00021d00       ?FSetGrffil@FIL@@QAEHKK@Z  00422d00 f file.obj
 0001:00021e10       ?Release@FIL@@UAEXXZ       00422e10 f file.obj
 0001:00021ef0       ?GetStnPath@FIL@@QAEXPAVSTN@@@Z 00422ef0 f file.obj
 0001:00021f60       ?SetTemp@FIL@@QAEXH@Z      00422f60 f file.obj
 0001:00021fe0       ?FSetFni@FIL@@QAEHPAVFNI@@@Z 00422fe0 f file.obj
 0001:000220e0       ?ShutDown@FIL@@SGXXZ       004230e0 f file.obj
 0001:000221a0       ?AssertValid@FIL@@QAEXK@Z  004231a0 f file.obj
 0001:000222d0       ?_FRangeIn@@YGHJJJ@Z       004232d0 f file.obj
 0001:00022330       ?FReadRgb@FLO@@QAEHPAXJJ@Z 00423330 f file.obj
 0001:00022400       ?FWriteRgb@FLO@@QAEHPAXJJ@Z 00423400 f file.obj
 0001:000224d0       ?FCopy@FLO@@QAEHPAU1@@Z    004234d0 f file.obj
 0001:00022750       ?FReadHq@FLO@@QAEHPAPAXJJ@Z 00423750 f file.obj
 0001:00022860       ?FWriteHq@FLO@@QAEHPAXJ@Z  00423860 f file.obj
 0001:00022940       ?FTranslate@FLO@@QAEHF@Z   00423940 f file.obj
 0001:00022e70       ?AssertValid@FLO@@QAEXK@Z  00423e70 f file.obj
 0001:00022f70       ??0BLCK@@QAE@PAUFLO@@H@Z   00423f70 f file.obj
 0001:000230b0       ??0BLCK@@QAE@PAVFIL@@JJH@Z 004240b0 f file.obj
 0001:000231f0       ??0BLCK@@QAE@XZ            004241f0 f file.obj
 0001:00023290       ??1BLCK@@UAE@XZ            00424290 f file.obj
 0001:000232f0       ?Set@BLCK@@QAEXPAUFLO@@H@Z 004242f0 f file.obj
 0001:00023410       ?Set@BLCK@@QAEXPAVFIL@@JJH@Z 00424410 f file.obj
 0001:00023540       ?SetHq@BLCK@@QAEXPAPAXH@Z  00424540 f file.obj
 0001:00023620       ?Free@BLCK@@QAEXXZ         00424620 f file.obj
 0001:000236d0       ?HqFree@BLCK@@QAEPAXH@Z    004246d0 f file.obj
 0001:00023880       ?Cb@BLCK@@QAEJH@Z          00424880 f file.obj
 0001:00023910       ?FSetTemp@BLCK@@QAEHJH@Z   00424910 f file.obj
 0001:00023a10       ?FMoveMin@BLCK@@QAEHJ@Z    00424a10 f file.obj
 0001:00023b00       ?FMoveLim@BLCK@@QAEHJ@Z    00424b00 f file.obj
 0001:00023bf0       ?FReadHq@FLO@@QAEHPAPAX@Z  00424bf0 f file.obj
 0001:00023c30       ?FReadRgb@BLCK@@QAEHPAXJJH@Z 00424c30 f file.obj
 0001:00023dd0       ?FWouldBe@MSNK@@SGHJ@Z     00424dd0 f file.obj
 0001:00023e10       ?FWriteRgb@BLCK@@QAEHPAXJJH@Z 00424e10 f file.obj
 0001:00023fb0       ?FReadHq@BLCK@@QAEHPAPAXJJH@Z 00424fb0 f file.obj
 0001:00024180       ?FWriteHq@BLCK@@QAEHPAXJH@Z 00425180 f file.obj
 0001:00024320       ?FWriteToFlo@BLCK@@QAEHPAUFLO@@H@Z 00425320 f file.obj
 0001:000244c0       ?FWriteToBlck@BLCK@@QAEHPAV1@H@Z 004254c0 f file.obj
 0001:00024670       ?FGetFlo@BLCK@@QAEHPAUFLO@@H@Z 00425670 f file.obj
 0001:00024870       ?FPacked@BLCK@@QAEHPAJ@Z   00425870 f file.obj
 0001:00024910       ?FPackData@BLCK@@QAEHJ@Z   00425910 f file.obj
 0001:00024b50       ?FCompressPhq@CODM@@QAEHPAPAXJ@Z 00425b50 f file.obj
 0001:00024ba0       ?FUnpackData@BLCK@@QAEHXZ  00425ba0 f file.obj
 0001:00024dd0       ?FDecompressPhq@CODM@@QAEHPAPAX@Z 00425dd0 f file.obj
 0001:00024e00       ?CbMem@BLCK@@QAEJXZ        00425e00 f file.obj
 0001:00024e80       ?AssertValid@BLCK@@QAEXK@Z 00425e80 f file.obj
 0001:000250b0       ?MarkMem@BLCK@@UAEXXZ      004260b0 f file.obj
 0001:000250f0       ??0MSFIL@@QAE@PAVFIL@@@Z   004260f0 f file.obj
 0001:00025190       ??1MSFIL@@UAE@XZ           00426190 f file.obj
 0001:00025220       ?AssertValid@MSFIL@@QAEXK@Z 00426220 f file.obj
 0001:000252f0       ?SetFile@MSFIL@@QAEXPAVFIL@@@Z 004262f0 f file.obj
 0001:00025400       ?PfilRelease@MSFIL@@QAEPAVFIL@@XZ 00426400 f file.obj
 0001:00025460       ?ReportLine@MSFIL@@UAEXPAD@Z 00426460 f file.obj
 0001:00025530       ?Report@MSFIL@@UAEXPAD@Z   00426530 f file.obj
 0001:00025620       ?FError@MSFIL@@UAEHXZ      00426620 f file.obj
 0001:000256d0       ??_GFIL@@MAEPAXI@Z         004266d0 f file.obj
 0001:000256d0       ??_EFIL@@MAEPAXI@Z         004266d0 f file.obj
 0001:00025710       ??_EBLCK@@UAEPAXI@Z        00426710 f file.obj
 0001:00025710       ??_GBLCK@@UAEPAXI@Z        00426710 f file.obj
 0001:00025750       ??_GMSFIL@@UAEPAXI@Z       00426750 f file.obj
 0001:00025750       ??_EMSFIL@@UAEPAXI@Z       00426750 f file.obj
 0001:00025790       ??0MSNK@@QAE@XZ            00426790 f file.obj
 0001:000257d0       ?FIs@MSNK@@UAEHJ@Z         004267d0 f file.obj
 0001:00025800       ?Cls@MSNK@@UAEJXZ          00426800 f file.obj
 0001:00025830       ??1MSNK@@UAE@XZ            00426830 f file.obj
 0001:00025860       ??_GMSNK@@UAEPAXI@Z        00426860 f file.obj
 0001:00025860       ??_EMSNK@@UAEPAXI@Z        00426860 f file.obj
 0001:000258a0       ?_HfileOpen@@YGPAXPADHK@Z  004268a0 f filewin.obj
 0001:00025920       ?_FOpen@FIL@@IAEHHK@Z      00426920 f filewin.obj
 0001:00025b60       ?_Close@FIL@@IAEXH@Z       00426b60 f filewin.obj
 0001:00025c80       ?Flush@FIL@@QAEXXZ         00426c80 f filewin.obj
 0001:00025d10       ?_SetFpPos@FIL@@IAEXJ@Z    00426d10 f filewin.obj
 0001:00025e10       ?FSetFpMac@FIL@@QAEHJ@Z    00426e10 f filewin.obj
 0001:00025f50       ?FpMac@FIL@@QAEJXZ         00426f50 f filewin.obj
 0001:00026060       ?FReadRgb@FIL@@QAEHPAXJJ@Z 00427060 f filewin.obj
 0001:00026220       ?FWriteRgb@FIL@@QAEHPAXJJ@Z 00427220 f filewin.obj
 0001:000263f0       ?FSwapNames@FIL@@QAEHPAV1@@Z 004273f0 f filewin.obj
 0001:00026880       ?FRename@FIL@@QAEHPAVFNI@@@Z 00427880 f filewin.obj
 0001:00026ab0       ?FWouldBe@FNI@@SGHJ@Z      00427ab0 f fniwin.obj
 0001:00026af0       ?FIs@FNI@@UAEHJ@Z          00427af0 f fniwin.obj
 0001:00026b20       ?Cls@FNI@@UAEJXZ           00427b20 f fniwin.obj
 0001:00026b50       ?SetNil@FNI@@QAEXXZ        00427b50 f fniwin.obj
 0001:00026bb0       ??0FNI@@QAE@XZ             00427bb0 f fniwin.obj
 0001:00026c00       ?FGetOpen@FNI@@QAEHPADPAUHWND__@@@Z 00427c00 f fniwin.obj
 0001:00026d50       ?FGetSave@FNI@@QAEHPADPAUHWND__@@@Z 00427d50 f fniwin.obj
 0001:00026eb0       ?FBuildFromPath@FNI@@QAEHPAVSTN@@J@Z 00427eb0 f fniwin.obj
 0001:00027200       ?FGetUnique@FNI@@QAEHJ@Z   00428200 f fniwin.obj
 0001:000273b0       ?FGetTemp@FNI@@QAEHXZ      004283b0 f fniwin.obj
 0001:000274f0       ?Ftg@FNI@@QAEJXZ           004284f0 f fniwin.obj
 0001:00027540       ?Grfvk@FNI@@QAEKXZ         00428540 f fniwin.obj
 0001:00027740       ?FSetLeaf@FNI@@QAEHPAVSTN@@J@Z 00428740 f fniwin.obj
 0001:00027900       ?FChangeFtg@FNI@@QAEHJ@Z   00428900 f fniwin.obj
 0001:00027a70       ?GetLeaf@FNI@@QAEXPAVSTN@@@Z 00428a70 f fniwin.obj
 0001:00027bb0       ?GetStnPath@FNI@@QAEXPAVSTN@@@Z 00428bb0 f fniwin.obj
 0001:00027c70       ?TExists@FNI@@QAEHXZ       00428c70 f fniwin.obj
 0001:00027eb0       ?FDelete@FNI@@QAEHXZ       00428eb0 f fniwin.obj
 0001:00027f80       ?FRename@FNI@@QAEHPAV1@@Z  00428f80 f fniwin.obj
 0001:000280a0       ?FEqual@FNI@@QAEHPAV1@@Z   004290a0 f fniwin.obj
 0001:00028160       ?FSameDir@FNI@@QAEHPAV1@@Z 00429160 f fniwin.obj
 0001:000282a0       ?FUpDir@FNI@@QAEHPAVSTN@@K@Z 004292a0 f fniwin.obj
 0001:00028570       ?AssertValid@FNI@@QAEXK@Z  00429570 f fniwin.obj
 0001:000288b0       ?_CchExt@FNI@@AAEJXZ       004298b0 f fniwin.obj
 0001:000289b0       ?_SetFtgFromName@FNI@@AAEXXZ 004299b0 f fniwin.obj
 0001:00028b20       ?ChsUpper@@YGDD@Z          00429b20 f fniwin.obj
 0001:00028b40       ??4STN@@QAEAAV0@PAD@Z      00429b40 f fniwin.obj
 0001:00028b70       ?_FChangeLeaf@FNI@@AAEHPAVSTN@@@Z 00429b70 f fniwin.obj
 0001:00028d50       ?FAppendCh@STN@@QAEHD@Z    00429d50 f fniwin.obj
 0001:00028d80       ?FAppendSz@STN@@QAEHPAD@Z  00429d80 f fniwin.obj
 0001:00028dc0       ?_CleanFtg@@YGXPAJPAVSTN@@@Z 00429dc0 f fniwin.obj
 0001:00028ef0       ?FAppendStn@STN@@QAEHPAV1@@Z 00429ef0 f fniwin.obj
 0001:00028f30       ?FInsertCh@STN@@QAEHJD@Z   00429f30 f fniwin.obj
 0001:00028f70       ?FEqual@STN@@QAEHPAV1@@Z   00429f70 f fniwin.obj
 0001:00028fb0       ?FEqualUser@STN@@QAEHPAV1@K@Z 00429fb0 f fniwin.obj
 0001:00028ff0       ?FEqualSz@STN@@QAEHPAD@Z   00429ff0 f fniwin.obj
 0001:00029090       ??_EFNI@@UAEPAXI@Z         0042a090 f fniwin.obj
 0001:00029090       ??_GFNI@@UAEPAXI@Z         0042a090 f fniwin.obj
 0001:000290d0       ?FWouldBe@APPB@@SGHJ@Z     0042a0d0 f appb.obj
 0001:00029110       ?FIs@APPB@@UAEHJ@Z         0042a110 f appb.obj
 0001:00029140       ?Cls@APPB@@UAEJXZ          0042a140 f appb.obj
 0001:00029170       ??0APPB@@QAE@XZ            0042a170 f appb.obj
 0001:00029230       ??1APPB@@UAE@XZ            0042a230 f appb.obj
 0001:00029270       ?Run@APPB@@UAEXKKJ@Z       0042a270 f appb.obj
 0001:000292f0       ?Quit@APPB@@UAEXH@Z        0042a2f0 f appb.obj
 0001:00029390       ?GetStnAppName@APPB@@UAEXPAVSTN@@@Z 0042a390 f appb.obj
 0001:00029440       ?SetCurs@APPB@@UAEXPAVCURS@@H@Z 0042a440 f appb.obj
 0001:000295a0       ?SetCursCno@APPB@@UAEXPAVRCA@@KH@Z 0042a5a0 f appb.obj
 0001:000296c0       ?RefreshCurs@APPB@@UAEXXZ  0042a6c0 f appb.obj
 0001:00029770       ?BeginLongOp@APPB@@UAEXXZ  0042a770 f appb.obj
 0001:000297e0       ?EndLongOp@APPB@@UAEXH@Z   0042a7e0 f appb.obj
 0001:00029880       ?GrfcustCur@APPB@@UAEKH@Z  0042a880 f appb.obj
 0001:00029950       ?ModifyGrfcust@APPB@@UAEXKK@Z 0042a950 f appb.obj
 0001:000299c0       ?HideCurs@APPB@@UAEXXZ     0042a9c0 f appb.obj
 0001:00029a10       ?ShowCurs@APPB@@UAEXXZ     0042aa10 f appb.obj
 0001:00029a60       ?PositionCurs@APPB@@UAEXJJ@Z 0042aa60 f appb.obj
 0001:00029ac0       ?OnnDefVariable@APPB@@UAEJXZ 0042aac0 f appb.obj
 0001:00029b80       ?OnnDefFixed@APPB@@UAEJXZ  0042ab80 f appb.obj
 0001:00029ca0       ?DypTextDef@APPB@@UAEJXZ   0042aca0 f appb.obj
 0001:00029cf0       ?FCmdQuit@APPB@@UAEHPAUCMD@@@Z 0042acf0 f appb.obj
 0001:00029d60       ?FCmdShowClipboard@APPB@@UAEHPAUCMD@@@Z 0042ad60 f appb.obj
 0001:00029dd0       ?FCmdIdle@APPB@@UAEHPAUCMD@@@Z 0042add0 f appb.obj
 0001:0002a110       ??0PT@@QAE@XZ              0042b110 f appb.obj
 0001:0002a130       ?_TakeDownToolTip@APPB@@IAEXXZ 0042b130 f appb.obj
 0001:0002a200       ?_EnsureToolTip@APPB@@IAEXXZ 0042b200 f appb.obj
 0001:0002a320       ?ResetToolTip@APPB@@UAEXXZ 0042b320 f appb.obj
 0001:0002a380       ?FEnableAppCmd@APPB@@UAEHPAUCMD@@PAK@Z 0042b380 f appb.obj
 0001:0002a4b0       ?FCmdChooseWnd@APPB@@UAEHPAUCMD@@@Z 0042b4b0 f appb.obj
 0001:0002a520       ?_FInit@APPB@@MAEHKKJ@Z    0042b520 f appb.obj
 0001:0002a690       ?_FInitSound@APPB@@MAEHJ@Z 0042b690 f appb.obj
 0001:0002a7b0       ?_FInitMenu@APPB@@MAEHXZ   0042b7b0 f appb.obj
 0001:0002a820       ?_Loop@APPB@@MAEXXZ        0042b820 f appb.obj
 0001:0002a970       ?_CleanUp@APPB@@MAEXXZ     0042b970 f appb.obj
 0001:0002aa20       ?_Activate@APPB@@MAEXH@Z   0042ba20 f appb.obj
 0001:0002aac0       ?TopOfLoop@APPB@@UAEXXZ    0042bac0 f appb.obj
 0001:0002abb0       ?UpdateHwnd@APPB@@UAEXPAUHWND__@@PAVRC@@K@Z 0042bbb0 f appb.obj
 0001:0002ad60       ?PcmhFromHid@APPB@@UAEPAVCMH@@J@Z 0042bd60 f appb.obj
 0001:0002ae10       ?BuryCmh@APPB@@UAEXPAVCMH@@@Z 0042be10 f appb.obj
 0001:0002af90       ?MarkRc@APPB@@UAEXPAVRC@@PAVGOB@@@Z 0042bf90 f appb.obj
 0001:0002b050       ?MarkRegn@APPB@@UAEXPAVREGN@@PAVGOB@@@Z 0042c050 f appb.obj
 0001:0002b140       ?_MarkRegnRc@APPB@@IAEXPAVREGN@@PAVRC@@PAVGOB@@@Z 0042c140 f appb.obj
 0001:0002b4c0       ??0RC@@QAE@XZ              0042c4c0 f appb.obj
 0001:0002b4e0       ?PtTopLeft@RC@@QAE?AVPT@@XZ 0042c4e0 f appb.obj
 0001:0002b520       ??0PT@@QAE@JJ@Z            0042c520 f appb.obj
 0001:0002b560       ?UnmarkRc@APPB@@UAEXPAVRC@@PAVGOB@@@Z 0042c560 f appb.obj
 0001:0002b620       ?UnmarkRegn@APPB@@UAEXPAVREGN@@PAVGOB@@@Z 0042c620 f appb.obj
 0001:0002b710       ?_UnmarkRegnRc@APPB@@IAEXPAVREGN@@PAVRC@@PAVGOB@@@Z 0042c710 f appb.obj
 0001:0002b9c0       ?FGetMarkedRc@APPB@@UAEHPAUHWND__@@PAVRC@@@Z 0042c9c0 f appb.obj
 0001:0002bad0       ?InvalMarked@APPB@@UAEXPAUHWND__@@@Z 0042cad0 f appb.obj
 0001:0002bc30       ?UpdateMarked@APPB@@UAEXXZ 0042cc30 f appb.obj
 0001:0002bd00       ?_FastUpdate@APPB@@MAEXPAVGOB@@PAVREGN@@KPAVGPT@@@Z 0042cd00 f appb.obj
 0001:0002bfc0       ?SetGft@APPB@@UAEXJJKPAVGL@@VACR@@@Z 0042cfc0 f appb.obj
 0001:0002c100       ?_CopyPixels@APPB@@MAEXPAVGNV@@PAVRC@@01@Z 0042d100 f appb.obj
 0001:0002c3e0       ?SwHigh@@YGFJ@Z            0042d3e0 f appb.obj
 0001:0002c400       ?SwLow@@YGFJ@Z             0042d400 f appb.obj
 0001:0002c420       ?_PgptEnsure@APPB@@MAEPAVGPT@@PAVRC@@@Z 0042d420 f appb.obj
 0001:0002c590       ?Set@RC@@QAEXJJJJ@Z        0042d590 f appb.obj
 0001:0002c5e0       ?TsCurrent@@YGKXZ          0042d5e0 f appb.obj
 0001:0002c600       ?_FFindProp@APPB@@IAEHJPAUPROP@1@PAJ@Z 0042d600 f appb.obj
 0001:0002c790       ?OnnSystem@NTL@@QAEJXZ     0042d790 f appb.obj
 0001:0002c7c0       ??0ACR@@QAE@XZ             0042d7c0 f appb.obj
 0001:0002c7f0       ?_FSetProp@APPB@@IAEHJJ@Z  0042d7f0 f appb.obj
 0001:0002c930       ?FSetProp@APPB@@UAEHJJ@Z   0042d930 f appb.obj
 0001:0002cc90       ??0ACR@@QAE@EEE@Z          0042dc90 f appb.obj
 0001:0002ccd0       ??0ACR@@QAE@HH@Z           0042dcd0 f appb.obj
 0001:0002cd20       ?FGetProp@APPB@@UAEHJPAJ@Z 0042dd20 f appb.obj
 0001:0002ce60       ?FImportClip@APPB@@UAEHJPAXJPAPAVDOCB@@PAH@Z 0042de60 f appb.obj
 0001:0002d0a0       ?FPushModal@APPB@@UAEHPAVCEX@@@Z 0042e0a0 f appb.obj
 0001:0002d2b0       ?LuScale@USAC@@QAEKXZ      0042e2b0 f appb.obj
 0001:0002d2e0       ?Pcmm@APPB@@MAEPAUCMM@CMH@@XZ 0042e2e0 f appb.obj
 0001:0002d310       ?FModalLoop@APPB@@UAEHPAJ@Z 0042e310 f appb.obj
 0001:0002d400       ?InvalHwndRcs@@YGXPAUHWND__@@PAUtagRECT@@@Z 0042e400 f appb.obj
 0001:0002d430       ?EndModal@APPB@@UAEXJ@Z    0042e430 f appb.obj
 0001:0002d4a0       ?PopModal@APPB@@UAEXXZ     0042e4a0 f appb.obj
 0001:0002d640       ?PgobScreen@GOB@@SGPAV1@XZ 0042e640 f appb.obj
 0001:0002d660       ?Hwnd@GOB@@QAEPAUHWND__@@XZ 0042e660 f appb.obj
 0001:0002d690       ?Pgpt@GOB@@QAEPAVGPT@@XZ   0042e690 f appb.obj
 0001:0002d6c0       ?FCmdEndModal@APPB@@UAEHPAUCMD@@@Z 0042e6c0 f appb.obj
 0001:0002d750       ?BadModalCmd@APPB@@UAEXPAUCMD@@@Z 0042e750 f appb.obj
 0001:0002d890       ?TQuerySaveDoc@APPB@@UAEHPAVDOCB@@H@Z 0042e890 f appb.obj
 0001:0002d950       ?FAllowScreenSaver@APPB@@UAEHXZ 0042e950 f appb.obj
 0001:0002d9a0       ?AssertValid@APPB@@QAEXK@Z 0042e9a0 f appb.obj
 0001:0002db60       ?MarkMem@APPB@@UAEXXZ      0042eb60 f appb.obj
 0001:0002de00       ?FAssertProc@@YGHPADJ0PAXJ@Z 0042ee00 f appb.obj
 0001:0002de50       ?WarnProc@@YGXPADJ0@Z      0042ee50 f appb.obj
 0001:0002dec0       ?WarnProcApp@APPB@@UAEXPADJ0@Z 0042eec0 f appb.obj
 0001:0002e150       ??_GAPPB@@UAEPAXI@Z        0042f150 f appb.obj
 0001:0002e150       ??_EAPPB@@UAEPAXI@Z        0042f150 f appb.obj
 0001:0002e190       ??1GTE@@UAE@XZ             0042f190 f appb.obj
 0001:0002e1c0       ??_9@$BMA@A                0042f1c0 f appb.obj
 0001:0002e1d0       ??_9@$BBCE@A               0042f1d0 f appb.obj
 0001:0002e1e0       ??_9@$BME@A                0042f1e0 f appb.obj
 0001:0002e1f0       ??_9@$BMI@A                0042f1f0 f appb.obj
 0001:0002e200       ??_9@$BMM@A                0042f200 f appb.obj
 0001:0002e210       ??_9@$BNA@A                0042f210 f appb.obj
 0001:0002e220       ?FWouldBe@CLOK@@SGHJ@Z     0042f220 f clok.obj
 0001:0002e260       ?FIs@CLOK@@UAEHJ@Z         0042f260 f clok.obj
 0001:0002e290       ?Cls@CLOK@@UAEJXZ          0042f290 f clok.obj
 0001:0002e2e0       ??0CLOK@@QAE@JK@Z          0042f2e0 f clok.obj
 0001:0002e3a0       ??1CLOK@@UAE@XZ            0042f3a0 f clok.obj
 0001:0002e480       ?PclokFromHid@CLOK@@SGPAV1@J@Z 0042f480 f clok.obj
 0001:0002e530       ?BuryCmh@CLOK@@SGXPAVCMH@@@Z 0042f530 f clok.obj
 0001:0002e580       ?RemoveCmh@CLOK@@QAEXPAVCMH@@@Z 0042f580 f clok.obj
 0001:0002e660       ?Start@CLOK@@QAEXK@Z       0042f660 f clok.obj
 0001:0002e710       ?Stop@CLOK@@QAEXXZ         0042f710 f clok.obj
 0001:0002e770       ?TimCur@CLOK@@QAEKH@Z      0042f770 f clok.obj
 0001:0002e7f0       ?FSetAlarm@CLOK@@QAEHJPAVCMH@@JH@Z 0042f7f0 f clok.obj
 0001:0002e980       ?FCmdAll@CLOK@@UAEHPAUCMD@@@Z 0042f980 f clok.obj
 0001:0002eca0       ?AssertValid@CLOK@@QAEXK@Z 0042fca0 f clok.obj
 0001:0002ed90       ?MarkMem@CLOK@@UAEXXZ      0042fd90 f clok.obj
 0001:0002ede0       ?MarkAllCloks@CLOK@@SGXXZ  0042fde0 f clok.obj
 0001:0002eeb0       ??_GCLOK@@UAEPAXI@Z        0042feb0 f clok.obj
 0001:0002eeb0       ??_ECLOK@@UAEPAXI@Z        0042feb0 f clok.obj
 0001:0002eef0       ??_9@$BCI@A                0042fef0 f clok.obj
 0001:0002f010       ?Hid@CMH@@QAEJXZ           00430010 f clok.obj
 0001:0002f040       ?Pcmm@CLOK@@MAEPAUCMM@CMH@@XZ 00430040 f clok.obj
 0001:0002f070       ?FWouldBe@CMH@@SGHJ@Z      00430070 f cmd.obj
 0001:0002f0b0       ?FIs@CMH@@UAEHJ@Z          004300b0 f cmd.obj
 0001:0002f0e0       ?Cls@CMH@@UAEJXZ           004300e0 f cmd.obj
 0001:0002f110       ?FWouldBe@CEX@@SGHJ@Z      00430110 f cmd.obj
 0001:0002f150       ?FIs@CEX@@UAEHJ@Z          00430150 f cmd.obj
 0001:0002f180       ?Cls@CEX@@UAEJXZ           00430180 f cmd.obj
 0001:0002f1b0       ?AssertValid@CMD@@QAEXK@Z  004301b0 f cmd.obj
 0001:0002f250       ?HidUnique@CMH@@SGJJ@Z     00430250 f cmd.obj
 0001:0002f310       ??0CMH@@QAE@J@Z            00430310 f cmd.obj
 0001:0002f3b0       ??1CMH@@UAE@XZ             004303b0 f cmd.obj
 0001:0002f430       ?AssertValid@CMH@@QAEXK@Z  00430430 f cmd.obj
 0001:0002f490       ?_FGetCmme@CMH@@MAEHJKPAUCMME@1@@Z 00430490 f cmd.obj
 0001:0002f630       ?FDoCmd@CMH@@UAEHPAUCMD@@@Z 00430630 f cmd.obj
 0001:0002f750       ?FEnableCmd@CMH@@UAEHPAUCMD@@PAK@Z 00430750 f cmd.obj
 0001:0002f8c0       ??0CEX@@IAE@XZ             004308c0 f cmd.obj
 0001:0002f920       ??1CEX@@UAE@XZ             00430920 f cmd.obj
 0001:0002fac0       ?PcexNew@CEX@@SGPAV1@JJ@Z  00430ac0 f cmd.obj
 0001:0002fbc0       ?_FInit@CEX@@MAEHJJ@Z      00430bc0 f cmd.obj
 0001:0002fca0       ?StopRecording@CEX@@QAEXXZ 00430ca0 f cmd.obj
 0001:0002fee0       ?RecordCmd@CEX@@QAEXPAUCMD@@@Z 00430ee0 f cmd.obj
 0001:00030220       ?StopPlaying@CEX@@QAEXXZ   00431220 f cmd.obj
 0001:00030340       ?_FReadCmd@CEX@@IAEHPAUCMD@@@Z 00431340 f cmd.obj
 0001:000306c0       ?_FCmhOk@CEX@@MAEHPAVCMH@@@Z 004316c0 f cmd.obj
 0001:00030790       ?FAddCmh@CEX@@UAEHPAVCMH@@JK@Z 00431790 f cmd.obj
 0001:000308f0       ?RemoveCmh@CEX@@UAEXPAVCMH@@J@Z 004318f0 f cmd.obj
 0001:00030a40       ?BuryCmh@CEX@@UAEXPAVCMH@@@Z 00431a40 f cmd.obj
 0001:00030c40       ?_FFindCmhl@CEX@@MAEHJPAJ@Z 00431c40 f cmd.obj
 0001:00030d40       ?EnqueueCid@CEX@@UAEXJPAVCMH@@PAVGG@@JJJJ@Z 00431d40 f cmd.obj
 0001:00030e30       ?PushCid@CEX@@UAEXJPAVCMH@@PAVGG@@JJJJ@Z 00431e30 f cmd.obj
 0001:00030f20       ?EnqueueCmd@CEX@@UAEXPAUCMD@@@Z 00431f20 f cmd.obj
 0001:000310a0       ?PushCmd@CEX@@UAEXPAUCMD@@@Z 004320a0 f cmd.obj
 0001:00031220       ?FCidIn@CEX@@UAEHJ@Z       00432220 f cmd.obj
 0001:000312f0       ?FlushCid@CEX@@UAEXJ@Z     004322f0 f cmd.obj
 0001:000313f0       ?FEnqueue@GL@@QAEHPAX@Z    004323f0 f cmd.obj
 0001:00031420       ?_TGetNextCmd@CEX@@MAEHXZ  00432420 f cmd.obj
 0001:00031700       ?_FSendCmd@CEX@@MAEHPAVCMH@@@Z 00432700 f cmd.obj
 0001:000317b0       ?_CleanUpCmd@CEX@@MAEXXZ   004327b0 f cmd.obj
 0001:000318e0       ?FDispatchNextCmd@CEX@@UAEHXZ 004328e0 f cmd.obj
 0001:00031b10       ?_FEnableCmd@CEX@@MAEHPAVCMH@@PAUCMD@@PAK@Z 00432b10 f cmd.obj
 0001:00031c30       ?GrfedsForCmd@CEX@@UAEHPAUCMD@@@Z 00432c30 f cmd.obj
 0001:00031e80       ?GrfedsForCid@CEX@@UAEHJPAVCMH@@PAVGG@@JJJJ@Z 00432e80 f cmd.obj
 0001:00031fa0       ?FGetNextKey@CEX@@UAEHPAUCMD@@@Z 00432fa0 f cmd.obj
 0001:000320d0       ?TrackMouse@CEX@@UAEXPAVGOB@@@Z 004330d0 f cmd.obj
 0001:000321d0       ?EndMouseTracking@CEX@@UAEXXZ 004331d0 f cmd.obj
 0001:00032260       ?PgobTracking@CEX@@UAEPAVGOB@@XZ 00433260 f cmd.obj
 0001:000322b0       ?Suspend@CEX@@UAEXH@Z      004332b0 f cmd.obj
 0001:00032480       ?SetModalGob@CEX@@UAEXPAVGOB@@@Z 00433480 f cmd.obj
 0001:00032510       ?AssertValid@CEX@@QAEXK@Z  00433510 f cmd.obj
 0001:000326b0       ?MarkMem@CEX@@UAEXXZ       004336b0 f cmd.obj
 0001:000327f0       ?Pcmm@CMH@@MAEPAUCMM@1@XZ  004337f0 f cmd.obj
 0001:00032820       ?FForeground@APPB@@QAEHXZ  00433820 f cmd.obj
 0001:00032850       ?PgobPar@GOB@@QAEPAV1@XZ   00433850 f cmd.obj
 0001:00032880       ??_ECMH@@UAEPAXI@Z         00433880 f cmd.obj
 0001:00032880       ??_GCMH@@UAEPAXI@Z         00433880 f cmd.obj
 0001:000328c0       ??_ECEX@@UAEPAXI@Z         004338c0 f cmd.obj
 0001:000328c0       ??_GCEX@@UAEPAXI@Z         004338c0 f cmd.obj
 0001:00032900       ?FWouldBe@CURS@@SGHJ@Z     00433900 f cursor.obj
 0001:00032940       ?FIs@CURS@@UAEHJ@Z         00433940 f cursor.obj
 0001:00032970       ?Cls@CURS@@UAEJXZ          00433970 f cursor.obj
 0001:000329a0       ??1CURS@@MAE@XZ            004339a0 f cursor.obj
 0001:000329f0       ?FReadCurs@CURS@@SGHPAVCRF@@KKPAVBLCK@@PAPAVBACO@@PAJ@Z 004339f0 f cursor.obj
 0001:00032e40       ?Set@CURS@@QAEXXZ          00433e40 f cursor.obj
 0001:00032e90       ??_ECURS@@MAEPAXI@Z        00433e90 f cursor.obj
 0001:00032e90       ??_GCURS@@MAEPAXI@Z        00433e90 f cursor.obj
 0001:00032fe0       ??0CURS@@IAE@XZ            00433fe0 f cursor.obj
 0001:00033040       ?FWouldBe@GNV@@SGHJ@Z      00434040 f gfx.obj
 0001:00033080       ?FIs@GNV@@UAEHJ@Z          00434080 f gfx.obj
 0001:000330b0       ?Cls@GNV@@UAEJXZ           004340b0 f gfx.obj
 0001:000330e0       ?FWouldBe@GPT@@SGHJ@Z      004340e0 f gfx.obj
 0001:00033120       ?FIs@GPT@@UAEHJ@Z          00434120 f gfx.obj
 0001:00033150       ?Cls@GPT@@UAEJXZ           00434150 f gfx.obj
 0001:00033180       ?FWouldBe@NTL@@SGHJ@Z      00434180 f gfx.obj
 0001:000331c0       ?FIs@NTL@@UAEHJ@Z          004341c0 f gfx.obj
 0001:000331f0       ?Cls@NTL@@UAEJXZ           004341f0 f gfx.obj
 0001:00033220       ?SetFromLw@ACR@@QAEXJ@Z    00434220 f gfx.obj
 0001:00033270       ?LwGet@ACR@@QBEJXZ         00434270 f gfx.obj
 0001:000332a0       ?GetClr@ACR@@QAEXPAUCLR@@@Z 004342a0 f gfx.obj
 0001:00033330       ?AssertValid@ACR@@QAEXK@Z  00434330 f gfx.obj
 0001:00033580       ?MoveOrigin@APT@@QAEXJJ@Z  00434580 f gfx.obj
 0001:00033630       ??0GNV@@QAE@PAVGPT@@@Z     00434630 f gfx.obj
 0001:00033720       ??0GNV@@QAE@PAVGOB@@@Z     00434720 f gfx.obj
 0001:00033820       ??0GNV@@QAE@PAVGOB@@PAVGPT@@@Z 00434820 f gfx.obj
 0001:00033980       ??1GNV@@UAE@XZ             00434980 f gfx.obj
 0001:00033a10       ?_Init@GNV@@AAEXPAVGPT@@@Z 00434a10 f gfx.obj
 0001:00033b20       ?SetGobRc@GNV@@QAEXPAVGOB@@@Z 00434b20 f gfx.obj
 0001:00033ba0       ?AssertValid@GNV@@QAEXK@Z  00434ba0 f gfx.obj
 0001:00033d60       ?Max@RC@@QAEXXZ            00434d60 f gfx.obj
 0001:00033dc0       ?MarkMem@GNV@@UAEXXZ       00434dc0 f gfx.obj
 0001:00033e10       ?FillRcApt@GNV@@QAEXPAVRC@@PAUAPT@@VACR@@2@Z 00434e10 f gfx.obj
 0001:00033fa0       ?FillRc@GNV@@QAEXPAVRC@@VACR@@@Z 00434fa0 f gfx.obj
 0001:00034090       ?FrameRcApt@GNV@@QAEXPAVRC@@PAUAPT@@VACR@@2@Z 00435090 f gfx.obj
 0001:00034240       ?FrameRc@GNV@@QAEXPAVRC@@VACR@@@Z 00435240 f gfx.obj
 0001:00034350       ?HiliteRc@GNV@@QAEXPAVRC@@VACR@@@Z 00435350 f gfx.obj
 0001:000343e0       ?ScrollRc@GNV@@QAEXPAVRC@@JJ00@Z 004353e0 f gfx.obj
 0001:00034510       ?GetBadRcForScroll@GNV@@SGXPAVRC@@JJ00@Z 00435510 f gfx.obj
 0001:00034680       ?GetRcSrc@GNV@@QAEXPAVRC@@@Z 00435680 f gfx.obj
 0001:00034700       ?SetRcSrc@GNV@@QAEXPAVRC@@@Z 00435700 f gfx.obj
 0001:000347d0       ?SetRcDst@GNV@@QAEXPAVRC@@@Z 004357d0 f gfx.obj
 0001:00034950       ?SetRcVis@GNV@@QAEXPAVRC@@@Z 00435950 f gfx.obj
 0001:00034a70       ?IntersectRcVis@GNV@@QAEXPAVRC@@@Z 00435a70 f gfx.obj
 0001:00034b70       ?ClipRc@GNV@@QAEXPAVRC@@@Z 00435b70 f gfx.obj
 0001:00034cb0       ?SetPenSize@GNV@@QAEXJJ@Z  00435cb0 f gfx.obj
 0001:00034d70       ?SetFont@GNV@@QAEXJKJJJ@Z  00435d70 f gfx.obj
 0001:00034f40       ?SetOnn@GNV@@QAEXJ@Z       00435f40 f gfx.obj
 0001:00034fc0       ?SetFontAlign@GNV@@QAEXJJ@Z 00435fc0 f gfx.obj
 0001:00035050       ?DrawRgch@GNV@@QAEXPADJJJVACR@@1@Z 00436050 f gfx.obj
 0001:000351c0       ?DrawStn@GNV@@QAEXPAVSTN@@JJVACR@@1@Z 004361c0 f gfx.obj
 0001:00035340       ?GetRcFromRgch@GNV@@QAEXPAVRC@@PADJJJ@Z 00436340 f gfx.obj
 0001:00035410       ?CopyPixels@GNV@@QAEXPAV1@PAVRC@@1@Z 00436410 f gfx.obj
 0001:00035520       ?_FInitPaletteTrans@GNV@@AAEHPAVGL@@PAPAV2@1J@Z 00436520 f gfx.obj
 0001:000356c0       ?_PaletteTrans@GNV@@AAEXPAVGL@@0JJ0PAUCLR@@@Z 004366c0 f gfx.obj
 0001:000358d0       ?_FEnsureTempGnv@GNV@@AAEHPAPAV1@PAVRC@@@Z 004368d0 f gfx.obj
 0001:000359d0       ?Wipe@GNV@@QAEXJVACR@@PAV1@PAVRC@@2KPAVGL@@@Z 004369d0 f gfx.obj
 0001:00035e50       ??8ACR@@QBEHABV0@@Z        00436e50 f gfx.obj
 0001:00035e90       ?Slide@GNV@@QAEXJVACR@@PAV1@PAVRC@@2KPAVGL@@@Z 00436e90 f gfx.obj
 0001:00036400       ?Dissolve@GNV@@QAEXJJVACR@@PAV1@PAVRC@@2KPAVGL@@@Z 00437400 f gfx.obj
 0001:00036df0       ??9ACR@@QBEHABV0@@Z        00437df0 f gfx.obj
 0001:00036e30       ?Pgpt@GNV@@QAEPAVGPT@@XZ   00437e30 f gfx.obj
 0001:00036e60       ?_LwNextDissolve@@YGJJ@Z   00437e60 f gfx.obj
 0001:00036ee0       ?Fade@GNV@@QAEXJVACR@@PAV1@PAVRC@@2KPAVGL@@@Z 00437ee0 f gfx.obj
 0001:00037230       ?Iris@GNV@@QAEXJJJVACR@@PAV1@PAVRC@@2KPAVGL@@@Z 00438230 f gfx.obj
 0001:00037870       ??YPT@@QAEAAV0@AAV0@@Z     00438870 f gfx.obj
 0001:000378b0       ?DrawPic@GNV@@QAEXPAVPIC@@PAVRC@@@Z 004388b0 f gfx.obj
 0001:000379a0       ?DrawMbmp@GNV@@QAEXPAVMBMP@@PAVRC@@@Z 004389a0 f gfx.obj
 0001:00037a90       ?_FMapRcRcs@GNV@@AAEHPAVRC@@PAUtagRECT@@@Z 00438a90 f gfx.obj
 0001:00037b80       ?_MapPtPts@GNV@@AAEXJJPAUtagPOINT@@@Z 00438b80 f gfx.obj
 0001:00037c20       ?ClipToRegn@GPT@@QAEXPAPAVREGN@@@Z 00438c20 f gfx.obj
 0001:00037d10       ?SetPtBase@GPT@@QAEXPAVPT@@@Z 00438d10 f gfx.obj
 0001:00037d80       ?GetPtBase@GPT@@QAEXPAVPT@@@Z 00438d80 f gfx.obj
 0001:00037df0       ?MarkMem@GPT@@UAEXXZ       00438df0 f gfx.obj
 0001:00037e40       ?AssertValid@DSF@@QAEXK@Z  00438e40 f gfx.obj
 0001:00037ef0       ?FInitGfx@@YGHXZ           00438ef0 f gfx.obj
 0001:00037f10       ??0NTL@@QAE@XZ             00438f10 f gfx.obj
 0001:00037f50       ??1NTL@@UAE@XZ             00438f50 f gfx.obj
 0001:00037fb0       ?AssertValid@NTL@@QAEXK@Z  00438fb0 f gfx.obj
 0001:00038040       ?MarkMem@NTL@@UAEXXZ       00439040 f gfx.obj
 0001:00038090       ?FValidOnn@NTL@@QAEHJ@Z    00439090 f gfx.obj
 0001:000380f0       ?IstnMac@GSTB@@QAEJXZ      004390f0 f gfx.obj
 0001:00038120       ?GetStn@NTL@@QAEXJPAVSTN@@@Z 00439120 f gfx.obj
 0001:000381e0       ?FGetOnn@NTL@@QAEHPAVSTN@@PAJ@Z 004391e0 f gfx.obj
 0001:000382a0       ?OnnMapStn@NTL@@QAEJPAVSTN@@F@Z 004392a0 f gfx.obj
 0001:00038370       ?OnnMac@NTL@@QAEJXZ        00439370 f gfx.obj
 0001:000383c0       ??8PT@@QAEHAAV0@@Z         004393c0 f gfx.obj
 0001:00038410       ?DoubleStretch@@YGXPAEJJPAVRC@@0JJJJ1PAVREGN@@@Z 00439410 f gfx.obj
 0001:000388e0       ??0RC@@QAE@JJJJ@Z          004398e0 f gfx.obj
 0001:00038930       ?ScanNext@REGSC@@QAEXJ@Z   00439930 f gfx.obj
 0001:000389a0       ?XpFetch@REGSC@@QAEJXZ     004399a0 f gfx.obj
 0001:00038ad0       ?XpCur@REGSC@@QAEJXZ       00439ad0 f gfx.obj
 0001:00038b00       ?DypCur@REGSC@@QAEJXZ      00439b00 f gfx.obj
 0001:00038b30       ?DoubleVertStretch@@YGXPAEJJPAVRC@@0JJJJ1PAVREGN@@@Z 00439b30 f gfx.obj
 0001:00039010       ??_EGNV@@UAEPAXI@Z         0043a010 f gfx.obj
 0001:00039010       ??_GGNV@@UAEPAXI@Z         0043a010 f gfx.obj
 0001:00039050       ??0GDD@@QAE@XZ             0043a050 f gfx.obj
 0001:00039090       ??_GNTL@@UAEPAXI@Z         0043a090 f gfx.obj
 0001:00039090       ??_ENTL@@UAEPAXI@Z         0043a090 f gfx.obj
 0001:000390d0       ??1GL@@UAE@XZ              0043a0d0 f gfx.obj
 0001:00039100       ??1GLB@@UAE@XZ             0043a100 f gfx.obj
 0001:00039130       ?FWouldBe@GOB@@SGHJ@Z      0043a130 f gob.obj
 0001:00039170       ?FIs@GOB@@UAEHJ@Z          0043a170 f gob.obj
 0001:000391a0       ?Cls@GOB@@UAEJXZ           0043a1a0 f gob.obj
 0001:000391d0       ?FWouldBe@GTE@@SGHJ@Z      0043a1d0 f gob.obj
 0001:00039210       ?FIs@GTE@@UAEHJ@Z          0043a210 f gob.obj
 0001:00039240       ?Cls@GTE@@UAEJXZ           0043a240 f gob.obj
 0001:00039270       ?Set@GCB@@QAEXJPAVGOB@@KJPAVRC@@1@Z 0043a270 f gob.obj
 0001:00039390       ?ShutDown@GOB@@SGXXZ       0043a390 f gob.obj
 0001:000393d0       ??0GOB@@QAE@PAUGCB@@@Z     0043a3d0 f gob.obj
 0001:00039450       ?_Init@GOB@@IAEXPAUGCB@@@Z 0043a450 f gob.obj
 0001:000396f0       ??0GOB@@QAE@J@Z            0043a6f0 f gob.obj
 0001:00039780       ?Release@GOB@@UAEXXZ       0043a780 f gob.obj
 0001:00039880       ??1GOB@@MAE@XZ             0043a880 f gob.obj
 0001:00039a80       ?ActivateHwnd@GOB@@SGXPAUHWND__@@H@Z 0043aa80 f gob.obj
 0001:00039b30       ?BringToFront@GOB@@QAEXXZ  0043ab30 f gob.obj
 0001:00039b80       ?SendBehind@GOB@@QAEXPAV1@@Z 0043ab80 f gob.obj
 0001:00039dd0       ?InvalRc@GOB@@QAEXPAVRC@@J@Z 0043add0 f gob.obj
 0001:00039fe0       ?ValidRc@GOB@@QAEXPAVRC@@J@Z 0043afe0 f gob.obj
 0001:0003a170       ?FGetRcInval@GOB@@QAEHPAVRC@@J@Z 0043b170 f gob.obj
 0001:0003a370       ?Offset@PT@@QAEXJJ@Z       0043b370 f gob.obj
 0001:0003a3a0       ??0RC@@QAE@AAUtagRECT@@@Z  0043b3a0 f gob.obj
 0001:0003a3d0       ?Scroll@GOB@@QAEXPAVRC@@JJJ00@Z 0043b3d0 f gob.obj
 0001:0003a950       ?DrawTree@GOB@@UAEXPAVGPT@@PAVRC@@1K@Z 0043b950 f gob.obj
 0001:0003ae70       ??HRC@@QAE?AV0@AAVPT@@@Z   0043be70 f gob.obj
 0001:0003aed0       ??GRC@@QAE?AV0@AAVPT@@@Z   0043bed0 f gob.obj
 0001:0003af30       ?DrawTreeRgn@GOB@@UAEXPAVGPT@@PAVRC@@PAVREGN@@K@Z 0043bf30 f gob.obj
 0001:0003b5c0       ?Draw@GOB@@UAEXPAVGNV@@PAVRC@@@Z 0043c5c0 f gob.obj
 0001:0003b610       ?Maximize@GOB@@UAEXXZ      0043c610 f gob.obj
 0001:0003b6a0       ?SetPos@GOB@@QAEXPAVRC@@0@Z 0043c6a0 f gob.obj
 0001:0003b780       ?GetPos@GOB@@QAEXPAVRC@@0@Z 0043c780 f gob.obj
 0001:0003b830       ?SetRcFromHwnd@GOB@@QAEXXZ 0043c830 f gob.obj
 0001:0003b8c0       ?GetRc@GOB@@QAEXPAVRC@@J@Z 0043c8c0 f gob.obj
 0001:0003b970       ?GetRcVis@GOB@@QAEXPAVRC@@J@Z 0043c970 f gob.obj
 0001:0003ba20       ?_HwndGetRc@GOB@@IAEPAUHWND__@@PAVRC@@@Z 0043ca20 f gob.obj
 0001:0003baa0       ?HwndContainer@GOB@@QAEPAUHWND__@@XZ 0043caa0 f gob.obj
 0001:0003bb20       ?MapPt@GOB@@QAEXPAVPT@@JJ@Z 0043cb20 f gob.obj
 0001:0003bbd0       ?_HwndGetDptFromCoo@GOB@@AAEPAUHWND__@@PAVPT@@J@Z 0043cbd0 f gob.obj
 0001:0003bdd0       ??0PT@@QAE@AAUtagPOINT@@@Z 0043cdd0 f gob.obj
 0001:0003be00       ?GetMinMax@GOB@@UAEXPAVRC@@@Z 0043ce00 f gob.obj
 0001:0003be50       ?PgobFromPtGlobal@GOB@@SGPAV1@JJPAVPT@@@Z 0043ce50 f gob.obj
 0001:0003bf00       ?PgobFromPt@GOB@@UAEPAV1@JJPAVPT@@@Z 0043cf00 f gob.obj
 0001:0003c010       ?FPtIn@GOB@@UAEHJJ@Z       0043d010 f gob.obj
 0001:0003c0a0       ?FPtInBounds@GOB@@UAEHJJ@Z 0043d0a0 f gob.obj
 0001:0003c130       ?MouseDown@GOB@@UAEXJJJK@Z 0043d130 f gob.obj
 0001:0003c240       ?_SetRcCur@GOB@@AAEXXZ     0043d240 f gob.obj
 0001:0003c460       ?PgobPrevSib@GOB@@QAEPAV1@XZ 0043d460 f gob.obj
 0001:0003c560       ?PgobLastChild@GOB@@QAEPAV1@XZ 0043d560 f gob.obj
 0001:0003c600       ?FCreateAndAttachMdi@GOB@@QAEHPAVSTN@@@Z 0043d600 f gob.obj
 0001:0003c720       ?PgobMdiActive@GOB@@SGPAV1@XZ 0043d720 f gob.obj
 0001:0003c760       ?PgobFromCls@GOB@@QAEPAV1@J@Z 0043d760 f gob.obj
 0001:0003c820       ?PgobParFromCls@GOB@@QAEPAV1@J@Z 0043d820 f gob.obj
 0001:0003c8b0       ?PgobFromHidScr@GOB@@SGPAV1@J@Z 0043d8b0 f gob.obj
 0001:0003c920       ?PgobFromHid@GOB@@QAEPAV1@J@Z 0043d920 f gob.obj
 0001:0003caf0       ?PgobFromGrid@GOB@@QAEPAV1@J@Z 0043daf0 f gob.obj
 0001:0003cbb0       ?FCmdCloseWnd@GOB@@UAEHPAUCMD@@@Z 0043dbb0 f gob.obj
 0001:0003cc10       ?FCmdTrackMouse@GOB@@UAEHPAUCMD_MOUSE@@@Z 0043dc10 f gob.obj
 0001:0003cc60       ?FCmdKey@GOB@@UAEHPAUCMD_KEY@@@Z 0043dc60 f gob.obj
 0001:0003cc90       ?FCmdBadKey@GOB@@UAEHPAUCMD_BADKEY@@@Z 0043dc90 f gob.obj
 0001:0003ccc0       ?FCmdSelIdle@GOB@@UAEHPAUCMD@@@Z 0043dcc0 f gob.obj
 0001:0003cd20       ?FCmdActivateSel@GOB@@UAEHPAUCMD@@@Z 0043dd20 f gob.obj
 0001:0003cd80       ?FCmdMouseMove@GOB@@UAEHPAUCMD_MOUSE@@@Z 0043dd80 f gob.obj
 0001:0003ce00       ?ZpDragRc@GOB@@UAEJPAVRC@@HJJJJJ@Z 0043de00 f gob.obj
 0001:0003d350       ??ZPT@@QAEAAV0@AAV0@@Z     0043e350 f gob.obj
 0001:0003d390       ??YRC@@QAEAAV0@AAVPT@@@Z   0043e390 f gob.obj
 0001:0003d3e0       ?ValidHwndRcs@@YGXPAUHWND__@@PAUtagRECT@@@Z 0043e3e0 f gob.obj
 0001:0003d400       ??0GCB@@QAE@JPAVGOB@@KJPAVRC@@1@Z 0043e400 f gob.obj
 0001:0003d460       ?Pcmm@GOB@@MAEPAUCMM@CMH@@XZ 0043e460 f gob.obj
 0001:0003d490       ?_NewRc@GOB@@MAEXXZ        0043e490 f gob.obj
 0001:0003d4b0       ?_ActivateHwnd@GOB@@MAEXH@Z 0043e4b0 f gob.obj
 0001:0003d4d0       ?Grid@GOB@@QAEJXZ          0043e4d0 f gob.obj
 0001:0003d500       ?FCmdTrackMouseCore@GOB@@QAEHPAUCMD@@@Z 0043e500 f gob.obj
 0001:0003d530       ?FCmdMouseMoveCore@GOB@@QAEHPAUCMD@@@Z 0043e530 f gob.obj
 0001:0003d560       ?FCmdKeyCore@GOB@@QAEHPAUCMD@@@Z 0043e560 f gob.obj
 0001:0003d590       ?FCmdBadKeyCore@GOB@@QAEHPAUCMD@@@Z 0043e590 f gob.obj
 0001:0003d5c0       ?Ppglrtvm@GOB@@UAEPAPAVGL@@XZ 0043e5c0 f gob.obj
 0001:0003d610       ?FEnsureToolTip@GOB@@UAEHPAPAV1@JJ@Z 0043e610 f gob.obj
 0001:0003d6a0       ?LwState@GOB@@UAEJXZ       0043e6a0 f gob.obj
 0001:0003d6f0       ?AssertValid@GOB@@QAEXK@Z  0043e6f0 f gob.obj
 0001:0003d7e0       ?MarkMem@GOB@@UAEXXZ       0043e7e0 f gob.obj
 0001:0003d850       ?MarkGobTree@GOB@@QAEXXZ   0043e850 f gob.obj
 0001:0003d8c0       ??0GTE@@QAE@XZ             0043e8c0 f gob.obj
 0001:0003d900       ?Init@GTE@@QAEXPAVGOB@@K@Z 0043e900 f gob.obj
 0001:0003d980       ?FNextGob@GTE@@QAEHPAPAVGOB@@PAKK@Z 0043e980 f gob.obj
 0001:0003db80       ??_GGOB@@MAEPAXI@Z         0043eb80 f gob.obj
 0001:0003db80       ??_EGOB@@MAEPAXI@Z         0043eb80 f gob.obj
 0001:0003dbc0       ??_GGTE@@UAEPAXI@Z         0043ebc0 f gob.obj
 0001:0003dbc0       ??_EGTE@@UAEPAXI@Z         0043ebc0 f gob.obj
 0001:0003dc00       ??_9@$BGA@A                0043ec00 f gob.obj
 0001:0003dc10       ??_9@$BHE@A                0043ec10 f gob.obj
 0001:0003dc20       ??_9@$BHI@A                0043ec20 f gob.obj
 0001:0003dc30       ?Draw@MBMP@@QAEXPAEJJJJPAVRC@@PAVREGN@@@Z 0043ec30 f mbmpgui.obj
 0001:0003e0f0       ?DrawMask@MBMP@@QAEXPAEJJJJPAVRC@@@Z 0043f0f0 f mbmpgui.obj
 0001:0003e580       ?_Qrgcb@MBMP@@IAEPAFXZ     0043f580 f mbmpgui.obj
 0001:0003e5c0       ?_Qmbmph@MBMP@@IAEPAUMBMPH@1@XZ 0043f5c0 f mbmpgui.obj
 0001:0003e700       ?FWouldBe@REGN@@SGHJ@Z     0043f700 f region.obj
 0001:0003e740       ?FIs@REGN@@UAEHJ@Z         0043f740 f region.obj
 0001:0003e770       ?Cls@REGN@@UAEJXZ          0043f770 f region.obj
 0001:0003e7a0       ?FWouldBe@REGSC@@SGHJ@Z    0043f7a0 f region.obj
 0001:0003e7e0       ?FIs@REGSC@@UAEHJ@Z        0043f7e0 f region.obj
 0001:0003e810       ?Cls@REGSC@@UAEJXZ         0043f810 f region.obj
 0001:0003e840       ?FInit@REGBL@@QAEHPAVRC@@PAVGL@@@Z 0043f840 f region.obj
 0001:0003ea10       ?FStartRow@REGBL@@QAEHJJ@Z 0043fa10 f region.obj
 0001:0003ec20       ?EndRow@REGBL@@QAEXXZ      0043fc20 f region.obj
 0001:0003ee10       ?PglxpFree@REGBL@@QAEPAVGL@@PAVRC@@PAJ@Z 0043fe10 f region.obj
 0001:0003f070       ??0REGSC@@QAE@XZ           00440070 f region.obj
 0001:0003f0b0       ??1REGSC@@UAE@XZ           004400b0 f region.obj
 0001:0003f0f0       ?Free@REGSC@@QAEXXZ        004400f0 f region.obj
 0001:0003f160       ?Init@REGSC@@QAEXPAVREGN@@PAVRC@@@Z 00440160 f region.obj
 0001:0003f1d0       ?InitRc@REGSC@@QAEXPAVRC@@0@Z 004401d0 f region.obj
 0001:0003f210       ?_InitCore@REGSC@@IAEXPAVGL@@PAVRC@@1@Z 00440210 f region.obj
 0001:0003f370       ?_ScanNextCore@REGSC@@IAEXXZ 00440370 f region.obj
 0001:0003f870       ?PregnNew@REGN@@SGPAV1@PAVRC@@@Z 00440870 f region.obj
 0001:0003f960       ??1REGN@@UAE@XZ            00440960 f region.obj
 0001:0003f9d0       ?SetRc@REGN@@QAEXPAVRC@@@Z 004409d0 f region.obj
 0001:0003fad0       ?Offset@REGN@@QAEXJJ@Z     00440ad0 f region.obj
 0001:0003fb40       ?FEmpty@REGN@@QAEHPAVRC@@@Z 00440b40 f region.obj
 0001:0003fbd0       ?FIsRc@REGN@@QAEHPAVRC@@@Z 00440bd0 f region.obj
 0001:0003fc60       ??0REGBL@@QAE@XZ           00440c60 f region.obj
 0001:0003fcc0       ??1REGBL@@UAE@XZ           00440cc0 f region.obj
 0001:0003fd20       ?AddXp@REGBL@@QAEXJ@Z      00440d20 f region.obj
 0001:0003fe40       ?FDone@REGBL@@QAEHXZ       00440e40 f region.obj
 0001:0003feb0       ??0RAT@@QAE@JJ@Z           00440eb0 f region.obj
 0001:0003fef0       ?Set@RAT@@QAEXJJ@Z         00440ef0 f region.obj
 0001:0003ff80       ?LwScale@RAT@@QAEJJ@Z      00440f80 f region.obj
 0001:0003ffd0       ?FUnion@REGN@@QAEHPAV1@0@Z 00440fd0 f region.obj
 0001:00040210       ?FUnionRc@REGN@@QAEHPAVRC@@PAV1@@Z 00441210 f region.obj
 0001:00040420       ?_FUnionCore@REGN@@IAEHPAVRC@@PAVREGSC@@1@Z 00441420 f region.obj
 0001:000408b0       ?FIntersect@REGN@@QAEHPAV1@0@Z 004418b0 f region.obj
 0001:00040b20       ?_FIntersectCore@REGN@@IAEHPAVRC@@PAVREGSC@@1@Z 00441b20 f region.obj
 0001:00040f10       ?FDiff@REGN@@QAEHPAV1@0@Z  00441f10 f region.obj
 0001:00041140       ?FDiffRc@REGN@@QAEHPAVRC@@PAV1@@Z 00442140 f region.obj
 0001:00041330       ?_FDiffCore@REGN@@IAEHPAVRC@@PAVREGSC@@1@Z 00442330 f region.obj
 0001:00041750       ??0REGN@@IAE@XZ            00442750 f region.obj
 0001:000417a0       ?FOn@REGSC@@QAEHXZ         004427a0 f region.obj
 0001:000417d0       ?CxpCur@REGSC@@QAEJXZ      004427d0 f region.obj
 0001:00041800       ?HrgnCreate@REGN@@QAEPAUHRGN__@@XZ 00442800 f region.obj
 0001:00041b60       ?HrgnEnsure@REGN@@QAEPAUHRGN__@@XZ 00442b60 f region.obj
 0001:00041c10       ?AssertValid@REGN@@QAEXK@Z 00442c10 f region.obj
 0001:00041cf0       ?MarkMem@REGN@@UAEXXZ      00442cf0 f region.obj
 0001:00041d60       ??_GREGN@@UAEPAXI@Z        00442d60 f region.obj
 0001:00041d60       ??_EREGN@@UAEPAXI@Z        00442d60 f region.obj
 0001:00041da0       ??_EREGBL@@UAEPAXI@Z       00442da0 f region.obj
 0001:00041da0       ??_GREGBL@@UAEPAXI@Z       00442da0 f region.obj
 0001:00041de0       ??_EREGSC@@UAEPAXI@Z       00442de0 f region.obj
 0001:00041de0       ??_GREGSC@@UAEPAXI@Z       00442de0 f region.obj
 0001:00041e20       ?FWouldBe@PIC@@SGHJ@Z      00442e20 f pic.obj
 0001:00041e60       ?FIs@PIC@@UAEHJ@Z          00442e60 f pic.obj
 0001:00041e90       ?Cls@PIC@@UAEJXZ           00442e90 f pic.obj
 0001:00041ec0       ?GetRc@PIC@@QAEXPAVRC@@@Z  00442ec0 f pic.obj
 0001:00041f50       ?AssertValid@PIC@@QAEXK@Z  00442f50 f pic.obj
 0001:000420e0       _WinMain@16                004430e0 f appbwin.obj
 0001:00042130       ?Abort@APPB@@UAEXXZ        00443130 f appbwin.obj
 0001:00042170       ?_FInitOS@APPB@@MAEHXZ     00443170 f appbwin.obj
 0001:00042390       ?_FGetNextEvt@APPB@@MAEHPAUtagMSG@@@Z 00443390 f appbwin.obj
 0001:00042450       ?TrackMouse@APPB@@QAEXPAVGOB@@PAVPT@@@Z 00443450 f appbwin.obj
 0001:000425d0       ?_DispatchEvt@APPB@@MAEXPAUtagMSG@@@Z 004435d0 f appbwin.obj
 0001:00042740       ?_FTranslateKeyEvt@APPB@@MAEHPAUtagMSG@@PAUCMD_KEY@@@Z 00443740 f appbwin.obj
 0001:000428c0       ?FGetNextKeyFromOsQueue@APPB@@UAEHPAUCMD_KEY@@@Z 004438c0 f appbwin.obj
 0001:00042a70       ?FlushUserEvents@APPB@@UAEXK@Z 00443a70 f appbwin.obj
 0001:00042b10       ?_ShutDownViewer@APPB@@IAEXXZ 00443b10 f appbwin.obj
 0001:00042b60       ?_LuWndProc@APPB@@KGJPAUHWND__@@IIJ@Z 00443b60 f appbwin.obj
 0001:00042c20       ?_FFrameWndProc@APPB@@MAEHPAUHWND__@@IIJPAJ@Z 00443c20 f appbwin.obj
 0001:000435a0       ?_LuMdiWndProc@APPB@@KGJPAUHWND__@@IIJ@Z 004445a0 f appbwin.obj
 0001:00043650       ?_FMdiWndProc@APPB@@MAEHPAUHWND__@@IIJPAJ@Z 00444650 f appbwin.obj
 0001:000437b0       ?_FCommonWndProc@APPB@@MAEHPAUHWND__@@IIJPAJ@Z 004447b0 f appbwin.obj
 0001:00043ee0       ?_FInitDebug@APPB@@MAEHXZ  00444ee0 f appbwin.obj
 0001:00043f30       ?_FDlgAssert@@YGHPAUHWND__@@IIJ@Z 00444f30 f appbwin.obj
 0001:00044050       ?FAssertProcApp@APPB@@UAEHPADJ0PAXJ@Z 00445050 f appbwin.obj
 0001:000445d0       ?TGiveAlertSz@APPB@@UAEHPADJJ@Z 004455d0 f appbwin.obj
 0001:00044820       ?Cno@BACO@@QAEKXZ          00445820 f appbwin.obj
 0001:00044960       ?PgobFirstChild@GOB@@QAEPAV1@XZ 00445960 f appbwin.obj
 0001:00044990       ?PgobNextSib@GOB@@QAEPAV1@XZ 00445990 f appbwin.obj
 0001:000449c0       ?_HrgnNew@@YGPAUHRGN__@@PAUtagRECT@@JJH@Z 004459c0 f gfxwin.obj
 0001:00044a50       ?_Scr@ACR@@AAEKXZ          00445a50 f gfxwin.obj
 0001:00044b10       ?DrawDib@GNV@@QAEXPAXPAUtagBITMAPINFOHEADER@@PAVRC@@@Z 00445b10 f gfxwin.obj
 0001:00044bb0       ?Flush@GPT@@SGXXZ          00445bb0 f gfxwin.obj
 0001:00044bd0       ?SetActiveColors@GPT@@SGXPAVGL@@K@Z 00445bd0 f gfxwin.obj
 0001:00045400       ?PglclrGetPalette@GPT@@SGPAVGL@@XZ 00446400 f gfxwin.obj
 0001:000454a0       ?CclrSetPalette@GPT@@SGJPAUHWND__@@H@Z 004464a0 f gfxwin.obj
 0001:00045600       ?Fbit@@YGEJ@Z              00446600 f gfxwin.obj
 0001:00045620       ?IbFromIbit@@YGJJ@Z        00446620 f gfxwin.obj
 0001:00045640       ?PgptNew@GPT@@SGPAV1@PAUHDC__@@@Z 00446640 f gfxwin.obj
 0001:00045750       ?PgptNewHwnd@GPT@@SGPAV1@PAUHWND__@@@Z 00446750 f gfxwin.obj
 0001:00045880       ?_FInit@GPT@@AAEHPAUHDC__@@@Z 00446880 f gfxwin.obj
 0001:00045a90       ??1GPT@@EAE@XZ             00446a90 f gfxwin.obj
 0001:00045c00       ?_Scr@GPT@@AAEKVACR@@@Z    00446c00 f gfxwin.obj
 0001:00045cf0       ?PgptNewOffscreen@GPT@@SGPAV1@PAVRC@@J@Z 00446cf0 f gfxwin.obj
 0001:000462e0       ?PrgbLockPixels@GPT@@QAEPAEPAVRC@@@Z 004472e0 f gfxwin.obj
 0001:000463d0       ?CbRow@GPT@@QAEJXZ         004473d0 f gfxwin.obj
 0001:00046430       ?CbitPixel@GPT@@QAEJXZ     00447430 f gfxwin.obj
 0001:000464e0       ?Lock@GPT@@QAEXXZ          004474e0 f gfxwin.obj
 0001:00046530       ?Unlock@GPT@@QAEXXZ        00447530 f gfxwin.obj
 0001:000465a0       ?HiliteRcs@GPT@@QAEXPAUtagRECT@@PAUGDD@@@Z 004475a0 f gfxwin.obj
 0001:00046630       ?DrawRcs@GPT@@QAEXPAUtagRECT@@PAUGDD@@@Z 00447630 f gfxwin.obj
 0001:00046700       ?_FrameRcsOval@GPT@@AAEXPAUtagRECT@@PAUGDD@@H@Z 00447700 f gfxwin.obj
 0001:000468c0       ?_FillRcs@GPT@@AAEXPAUtagRECT@@@Z 004478c0 f gfxwin.obj
 0001:00046940       ?_FillRgn@GPT@@AAEXPAPAUHRGN__@@@Z 00447940 f gfxwin.obj
 0001:000469b0       ?_SetClip@GPT@@AAEXPAUtagRECT@@@Z 004479b0 f gfxwin.obj
 0001:00046bf0       ?FMax@RC@@QAEHXZ           00447bf0 f gfxwin.obj
 0001:00046c70       ?_EnsurePalette@GPT@@AAEXXZ 00447c70 f gfxwin.obj
 0001:00046db0       ?_Fill@GPT@@AAEXPAXPAUGDD@@P81@EX0@Z@Z 00447db0 f gfxwin.obj
 0001:000470e0       ?ScrollRcs@GPT@@QAEXPAUtagRECT@@JJPAUGDD@@@Z 004480e0 f gfxwin.obj
 0001:00047190       ?DrawRgch@GPT@@QAEXPADJUtagPOINT@@PAUGDD@@PAUDSF@@@Z 00448190 f gfxwin.obj
 0001:000474e0       ?GetRcsFromRgch@GPT@@QAEXPAUtagRECT@@PADJUtagPOINT@@PAUDSF@@@Z 004484e0 f gfxwin.obj
 0001:00047750       ?_SetAptBrush@GPT@@AAEXPAUAPT@@@Z 00448750 f gfxwin.obj
 0001:000478c0       ?_SetAcrBrush@GPT@@AAEXVACR@@@Z 004488c0 f gfxwin.obj
 0001:000479c0       ?_SetStockBrush@GPT@@AAEXH@Z 004489c0 f gfxwin.obj
 0001:00047ab0       ?_SetTextProps@GPT@@AAEXPAUDSF@@@Z 00448ab0 f gfxwin.obj
 0001:00047dc0       ??8APT@@QAEHAAU0@@Z        00448dc0 f gfxwin.obj
 0001:00047e10       ?CopyPixels@GPT@@QAEXPAV1@PAUtagRECT@@1PAUGDD@@@Z 00448e10 f gfxwin.obj
 0001:00048430       ?FSolidFore@APT@@QAEHXZ    00449430 f gfxwin.obj
 0001:00048470       ?FSolidBack@APT@@QAEHXZ    00449470 f gfxwin.obj
 0001:000484b0       ?Invert@APT@@QAEXXZ        004494b0 f gfxwin.obj
 0001:000484f0       ??0GPT@@AAE@XZ             004494f0 f gfxwin.obj
 0001:00048550       ?DrawPic@GPT@@QAEXPAVPIC@@PAUtagRECT@@PAUGDD@@@Z 00449550 f gfxwin.obj
 0001:000486b0       ?Hpic@PIC@@QAEPAUHENHMETAFILE__@@XZ 004496b0 f gfxwin.obj
 0001:000486e0       ?DrawMbmp@GPT@@QAEXPAVMBMP@@PAUtagRECT@@PAUGDD@@@Z 004496e0 f gfxwin.obj
 0001:00048c10       ?DrawDib@GPT@@QAEXPAXPAUtagBITMAPINFOHEADER@@PAUtagRECT@@PAUGDD@@@Z 00449c10 f gfxwin.obj
 0001:00048d20       ?AssertValid@GPT@@QAEXK@Z  00449d20 f gfxwin.obj
[...]
FIXUPS: 9a448 15 50 31 7b fffff809 10 10 19 19 13 13 13 16 16 16 e e 1e
FIXUPS: 99e8c 19 c b b b b 14 73 45 29 1c c 11 e 8 b a2 fffff745 29 28
FIXUPS: 99889 29 16 11 e b 11 16 b 8 b 97 9e c 47 30 d 55 d 14 b 13 35
FIXUPS: 99c50 d 14 4e d 46 fffff558 71 d 11 d 11 13 77 d 11 d 3d d 2c d
FIXUPS: 9951e 36 19 38 94 30 11 b 74 30 30 30 23 16 8 e f fffff514 12 1a
FIXUPS: 98d46 40 e 17 3c c 25 18 16 c 16 24 d6 23 26 5e 29 1c c b 8 b dd
FIXUPS: 99185 d 5d 1c 19 39 fffff632 3e d 40 63 5c 23 19 c e 10 10 b b
FIXUPS: 98a70 17 7 35 19 4a 1c 1b 14 40 27 d 40 1f 48 2a 19 d fffff4c1
FIXUPS: 9821a 71 d 29 d 53 29 34 63 68 23 1b b b 18 99 99 d 44 d 13 2d
FIXUPS: 98702 71 d 29 d 53 29 13 3a fffff37a 23 1b b b 13 6 3f c2 d 29
FIXUPS: 97dc9 1e d 28 18 46 3e 69 38 23 19 c b b 18 99 97 d 44 d 13 fffff619
FIXUPS: 977bc 23 d 13 13 33 23 d 38 2c 10 8 1e 23 27 23 13 18 51 b 21 22
FIXUPS: 97a63 63 58 1b 1d 33 23 17 16 fffff5e3 74 d d 54 1e 8 39 34 2f
FIXUPS: 97379 23 36 30 3c 3b 23 13 10 30 23 51 1c 40 1a 16 26 36 5e 2c
FIXUPS: 9775f 1a fffff408 7b 1a 96 31 15 10 d 17 17 10 13 5a 5f 3b d 2c
FIXUPS: 96e9d 86 8 2a d 94 16 32 39 32 23 13 56 8 5c fffff52d 23 11 b 27
FIXUPS: 9674c d 2c 20 d d c 8 10 21 d d 70 32 2c 7e 7b 25 17 13 17 23 4b
FIXUPS: 96adc 13 1b 34 c4b6 13 13 13 16 16 16 e e 1e e 13 1f e 32 13 1d
FIXUPS: a3167 13 1f e 13 1f e 13 ffff33ff 14 2d 20 d 32 20 c42d 2c 57 23
FIXUPS: a2bbf 2e 42 4a 23 2c 2e 63 23 2c 2e 63 23 2d d 1a 9 1e 19 9 1e
FIXUPS: a2f28 4f 5 26 10 10 19 fffff3e1 2d 23 3f 6e 23 32 23 d fb 23 2c
FIXUPS: a26b6 30 53 23 33 2e 3a 52 23 2c 2e 2c 57 23 33 2e 4c 50 23 2c
FIXUPS: a1f6d 13 69 e 32 2c 13 18 29 5b d 18 10 38 23 d 10 10 28 10 8 23
FIXUPS: a2243 1c 12 38 23 14 37 32 23 2d fffff7d4 c 20 23 25 1c 22 2a 23
FIXUPS: a1c91 1c c 20 23 25 1c 22 2a 23 25 1c c 40 23 25 1c 22 3a 23 16
FIXUPS: a1f5b 8 fffff5e7 84 1f 6c 23 3d 23 cd 23 51 d 6f 23 32 23 d a 5f
FIXUPS: a19a0 29 23 25 1c c 20 23 25 1c 22 2a 23 25 fffff5ab 25 1c 2c 2c
FIXUPS: a11c7 1c 60 16 10 2d 23 d 23 10 8 18 1f 1c 12 23 23 14 46 33 23
FIXUPS: a1472 b 12 29 34 45 fffff6cb 25 1c 3c 23 25 1c 3c 23 25 1c 3c 23
FIXUPS: a0e01 1c 3c 23 25 1c 4c 23 25 1c 4c 23 25 1c 2c 23 25 1c 2c fffff64b
FIXUPS: a0759 23 51 d 1f 1c 34 23 25 1c 3c 23 2c 1c 15 30 23 32 23 d 17
FIXUPS: a0a42 57 23 25 1c 3c 23 25 1c 3c fffff590 23 14 27 2c 36 23 16
FIXUPS: a026d 1a 1c 5f 1a 2d 23 32 23 d 24 42 26 9f 23 1d 30 23 1f 5e 23
FIXUPS: a0669 23 7c fffff5e0 21 49 27 f 21 30 20 20 e 32 2c 32 1c 60 16
FIXUPS: 9ff59 2d 20 d 26 10 8 18 1f 1c 12 23 11 15 28 50 5a92 e 13 1f e
FIXUPS: a5c0a 1f e 32 39 10 10 19 19 13 13 13 16 16 16 e e ffff9de7 27
FIXUPS: 9fba8 21 49 27 f 21 49 27 585b 43 41 19 e6 32 23 10 1d 23 b5 38
FIXUPS: a586c 5e 2f 23 2d 23 7d 23 7b 5 1d e 32 e 13 1f e 13 1f e fffff485
FIXUPS: a501e 5 1f 1a 1d 23 3d 23 2e 22 4b 1e 34 e 42 2c 58 1c 10 22 d
FIXUPS: a5339 14 15 7f 28 8 54 54 23 13 fffff5b4 d 1b 47 27 11 1f 11 1f
FIXUPS: a4bbc 32 23 d 3b 23 3c 1c 1c 4e 37 22 1f 33 1b d3 62 11 1f 11 2f
FIXUPS: a4fcc 16 fffff5f8 2f 11 e 37 19 16 61 3a 20 39 3d 27 23 e b b 2c
FIXUPS: a487f 3e 8 14 10 22 d 21 14 15 7b 2c 23 13 fffff6ba 1f 7 10 1c
FIXUPS: a4164 15 2d 8a 49 2a 23 d 27 d 1d 15 31 78 27 10 2d 23 d 27 d 1f
FIXUPS: a44d9 8 38 e a2 fffff75b 23 d 16 1f 11 1f 11 2c 23 d 12 10 21 10
FIXUPS: a3e90 29 e 29 29 2f 74 1d 2a 23 d 2c 23 d 10 b 48 fffff974 d d
FIXUPS: a3a87 21 2b 2e 8 37 17 13 16 c b 9 18 11 13 10 11 b 19 f 1c 19
FIXUPS: a3c9c 1a b 8 16 13 b fffff695 27 f 21 30 e b 14 1c3 1a 10 2c 19
FIXUPS: a368e 53 4e 3a 20 44 42 18 b 11 c 1f 6b 20 16 2f 5b 80 2a 27d9
FIXUPS: a6273 29 20 1b 5 5 5 23 e 13 28 10 10 19 19 13 13 13 16 16 16 e
FIXUPS: a643b ffffce17 27 f 21 49 27 f 21 2af0 30 e b 61 26 2c 16 a b 10
FIXUPS: a5f78 21 28 d 18 33 2b d 15 23 23 24 38 1c 45 23 16 2c f c 23 604d
FIXUPS: ac27d 20 1a 5 1d e 13 1f e 13 1f e 13 1f e 13 1f e 13 1f e 13 1f
FIXUPS: ac46c 1d e 13 ffff9902 36 27 f 5ee0 5f 12 30 30 23 16 43 24 30
FIXUPS: abebc d d 23 23 a1 95 2a 49 1c 2a 35 e b 25 d 13 34 13 24 11 21
FIXUPS: ab9f1 b 18 10 25 23 16 39 1d f 8 b 2f 23 16 18 15 20 d 10 f f c
FIXUPS: abc0b 1e 23 18 f 2b d 30 d fffff8c2 2f 52 3f d 10 20 d 3d 10 8
FIXUPS: ab729 14 1d 28 47 23 14 27 a2 10 b 25 d 2a d 32 23 d 10 1a 10 fffff804
FIXUPS: ab1ff 31 d 10 43 23 d 1e 1e 1d 30 23 d d 23 23 4a 22 8 b 1e 11
FIXUPS: ab48a 1e 68 2c b b 10 27 16 fffff744 36 18 22 75 d 4c 1c 46 66
FIXUPS: aaf35 3c 48 23 16 32 11 24 42 23 d 16 10 28 23 2a d 10 b 27 d 14
FIXUPS: aa851 31 d 17 8 b 30 23 16 18 34 d 10 f f 22 1e 30 12 4e 80 23
FIXUPS: aab34 f 2b d 30 d 1e 3c 7e 41 fffff787 90 31 10 22 d 10 25 d 2a
FIXUPS: aa5d1 32 23 d 10 28 d 18 b 1e 10 8 b b 29 e 9 1d 10 25 23 1d fffff5f4
FIXUPS: a9dc3 16 16 e e 1e 19 f 18 23 38 25 23 2d 40 23 4d 16 b 2f 79 20
FIXUPS: aa0df 66 8 1c 14 1d 28 47 21f fffff565 2a d 55 28 d 11 2e 15 27
FIXUPS: a9af4 d 36 23 18 19 18 16 18 62 18 5e 2b d 15 2c 10 10 19 19 13
FIXUPS: a9d9a fffff7b8 14 1d d 2e 42 19 1e c b b 12 b 23 30 23 d d 23 23
FIXUPS: a979f 2f 15 56 56 c b 36 15 13 55 e fffff676 34 38 18 12 8 17 14
FIXUPS: a90c6 e 11 6e 6 14 1a0 8 64 30 23 d 32 1b 23 2d 16 25 d 20 15 26
FIXUPS: a9526 d fffff61f 1f 1c 6a 18 2a 1f 6 1a 35 31 4c e 31 38 12 e c
FIXUPS: a8ddb 6 28 30 23 d 10 11 11 19 30 f 14 19 fffff7ec 2d 23 32 23
FIXUPS: a87be 2c 2b 1a b 29 1e 13 43 1c 47 b 26 14 1b 22 b 22 30 23 4d
FIXUPS: a8a96 1e 1a c 2f 3c fffff81c 23 d 32 16 20 10 8 b 18 1d 1d 10 1b
FIXUPS: a84bc 16 12 55 b 25 23 60 25 28 23 16 24 9 a 6 1d 1d fffff760 e
FIXUPS: a7e62 37 4d d 6f 20 d 9c 8 16 14 15 28 50 2f 23 14 27 e 21 a3 10
FIXUPS: a8264 25 d 2a d 32 23 d fffff6fa 11 1f 23 32 23 d 3b 23 16 32 22
FIXUPS: a7be6 d 36 b 25 23 16 1a 22 5 1f 1a 1d 23 3d 23 16 18 22 2f fffff7ce
FIXUPS: a7607 b 27 3a 3d 8 21 10 2d 23 d 23 10 8 18 20 2a 23 d 16 15 7f
FIXUPS: a78e9 2d 23 d 22 13 46 38 11 fffff791 25 71 28 30 23 d d 9 2b 15
FIXUPS: a7325 30 15 27 3a 1a 19 16 d 62 1d 5e 2b 23 16 d 6 12 22 23 16
FIXUPS: a6e09 49 17 10 2d 23 d 23 10 8 18 20 2a 23 d 2c 23 d 10 b a 21
FIXUPS: a7060 27 1f 17 3c 2a 23 d e 25 fffff823 10 2d 20 d 26 10 8 18 20
FIXUPS: a6a9a 15 7b 2f 23 13 14 84 32 23 17 26 23 1a 23 23 1a 23 23 16
FIXUPS: a6dc9 e fffff6c2 f 21 49 27 f 21 49 27 f 21 49 27 f 21 49 27 f
FIXUPS: a6749 49 27 f 21 49 27 f 21 30 e 32 2c 45 744f 23 32 23 d 18 23
FIXUPS: ade9c 17 24 5 1d e 13 1f e 13 1f 39 10 10 19 19 13 13 13 16 16
FIXUPS: ae07f e e ffff83d7 741d 1b 12 2b 10 10 4d d 1e 10 17 1c 11 2c 28
FIXUPS: ada79 38 16 1e 2f d 14 9 b c 66 8e 1c 44 70 e 68 fffff557 d 8 1c
FIXUPS: ad336 1a 1d 20 1f 1b 53 24 13 45 1e 30 29 1e 42 35 e3 1f 32 19
FIXUPS: ad747 e 2d b 62 32 1f 42 fffff6fc 29 d 27 1e 10 8 18 20 e 32 1b
FIXUPS: ad0b1 18 10 c 24 10 8 c 1c 2a 23 d 16 15 28 19 50 2a 2d 23 fffff3cc
FIXUPS: ac6cc 3a 13 23 32 36 68 15 67 31 23 16 b 4c 152 1e 51 1e 63 1dd
FIXUPS: acdf9 23 16 77 10 3f 23 d 14 21 d 211f e 13 1f 13 26 10 10 19 19
FIXUPS: af167 13 13 16 16 16 e e 1e 16 ffffd2c3 27 f 21 49 27 f 21 30 e
FIXUPS: ac63d 3c 26b0 23 13 c 10 22 d 19 26 23 13 c 10 22 d 36 19 29 16
FIXUPS: aef03 b 16 b 4f 22 39 29 16 15 19 21 5 fffff985 15 1b 9 1d d d
FIXUPS: aea89 29 16 c 27 23 d 18 f b 29 d 2d 29 19 c 20 d 14 e 24 2b 49
FIXUPS: aecfe b fffff881 1e 19 17 12 1e 19 19 20 20 d 2a 47 25 d 2f 10
FIXUPS: ae7e9 e 26 4c 38 58 23 13 c 27 23 d 15 2c d fffff749 30 10 30 11
FIXUPS: ae1c3 3a 4c 29 16 f 25 d 17 a 3f 23 22 23 1e 19 71 29 16 25 d 15
FIXUPS: ae4c9 3f 2e 19 22 215d 4b 23 1b b 25 d 27 d 2a d 34 34 5 26 10
FIXUPS: b08b2 19 19 13 13 13 16 16 16 e e 1e 16 ffffd723 27 f 2221 30 d
FIXUPS: b039a 1f 23 32 23 d 15 b 25 d 31 d 2a d d 37 23 32 23 d 15 b 25
FIXUPS: b0620 27 d 2a d 34 fffff8ad 27 d 17 42 16 b 25 d 27 d 2a d 42 16
FIXUPS: b011a 25 d 27 d 2a d 42 29 32 23 d 1b e 2b d 37 fffff720 a 9 53
FIXUPS: afad9 22 1b 53 27 b 1c d2 60 1e 27 2c d 2f d 56 16 b 25 d 27 d
FIXUPS: afedd d 2f 16 b 25 fffff3c4 1a 125 91 7b 2f ef d 2d 2e 6 2a d 13
FIXUPS: af7b9 b 8 96 23 d 5f 17 3b 40 b 1c 1a 1e 15 1c c 11 1f4a 28 10
FIXUPS: b19c2 19 19 13 13 13 16 16 16 e e 1e 30 12 2e e 13 1f 13 1d 12
FIXUPS: b1bc9 e 13 1f 13 ffffd61d b8 25 21dc f b 4c 8 28 28 8 21 150 b
FIXUPS: b173c 1e b 2f 11 19 28 20 d d 7 20 d d c 12 6d 4b 5 1d e fffff52f
FIXUPS: b0ea7 1a 19 38 12f 4d 4f 23 84 f 26 40 e 20 d d 3a 25 d 18 8f 4a
FIXUPS: b13c9 13 10 a 6d 18 15 29 23 26bd 1c 14 ffffce19 27 f 21 49 27
FIXUPS: b0ab8 21 49 27 f 21 30 12 3e 52 1e 28 d 9b e 1e 22 d 11 74 32 d
FIXUPS: b0e65 2a74 10 22 d 32 23 d 1d 5 5 18 e 13 1f e 13 1f e 13 38 10
FIXUPS: b3ab2 19 19 13 13 13 16 16 16 e e fffff8f7 1a 3d 23 16 27 40 23
FIXUPS: b35c5 17 2d 23 32 23 d 10 2b 23 13 8 11 2f f 30 9 3f 21 58 22 23
FIXUPS: b38a2 1a fffff64a 1e 1e 8c 2a 2f 34 41 24 2d 17 24 71 23 2d 23
FIXUPS: b3222 28 1c 23 23 1d b 1d 1c 1c 23 3b 28 5a 23 16 fffff69a 1d 10
FIXUPS: b2b36 23 d 23 2d 23 d 16 14 19 80 12 b b 26 32 2c 40 49 1b 33 23
FIXUPS: b2e5c 2c 23 d 1c f e fffff708 30 23 2d 23 16 54 1b 28 23 16 27
FIXUPS: b27e9 23 4d 23 16 24 13 6d 53 23 32 23 d 10 8 19 29 21 23 16 fffff5f4
FIXUPS: b20e9 29 35 20 d 2c 20 d 10 1b f 10 3f 30 3b 3f 32 28 9f 2d 23
FIXUPS: b2456 16 14 19 80 23 2d 23 2d 23 fffff6cd 49 27 f 21 49 27 f 21
FIXUPS: b1e5c 20 d 2c 20 d 20 16 21 12 26 28 12 b 26 10 1d 2c 24 19 19
FIXUPS: b20a4 5 5780 23 1b 1b d 1e 26 26 10 16 4d d 23 1c 1f 5 1d e 13
FIXUPS: b7a39 e 13 1f e 13 1f 13 1d 13 ffffa156 27 f 5784 36 10 10 19 19
FIXUPS: b74a7 13 13 16 16 16 e e 1e 23 1b d 1b 1b 16 19 31 26 3c 44 74
FIXUPS: b775d 46 1d 29 f fffff728 d 36 23 d 36 23 d 1b 25 12 26 28 17 19
FIXUPS: b7147 32 23 16 b 5c 23 34 d 2c 23 1b 42 23 4d 23 2d fffff629 28
FIXUPS: b6a79 23 44 64 a 27 2c 1f 39 23 26 8 56 8 35 3c 2c 37 1d 23 13
FIXUPS: b6e24 45 10 14 1d d 1b 13 13 fffff6b4 13 8 44 17 8 2f 23 26 8 36
FIXUPS: b6722 11 29 1b 42 23 46 27 23 16 16 21 23 26 8 8 64 15 35 18 25
FIXUPS: b61b1 6 29 6 27 6 36 23 26 4a 6 2a 6 28 6 39 10 13 16 2d 23 d 2a
FIXUPS: b6449 8 18 20 19 e e 85 46 fffff616 1b 3d 31 3d 32 3d 25 23 25
FIXUPS: b5d5f 10 10 8 8 143 f 20 6c 18 e 26 23 13 46 24 40 23 25 38 23
FIXUPS: b6164 fffff52c 3b e 25 12 1a 3b 6 7e 20 23 32 23 d d 8 98 24 15
FIXUPS: b599a 1f 23 32 23 d 20 1b 8 8 8 1e b3 fffff517 23 5e 1f 14 1c e
FIXUPS: b5175 24 12 1e 23 2c 13 f5 28 5 2f 4d 23 b6 33 24 23 13 57 d 1f
FIXUPS: b55cd 43 2e 4c ffffef03 3c 30 16 92 e 269 48 48 1a0 6f 15 21 d
FIXUPS: b4c36 8 1c 7f f 96 f 5e 28 116 23 13 25 36 a 10 35 30 ffffefff
FIXUPS: b4043 21 1f 1d 69 23 32 23 d 10 8 1e 14 8f 22 23 16 40 d 8d d 2a
FIXUPS: b43e0 77 5e 17 18 35 32 20 16 5623 13 13 13 16 16 16 e e ffff9fd7
FIXUPS: b3c39 f 21 49 27 f 21 49 27 f 21 30 26 8a 12 26 33 55 2c 45 1f
FIXUPS: b3ffc 549a 3b 27 26 2c cd 5c 35 83 2c 64 6c 14 1c 29 28 1a 7f 1f
FIXUPS: b997f 52 d6 5 1d e 13 1f e 3b 10 10 19 fffff4fa 44 2d 23 d 10 b
FIXUPS: b914c b b 8 38 1c 1f 63 50 2f 55 13 11 9 f 1c 49 3f 16 2a 1d d
FIXUPS: b9473 d 9 fffff90e a c 8 24 d 6 24 d 14 29 1e 2c d 28 10 8 c 1c
FIXUPS: b8f43 23 d 2c 23 d 10 b a 21 1c e 27 fffff7b0 33 8d 4f d 4d 4a
FIXUPS: b89ec 17 26 23 32 23 d d 29 10 24 d 1f 35 23 13 3a 23 13 16 17
FIXUPS: b8c5f f3 d 2a fffff6c0 2d 23 d d 26 23 43 a 15 2b 2a 23 d d f 19
FIXUPS: b862f 1d 3f 6d 38 6 2d 15 22 2b 9 6 8 10 10 fffff62a 17 31 55 10
FIXUPS: b8087 39 1c 8 c 10 6 6 a 6 23 17 13 2f 4f b0 78 21 a f d 14 20
FIXUPS: b8397 19 8 3f b412 13 1d 19 8 ffff42d8 27 f 21 30 2c 17 d 20 13
FIXUPS: b7c4c d a b e 15 98 16 10 d a b 8 54 d 36 6 b6d0 61 d 32 33 10
FIXUPS: c35d1 18 1e 5 1d e 13 1f e 13 1f e 13 1f e 13 1f e 13 1f 13 1d
FIXUPS: c37a7 13 1f 13 fffff7ea e 3d a 36 8 20 23 5a 23 23 5a 23 23 16
FIXUPS: c321a c 22 21 23 4f 1e 23 21 4a 22 1e 24 8e 10 2d 23 fffff5c9 1e
FIXUPS: c2adf 1a 23 7a d d 29 1d d 1b 81 1d d 1b 45 23 16 b 6f 1d 40 33
FIXUPS: c2e8f d 39 1e ab 1a d c fffff5db 16 b 1a 1f 93 23 44 d 4c 2d 1d
FIXUPS: c27c0 d f 18 27 d a 1d 1f 2b 23 24 2e e 18 e 27 23 a9 1e fffff780
FIXUPS: c21e3 b 13 10 28 2a 23 d 10 15 16 1b e 30 23 d 2a 1d 2b e 1f 23
FIXUPS: c2462 17 1b d c 6 66 41 2f fffff8ae 2a 18 4a 10 8 2e 10 31 23 d
FIXUPS: c1fb2 23 d 27 10 8 38 e 27 23 d 11 6 22 2a d 6 15 30 2a 23 fffff858
FIXUPS: c1a30 19 11 e 11 e d 1f 12 d 12 14 11 b 44 b2 16 18 16 10 32 1e
FIXUPS: c1cef 41 b 2e 30 30 23 16 14 fffff844 23 18 38 34 36 5c 8 1e 23
FIXUPS: c17f2 8 14 18 22 17 15 15 14 30 1c 29 16 b b 1f 14 e 28 34 20 e
FIXUPS: c11ef 2b 41 8 b b 25 2d e 3f 8 b b 23 11 14 2b 19 17 70 30 18 1d
FIXUPS: c1519 23 32 23 d 1b 34 17 15 fffff6c3 16 14 26 4b 1e 29 56 1c 29
FIXUPS: c0e82 1b b 28 b 14 22 60 15 1e 155 14 2c 30 14 b a a 1a 1b 8 b
FIXUPS: c0875 b b 26 3a 31 69 12 b b 5d 16 b 12 b b 26 18 28 23 16 14 2e
FIXUPS: c0b5a a 22 18 78 23 23 16 47 fffff3f9 16 3e 1a 8 21 1a 23 23 23
FIXUPS: c01e2 23 15 1d7 8b 2b 2b 44 a3 d 163 29 16 b b a 1b 17 16 3b 4f
FIXUPS: c0863 fffff436 23 16 b 20 36 11 22 11 11 15 11 c 26 18 17 18 1a
FIXUPS: bfea8 20 36 55 21 12 8 3b 23 16 1b 28 34 23 fffff743 18 2e 12 8
FIXUPS: bf869 30 2a 23 d 10 2d 23 d 28 2a 2e 17 2e 1f 2e 16 2e 17 2e 1f
FIXUPS: bfb48 19 38 2d 38 1f fffff71c 2a 23 d 10 11 2d 23 d 28 2b 2e 3b
FIXUPS: bf50a 4f 30 30 11 b 43 25 a 1d 99 2c 23 16 e 17 29 e 11 fffff738
FIXUPS: bef8f 3d 1c 21 23 16 14 21 11 c 18 2e 10 8 27 23 16 14 3b c 1a
FIXUPS: bf1cf 1d 1c 8 39 1f 31 23 1d 30 fffff7a5 b 15 8 23 2a 23 d 10 11
FIXUPS: beba1 23 d 28 2a 2e 19 2e 22 4b 54 14 b 47 1b 38 14 25 14 12 28
FIXUPS: beeb7 fffff756 47 4e 69 15 8 58 16 b 15 8 2b 30 30 30 29 16 8 b
FIXUPS: be8dc 17 16 20 3d f 39 35 31 3c 15 8 2b fffff66a 27 2a 23 d 10
FIXUPS: be1b6 2b 18 2e 17 2e 17 2e 58 29 16 8 b 48 17 16 23 2c f f d 28
FIXUPS: be48d 34 31 a2 fffff730 2d 1c 3c 23 16 e 11 12 22 24 10 8 28 29
FIXUPS: bde78 8 b 1b 17 16 1e 54 53 4e 69 15 8 58 16 b 15 fffff66b 4e 35
FIXUPS: bd7f5 ed 10 10 19 19 13 13 13 16 16 16 e e 1e 14 b b 32 39 2b 2f
FIXUPS: bdafb 3f 5c 40 4d 6b 1f fffff713 51 d 19 10 8 2e 1e 1a 22 12 8
FIXUPS: bd502 22 10 8 1f 8 17 11 ae 23 1d c e a 15 27 23 16 b 1c fffff853
FIXUPS: bcf9b 53 23 b 1d 23 32 23 d 4a 11 11 e 18 24 2f 8 b 15 b 21 d 65
FIXUPS: bd28c 13 e 11 79 8 13 3c fffff7fe 14 28 13 b 39 18 b 3e 29 11 6c
FIXUPS: bcd3d f 11 2e 22 13 31 b 24 3f 16 27 20 1c 21 11 1f 29 16 12 fffff877
FIXUPS: bc7fe 14 b 13 13 17 22 18 22 b b 1d 23 13 e 65 c e 4d 29 13 8 11
FIXUPS: bca60 20 19 3b 53 1d 28 15 fffff868 28 27 1c 2e 20 29 1d 66 3a
FIXUPS: bc5ac b b 27 23 32 23 d d e 1e c 2e 15 23 29 16 b 17 2c d 1a fffff7e2
FIXUPS: bbfba b b 17 c 15 d 5f 11 12 24 64 19 c c 4e b b 10 c 23 49 1e
FIXUPS: bc2b5 30 29 39 d 2b 26 1f fffff8c6 28 56 23 d 27 2a 23 16 b 8 e
FIXUPS: bbdfe 12 8 b 1a 17 19 e c 11 b 28 e 13 1d 29 32 23 d 10 fffff885
FIXUPS: bb83d 2c 70 10 16 16 16 1e 16 12 63 35 17 21 95 23 d 23 29 1a 12
FIXUPS: bbb90 b 1e 2a 23 d 2c 23 d 10 fffff6da 16 2a 23 5d 23 13 c 2b 6
FIXUPS: bb49e 1b 6 12 15 1a 17 1a 42 2b 52 13 17 13 5e 25 b9 23 13 c 1e
FIXUPS: bb801 fffff6e3 3c 79 23 13 26 29 17 28 17 39 f 2f 13 48 f 24 10
FIXUPS: bb1b6 23 d 20 20 d 26 1c 17 12 47 26 b 17 fffff66c b 10 56 23 d
FIXUPS: baa99 b 20 52 23 d 20 10 2c 23 d 27 29 16 25 2d 1f 23 70 29 13
FIXUPS: bad9e 1a 64 79 17 fffff6bf 1e 23 32 23 d 10 1e 2d 23 33 30 3f 2b
FIXUPS: ba77c 1e 1f 12 2d 23 d 21 14 41 2b e 1d 20 d 14 31 17 fffff6c6
FIXUPS: ba063 d 10 29 2a 2e 19 38 32 20 d 4e 4f 9b 12 2e 49 17 14 32 23
FIXUPS: ba3ff e 1a 25 15 71 23 d 27 23 a027 16 16 e e 1e 30 ffff5669 27
FIXUPS: b9ca8 21 49 27 f 21 49 27 f 21 49 27 f 21 49 27 f 21 49 27 f 21
FIXUPS: ba019 a1a7 15 14 21 1d 20 1e 15 1c 7c 5e 2c 20 1b 5 5 5 23 13 1d
FIXUPS: c4447 32 e 13 38 10 10 19 19 13 13 13 fffff7d7 1e 11 70 26 23 32
FIXUPS: c3e71 d 12 39 23 14 41 28 23 32 23 d 2c 23 d 2c 3e 25 14 30 d 1a
FIXUPS: c4165 1d 20 562a 1d 13 1d 13 1d 16 8 ffffa115 36 27 f 21 39 17
FIXUPS: c3a79 1a b 5a 7c 16 34 14 17 17 5c 12 23 7 51 1c 13 57df 5 1d e
FIXUPS: c953a 1f e 13 1f e 13 1f 13 1d e 13 1f 30 e 13 1f 19 e 19 e 13
FIXUPS: c9739 19 27 1e 6 1c fffff811 88 9 1e 14 2f 33 26 3a b 26 2b d aa
FIXUPS: c927a 39 34 24 20 13 6 24 8e 23 10 2d 23 d 23 10 8 18 fffff70b
FIXUPS: c8bf4 1b 2d 1d 23 3c d 74 5c 24 11 1c a 18 18 20 21 d 18 29 13
FIXUPS: c8ee3 d 18 20 1a 13 21 d 18 22 fffff81b 23 d 35 d d c 46 2a 23
FIXUPS: c8903 2c 23 d 16 29 28 57 23 d 2c 31 1e c c 15 24 21 1f 29 32 23
FIXUPS: c8437 13 13 16 16 16 e e 1e 29 16 b b 48 58 d 32 52 31 11 13 9
FIXUPS: c86c6 d 1e 4c 14 c b 21 14 b fffff7c1 37 14 3a 10 1c c 27 6a 29
FIXUPS: c8103 1f 29 39 10 44 20 1d 24 10 68 24 32 58 1e c 1f 2a 10 10 19
FIXUPS: c8424 fffff796 a 18 37 e 9 8 27 12 1d 31 37 d 19 25 95 23 d 29
FIXUPS: c7e52 32 23 d 10 b b b 20 11 f 12 15 fffff76a 29 66 13 43 6 18
FIXUPS: c77da 6 10 3f 20 1d 24 43 15 63 24 26 50 24 20 23 16 14 93 d 25
FIXUPS: c7b92 6 d f fffff725 e 9 8 21 12 1d 31 37 d 19 25 95 23 d 29 29
FIXUPS: c7544 23 d 10 b b c f 12 15 17 10 1c c 27 fffff7cb 15 1d 10 e 39
FIXUPS: c6eb2 1a 6a 27 6 18 42 20 1d 24 10 63 24 26 36 28 1a 1e 1b 77 d
FIXUPS: c7233 30 9 1e 18 fffff782 29 19 9 8 22 10 33 23 d 2d 10 8 1e 2a
FIXUPS: c6bb9 30 37 d 19 25 95 23 d 29 29 32 23 d 10 b c fffff694 8 8 24
FIXUPS: c64de 1c a0 1c 10 15 1a 20 16 1f 2e 14 b 1c 26 ba d 99 39 27 2e
FIXUPS: c6929 18 28 42 29 39 e fffff535 42 8 12 4d 23 32 23 d d 1c 1c 2d
FIXUPS: c6109 23 13 1c b 79 8 13 3c 32 51 d 19 c 8 50 68 be 23 fffff6cf
FIXUPS: c5b83 e 13 25 29 1a 12 12 b 1e 23 13 c 18 10 a 15 17 14 1c 29 20
FIXUPS: c5d9d d 8f 22 40 b 43 23 13 fffff6da 23 3d 10 2d 23 d 3c d 35 d
FIXUPS: c57e9 10 8 18 20 16 16 8d d ba 2b 55 20 23 1b 10 10 8 63 e 20 fffff49b
FIXUPS: c5009 29 24 2b 16 18 18 1b 1b 28 d e6 22 22 22 22 22 28 d c2 23
FIXUPS: c5417 23 23 25 d 9a 23 32 23 d fffff562 2c 20 d 1a 1d d 13 29 28
FIXUPS: c4c68 20 d 44 2a 20 d 10 23 2d 26 2e 55 2d 23 d 2a d f 65 d 8c
FIXUPS: cd537 ffff711b 27 f 21 49 27 f 21 49 27 f 21 49 27 f 21 49 27 f
FIXUPS: c4929 49 27 f 21 30 1e 42 49 17 2a 20 87a3 21 5 26 10 10 19 19
FIXUPS: cd357 13 13 16 16 16 e e 1e e 13 1f e 13 1f e 13 1f 16 8 12 13
FIXUPS: cd519 16 fffff95a d 16 25 28 57 23 d 29 e 16 25 11 3b 14 47 23
FIXUPS: cd0dd 1c 23 16 17 23 1c 41 10 2c 23 d 24 23 13 fffff804 64 d 2f
FIXUPS: ccb40 2f 47 18 8 43 10 33 23 d 18 16 16 19 10 8 1e 2a 1e b 27 2a
FIXUPS: ccde6 d 2c 23 d 1a fffff7c2 36 27 21 e c 18 22 2a b 1a 1d 41 4e
FIXUPS: cc7fd 2e 7 67 30 28 18 23 32 23 d 25 17 34 10 15 4b 10 fffff70b
FIXUPS: cc1a3 9 1d 16 23 27 11 b 8 c 10 34 10 105 68 1e a 57 23 13 8 8
FIXUPS: cc4fe 42 40 17 10 15 1a 20 16 fffff461 1a 2b 1a 1d 1a d 22 17 36
FIXUPS: cbc0b 26 28 1a 18 43 28 16 15b 37 25 a8 26 28 8a 12 b 19 1c a4
FIXUPS: cc15b 9 fffff544 69 26 30 5a 1a 21 1a 10 1d 1a 27 22 23 e 8 8 21
FIXUPS: cb91d 15 21 c 10 f 13 f 34 1a 1d 13 1a 10 fffff7a1 42 1e e b1 8
FIXUPS: cb322 f 29 22 19 21 d 12 52 d 45 57 d d 8 8 c 2f 3d 26 22 1a 14
FIXUPS: cb60a 1a 77 fffff73b 2f d 2d 26 1c 17 8 29 23 3c 38 29 23 44 d
FIXUPS: cb00a 2d 15 44 e c 26 28 e 13 1a a d 24 1b 4e fffff338 d 27 22
FIXUPS: ca576 19 14 14 25 25 5c 1c 29 49 1f 135 29 29 17c 63 b9 d 51 40
FIXUPS: cabd2 fd b 5e 19 47 21 10 fffff241 13 1c c 13 18 22 3f 32 5a 29
FIXUPS: ca19e 45 20 1d 67 15 66 36 2b 6c 33 27 14 b b 15 f 17 37 11 12
FIXUPS: c9c01 17 21 16 aa 14 25 95 20 d 25 23 13 c e 1a c 1a 29 32 23 d
FIXUPS: c9f44 b b b c f 15 27 2b d 402f 16 16 e e ffffb827 27 f 21 49 27
FIXUPS: c9968 21 49 27 f 21 30 11 19 46 16 b 2f 1c 24 10 2c 20 d 27 10
FIXUPS: cdd3f c 12 1d 16 19 10 33 23 d 2d 10 8 1e 28 5 1d e 13 1f e 13
FIXUPS: cdf49 13 26 10 10 19 19 13 13 13 fffff921 d 3e 28 d 2c 20 d e 64
FIXUPS: cda89 2d 20 d 26 10 8 18 20 16 3a 1c 24 17 21 95 23 d 23 e 8 e
FIXUPS: ceb2a 13 16 16 16 e e ffffe9c7 27 f 21 49 27 f 21 30 1e 32 49 17
FIXUPS: cd74a 25 28 57 20 d 2e 1a 26 30 23 32 f51 c 12 12 c c 16 1c 10
FIXUPS: ce91c 23 d 2d 10 8 1e 28 5 1d e 13 1f e 13 1f 13 26 10 10 19 19
FIXUPS: ceb17 fffff905 32 20 d 3e 28 d 2c 20 d e 64 10 2d 20 d 26 10 8
FIXUPS: ce679 20 16 3a 1c 24 17 21 95 23 d 23 e f13 13 16 16 16 e e 1e
FIXUPS: cf829 ffffe879 27 f 21 49 27 f 21 30 1e 32 49 17 11 25 28 57 20
FIXUPS: ce35b 2e 1a 26 30 106a 8 b 23 e 8 18 d 34 14 8 1a 12 77 20 5 1d
FIXUPS: cf617 13 1f e 13 1f 13 1d 13 26 10 10 19 19 13 fffff906 8 b 17
FIXUPS: cf094 63 8 b 49 8 b 43 29 16 b a b 12 3e 7 c 2b 42 15 8 b 12 28
FIXUPS: cf346 91 8 b fffff7cf 16 2a 2d 32 32 1c 1d 86 3f 21 26 3a 14 2d
FIXUPS: ceedf 20 d 2d 14 b a 8 b 1a 8 b 16 47 7 9 3c
