 chelp

 Timestamp is 3070bcee (Mon Oct 02 21:32:46 1995)

 Preferred load address is 00400000

 Start         Length     Name                   Class
 0001:00000000 000c1c1eH .text                   CODE
 0002:00000000 0000296cH .bss                    DATA
 0003:00000000 00003760H .rdata                  DATA
 0004:00000000 0000a074H .data                   DATA
 0004:0000a074 00000004H .CRT$XCA                DATA
 0004:0000a078 00000004H .CRT$XCC                DATA
 0004:0000a07c 000000f4H .CRT$XCU                DATA
 0004:0000a170 00000004H .CRT$XCZ                DATA
 0004:0000a174 00000004H .CRT$XIA                DATA
 0004:0000a178 00000008H .CRT$XIC                DATA
 0004:0000a180 00000004H .CRT$XIZ                DATA
 0004:0000a184 00000004H .CRT$XPA                DATA
 0004:0000a188 00000004H .CRT$XPX                DATA
 0004:0000a18c 00000004H .CRT$XPZ                DATA
 0004:0000a190 00000004H .CRT$XTA                DATA
 0004:0000a194 00000004H .CRT$XTZ                DATA
 0005:00000000 000000b4H .idata$2                DATA
 0005:000000b4 00000028H .idata$3                DATA
 0005:000000dc 0000047cH .idata$4                DATA
 0005:00000558 0000047cH .idata$5                DATA
 0005:000009d4 000012d8H .idata$6                DATA
 0006:00000000 0000033cH .rsrc$01                DATA
 0006:00000340 00001d5cH .rsrc$02                DATA
 0008:00000000 00000000H .debug$C                DATA
 0008:00000000 00000110H .debug$E                DATA
 0008:00000110 000008f0H .debug$F                DATA
 0008:00000c70 00000000H .debug$G                DATA
 0008:00000c70 00000032H .debug$H                DATA
 0008:fff1a000 00000000H .debug$P                DATA
 0008:fff1a000 00000000H .debug$S                DATA
 0008:fff1a000 00000000H .debug$T                DATA

  Address         Publics by Value              Rva+Base   Lib:Object

 0001:00000000       ?FWouldBe@USAC@@SGHJ@Z     00401000 f utilglob.obj
 0001:00000040       ?FIs@USAC@@UAEHJ@Z         00401040 f utilglob.obj
 0001:00000070       ?Cls@USAC@@UAEJXZ          00401070 f utilglob.obj
 0001:000001b0       ??1RND@@UAE@XZ             004011b0 f utilglob.obj
 0001:000001e0       ??1KCDC@@UAE@XZ            004011e0 f utilglob.obj
 0001:00000210       ??0KCDC@@QAE@XZ            00401210 f utilglob.obj
 0001:00000250       ??1USAC@@UAE@XZ            00401250 f utilglob.obj
 0001:000002a0       ??1BASE@@UAE@XZ            004012a0 f utilglob.obj
 0001:000002f0       ??_GBASE@@UAEPAXI@Z        004012f0 f utilglob.obj
 0001:000002f0       ??_EBASE@@UAEPAXI@Z        004012f0 f utilglob.obj
 0001:00000330       ??1CODC@@UAE@XZ            00401330 f utilglob.obj
 0001:00000360       ??_GKCDC@@UAEPAXI@Z        00401360 f utilglob.obj
 0001:00000360       ??_EKCDC@@UAEPAXI@Z        00401360 f utilglob.obj
 0001:000003a0       ??0CODC@@QAE@XZ            004013a0 f utilglob.obj
 0001:000003e0       ??_ECODC@@UAEPAXI@Z        004013e0 f utilglob.obj
 0001:000003e0       ??_GCODC@@UAEPAXI@Z        004013e0 f utilglob.obj
 0001:00000420       ??0MUTX@@QAE@XZ            00401420 f utilglob.obj
 0001:00000450       ??1MUTX@@QAE@XZ            00401450 f utilglob.obj
 0001:00000480       ?FCanDo@KCDC@@UAEHHJ@Z     00401480 f utilglob.obj
 0001:000004d0       ?MarkUtilMem@@YGXXZ        004014d0 f util.obj
 0001:00000620       ?PfilNext@FIL@@QAEPAV1@XZ  00401620 f util.obj
 0001:00000650       ?PbllNext@BLL@@QAEPAV1@XZ  00401650 f util.obj
 0001:00000680       ?PfilFirst@FIL@@SGPAV1@XZ  00401680 f util.obj
 0001:000006a0       ?PcflNext@CFL@@QAEPAV1@XZ  004016a0 f util.obj
 0001:000006d0       ?PcflFirst@CFL@@SGPAV1@XZ  004016d0 f util.obj
 0001:000006f0       ?FWouldBe@BLL@@SGHJ@Z      004016f0 f base.obj
 0001:00000730       ?FIs@BLL@@UAEHJ@Z          00401730 f base.obj
 0001:00000760       ?Cls@BLL@@UAEJXZ           00401760 f base.obj
 0001:00000790       ?Cls@BASE@@UAEJXZ          00401790 f base.obj
 0001:000007c0       ?FIs@BASE@@UAEHJ@Z         004017c0 f base.obj
 0001:00000800       ?FWouldBe@BASE@@SGHJ@Z     00401800 f base.obj
 0001:00000830       ??0BASE@@QAE@XZ            00401830 f base.obj
 0001:00000910       ?_PbaseFromDoi@@YGPAVBASE@@PAUDOI@@@Z 00401910 f base.obj
 0001:00000930       ?_Enter@@YGXXZ             00401930 f base.obj
 0001:00000950       ?_Leave@@YGXXZ             00401950 f base.obj
 0001:00000970       ?AddRef@BASE@@UAEXXZ       00401970 f base.obj
 0001:00000a00       ?Release@BASE@@UAEXXZ      00401a00 f base.obj
 0001:00000ab0       ??2BASE@@SGPAXIPADJ@Z      00401ab0 f base.obj
 0001:00000c80       ?Debugger@@YGXXZ           00401c80 f base.obj
 0001:00000ca0       ??3BASE@@SGXPAX@Z          00401ca0 f base.obj
 0001:00000d20       ?_PdoiFromBase@@YGPAUDOI@@PAX@Z 00401d20 f base.obj
 0001:00000d40       ?AssertValid@BASE@@QAEXK@Z 00401d40 f base.obj
 0001:00000e70       ?MarkMemStub@BASE@@QAEXXZ  00401e70 f base.obj
 0001:00000f50       ?MarkMem@BASE@@UAEXXZ      00401f50 f base.obj
 0001:00000fa0       ?_AssertDoi@@YGXPAUDOI@@H@Z 00401fa0 f base.obj
 0001:00001190       ?_LinkDoi@@YGXPAUDOI@@PAPAU1@@Z 00402190 f base.obj
 0001:00001210       ?_UnlinkDoi@@YGXPAUDOI@@@Z 00402210 f base.obj
 0001:00001290       ?AssertUnmarkedObjs@@YGXXZ 00402290 f base.obj
 0001:00001560       ?UnmarkAllObjs@@YGXXZ      00402560 f base.obj
 0001:00001670       ??0BLL@@QAE@XZ             00402670 f base.obj
 0001:000016c0       ??1BLL@@UAE@XZ             004026c0 f base.obj
 0001:00001710       ?_Attach@BLL@@IAEXPAX@Z    00402710 f base.obj
 0001:000018b0       ?AssertNilOrPvCb@@YGXPAXJ@Z 004028b0 f base.obj
 0001:000018e0       ?AssertValid@BLL@@QAEXK@Z  004028e0 f base.obj
 0001:000019e0       ??_GBLL@@UAEPAXI@Z         004029e0 f base.obj
 0001:000019e0       ??_EBLL@@UAEPAXI@Z         004029e0 f base.obj
 0001:00001a20       ??0STN@@QAE@XZ             00402a20 f base.obj
 0001:00001a80       ?PvAddBv@@YGPAXPAXJ@Z      00402a80 f base.obj
 0001:00001aa0       ?PvSubBv@@YGPAXPAXJ@Z      00402aa0 f base.obj
 0001:00001ac0       ?Enter@MUTX@@QAEXXZ        00402ac0 f base.obj
 0001:00001af0       ?Leave@MUTX@@QAEXXZ        00402af0 f base.obj
 0001:00001b20       ?LwThreadCur@@YGJXZ        00402b20 f base.obj
 0001:00001b40       ?FillPb@@YGXPAXJE@Z        00402b40 f utilcopy.obj
 0001:00001ba0       ?ClearPb@@YGXPAXJ@Z        00402ba0 f utilcopy.obj
 0001:00001bf0       ?ReversePb@@YGXPAXJ@Z      00402bf0 f utilcopy.obj
 0001:00001c50       ?SwapBlocks@@YGXPAXJJ@Z    00402c50 f utilcopy.obj
 0001:00001cd0       ?SwapPb@@YGXPAX0J@Z        00402cd0 f utilcopy.obj
 0001:00001d70       ?MoveElement@@YGXPAXJJJ@Z  00402d70 f utilcopy.obj
 0001:00001e80       ?FEqualRgb@@YGHPAX0J@Z     00402e80 f utilcopy.obj
 0001:00001f00       ?CbEqualRgb@@YGJPAX0J@Z    00402f00 f utilcopy.obj
 0001:00001f90       ?CopyPb@@YGXPAX0J@Z        00402f90 f utilcopy.obj
 0001:00002030       ?BltPb@@YGXPAX0J@Z         00403030 f utilcopy.obj
 0001:00002110       ?FWouldBe@ERS@@SGHJ@Z      00403110 f utilerro.obj
 0001:00002150       ?FIs@ERS@@UAEHJ@Z          00403150 f utilerro.obj
 0001:00002180       ?Cls@ERS@@UAEJXZ           00403180 f utilerro.obj
 0001:000021b0       ??0ERS@@QAE@XZ             004031b0 f utilerro.obj
 0001:00002200       ?Push@ERS@@UAEXJPADJ@Z     00403200 f utilerro.obj
 0001:000023c0       ?FPop@ERS@@UAEHPAJ@Z       004033c0 f utilerro.obj
 0001:000024c0       ?Clear@ERS@@UAEXXZ         004034c0 f utilerro.obj
 0001:00002530       ?Cerc@ERS@@UAEJXZ          00403530 f utilerro.obj
 0001:00002580       ?FIn@ERS@@UAEHJ@Z          00403580 f utilerro.obj
 0001:00002650       ?ErcGet@ERS@@UAEJJ@Z       00403650 f utilerro.obj
 0001:000026f0       ?Flush@ERS@@UAEXJ@Z        004036f0 f utilerro.obj
 0001:000027e0       ?FIn@@YGHJJJ@Z             004037e0 f utilerro.obj
 0001:00002820       ?AssertValid@ERS@@QAEXK@Z  00403820 f utilerro.obj
 0001:000028c0       ??1ERS@@UAE@XZ             004038c0 f utilerro.obj
 0001:000028f0       ??_EERS@@UAEPAXI@Z         004038f0 f utilerro.obj
 0001:000028f0       ??_GERS@@UAEPAXI@Z         004038f0 f utilerro.obj
 0001:00002930       ?SortLw@@YGXPAJ0@Z         00403930 f utilint.obj
 0001:00002980       ?MulLu@@YGXKKPAK0@Z        00403980 f utilint.obj
 0001:000029b0       ?LwMulDivAway@@YGJJJJ@Z    004039b0 f utilint.obj
 0001:00002a40       ?LwDivAway@@YGJJJ@Z        00403a40 f utilint.obj
 0001:00002af0       ?LwRoundAway@@YGJJJ@Z      00403af0 f utilint.obj
 0001:00002b80       ?LwRoundToward@@YGJJJ@Z    00403b80 f utilint.obj
 0001:00002bf0       ?LwRoundClosest@@YGJJJ@Z   00403bf0 f utilint.obj
 0001:00002c90       ?FAdjustIv@@YGHPAJJJJ@Z    00403c90 f utilint.obj
 0001:00002d40       ?LwMul@@YGJJJ@Z            00403d40 f utilint.obj
 0001:00002db0       ?AssertIn@@YGXJJJ@Z        00403db0 f utilint.obj
 0001:00002e30       ?SwapBytesBom@@YGXPAXK@Z   00403e30 f utilint.obj
 0001:00002f10       ?LwMin@@YGJJJ@Z            00403f10 f utilint.obj
 0001:00002f40       ?LwAbs@@YGJJ@Z             00403f40 f utilint.obj
 0001:00002f70       ?SwapBytesRgsw@@YGXPAXJ@Z  00403f70 f utilint.obj
 0001:00003000       ?LwMulDivMod@@YGJJJJPAJ@Z  00404000 f utilint.obj
 0001:00003060       ?SwapBytesRglw@@YGXPAXJ@Z  00404060 f utilint.obj
 0001:00003110       ?AssertBomRglw@@YGXKJ@Z    00404110 f utilint.obj
 0001:000031d0       ??BPT@@QAE?AUtagPOINT@@XZ  004041d0 f utilint.obj
 0001:00003230       ?SwTruncLw@@YGFJ@Z         00404230 f utilint.obj
 0001:00003280       ??4PT@@QAEAAV0@AAUtagPOINT@@@Z 00404280 f utilint.obj
 0001:000032d0       ?Map@PT@@QAEXPAVRC@@0@Z    004042d0 f utilint.obj
 0001:000034b0       ?LwMulDiv@@YGJJJJ@Z        004044b0 f utilint.obj
 0001:00003500       ?Transform@PT@@QAEXK@Z     00404500 f utilint.obj
 0001:00003580       ??8RC@@QAEHAAV0@@Z         00404580 f utilint.obj
 0001:00003620       ??9RC@@QAEHAAV0@@Z         00404620 f utilint.obj
 0001:000036d0       ?Union@RC@@QAEXPAV1@0@Z    004046d0 f utilint.obj
 0001:00003740       ?Union@RC@@QAEXPAV1@@Z     00404740 f utilint.obj
 0001:00003820       ?LwMax@@YGJJJ@Z            00404820 f utilint.obj
 0001:00003850       ?Dxp@RC@@QAEJXZ            00404850 f utilint.obj
 0001:00003890       ?Dyp@RC@@QAEJXZ            00404890 f utilint.obj
 0001:000038d0       ?FIntersect@RC@@QAEHPAV1@0@Z 004048d0 f utilint.obj
 0001:000039a0       ?Zero@RC@@QAEXXZ           004049a0 f utilint.obj
 0001:00003a00       ?FEmpty@RC@@QAEHXZ         00404a00 f utilint.obj
 0001:00003a60       ?FIntersect@RC@@QAEHPAV1@@Z 00404a60 f utilint.obj
 0001:00003b20       ?Inset@RC@@QAEXJJ@Z        00404b20 f utilint.obj
 0001:00003b80       ?Map@RC@@QAEXPAV1@0@Z      00404b80 f utilint.obj
 0001:00003dd0       ?Transform@RC@@QAEXK@Z     00404dd0 f utilint.obj
 0001:00003ea0       ?OffsetCopy@RC@@QAEXPAV1@JJ@Z 00404ea0 f utilint.obj
 0001:00003f10       ?Offset@RC@@QAEXJJ@Z       00404f10 f utilint.obj
 0001:00003f60       ?OffsetToOrigin@RC@@QAEXXZ 00404f60 f utilint.obj
 0001:00003fc0       ?CenterOnRc@RC@@QAEXPAV1@@Z 00404fc0 f utilint.obj
 0001:00004060       ?FPtIn@RC@@QAEHJJ@Z        00405060 f utilint.obj
 0001:000040e0       ?PinPt@RC@@QAEXPAVPT@@@Z   004050e0 f utilint.obj
 0001:00004160       ?LwBound@@YGJJJJ@Z         00405160 f utilint.obj
 0001:000041a0       ?PinToRc@RC@@QAEXPAV1@@Z   004051a0 f utilint.obj
 0001:00004250       ??4RC@@QAEAAV0@AAUtagRECT@@@Z 00405250 f utilint.obj
 0001:000042b0       ??BRC@@QAE?AUtagRECT@@XZ   004052b0 f utilint.obj
 0001:00004340       ?FContains@RC@@QAEHPAV1@@Z 00405340 f utilint.obj
 0001:000043e0       ?SetToCell@RC@@QAEXPAV1@JJJJ@Z 004053e0 f utilint.obj
 0001:00004520       ?FMapToCell@RC@@QAEHJJJJPAJ0@Z 00405520 f utilint.obj
 0001:000045f0       ??0USAC@@QAE@XZ            004055f0 f utilint.obj
 0001:00004650       ?TsCur@USAC@@QAEKXZ        00405650 f utilint.obj
 0001:000046e0       ?LwHighLow@@YGJFF@Z        004056e0 f utilint.obj
 0001:00004710       ?SuHigh@@YGGJ@Z            00405710 f utilint.obj
 0001:00004730       ?SuLow@@YGGJ@Z             00405730 f utilint.obj
 0001:00004750       ?Scale@USAC@@QAEXK@Z       00405750 f utilint.obj
 0001:00004810       ?Set@DVER@@QAEXFF@Z        00405810 f utilint.obj
 0001:00004850       ?FReadable@DVER@@QAEHFF@Z  00405850 f utilint.obj
 0001:00004910       ??_GUSAC@@UAEPAXI@Z        00405910 f utilint.obj
 0001:00004910       ??_EUSAC@@UAEPAXI@Z        00405910 f utilint.obj
 0001:00004950       ?TsCurrentSystem@@YGKXZ    00405950 f utilint.obj
 0001:00004970       ?FFail@DMAGL@@QAEHXZ       00405970 f utilmem.obj
 0001:000049e0       ?Allocate@DMAGL@@QAEXJ@Z   004059e0 f utilmem.obj
 0001:00004a70       ?Resize@DMAGL@@QAEXJ@Z     00405a70 f utilmem.obj
 0001:00004ad0       ?Free@DMAGL@@QAEXJ@Z       00405ad0 f utilmem.obj
 0001:00004b10       ?FAllocPvDebug@@YGHPAPAXJKJPADJPAUDMAGL@@@Z 00405b10 f utilmem.obj
 0001:00004e60       ?_FResizePpvDebug@@YGHPAPAXJJKJPAUDMAGL@@@Z 00405e60 f utilmem.obj
 0001:00005270       ?FreePpvDebug@@YGXPAPAXPAUDMAGL@@@Z 00406270 f utilmem.obj
 0001:00005310       ?_LinkMbh@@YGXPAUMBH@@@Z   00406310 f utilmem.obj
 0001:000053b0       ?_UnlinkMbh@@YGXPAUMBH@@0@Z 004063b0 f utilmem.obj
 0001:00005550       ?_AssertMbh@@YGXPAUMBH@@@Z 00406550 f utilmem.obj
 0001:00005790       ?AssertPvAlloced@@YGXPAXJ@Z 00406790 f utilmem.obj
 0001:00005850       ?AssertUnmarkedMem@@YGXXZ  00406850 f utilmem.obj
 0001:00005940       ?UnmarkAllMem@@YGXXZ       00406940 f utilmem.obj
 0001:000059c0       ?MarkPv@@YGXPAX@Z          004069c0 f utilmem.obj
 0001:00005a30       ?FWouldBe@RND@@SGHJ@Z      00406a30 f utilrnd.obj
 0001:00005a70       ?FIs@RND@@UAEHJ@Z          00406a70 f utilrnd.obj
 0001:00005aa0       ?Cls@RND@@UAEJXZ           00406aa0 f utilrnd.obj
 0001:00005ad0       ?FWouldBe@SFL@@SGHJ@Z      00406ad0 f utilrnd.obj
 0001:00005b10       ?FIs@SFL@@UAEHJ@Z          00406b10 f utilrnd.obj
 0001:00005b40       ?Cls@SFL@@UAEJXZ           00406b40 f utilrnd.obj
 0001:00005b70       ??0RND@@QAE@K@Z            00406b70 f utilrnd.obj
 0001:00005c00       ?LwNext@RND@@UAEJJ@Z       00406c00 f utilrnd.obj
 0001:00005cd0       ??0SFL@@QAE@K@Z            00406cd0 f utilrnd.obj
 0001:00005d60       ??1SFL@@UAE@XZ             00406d60 f utilrnd.obj
 0001:00005dd0       ?AssertValid@SFL@@QAEXK@Z  00406dd0 f utilrnd.obj
 0001:00005ea0       ?MarkMem@SFL@@UAEXXZ       00406ea0 f utilrnd.obj
 0001:00005f00       ?Shuffle@SFL@@QAEXJ@Z      00406f00 f utilrnd.obj
 0001:00006010       ?_ShuffleCore@SFL@@IAEXXZ  00407010 f utilrnd.obj
 0001:00006100       ?_FEnsureHq@SFL@@IAEHJ@Z   00407100 f utilrnd.obj
 0001:00006280       ?LwNext@SFL@@UAEJJ@Z       00407280 f utilrnd.obj
 0001:000063e0       ??_ERND@@UAEPAXI@Z         004073e0 f utilrnd.obj
 0001:000063e0       ??_GRND@@UAEPAXI@Z         004073e0 f utilrnd.obj
 0001:00006420       ??_ESFL@@UAEPAXI@Z         00407420 f utilrnd.obj
 0001:00006420       ??_GSFL@@UAEPAXI@Z         00407420 f utilrnd.obj
 0001:00006460       ??0STN@@QAE@PAD@Z          00407460 f utilstr.obj
 0001:00006500       ??4STN@@QAEAAV0@AAV0@@Z    00407500 f utilstr.obj
 0001:000065f0       ?SetRgch@STN@@QAEXPADJ@Z   004075f0 f utilstr.obj
 0001:000066d0       ?SetSzs@STN@@QAEXPAD@Z     004076d0 f utilstr.obj
 0001:00006730       ?Delete@STN@@QAEXJJ@Z      00407730 f utilstr.obj
 0001:00006890       ?FAppendRgch@STN@@QAEHPADJ@Z 00407890 f utilstr.obj
 0001:00006990       ?FInsertRgch@STN@@QAEHJPADJ@Z 00407990 f utilstr.obj
 0001:00006b40       ?FEqualRgch@STN@@QAEHPADJ@Z 00407b40 f utilstr.obj
 0001:00006be0       ?FEqualUserRgch@STN@@QAEHPADJK@Z 00407be0 f utilstr.obj
 0001:00006c70       ?CbData@STN@@QAEJXZ        00407c70 f utilstr.obj
 0001:00006cc0       ?GetData@STN@@QAEXPAX@Z    00407cc0 f utilstr.obj
 0001:00006d50       ?FWrite@STN@@QAEHPAVBLCK@@J@Z 00407d50 f utilstr.obj
 0001:00006eb0       ?FSetData@STN@@QAEHPAXJPAJ@Z 00407eb0 f utilstr.obj
 0001:00007370       ?FRead@STN@@QAEHPAVBLCK@@JPAJ@Z 00408370 f utilstr.obj
 0001:000079a0       ?GetSzs@STN@@QAEXPAD@Z     004089a0 f utilstr.obj
 0001:00007a10       ?FFormatSz@STN@@QAAHPADZZ  00408a10 f utilstr.obj
 0001:00007a70       ?FFormatRgch@STN@@QAEHPADJPAK@Z 00408a70 f utilstr.obj
 0001:000082d0       ?CbCharOsk@@YGJF@Z         004092d0 f utilstr.obj
 0001:00008360       ?FGetLw@STN@@QAEHPAJJ@Z    00409360 f utilstr.obj
 0001:00008630       ?Prgch@STN@@QAEPADXZ       00409630 f utilstr.obj
 0001:00008680       ?Psz@STN@@QAEPADXZ         00409680 f utilstr.obj
 0001:000086d0       ?FExpandControls@STN@@QAEHXZ 004096d0 f utilstr.obj
 0001:00008900       ?Cch@STN@@QAEJXZ           00409900 f utilstr.obj
 0001:00008950       ?SetNil@STN@@QAEXXZ        00409950 f utilstr.obj
 0001:000089b0       ?SetSz@STN@@QAEXPAD@Z      004099b0 f utilstr.obj
 0001:000089f0       ?AssertValid@STN@@QAEXK@Z  004099f0 f utilstr.obj
 0001:00008ae0       ?FValidSt@@YGHPAD@Z        00409ae0 f utilstr.obj
 0001:00008b90       ?PrgchSt@@YGPADPAD@Z       00409b90 f utilstr.obj
 0001:00008bb0       ?CchSt@@YGJPAD@Z           00409bb0 f utilstr.obj
 0001:00008be0       ?CchSz@@YGJPAD@Z           00409be0 f utilstr.obj
 0001:00008c80       ?FcmpCompareRgch@@YGKPADJ0J@Z 00409c80 f utilstr.obj
 0001:00008dc0       ?FEqualUserRgch@@YGHPADJ0JK@Z 00409dc0 f utilstr.obj
 0001:00008f30       ?FcmpCompareUserRgch@@YGKPADJ0JK@Z 00409f30 f utilstr.obj
 0001:00009040       ?UpperRgchs@@YGXPADJ@Z     0040a040 f utilstr.obj
 0001:00009100       ?LowerRgchs@@YGXPADJ@Z     0040a100 f utilstr.obj
 0001:000091c0       ?CchTranslateRgb@@YGJPAXJFPADJ@Z 0040a1c0 f utilstr.obj
 0001:00009370       ?TranslateRgch@@YGXPADJFH@Z 0040a370 f utilstr.obj
 0001:00009460       ?GrfchFromCh@@YGKD@Z       0040a460 f utilstr.obj
 0001:00009590       ?AssertOsk@@YGXF@Z         0040a590 f utilstr.obj
 0001:00009640       ?AssertSt@@YGXPAD@Z        0040a640 f utilstr.obj
 0001:00009690       ?AssertSz@@YGXPAD@Z        0040a690 f utilstr.obj
 0001:000096e0       ?FAllocHqDebug@@YGHPAPAXJKJPADJ@Z 0040a6e0 f memwin.obj
 0001:000097c0       ?FResizePhq@@YGHPAPAXJKJ@Z 0040a7c0 f memwin.obj
 0001:000098f0       ?FreePhq@@YGXPAPAX@Z       0040a8f0 f memwin.obj
 0001:000099a0       ?CbOfHq@@YGJPAX@Z          0040a9a0 f memwin.obj
 0001:000099e0       ?QvFromHq@@YGPAXPAX@Z      0040a9e0 f memwin.obj
 0001:00009a00       ?PvLockHq@@YGPAXPAX@Z      0040aa00 f memwin.obj
 0001:00009a80       ?UnlockHq@@YGXPAX@Z        0040aa80 f memwin.obj
 0001:00009b00       ?AssertHq@@YGXPAX@Z        0040ab00 f memwin.obj
 0001:00009bf0       ?MarkHq@@YGXPAX@Z          0040abf0 f memwin.obj
 0001:00009c30       ?AssertPvCb@@YGXPAXJ@Z     0040ac30 f memwin.obj
 0001:00009cc0       ?FWouldBe@APPB@@SGHJ@Z     0040acc0 f appb.obj
 0001:00009d00       ?FIs@APPB@@UAEHJ@Z         0040ad00 f appb.obj
 0001:00009d30       ?Cls@APPB@@UAEJXZ          0040ad30 f appb.obj
 0001:00009d60       ??0APPB@@QAE@XZ            0040ad60 f appb.obj
 0001:00009e20       ??1APPB@@UAE@XZ            0040ae20 f appb.obj
 0001:00009e60       ?Run@APPB@@UAEXKKJ@Z       0040ae60 f appb.obj
 0001:00009ee0       ?Quit@APPB@@UAEXH@Z        0040aee0 f appb.obj
 0001:00009f80       ?GetStnAppName@APPB@@UAEXPAVSTN@@@Z 0040af80 f appb.obj
 0001:0000a030       ?SetCurs@APPB@@UAEXPAVCURS@@H@Z 0040b030 f appb.obj
 0001:0000a190       ?SetCursCno@APPB@@UAEXPAVRCA@@KH@Z 0040b190 f appb.obj
 0001:0000a2b0       ?RefreshCurs@APPB@@UAEXXZ  0040b2b0 f appb.obj
 0001:0000a360       ?BeginLongOp@APPB@@UAEXXZ  0040b360 f appb.obj
 0001:0000a3d0       ?EndLongOp@APPB@@UAEXH@Z   0040b3d0 f appb.obj
 0001:0000a470       ?GrfcustCur@APPB@@UAEKH@Z  0040b470 f appb.obj
 0001:0000a540       ?ModifyGrfcust@APPB@@UAEXKK@Z 0040b540 f appb.obj
 0001:0000a5b0       ?HideCurs@APPB@@UAEXXZ     0040b5b0 f appb.obj
 0001:0000a600       ?ShowCurs@APPB@@UAEXXZ     0040b600 f appb.obj
 0001:0000a650       ?PositionCurs@APPB@@UAEXJJ@Z 0040b650 f appb.obj
 0001:0000a6b0       ?OnnDefVariable@APPB@@UAEJXZ 0040b6b0 f appb.obj
 0001:0000a770       ?OnnDefFixed@APPB@@UAEJXZ  0040b770 f appb.obj
 0001:0000a890       ?DypTextDef@APPB@@UAEJXZ   0040b890 f appb.obj
 0001:0000a8e0       ?FCmdQuit@APPB@@UAEHPAUCMD@@@Z 0040b8e0 f appb.obj
 0001:0000a950       ?FCmdShowClipboard@APPB@@UAEHPAUCMD@@@Z 0040b950 f appb.obj
 0001:0000a9c0       ?FCmdIdle@APPB@@UAEHPAUCMD@@@Z 0040b9c0 f appb.obj
 0001:0000ad00       ??0PT@@QAE@XZ              0040bd00 f appb.obj
 0001:0000ad20       ?_TakeDownToolTip@APPB@@IAEXXZ 0040bd20 f appb.obj
 0001:0000adf0       ?_EnsureToolTip@APPB@@IAEXXZ 0040bdf0 f appb.obj
 0001:0000af10       ?ResetToolTip@APPB@@UAEXXZ 0040bf10 f appb.obj
 0001:0000af70       ?FEnableAppCmd@APPB@@UAEHPAUCMD@@PAK@Z 0040bf70 f appb.obj
 0001:0000b0a0       ?FCmdChooseWnd@APPB@@UAEHPAUCMD@@@Z 0040c0a0 f appb.obj
 0001:0000b110       ?_FInit@APPB@@MAEHKKJ@Z    0040c110 f appb.obj
 0001:0000b280       ?_FInitSound@APPB@@MAEHJ@Z 0040c280 f appb.obj
 0001:0000b3a0       ?_FInitMenu@APPB@@MAEHXZ   0040c3a0 f appb.obj
 0001:0000b410       ?_Loop@APPB@@MAEXXZ        0040c410 f appb.obj
 0001:0000b560       ?_CleanUp@APPB@@MAEXXZ     0040c560 f appb.obj
 0001:0000b610       ?_Activate@APPB@@MAEXH@Z   0040c610 f appb.obj
 0001:0000b6b0       ?TopOfLoop@APPB@@UAEXXZ    0040c6b0 f appb.obj
 0001:0000b7a0       ?UpdateHwnd@APPB@@UAEXPAUHWND__@@PAVRC@@K@Z 0040c7a0 f appb.obj
 0001:0000b950       ?PcmhFromHid@APPB@@UAEPAVCMH@@J@Z 0040c950 f appb.obj
 0001:0000ba00       ?BuryCmh@APPB@@UAEXPAVCMH@@@Z 0040ca00 f appb.obj
 0001:0000bb80       ?MarkRc@APPB@@UAEXPAVRC@@PAVGOB@@@Z 0040cb80 f appb.obj
 0001:0000bc40       ??4STN@@QAEAAV0@PAD@Z      0040cc40 f appb.obj
 0001:0000bc70       ?MarkRegn@APPB@@UAEXPAVREGN@@PAVGOB@@@Z 0040cc70 f appb.obj
 0001:0000bd60       ?_MarkRegnRc@APPB@@IAEXPAVREGN@@PAVRC@@PAVGOB@@@Z 0040cd60 f appb.obj
 0001:0000c0e0       ??0RC@@QAE@XZ              0040d0e0 f appb.obj
 0001:0000c100       ?PtTopLeft@RC@@QAE?AVPT@@XZ 0040d100 f appb.obj
 0001:0000c140       ??0PT@@QAE@JJ@Z            0040d140 f appb.obj
 0001:0000c180       ?UnmarkRc@APPB@@UAEXPAVRC@@PAVGOB@@@Z 0040d180 f appb.obj
 0001:0000c240       ?UnmarkRegn@APPB@@UAEXPAVREGN@@PAVGOB@@@Z 0040d240 f appb.obj
 0001:0000c330       ?_UnmarkRegnRc@APPB@@IAEXPAVREGN@@PAVRC@@PAVGOB@@@Z 0040d330 f appb.obj
 0001:0000c5e0       ?IvMac@GRPB@@QAEJXZ        0040d5e0 f appb.obj
 0001:0000c610       ?FPush@GL@@QAEHPAX@Z       0040d610 f appb.obj
 0001:0000c650       ?FGetMarkedRc@APPB@@UAEHPAUHWND__@@PAVRC@@@Z 0040d650 f appb.obj
 0001:0000c760       ?InvalMarked@APPB@@UAEXPAUHWND__@@@Z 0040d760 f appb.obj
 0001:0000c8c0       ?UpdateMarked@APPB@@UAEXXZ 0040d8c0 f appb.obj
 0001:0000c990       ?_FastUpdate@APPB@@MAEXPAVGOB@@PAVREGN@@KPAVGPT@@@Z 0040d990 f appb.obj
 0001:0000cc50       ?SetGft@APPB@@UAEXJJKPAVGL@@VACR@@@Z 0040dc50 f appb.obj
 0001:0000cd90       ?_CopyPixels@APPB@@MAEXPAVGNV@@PAVRC@@01@Z 0040dd90 f appb.obj
 0001:0000d070       ?SwHigh@@YGFJ@Z            0040e070 f appb.obj
 0001:0000d090       ?SwLow@@YGFJ@Z             0040e090 f appb.obj
 0001:0000d0b0       ?_PgptEnsure@APPB@@MAEPAVGPT@@PAVRC@@@Z 0040e0b0 f appb.obj
 0001:0000d220       ?Set@RC@@QAEXJJJJ@Z        0040e220 f appb.obj
 0001:0000d270       ?TsCurrent@@YGKXZ          0040e270 f appb.obj
 0001:0000d290       ?_FFindProp@APPB@@IAEHJPAUPROP@1@PAJ@Z 0040e290 f appb.obj
 0001:0000d420       ?OnnSystem@NTL@@QAEJXZ     0040e420 f appb.obj
 0001:0000d450       ??0ACR@@QAE@XZ             0040e450 f appb.obj
 0001:0000d480       ?_FSetProp@APPB@@IAEHJJ@Z  0040e480 f appb.obj
 0001:0000d5c0       ?FSetProp@APPB@@UAEHJJ@Z   0040e5c0 f appb.obj
 0001:0000d920       ??0ACR@@QAE@EEE@Z          0040e920 f appb.obj
 0001:0000d960       ?LwFromBytes@@YGJEEEE@Z    0040e960 f appb.obj
 0001:0000d9a0       ??0ACR@@QAE@HH@Z           0040e9a0 f appb.obj
 0001:0000d9f0       ?FGetProp@APPB@@UAEHJPAJ@Z 0040e9f0 f appb.obj
 0001:0000db30       ?FImportClip@APPB@@UAEHJPAXJPAPAVDOCB@@PAH@Z 0040eb30 f appb.obj
 0001:0000dd70       ?FPushModal@APPB@@UAEHPAVCEX@@@Z 0040ed70 f appb.obj
 0001:0000df80       ?LuScale@USAC@@QAEKXZ      0040ef80 f appb.obj
 0001:0000dfb0       ?Pcmm@APPB@@MAEPAUCMM@CMH@@XZ 0040efb0 f appb.obj
 0001:0000dfe0       ?FModalLoop@APPB@@UAEHPAJ@Z 0040efe0 f appb.obj
 0001:0000e0d0       ?InvalHwndRcs@@YGXPAUHWND__@@PAUtagRECT@@@Z 0040f0d0 f appb.obj
 0001:0000e100       ?EndModal@APPB@@UAEXJ@Z    0040f100 f appb.obj
 0001:0000e170       ?PopModal@APPB@@UAEXXZ     0040f170 f appb.obj
 0001:0000e310       ?PgobScreen@GOB@@SGPAV1@XZ 0040f310 f appb.obj
 0001:0000e330       ?Hwnd@GOB@@QAEPAUHWND__@@XZ 0040f330 f appb.obj
 0001:0000e360       ?Pgpt@GOB@@QAEPAVGPT@@XZ   0040f360 f appb.obj
 0001:0000e390       ?FCmdEndModal@APPB@@UAEHPAUCMD@@@Z 0040f390 f appb.obj
 0001:0000e420       ?BadModalCmd@APPB@@UAEXPAUCMD@@@Z 0040f420 f appb.obj
 0001:0000e560       ?TQuerySaveDoc@APPB@@UAEHPAVDOCB@@H@Z 0040f560 f appb.obj
 0001:0000e620       ?FAllowScreenSaver@APPB@@UAEHXZ 0040f620 f appb.obj
 0001:0000e670       ?AssertValid@APPB@@QAEXK@Z 0040f670 f appb.obj
 0001:0000e830       ?MarkMem@APPB@@UAEXXZ      0040f830 f appb.obj
 0001:0000ead0       ?FAssertProc@@YGHPADJ0PAXJ@Z 0040fad0 f appb.obj
 0001:0000eb20       ?WarnProc@@YGXPADJ0@Z      0040fb20 f appb.obj
 0001:0000eb90       ?WarnProcApp@APPB@@UAEXPADJ0@Z 0040fb90 f appb.obj
 0001:0000edb0       ?FWriteRgbSeq@FIL@@QAEHPAXJPAJ@Z 0040fdb0 f appb.obj
 0001:0000ee80       ??_GAPPB@@UAEPAXI@Z        0040fe80 f appb.obj
 0001:0000ee80       ??_EAPPB@@UAEPAXI@Z        0040fe80 f appb.obj
 0001:0000eec0       ??1GTE@@UAE@XZ             0040fec0 f appb.obj
 0001:0000eef0       ??1FNI@@UAE@XZ             0040fef0 f appb.obj
 0001:0000ef20       ??_9@$BMA@A                0040ff20 f appb.obj
 0001:0000ef30       ??_9@$BBCE@A               0040ff30 f appb.obj
 0001:0000ef40       ??_9@$BME@A                0040ff40 f appb.obj
 0001:0000ef50       ??_9@$BMI@A                0040ff50 f appb.obj
 0001:0000ef60       ??_9@$BMM@A                0040ff60 f appb.obj
 0001:0000ef70       ??_9@$BNA@A                0040ff70 f appb.obj
 0001:0000efa0       ?PclokFromHid@CLOK@@SGPAV1@J@Z 0040ffa0 f clok.obj
 0001:0000f050       ?BuryCmh@CLOK@@SGXPAVCMH@@@Z 00410050 f clok.obj
 0001:0000f0a0       ?RemoveCmh@CLOK@@QAEXPAVCMH@@@Z 004100a0 f clok.obj
 0001:0000f180       ?AssertValid@CLOK@@QAEXK@Z 00410180 f clok.obj
 0001:0000f270       ?MarkAllCloks@CLOK@@SGXXZ  00410270 f clok.obj
 0001:0000f340       ??_9@$BCI@A                00410340 f clok.obj
 0001:0000f460       ?Hid@CMH@@QAEJXZ           00410460 f clok.obj
 0001:0000f490       ?FWouldBe@CMH@@SGHJ@Z      00410490 f cmd.obj
 0001:0000f4d0       ?FIs@CMH@@UAEHJ@Z          004104d0 f cmd.obj
 0001:0000f500       ?Cls@CMH@@UAEJXZ           00410500 f cmd.obj
 0001:0000f530       ?FWouldBe@CEX@@SGHJ@Z      00410530 f cmd.obj
 0001:0000f570       ?FIs@CEX@@UAEHJ@Z          00410570 f cmd.obj
 0001:0000f5a0       ?Cls@CEX@@UAEJXZ           004105a0 f cmd.obj
 0001:0000f5d0       ?AssertValid@CMD@@QAEXK@Z  004105d0 f cmd.obj
 0001:0000f670       ?HidUnique@CMH@@SGJJ@Z     00410670 f cmd.obj
 0001:0000f730       ??0CMH@@QAE@J@Z            00410730 f cmd.obj
 0001:0000f7d0       ??1CMH@@UAE@XZ             004107d0 f cmd.obj
 0001:0000f850       ?AssertValid@CMH@@QAEXK@Z  00410850 f cmd.obj
 0001:0000f8b0       ?_FGetCmme@CMH@@MAEHJKPAUCMME@1@@Z 004108b0 f cmd.obj
 0001:0000fa50       ?FDoCmd@CMH@@UAEHPAUCMD@@@Z 00410a50 f cmd.obj
 0001:0000fb70       ?FEnableCmd@CMH@@UAEHPAUCMD@@PAK@Z 00410b70 f cmd.obj
 0001:0000fce0       ??0CEX@@IAE@XZ             00410ce0 f cmd.obj
 0001:0000fd40       ??1CEX@@UAE@XZ             00410d40 f cmd.obj
 0001:0000fee0       ?PcexNew@CEX@@SGPAV1@JJ@Z  00410ee0 f cmd.obj
 0001:0000ffe0       ?_FInit@CEX@@MAEHJJ@Z      00410fe0 f cmd.obj
 0001:000100c0       ?StopRecording@CEX@@QAEXXZ 004110c0 f cmd.obj
 0001:00010300       ?RecordCmd@CEX@@QAEXPAUCMD@@@Z 00411300 f cmd.obj
 0001:00010640       ?StopPlaying@CEX@@QAEXXZ   00411640 f cmd.obj
 0001:00010760       ?_FReadCmd@CEX@@IAEHPAUCMD@@@Z 00411760 f cmd.obj
 0001:00010ae0       ?_FCmhOk@CEX@@MAEHPAVCMH@@@Z 00411ae0 f cmd.obj
 0001:00010bb0       ?FAddCmh@CEX@@UAEHPAVCMH@@JK@Z 00411bb0 f cmd.obj
 0001:00010d10       ?RemoveCmh@CEX@@UAEXPAVCMH@@J@Z 00411d10 f cmd.obj
 0001:00010e60       ?BuryCmh@CEX@@UAEXPAVCMH@@@Z 00411e60 f cmd.obj
 0001:00011060       ?_FFindCmhl@CEX@@MAEHJPAJ@Z 00412060 f cmd.obj
 0001:00011160       ?EnqueueCid@CEX@@UAEXJPAVCMH@@PAVGG@@JJJJ@Z 00412160 f cmd.obj
 0001:00011250       ?PushCid@CEX@@UAEXJPAVCMH@@PAVGG@@JJJJ@Z 00412250 f cmd.obj
 0001:00011340       ?EnqueueCmd@CEX@@UAEXPAUCMD@@@Z 00412340 f cmd.obj
 0001:000114c0       ?PushCmd@CEX@@UAEXPAUCMD@@@Z 004124c0 f cmd.obj
 0001:00011640       ?FCidIn@CEX@@UAEHJ@Z       00412640 f cmd.obj
 0001:00011710       ?FlushCid@CEX@@UAEXJ@Z     00412710 f cmd.obj
 0001:00011810       ?FEnqueue@GL@@QAEHPAX@Z    00412810 f cmd.obj
 0001:00011840       ?_TGetNextCmd@CEX@@MAEHXZ  00412840 f cmd.obj
 0001:00011b20       ?SetTemp@CFL@@QAEXH@Z      00412b20 f cmd.obj
 0001:00011b50       ?_FSendCmd@CEX@@MAEHPAVCMH@@@Z 00412b50 f cmd.obj
 0001:00011c00       ?_CleanUpCmd@CEX@@MAEXXZ   00412c00 f cmd.obj
 0001:00011d30       ?FDispatchNextCmd@CEX@@UAEHXZ 00412d30 f cmd.obj
 0001:00011f60       ?_FEnableCmd@CEX@@MAEHPAVCMH@@PAUCMD@@PAK@Z 00412f60 f cmd.obj
 0001:00012080       ?GrfedsForCmd@CEX@@UAEHPAUCMD@@@Z 00413080 f cmd.obj
 0001:000122d0       ?GrfedsForCid@CEX@@UAEHJPAVCMH@@PAVGG@@JJJJ@Z 004132d0 f cmd.obj
 0001:000123f0       ?FGetNextKey@CEX@@UAEHPAUCMD@@@Z 004133f0 f cmd.obj
 0001:00012520       ?TrackMouse@CEX@@UAEXPAVGOB@@@Z 00413520 f cmd.obj
 0001:00012620       ?EndMouseTracking@CEX@@UAEXXZ 00413620 f cmd.obj
 0001:000126b0       ?PgobTracking@CEX@@UAEPAVGOB@@XZ 004136b0 f cmd.obj
 0001:00012700       ?Suspend@CEX@@UAEXH@Z      00413700 f cmd.obj
 0001:000128d0       ?SetModalGob@CEX@@UAEXPAVGOB@@@Z 004138d0 f cmd.obj
 0001:00012960       ?AssertValid@CEX@@QAEXK@Z  00413960 f cmd.obj
 0001:00012b00       ?MarkMem@CEX@@UAEXXZ       00413b00 f cmd.obj
 0001:00012c40       ?Pcmm@CMH@@MAEPAUCMM@1@XZ  00413c40 f cmd.obj
 0001:00012c70       ?FForeground@APPB@@QAEHXZ  00413c70 f cmd.obj
 0001:00012ca0       ?PgobPar@GOB@@QAEPAV1@XZ   00413ca0 f cmd.obj
 0001:00012cd0       ??_ECMH@@UAEPAXI@Z         00413cd0 f cmd.obj
 0001:00012cd0       ??_GCMH@@UAEPAXI@Z         00413cd0 f cmd.obj
 0001:00012d10       ??_ECEX@@UAEPAXI@Z         00413d10 f cmd.obj
 0001:00012d10       ??_GCEX@@UAEPAXI@Z         00413d10 f cmd.obj
 0001:00012d50       ?FWouldBe@CURS@@SGHJ@Z     00413d50 f cursor.obj
 0001:00012d90       ?FIs@CURS@@UAEHJ@Z         00413d90 f cursor.obj
 0001:00012dc0       ?Cls@CURS@@UAEJXZ          00413dc0 f cursor.obj
 0001:00012df0       ??1CURS@@MAE@XZ            00413df0 f cursor.obj
 0001:00012e40       ?FReadCurs@CURS@@SGHPAVCRF@@KKPAVBLCK@@PAPAVBACO@@PAJ@Z 00413e40 f cursor.obj
 0001:00013290       ?Set@CURS@@QAEXXZ          00414290 f cursor.obj
 0001:000132e0       ??_GCURS@@MAEPAXI@Z        004142e0 f cursor.obj
 0001:000132e0       ??_ECURS@@MAEPAXI@Z        004142e0 f cursor.obj
 0001:00013430       ??0CURS@@IAE@XZ            00414430 f cursor.obj
 0001:00013490       ?FWouldBe@GNV@@SGHJ@Z      00414490 f gfx.obj
 0001:000134d0       ?FIs@GNV@@UAEHJ@Z          004144d0 f gfx.obj
 0001:00013500       ?Cls@GNV@@UAEJXZ           00414500 f gfx.obj
 0001:00013530       ?FWouldBe@GPT@@SGHJ@Z      00414530 f gfx.obj
 0001:00013570       ?FIs@GPT@@UAEHJ@Z          00414570 f gfx.obj
 0001:000135a0       ?Cls@GPT@@UAEJXZ           004145a0 f gfx.obj
 0001:000135d0       ?FWouldBe@NTL@@SGHJ@Z      004145d0 f gfx.obj
 0001:00013610       ?FIs@NTL@@UAEHJ@Z          00414610 f gfx.obj
 0001:00013640       ?Cls@NTL@@UAEJXZ           00414640 f gfx.obj
 0001:00013670       ?SetFromLw@ACR@@QAEXJ@Z    00414670 f gfx.obj
 0001:000136c0       ?LwGet@ACR@@QBEJXZ         004146c0 f gfx.obj
 0001:000136f0       ?GetClr@ACR@@QAEXPAUCLR@@@Z 004146f0 f gfx.obj
 0001:00013780       ?AssertValid@ACR@@QAEXK@Z  00414780 f gfx.obj
 0001:000139d0       ?MoveOrigin@APT@@QAEXJJ@Z  004149d0 f gfx.obj
 0001:00013a80       ??0GNV@@QAE@PAVGPT@@@Z     00414a80 f gfx.obj
 0001:00013b70       ?B0Lw@@YGEJ@Z              00414b70 f gfx.obj
 0001:00013b90       ?B1Lw@@YGEJ@Z              00414b90 f gfx.obj
 0001:00013bb0       ?B2Lw@@YGEJ@Z              00414bb0 f gfx.obj
 0001:00013bd0       ?B3Lw@@YGEJ@Z              00414bd0 f gfx.obj
 0001:00013bf0       ??0GNV@@QAE@PAVGOB@@@Z     00414bf0 f gfx.obj
 0001:00013cf0       ??0GNV@@QAE@PAVGOB@@PAVGPT@@@Z 00414cf0 f gfx.obj
 0001:00013e50       ??1GNV@@UAE@XZ             00414e50 f gfx.obj
 0001:00013ee0       ?_Init@GNV@@AAEXPAVGPT@@@Z 00414ee0 f gfx.obj
 0001:00013ff0       ?SetGobRc@GNV@@QAEXPAVGOB@@@Z 00414ff0 f gfx.obj
 0001:00014070       ?AssertValid@GNV@@QAEXK@Z  00415070 f gfx.obj
 0001:00014230       ?Max@RC@@QAEXXZ            00415230 f gfx.obj
 0001:00014290       ?MarkMem@GNV@@UAEXXZ       00415290 f gfx.obj
 0001:000142e0       ?FillRcApt@GNV@@QAEXPAVRC@@PAUAPT@@VACR@@2@Z 004152e0 f gfx.obj
 0001:00014470       ?FillRc@GNV@@QAEXPAVRC@@VACR@@@Z 00415470 f gfx.obj
 0001:00014560       ?FrameRcApt@GNV@@QAEXPAVRC@@PAUAPT@@VACR@@2@Z 00415560 f gfx.obj
 0001:00014710       ?FrameRc@GNV@@QAEXPAVRC@@VACR@@@Z 00415710 f gfx.obj
 0001:00014820       ?HiliteRc@GNV@@QAEXPAVRC@@VACR@@@Z 00415820 f gfx.obj
 0001:000148b0       ?Unlock@GRPB@@QAEXXZ       004158b0 f gfx.obj
 0001:000148f0       ?ScrollRc@GNV@@QAEXPAVRC@@JJ00@Z 004158f0 f gfx.obj
 0001:00014a20       ?GetBadRcForScroll@GNV@@SGXPAVRC@@JJ00@Z 00415a20 f gfx.obj
 0001:00014b90       ?GetRcSrc@GNV@@QAEXPAVRC@@@Z 00415b90 f gfx.obj
 0001:00014c10       ?SetRcSrc@GNV@@QAEXPAVRC@@@Z 00415c10 f gfx.obj
 0001:00014ce0       ?SetRcDst@GNV@@QAEXPAVRC@@@Z 00415ce0 f gfx.obj
 0001:00014e60       ?SetRcVis@GNV@@QAEXPAVRC@@@Z 00415e60 f gfx.obj
 0001:00014f80       ?ClipRc@GNV@@QAEXPAVRC@@@Z 00415f80 f gfx.obj
 0001:000150c0       ?SetPenSize@GNV@@QAEXJJ@Z  004160c0 f gfx.obj
 0001:00015180       ?SetFont@GNV@@QAEXJKJJJ@Z  00416180 f gfx.obj
 0001:00015350       ?SetOnn@GNV@@QAEXJ@Z       00416350 f gfx.obj
 0001:000153d0       ?DrawRgch@GNV@@QAEXPADJJJVACR@@1@Z 004163d0 f gfx.obj
 0001:00015540       ?DrawStn@GNV@@QAEXPAVSTN@@JJVACR@@1@Z 00416540 f gfx.obj
 0001:000156c0       ?GetRcFromRgch@GNV@@QAEXPAVRC@@PADJJJ@Z 004166c0 f gfx.obj
 0001:00015790       ?CopyPixels@GNV@@QAEXPAV1@PAVRC@@1@Z 00416790 f gfx.obj
 0001:000158a0       ?_FInitPaletteTrans@GNV@@AAEHPAVGL@@PAPAV2@1J@Z 004168a0 f gfx.obj
 0001:00015a40       ?_PaletteTrans@GNV@@AAEXPAVGL@@0JJ0PAUCLR@@@Z 00416a40 f gfx.obj
 0001:00015c50       ?_FEnsureTempGnv@GNV@@AAEHPAPAV1@PAVRC@@@Z 00416c50 f gfx.obj
 0001:00015d50       ?Wipe@GNV@@QAEXJVACR@@PAV1@PAVRC@@2KPAVGL@@@Z 00416d50 f gfx.obj
 0001:000161d0       ??8ACR@@QBEHABV0@@Z        004171d0 f gfx.obj
 0001:00016210       ?Slide@GNV@@QAEXJVACR@@PAV1@PAVRC@@2KPAVGL@@@Z 00417210 f gfx.obj
 0001:00016780       ?Dissolve@GNV@@QAEXJJVACR@@PAV1@PAVRC@@2KPAVGL@@@Z 00417780 f gfx.obj
 0001:00017170       ??9ACR@@QBEHABV0@@Z        00418170 f gfx.obj
 0001:000171b0       ?Pgpt@GNV@@QAEPAVGPT@@XZ   004181b0 f gfx.obj
 0001:000171e0       ?_LwNextDissolve@@YGJJ@Z   004181e0 f gfx.obj
 0001:00017260       ?Fade@GNV@@QAEXJVACR@@PAV1@PAVRC@@2KPAVGL@@@Z 00418260 f gfx.obj
 0001:000175b0       ?Iris@GNV@@QAEXJJJVACR@@PAV1@PAVRC@@2KPAVGL@@@Z 004185b0 f gfx.obj
 0001:00017bf0       ??YPT@@QAEAAV0@AAV0@@Z     00418bf0 f gfx.obj
 0001:00017c30       ?DrawMbmp@GNV@@QAEXPAVMBMP@@PAVRC@@@Z 00418c30 f gfx.obj
 0001:00017d20       ?_FMapRcRcs@GNV@@AAEHPAVRC@@PAUtagRECT@@@Z 00418d20 f gfx.obj
 0001:00017e10       ?_MapPtPts@GNV@@AAEXJJPAUtagPOINT@@@Z 00418e10 f gfx.obj
 0001:00017eb0       ?ClipToRegn@GPT@@QAEXPAPAVREGN@@@Z 00418eb0 f gfx.obj
 0001:00017fa0       ?SetPtBase@GPT@@QAEXPAVPT@@@Z 00418fa0 f gfx.obj
 0001:00018010       ?GetPtBase@GPT@@QAEXPAVPT@@@Z 00419010 f gfx.obj
 0001:00018080       ?MarkMem@GPT@@UAEXXZ       00419080 f gfx.obj
 0001:000180d0       ?AssertValid@DSF@@QAEXK@Z  004190d0 f gfx.obj
 0001:00018180       ?FInitGfx@@YGHXZ           00419180 f gfx.obj
 0001:000181a0       ??0NTL@@QAE@XZ             004191a0 f gfx.obj
 0001:000181e0       ??1NTL@@UAE@XZ             004191e0 f gfx.obj
 0001:00018240       ?AssertValid@NTL@@QAEXK@Z  00419240 f gfx.obj
 0001:000182d0       ?MarkMem@NTL@@UAEXXZ       004192d0 f gfx.obj
 0001:00018320       ?FValidOnn@NTL@@QAEHJ@Z    00419320 f gfx.obj
 0001:00018380       ?IstnMac@GSTB@@QAEJXZ      00419380 f gfx.obj
 0001:000183b0       ?GetStn@NTL@@QAEXJPAVSTN@@@Z 004193b0 f gfx.obj
 0001:00018470       ?FGetOnn@NTL@@QAEHPAVSTN@@PAJ@Z 00419470 f gfx.obj
 0001:00018530       ?OnnMapStn@NTL@@QAEJPAVSTN@@F@Z 00419530 f gfx.obj
 0001:00018600       ?OnnMac@NTL@@QAEJXZ        00419600 f gfx.obj
 0001:00018650       ??8PT@@QAEHAAV0@@Z         00419650 f gfx.obj
 0001:000186a0       ?DoubleStretch@@YGXPAEJJPAVRC@@0JJJJ1PAVREGN@@@Z 004196a0 f gfx.obj
 0001:00018b70       ??0RC@@QAE@JJJJ@Z          00419b70 f gfx.obj
 0001:00018bc0       ?ScanNext@REGSC@@QAEXJ@Z   00419bc0 f gfx.obj
 0001:00018c30       ?XpFetch@REGSC@@QAEJXZ     00419c30 f gfx.obj
 0001:00018d60       ?XpCur@REGSC@@QAEJXZ       00419d60 f gfx.obj
 0001:00018d90       ?DypCur@REGSC@@QAEJXZ      00419d90 f gfx.obj
 0001:00018dc0       ?DoubleVertStretch@@YGXPAEJJPAVRC@@0JJJJ1PAVREGN@@@Z 00419dc0 f gfx.obj
 0001:000192a0       ??_EGNV@@UAEPAXI@Z         0041a2a0 f gfx.obj
 0001:000192a0       ??_GGNV@@UAEPAXI@Z         0041a2a0 f gfx.obj
 0001:000192e0       ??0GDD@@QAE@XZ             0041a2e0 f gfx.obj
 0001:00019320       ??_ENTL@@UAEPAXI@Z         0041a320 f gfx.obj
 0001:00019320       ??_GNTL@@UAEPAXI@Z         0041a320 f gfx.obj
 0001:00019360       ??1GL@@UAE@XZ              0041a360 f gfx.obj
 0001:00019390       ??1GLB@@UAE@XZ             0041a390 f gfx.obj
 0001:000193c0       ?FWouldBe@GOB@@SGHJ@Z      0041a3c0 f gob.obj
 0001:00019400       ?FIs@GOB@@UAEHJ@Z          0041a400 f gob.obj
 0001:00019430       ?Cls@GOB@@UAEJXZ           0041a430 f gob.obj
 0001:00019460       ?FWouldBe@GTE@@SGHJ@Z      0041a460 f gob.obj
 0001:000194a0       ?FIs@GTE@@UAEHJ@Z          0041a4a0 f gob.obj
 0001:000194d0       ?Cls@GTE@@UAEJXZ           0041a4d0 f gob.obj
 0001:00019500       ?Set@GCB@@QAEXJPAVGOB@@KJPAVRC@@1@Z 0041a500 f gob.obj
 0001:00019620       ?ShutDown@GOB@@SGXXZ       0041a620 f gob.obj
 0001:00019660       ??0GOB@@QAE@PAUGCB@@@Z     0041a660 f gob.obj
 0001:000196e0       ?_Init@GOB@@IAEXPAUGCB@@@Z 0041a6e0 f gob.obj
 0001:00019980       ??0GOB@@QAE@J@Z            0041a980 f gob.obj
 0001:00019a10       ?Release@GOB@@UAEXXZ       0041aa10 f gob.obj
 0001:00019b10       ??1GOB@@MAE@XZ             0041ab10 f gob.obj
 0001:00019d10       ?ActivateHwnd@GOB@@SGXPAUHWND__@@H@Z 0041ad10 f gob.obj
 0001:00019dc0       ?BringToFront@GOB@@QAEXXZ  0041adc0 f gob.obj
 0001:00019e10       ?SendBehind@GOB@@QAEXPAV1@@Z 0041ae10 f gob.obj
 0001:0001a060       ?InvalRc@GOB@@QAEXPAVRC@@J@Z 0041b060 f gob.obj
 0001:0001a270       ?ValidRc@GOB@@QAEXPAVRC@@J@Z 0041b270 f gob.obj
 0001:0001a400       ?FGetRcInval@GOB@@QAEHPAVRC@@J@Z 0041b400 f gob.obj
 0001:0001a600       ?Offset@PT@@QAEXJJ@Z       0041b600 f gob.obj
 0001:0001a630       ??0RC@@QAE@AAUtagRECT@@@Z  0041b630 f gob.obj
 0001:0001a660       ?Scroll@GOB@@QAEXPAVRC@@JJJ00@Z 0041b660 f gob.obj
 0001:0001abe0       ?DrawTree@GOB@@UAEXPAVGPT@@PAVRC@@1K@Z 0041bbe0 f gob.obj
 0001:0001b100       ??HRC@@QAE?AV0@AAVPT@@@Z   0041c100 f gob.obj
 0001:0001b160       ??GRC@@QAE?AV0@AAVPT@@@Z   0041c160 f gob.obj
 0001:0001b1c0       ?DrawTreeRgn@GOB@@UAEXPAVGPT@@PAVRC@@PAVREGN@@K@Z 0041c1c0 f gob.obj
 0001:0001b850       ?Draw@GOB@@UAEXPAVGNV@@PAVRC@@@Z 0041c850 f gob.obj
 0001:0001b8a0       ?Maximize@GOB@@UAEXXZ      0041c8a0 f gob.obj
 0001:0001b930       ?SetPos@GOB@@QAEXPAVRC@@0@Z 0041c930 f gob.obj
 0001:0001ba10       ?GetPos@GOB@@QAEXPAVRC@@0@Z 0041ca10 f gob.obj
 0001:0001bac0       ?SetRcFromHwnd@GOB@@QAEXXZ 0041cac0 f gob.obj
 0001:0001bb50       ?GetRc@GOB@@QAEXPAVRC@@J@Z 0041cb50 f gob.obj
 0001:0001bc00       ?GetRcVis@GOB@@QAEXPAVRC@@J@Z 0041cc00 f gob.obj
 0001:0001bcb0       ?_HwndGetRc@GOB@@IAEPAUHWND__@@PAVRC@@@Z 0041ccb0 f gob.obj
 0001:0001bd30       ?HwndContainer@GOB@@QAEPAUHWND__@@XZ 0041cd30 f gob.obj
 0001:0001bdb0       ?MapPt@GOB@@QAEXPAVPT@@JJ@Z 0041cdb0 f gob.obj
 0001:0001be60       ?_HwndGetDptFromCoo@GOB@@AAEPAUHWND__@@PAVPT@@J@Z 0041ce60 f gob.obj
 0001:0001c060       ??0PT@@QAE@AAUtagPOINT@@@Z 0041d060 f gob.obj
 0001:0001c090       ?GetMinMax@GOB@@UAEXPAVRC@@@Z 0041d090 f gob.obj
 0001:0001c0e0       ?PgobFromPtGlobal@GOB@@SGPAV1@JJPAVPT@@@Z 0041d0e0 f gob.obj
 0001:0001c190       ?PgobFromPt@GOB@@UAEPAV1@JJPAVPT@@@Z 0041d190 f gob.obj
 0001:0001c2a0       ?FPtIn@GOB@@UAEHJJ@Z       0041d2a0 f gob.obj
 0001:0001c330       ?FPtInBounds@GOB@@UAEHJJ@Z 0041d330 f gob.obj
 0001:0001c3c0       ?MouseDown@GOB@@UAEXJJJK@Z 0041d3c0 f gob.obj
 0001:0001c4d0       ?_SetRcCur@GOB@@AAEXXZ     0041d4d0 f gob.obj
 0001:0001c6f0       ?PgobPrevSib@GOB@@QAEPAV1@XZ 0041d6f0 f gob.obj
 0001:0001c7f0       ?PgobLastChild@GOB@@QAEPAV1@XZ 0041d7f0 f gob.obj
 0001:0001c890       ?FCreateAndAttachMdi@GOB@@QAEHPAVSTN@@@Z 0041d890 f gob.obj
 0001:0001c9b0       ?PgobFromCls@GOB@@QAEPAV1@J@Z 0041d9b0 f gob.obj
 0001:0001ca70       ?PgobParFromCls@GOB@@QAEPAV1@J@Z 0041da70 f gob.obj
 0001:0001cb00       ?PgobFromHidScr@GOB@@SGPAV1@J@Z 0041db00 f gob.obj
 0001:0001cb70       ?PgobFromHid@GOB@@QAEPAV1@J@Z 0041db70 f gob.obj
 0001:0001cd40       ?FCmdCloseWnd@GOB@@UAEHPAUCMD@@@Z 0041dd40 f gob.obj
 0001:0001cda0       ?FCmdTrackMouse@GOB@@UAEHPAUCMD_MOUSE@@@Z 0041dda0 f gob.obj
 0001:0001cdf0       ?FCmdKey@GOB@@UAEHPAUCMD_KEY@@@Z 0041ddf0 f gob.obj
 0001:0001ce20       ?FCmdBadKey@GOB@@UAEHPAUCMD_BADKEY@@@Z 0041de20 f gob.obj
 0001:0001ce50       ?FCmdSelIdle@GOB@@UAEHPAUCMD@@@Z 0041de50 f gob.obj
 0001:0001ceb0       ?FCmdActivateSel@GOB@@UAEHPAUCMD@@@Z 0041deb0 f gob.obj
 0001:0001cf10       ?FCmdMouseMove@GOB@@UAEHPAUCMD_MOUSE@@@Z 0041df10 f gob.obj
 0001:0001cf90       ?ZpDragRc@GOB@@UAEJPAVRC@@HJJJJJ@Z 0041df90 f gob.obj
 0001:0001d4e0       ??ZPT@@QAEAAV0@AAV0@@Z     0041e4e0 f gob.obj
 0001:0001d520       ??YRC@@QAEAAV0@AAVPT@@@Z   0041e520 f gob.obj
 0001:0001d570       ?ValidHwndRcs@@YGXPAUHWND__@@PAUtagRECT@@@Z 0041e570 f gob.obj
 0001:0001d590       ??0GCB@@QAE@JPAVGOB@@KJPAVRC@@1@Z 0041e590 f gob.obj
 0001:0001d5f0       ?Pcmm@GOB@@MAEPAUCMM@CMH@@XZ 0041e5f0 f gob.obj
 0001:0001d620       ?_NewRc@GOB@@MAEXXZ        0041e620 f gob.obj
 0001:0001d640       ?_ActivateHwnd@GOB@@MAEXH@Z 0041e640 f gob.obj
 0001:0001d660       ?FCmdTrackMouseCore@GOB@@QAEHPAUCMD@@@Z 0041e660 f gob.obj
 0001:0001d690       ?FCmdMouseMoveCore@GOB@@QAEHPAUCMD@@@Z 0041e690 f gob.obj
 0001:0001d6c0       ?FCmdKeyCore@GOB@@QAEHPAUCMD@@@Z 0041e6c0 f gob.obj
 0001:0001d6f0       ?FCmdBadKeyCore@GOB@@QAEHPAUCMD@@@Z 0041e6f0 f gob.obj
 0001:0001d720       ?Ppglrtvm@GOB@@UAEPAPAVGL@@XZ 0041e720 f gob.obj
 0001:0001d770       ?FEnsureToolTip@GOB@@UAEHPAPAV1@JJ@Z 0041e770 f gob.obj
 0001:0001d800       ?LwState@GOB@@UAEJXZ       0041e800 f gob.obj
 0001:0001d850       ?AssertValid@GOB@@QAEXK@Z  0041e850 f gob.obj
 0001:0001d940       ?MarkMem@GOB@@UAEXXZ       0041e940 f gob.obj
 0001:0001d9b0       ?MarkGobTree@GOB@@QAEXXZ   0041e9b0 f gob.obj
 0001:0001da20       ??0GTE@@QAE@XZ             0041ea20 f gob.obj
 0001:0001da60       ?Init@GTE@@QAEXPAVGOB@@K@Z 0041ea60 f gob.obj
 0001:0001dae0       ?FNextGob@GTE@@QAEHPAPAVGOB@@PAKK@Z 0041eae0 f gob.obj
 0001:0001dce0       ??_GGOB@@MAEPAXI@Z         0041ece0 f gob.obj
 0001:0001dce0       ??_EGOB@@MAEPAXI@Z         0041ece0 f gob.obj
 0001:0001dd20       ??_GGTE@@UAEPAXI@Z         0041ed20 f gob.obj
 0001:0001dd20       ??_EGTE@@UAEPAXI@Z         0041ed20 f gob.obj
 0001:0001dd60       ??_9@$BGA@A                0041ed60 f gob.obj
 0001:0001dd70       ??_9@$BHE@A                0041ed70 f gob.obj
 0001:0001dd80       ??_9@$BHI@A                0041ed80 f gob.obj
 0001:0001dd90       ?Draw@MBMP@@QAEXPAEJJJJPAVRC@@PAVREGN@@@Z 0041ed90 f mbmpgui.obj
 0001:0001e250       ?DrawMask@MBMP@@QAEXPAEJJJJPAVRC@@@Z 0041f250 f mbmpgui.obj
 0001:0001e6e0       ?_Qrgcb@MBMP@@IAEPAFXZ     0041f6e0 f mbmpgui.obj
 0001:0001e720       ?_Qmbmph@MBMP@@IAEPAUMBMPH@1@XZ 0041f720 f mbmpgui.obj
 0001:0001e860       ?FWouldBe@REGN@@SGHJ@Z     0041f860 f region.obj
 0001:0001e8a0       ?FIs@REGN@@UAEHJ@Z         0041f8a0 f region.obj
 0001:0001e8d0       ?Cls@REGN@@UAEJXZ          0041f8d0 f region.obj
 0001:0001e900       ?FWouldBe@REGSC@@SGHJ@Z    0041f900 f region.obj
 0001:0001e940       ?FIs@REGSC@@UAEHJ@Z        0041f940 f region.obj
 0001:0001e970       ?Cls@REGSC@@UAEJXZ         0041f970 f region.obj
 0001:0001e9a0       ?FInit@REGBL@@QAEHPAVRC@@PAVGL@@@Z 0041f9a0 f region.obj
 0001:0001eb70       ?FStartRow@REGBL@@QAEHJJ@Z 0041fb70 f region.obj
 0001:0001ed80       ?EndRow@REGBL@@QAEXXZ      0041fd80 f region.obj
 0001:0001ef70       ?PglxpFree@REGBL@@QAEPAVGL@@PAVRC@@PAJ@Z 0041ff70 f region.obj
 0001:0001f1d0       ??0REGSC@@QAE@XZ           004201d0 f region.obj
 0001:0001f210       ??1REGSC@@UAE@XZ           00420210 f region.obj
 0001:0001f250       ?Free@REGSC@@QAEXXZ        00420250 f region.obj
 0001:0001f2c0       ?Init@REGSC@@QAEXPAVREGN@@PAVRC@@@Z 004202c0 f region.obj
 0001:0001f330       ?InitRc@REGSC@@QAEXPAVRC@@0@Z 00420330 f region.obj
 0001:0001f370       ?_InitCore@REGSC@@IAEXPAVGL@@PAVRC@@1@Z 00420370 f region.obj
 0001:0001f4d0       ?_ScanNextCore@REGSC@@IAEXXZ 004204d0 f region.obj
 0001:0001f9d0       ?PregnNew@REGN@@SGPAV1@PAVRC@@@Z 004209d0 f region.obj
 0001:0001fac0       ??1REGN@@UAE@XZ            00420ac0 f region.obj
 0001:0001fb30       ?SetRc@REGN@@QAEXPAVRC@@@Z 00420b30 f region.obj
 0001:0001fc30       ?Offset@REGN@@QAEXJJ@Z     00420c30 f region.obj
 0001:0001fca0       ?FEmpty@REGN@@QAEHPAVRC@@@Z 00420ca0 f region.obj
 0001:0001fd30       ?FIsRc@REGN@@QAEHPAVRC@@@Z 00420d30 f region.obj
 0001:0001fdc0       ??0REGBL@@QAE@XZ           00420dc0 f region.obj
 0001:0001fe20       ??1REGBL@@UAE@XZ           00420e20 f region.obj
 0001:0001fe80       ?AddXp@REGBL@@QAEXJ@Z      00420e80 f region.obj
 0001:0001ffa0       ?FDone@REGBL@@QAEHXZ       00420fa0 f region.obj
 0001:00020010       ?FUnion@REGN@@QAEHPAV1@0@Z 00421010 f region.obj
 0001:00020250       ?FUnionRc@REGN@@QAEHPAVRC@@PAV1@@Z 00421250 f region.obj
 0001:00020460       ?_FUnionCore@REGN@@IAEHPAVRC@@PAVREGSC@@1@Z 00421460 f region.obj
 0001:000208f0       ?FIntersect@REGN@@QAEHPAV1@0@Z 004218f0 f region.obj
 0001:00020b60       ?_FIntersectCore@REGN@@IAEHPAVRC@@PAVREGSC@@1@Z 00421b60 f region.obj
 0001:00020f50       ?FDiff@REGN@@QAEHPAV1@0@Z  00421f50 f region.obj
 0001:00021180       ?FDiffRc@REGN@@QAEHPAVRC@@PAV1@@Z 00422180 f region.obj
 0001:00021370       ?_FDiffCore@REGN@@IAEHPAVRC@@PAVREGSC@@1@Z 00422370 f region.obj
 0001:00021790       ??0REGN@@IAE@XZ            00422790 f region.obj
 0001:000217e0       ?FOn@REGSC@@QAEHXZ         004227e0 f region.obj
 0001:00021810       ?CxpCur@REGSC@@QAEJXZ      00422810 f region.obj
 0001:00021840       ?HrgnCreate@REGN@@QAEPAUHRGN__@@XZ 00422840 f region.obj
 0001:00021ba0       ?HrgnEnsure@REGN@@QAEPAUHRGN__@@XZ 00422ba0 f region.obj
 0001:00021c50       ?AssertValid@REGN@@QAEXK@Z 00422c50 f region.obj
 0001:00021d30       ?MarkMem@REGN@@UAEXXZ      00422d30 f region.obj
 0001:00021da0       ??_EREGN@@UAEPAXI@Z        00422da0 f region.obj
 0001:00021da0       ??_GREGN@@UAEPAXI@Z        00422da0 f region.obj
 0001:00021de0       ??_GREGBL@@UAEPAXI@Z       00422de0 f region.obj
 0001:00021de0       ??_EREGBL@@UAEPAXI@Z       00422de0 f region.obj
 0001:00021e20       ??_EREGSC@@UAEPAXI@Z       00422e20 f region.obj
 0001:00021e20       ??_GREGSC@@UAEPAXI@Z       00422e20 f region.obj
 0001:00021fb0       _WinMain@16                00422fb0 f appbwin.obj
 0001:00022000       ?Abort@APPB@@UAEXXZ        00423000 f appbwin.obj
 0001:00022040       ?_FInitOS@APPB@@MAEHXZ     00423040 f appbwin.obj
 0001:00022260       ?_FGetNextEvt@APPB@@MAEHPAUtagMSG@@@Z 00423260 f appbwin.obj
 0001:00022320       ?TrackMouse@APPB@@QAEXPAVGOB@@PAVPT@@@Z 00423320 f appbwin.obj
 0001:000224a0       ?_DispatchEvt@APPB@@MAEXPAUtagMSG@@@Z 004234a0 f appbwin.obj
 0001:00022610       ?_FTranslateKeyEvt@APPB@@MAEHPAUtagMSG@@PAUCMD_KEY@@@Z 00423610 f appbwin.obj
 0001:00022790       ?FGetNextKeyFromOsQueue@APPB@@UAEHPAUCMD_KEY@@@Z 00423790 f appbwin.obj
 0001:00022940       ?FlushUserEvents@APPB@@UAEXK@Z 00423940 f appbwin.obj
 0001:000229e0       ?_ShutDownViewer@APPB@@IAEXXZ 004239e0 f appbwin.obj
 0001:00022a30       ?_LuWndProc@APPB@@KGJPAUHWND__@@IIJ@Z 00423a30 f appbwin.obj
 0001:00022af0       ?_FFrameWndProc@APPB@@MAEHPAUHWND__@@IIJPAJ@Z 00423af0 f appbwin.obj
 0001:00023470       ?_LuMdiWndProc@APPB@@KGJPAUHWND__@@IIJ@Z 00424470 f appbwin.obj
 0001:00023520       ?_FMdiWndProc@APPB@@MAEHPAUHWND__@@IIJPAJ@Z 00424520 f appbwin.obj
 0001:00023680       ?_FCommonWndProc@APPB@@MAEHPAUHWND__@@IIJPAJ@Z 00424680 f appbwin.obj
 0001:00023db0       ?_FInitDebug@APPB@@MAEHXZ  00424db0 f appbwin.obj
 0001:00023e00       ?_FDlgAssert@@YGHPAUHWND__@@IIJ@Z 00424e00 f appbwin.obj
 0001:00023f20       ?FAssertProcApp@APPB@@UAEHPADJ0PAXJ@Z 00424f20 f appbwin.obj
 0001:000244a0       ?FAppendSz@STN@@QAEHPAD@Z  004254a0 f appbwin.obj
 0001:000244e0       ?FAppendStn@STN@@QAEHPAV1@@Z 004254e0 f appbwin.obj
 0001:00024520       ?TGiveAlertSz@APPB@@UAEHPADJJ@Z 00425520 f appbwin.obj
 0001:00024770       ?Cno@BACO@@QAEKXZ          00425770 f appbwin.obj
 0001:000248b0       ?PgobFirstChild@GOB@@QAEPAV1@XZ 004258b0 f appbwin.obj
 0001:000248e0       ?PgobNextSib@GOB@@QAEPAV1@XZ 004258e0 f appbwin.obj
 0001:00024910       ?_HrgnNew@@YGPAUHRGN__@@PAUtagRECT@@JJH@Z 00425910 f gfxwin.obj
 0001:000249a0       ?_Scr@ACR@@AAEKXZ          004259a0 f gfxwin.obj
 0001:00024a60       ?Flush@GPT@@SGXXZ          00425a60 f gfxwin.obj
 0001:00024a80       ?SetActiveColors@GPT@@SGXPAVGL@@K@Z 00425a80 f gfxwin.obj
 0001:000252b0       ?PglclrGetPalette@GPT@@SGPAVGL@@XZ 004262b0 f gfxwin.obj
 0001:00025350       ?CclrSetPalette@GPT@@SGJPAUHWND__@@H@Z 00426350 f gfxwin.obj
 0001:000254b0       ?Fbit@@YGEJ@Z              004264b0 f gfxwin.obj
 0001:000254d0       ?IbFromIbit@@YGJJ@Z        004264d0 f gfxwin.obj
 0001:000254f0       ?PgptNew@GPT@@SGPAV1@PAUHDC__@@@Z 004264f0 f gfxwin.obj
 0001:00025600       ?PgptNewHwnd@GPT@@SGPAV1@PAUHWND__@@@Z 00426600 f gfxwin.obj
 0001:00025730       ?_FInit@GPT@@AAEHPAUHDC__@@@Z 00426730 f gfxwin.obj
 0001:00025940       ??1GPT@@EAE@XZ             00426940 f gfxwin.obj
 0001:00025ab0       ?_Scr@GPT@@AAEKVACR@@@Z    00426ab0 f gfxwin.obj
 0001:00025ba0       ?PgptNewOffscreen@GPT@@SGPAV1@PAVRC@@J@Z 00426ba0 f gfxwin.obj
 0001:00026190       ?PrgbLockPixels@GPT@@QAEPAEPAVRC@@@Z 00427190 f gfxwin.obj
 0001:00026280       ?CbRow@GPT@@QAEJXZ         00427280 f gfxwin.obj
 0001:000262e0       ?CbitPixel@GPT@@QAEJXZ     004272e0 f gfxwin.obj
 0001:00026390       ?Lock@GPT@@QAEXXZ          00427390 f gfxwin.obj
 0001:000263e0       ?Unlock@GPT@@QAEXXZ        004273e0 f gfxwin.obj
 0001:00026450       ?HiliteRcs@GPT@@QAEXPAUtagRECT@@PAUGDD@@@Z 00427450 f gfxwin.obj
 0001:000264e0       ?DrawRcs@GPT@@QAEXPAUtagRECT@@PAUGDD@@@Z 004274e0 f gfxwin.obj
 0001:000265b0       ?_FrameRcsOval@GPT@@AAEXPAUtagRECT@@PAUGDD@@H@Z 004275b0 f gfxwin.obj
 0001:00026770       ?_FillRcs@GPT@@AAEXPAUtagRECT@@@Z 00427770 f gfxwin.obj
 0001:000267f0       ?_FillRgn@GPT@@AAEXPAPAUHRGN__@@@Z 004277f0 f gfxwin.obj
 0001:00026860       ?_SetClip@GPT@@AAEXPAUtagRECT@@@Z 00427860 f gfxwin.obj
 0001:00026aa0       ?FMax@RC@@QAEHXZ           00427aa0 f gfxwin.obj
 0001:00026b20       ?CbEntry@GLB@@QAEJXZ       00427b20 f gfxwin.obj
 0001:00026b50       ?_EnsurePalette@GPT@@AAEXXZ 00427b50 f gfxwin.obj
 0001:00026c90       ?_Fill@GPT@@AAEXPAXPAUGDD@@P81@EX0@Z@Z 00427c90 f gfxwin.obj
 0001:00026fc0       ?ScrollRcs@GPT@@QAEXPAUtagRECT@@JJPAUGDD@@@Z 00427fc0 f gfxwin.obj
 0001:00027070       ?DrawRgch@GPT@@QAEXPADJUtagPOINT@@PAUGDD@@PAUDSF@@@Z 00428070 f gfxwin.obj
 0001:000273c0       ?GetRcsFromRgch@GPT@@QAEXPAUtagRECT@@PADJUtagPOINT@@PAUDSF@@@Z 004283c0 f gfxwin.obj
 0001:00027630       ?_SetAptBrush@GPT@@AAEXPAUAPT@@@Z 00428630 f gfxwin.obj
 0001:000277a0       ?_SetAcrBrush@GPT@@AAEXVACR@@@Z 004287a0 f gfxwin.obj
 0001:000278a0       ?_SetStockBrush@GPT@@AAEXH@Z 004288a0 f gfxwin.obj
 0001:00027990       ?_SetTextProps@GPT@@AAEXPAUDSF@@@Z 00428990 f gfxwin.obj
 0001:00027ca0       ??8APT@@QAEHAAU0@@Z        00428ca0 f gfxwin.obj
 0001:00027cf0       ?CopyPixels@GPT@@QAEXPAV1@PAUtagRECT@@1PAUGDD@@@Z 00428cf0 f gfxwin.obj
 0001:00028310       ?FSolidFore@APT@@QAEHXZ    00429310 f gfxwin.obj
 0001:00028350       ?FSolidBack@APT@@QAEHXZ    00429350 f gfxwin.obj
 0001:00028390       ?Invert@APT@@QAEXXZ        00429390 f gfxwin.obj
 0001:000283d0       ??0GPT@@AAE@XZ             004293d0 f gfxwin.obj
 0001:00028430       ?DrawMbmp@GPT@@QAEXPAVMBMP@@PAUtagRECT@@PAUGDD@@@Z 00429430 f gfxwin.obj
 0001:00028960       ?AssertValid@GPT@@QAEXK@Z  00429960 f gfxwin.obj
 0001:00028b40       ?MarkStaticMem@GPT@@SGXXZ  00429b40 f gfxwin.obj
 0001:00028b60       ?FInit@NTL@@QAEHXZ         00429b60 f gfxwin.obj
 0001:00028d60       ?_FEnumFont@@YGHPAUtagLOGFONTA@@PAUtagTEXTMETRICA@@KJ@Z 00429d60 f gfxwin.obj
 0001:00028e70       ?HfntCreate@NTL@@QAEPAUHFONT__@@PAUDSF@@@Z 00429e70 f gfxwin.obj
 0001:00028fc0       ?FFixedPitch@NTL@@QAEHJ@Z  00429fc0 f gfxwin.obj
 0001:00029080       ?FCreateRgn@@YGHPAPAUHRGN__@@PAVRC@@@Z 0042a080 f gfxwin.obj
 0001:00029120       ?FreePhrgn@@YGXPAPAUHRGN__@@@Z 0042a120 f gfxwin.obj
 0001:00029180       ??_EGPT@@EAEPAXI@Z         0042a180 f gfxwin.obj
 0001:00029180       ??_GGPT@@EAEPAXI@Z         0042a180 f gfxwin.obj
 0001:000291c0       ?FInitScreen@GOB@@SGHKJ@Z  0042a1c0 f gobwin.obj
 0001:000292d0       ?FAttachHwnd@GOB@@QAEHPAUHWND__@@@Z 0042a2d0 f gobwin.obj
 0001:00029380       ?PgobFromHwnd@GOB@@SGPAV1@PAUHWND__@@@Z 0042a380 f gobwin.obj
 0001:00029440       ?HwndMdiActive@GOB@@SGPAUHWND__@@XZ 0042a440 f gobwin.obj
 0001:00029480       ?_HwndNewMdi@GOB@@KGPAUHWND__@@PAVSTN@@@Z 0042a480 f gobwin.obj
 0001:00029670       ?_DestroyHwnd@GOB@@KGXPAUHWND__@@@Z 0042a670 f gobwin.obj
 0001:00029730       ?GetPtMouse@GOB@@QAEXPAVPT@@PAH@Z 0042a730 f gobwin.obj
 0001:00029860       ?Clean@GOB@@UAEXXZ         0042a860 f gobwin.obj
 0001:00029940       ?SetHwndName@GOB@@QAEXPAVSTN@@@Z 0042a940 f gobwin.obj
 0001:000299f0       ?MakeHwndActive@GOB@@SGXPAUHWND__@@@Z 0042a9f0 f gobwin.obj
 0001:00029b80       ?FWouldBe@MUB@@SGHJ@Z      0042ab80 f menuwin.obj
 0001:00029bc0       ?FIs@MUB@@UAEHJ@Z          0042abc0 f menuwin.obj
 0001:00029bf0       ?Cls@MUB@@UAEJXZ           0042abf0 f menuwin.obj
 0001:00029c20       ??1MUB@@UAE@XZ             0042ac20 f menuwin.obj
 0001:00029c70       ?PmubNew@MUB@@SGPAV1@K@Z   0042ac70 f menuwin.obj
 0001:00029d80       ?Set@MUB@@UAEXXZ           0042ad80 f menuwin.obj
 0001:00029e20       ?Clean@MUB@@UAEXXZ         0042ae20 f menuwin.obj
 0001:0002a020       ?EnqueueWcid@MUB@@UAEXJ@Z  0042b020 f menuwin.obj
 0001:0002a070       ?FAddListCid@MUB@@UAEHJJPAVSTN@@@Z 0042b070 f menuwin.obj
 0001:0002a3e0       ?FRemoveListCid@MUB@@UAEHJJPAVSTN@@@Z 0042b3e0 f menuwin.obj
 0001:0002a840       ?FRemoveAllListCid@MUB@@UAEHJ@Z 0042b840 f menuwin.obj
 0001:0002aae0       ?FChangeListCid@MUB@@UAEHJJPAVSTN@@J0@Z 0042bae0 f menuwin.obj
 0001:0002ad40       ?_FGetCmdForWcid@MUB@@AAEHJPAUCMD@@@Z 0042bd40 f menuwin.obj
 0001:0002aee0       ?_FFindMlst@MUB@@AAEHJPAUMLST@1@PAJ@Z 0042bee0 f menuwin.obj
 0001:0002aff0       ?_FInitLists@MUB@@AAEHXZ   0042bff0 f menuwin.obj
 0001:0002b460       ?MarkMem@MUB@@UAEXXZ       0042c460 f menuwin.obj
 0001:0002b550       ??_GMUB@@UAEPAXI@Z         0042c550 f menuwin.obj
 0001:0002b550       ??_EMUB@@UAEPAXI@Z         0042c550 f menuwin.obj
 0001:0002b6a0       ??0MUB@@IAE@XZ             0042c6a0 f menuwin.obj
 0001:0002b720       ?FReadRgbSeq@FIL@@QAEHPAXJPAJ@Z 0042c720 f picwin.obj
 0001:0002b780       ?FWrite@BLCK@@QAEHPAXH@Z   0042c780 f picwin.obj
 0001:0002b8d0       ?FWouldBe@GRPB@@SGHJ@Z     0042c8d0 f groups.obj
 0001:0002b910       ?FIs@GRPB@@UAEHJ@Z         0042c910 f groups.obj
 0001:0002b940       ?Cls@GRPB@@UAEJXZ          0042c940 f groups.obj
 0001:0002b970       ?FWouldBe@GLB@@SGHJ@Z      0042c970 f groups.obj
 0001:0002b9b0       ?FIs@GLB@@UAEHJ@Z          0042c9b0 f groups.obj
 0001:0002b9e0       ?Cls@GLB@@UAEJXZ           0042c9e0 f groups.obj
 0001:0002ba10       ?FWouldBe@GL@@SGHJ@Z       0042ca10 f groups.obj
 0001:0002ba50       ?FIs@GL@@UAEHJ@Z           0042ca50 f groups.obj
 0001:0002ba80       ?Cls@GL@@UAEJXZ            0042ca80 f groups.obj
 0001:0002bab0       ?FWouldBe@AL@@SGHJ@Z       0042cab0 f groups.obj
 0001:0002baf0       ?FIs@AL@@UAEHJ@Z           0042caf0 f groups.obj
 0001:0002bb20       ?Cls@AL@@UAEJXZ            0042cb20 f groups.obj
 0001:0002bb50       ?FWouldBe@GGB@@SGHJ@Z      0042cb50 f groups.obj
 0001:0002bb90       ?FIs@GGB@@UAEHJ@Z          0042cb90 f groups.obj
 0001:0002bbc0       ?Cls@GGB@@UAEJXZ           0042cbc0 f groups.obj
 0001:0002bbf0       ?FWouldBe@GG@@SGHJ@Z       0042cbf0 f groups.obj
 0001:0002bc30       ?FIs@GG@@UAEHJ@Z           0042cc30 f groups.obj
 0001:0002bc60       ?Cls@GG@@UAEJXZ            0042cc60 f groups.obj
 0001:0002bc90       ?FWouldBe@AG@@SGHJ@Z       0042cc90 f groups.obj
 0001:0002bcd0       ?FIs@AG@@UAEHJ@Z           0042ccd0 f groups.obj
 0001:0002bd00       ?Cls@AG@@UAEJXZ            0042cd00 f groups.obj
 0001:0002bd30       ??1GRPB@@UAE@XZ            0042cd30 f groups.obj
 0001:0002bda0       ?_FEnsureSizes@GRPB@@IAEHJJK@Z 0042cda0 f groups.obj
 0001:0002bfa0       ?_FEnsureHqCb@GRPB@@AAEHPAPAXJJPAJ@Z 0042cfa0 f groups.obj
 0001:0002c160       ?FWriteFlo@GRPB@@UAEHPAUFLO@@FF@Z 0042d160 f groups.obj
 0001:0002c1c0       ?_FWrite@GRPB@@IAEHPAVBLCK@@PAXJJJ@Z 0042d1c0 f groups.obj
 0001:0002c390       ?_FReadData@GRPB@@IAEHPAVBLCK@@JJJ@Z 0042d390 f groups.obj
 0001:0002c510       ?AssertValid@GRPB@@QAEXK@Z 0042d510 f groups.obj
 0001:0002c6a0       ?MarkMem@GRPB@@UAEXXZ      0042d6a0 f groups.obj
 0001:0002c710       ??0GLB@@IAE@J@Z            0042d710 f groups.obj
 0001:0002c7a0       ?QvGet@GLB@@QAEPAXJ@Z      0042d7a0 f groups.obj
 0001:0002c830       ?Get@GLB@@QAEXJPAX@Z       0042d830 f groups.obj
 0001:0002c8c0       ?Put@GLB@@QAEXJPAX@Z       0042d8c0 f groups.obj
 0001:0002c970       ?PvLock@GLB@@QAEPAXJ@Z     0042d970 f groups.obj
 0001:0002c9b0       ?SetMinGrow@GLB@@QAEXJ@Z   0042d9b0 f groups.obj
 0001:0002ca40       ?CbRoundToLong@@YGJJ@Z     0042da40 f groups.obj
 0001:0002ca60       ?AssertValid@GLB@@QAEXK@Z  0042da60 f groups.obj
 0001:0002cb00       ?PglNew@GL@@SGPAV1@JJ@Z    0042db00 f groups.obj
 0001:0002cc30       ?PglRead@GL@@SGPAV1@PAVBLCK@@PAF1@Z 0042dc30 f groups.obj
 0001:0002cdf0       ?PglRead@GL@@SGPAV1@PAVFIL@@JJPAF1@Z 0042ddf0 f groups.obj
 0001:0002ce50       ??0GL@@IAE@J@Z             0042de50 f groups.obj
 0001:0002ceb0       ?FFree@GL@@UAEHJ@Z         0042deb0 f groups.obj
 0001:0002cf20       ?CbOnFile@GL@@UAEJXZ       0042df20 f groups.obj
 0001:0002cf80       ?FWrite@GL@@UAEHPAVBLCK@@FF@Z 0042df80 f groups.obj
 0001:0002d150       ?_FRead@GL@@IAEHPAVBLCK@@PAF1@Z 0042e150 f groups.obj
 0001:0002d3a0       ?FInsert@GL@@QAEHJPAXJ@Z   0042e3a0 f groups.obj
 0001:0002d520       ?Delete@GL@@UAEXJ@Z        0042e520 f groups.obj
 0001:0002d580       ?Delete@GL@@QAEXJJ@Z       0042e580 f groups.obj
 0001:0002d6f0       ?Move@GL@@QAEXJJ@Z         0042e6f0 f groups.obj
 0001:0002d7b0       ?FAdd@GL@@UAEHPAXPAJ@Z     0042e7b0 f groups.obj
 0001:0002d860       ?FPop@GL@@QAEHPAX@Z        0042e860 f groups.obj
 0001:0002d970       ?FSetIvMac@GL@@QAEHJ@Z     0042e970 f groups.obj
 0001:0002db80       ?FEnsureSpace@GL@@QAEHJK@Z 0042eb80 f groups.obj
 0001:0002dc50       ?PalNew@AL@@SGPAV1@JJ@Z    0042ec50 f groups.obj
 0001:0002dd80       ??0AL@@IAE@J@Z             0042ed80 f groups.obj
 0001:0002ddf0       ?CbFromCbit@@YGJJ@Z        0042edf0 f groups.obj
 0001:0002de20       ?CbOnFile@AL@@UAEJXZ       0042ee20 f groups.obj
 0001:0002de90       ?FWrite@AL@@UAEHPAVBLCK@@FF@Z 0042ee90 f groups.obj
 0001:0002e080       ?_Qb1@GRPB@@IAEPAEJ@Z      0042f080 f groups.obj
 0001:0002e0b0       ?_Qb2@GRPB@@IAEPAEJ@Z      0042f0b0 f groups.obj
 0001:0002e0e0       ?_Cb1@GRPB@@IAEJXZ         0042f0e0 f groups.obj
 0001:0002e110       ??0GRPB@@IAE@XZ            0042f110 f groups.obj
 0001:0002e150       ?Lock@GRPB@@QAEXXZ         0042f150 f groups.obj
 0001:0002e190       ?FFree@AL@@UAEHJ@Z         0042f190 f groups.obj
 0001:0002e230       ?_Qgrfbit@AL@@AAEPAEJ@Z    0042f230 f groups.obj
 0001:0002e270       ?FEnsureSpace@AL@@QAEHJK@Z 0042f270 f groups.obj
 0001:0002e360       ?FAdd@AL@@UAEHPAXPAJ@Z     0042f360 f groups.obj
 0001:0002e560       ?Delete@AL@@UAEXJ@Z        0042f560 f groups.obj
 0001:0002e7e0       ?AssertValid@AL@@QAEXK@Z   0042f7e0 f groups.obj
 0001:0002e8f0       ?_Cb2@GRPB@@IAEJXZ         0042f8f0 f groups.obj
 0001:0002e920       ??0GGB@@IAE@JH@Z           0042f920 f groups.obj
 0001:0002e9e0       ?CbOnFile@GGB@@UAEJXZ      0042f9e0 f groups.obj
 0001:0002ea40       ?FWrite@GGB@@UAEHPAVBLCK@@FF@Z 0042fa40 f groups.obj
 0001:0002ec90       ?_FRead@GGB@@IAEHPAVBLCK@@PAF1@Z 0042fc90 f groups.obj
 0001:0002efa0       ?FFree@GGB@@UAEHJ@Z        0042ffa0 f groups.obj
 0001:0002f0e0       ?_Qloc@GGB@@IAEPAULOC@1@J@Z 004300e0 f groups.obj
 0001:0002f120       ?FEnsureSpace@GGB@@QAEHJJK@Z 00430120 f groups.obj
 0001:0002f280       ?_RemoveRgb@GGB@@IAEXJJ@Z  00430280 f groups.obj
 0001:0002f3d0       ?_AdjustLocs@GGB@@IAEXJJJ@Z 004303d0 f groups.obj
 0001:0002f540       ?QvFixedGet@GGB@@QAEPAXJPAJ@Z 00430540 f groups.obj
 0001:0002f650       ?GetFixed@GGB@@QAEXJPAX@Z  00430650 f groups.obj
 0001:0002f760       ?PutFixed@GGB@@QAEXJPAX@Z  00430760 f groups.obj
 0001:0002f8a0       ?Cb@GGB@@QAEJJ@Z           004308a0 f groups.obj
 0001:0002f950       ?QvGet@GGB@@QAEPAXJPAJ@Z   00430950 f groups.obj
 0001:0002fa60       ?PvLock@GGB@@QAEPAXJPAJ@Z  00430a60 f groups.obj
 0001:0002fac0       ?FPut@GGB@@QAEHJJPAX@Z     00430ac0 f groups.obj
 0001:0002fc40       ?GetRgb@GGB@@QAEXJJJPAX@Z  00430c40 f groups.obj
 0001:0002fd50       ?PutRgb@GGB@@QAEXJJJPAX@Z  00430d50 f groups.obj
 0001:0002fe90       ?DeleteRgb@GGB@@QAEXJJJ@Z  00430e90 f groups.obj
 0001:00030080       ?FInsertRgb@GGB@@QAEHJJJPAX@Z 00431080 f groups.obj
 0001:00030340       ?FMoveRgb@GGB@@QAEHJJJJJ@Z 00431340 f groups.obj
 0001:000307f0       ?Merge@GGB@@QAEXJJ@Z       004317f0 f groups.obj
 0001:00030a70       ?AssertValid@GGB@@QAEXK@Z  00431a70 f groups.obj
 0001:00030dd0       ?PggNew@GG@@SGPAV1@JJJ@Z   00431dd0 f groups.obj
 0001:00030f20       ??0GG@@IAE@J@Z             00431f20 f groups.obj
 0001:00030f60       ?PggRead@GG@@SGPAV1@PAVBLCK@@PAF1@Z 00431f60 f groups.obj
 0001:00031130       ?PggRead@GG@@SGPAV1@PAVFIL@@JJPAF1@Z 00432130 f groups.obj
 0001:00031190       ?FInsert@GG@@QAEHJJPAX0@Z  00432190 f groups.obj
 0001:00031440       ?FCopyEntries@GG@@QAEHPAV1@JJJ@Z 00432440 f groups.obj
 0001:00031710       ?CbFixed@GGB@@QAEJXZ       00432710 f groups.obj
 0001:00031740       ?FAdd@GG@@UAEHJPAJPAX1@Z   00432740 f groups.obj
 0001:00031800       ?Delete@GG@@UAEXJ@Z        00432800 f groups.obj
 0001:00031940       ?Move@GG@@QAEXJJ@Z         00432940 f groups.obj
 0001:000319f0       ?AssertValid@GG@@QAEXK@Z   004329f0 f groups.obj
 0001:00031a60       ?PagNew@AG@@SGPAV1@JJJ@Z   00432a60 f groups.obj
 0001:00031bb0       ??0AG@@IAE@J@Z             00432bb0 f groups.obj
 0001:00031bf0       ?PagRead@AG@@SGPAV1@PAVBLCK@@PAF1@Z 00432bf0 f groups.obj
 0001:00031dc0       ?FAdd@AG@@UAEHJPAJPAX1@Z   00432dc0 f groups.obj
 0001:00032150       ?Delete@AG@@UAEXJ@Z        00433150 f groups.obj
 0001:00032300       ?AssertValid@AG@@QAEXK@Z   00433300 f groups.obj
 0001:00032370       ??_EGRPB@@UAEPAXI@Z        00433370 f groups.obj
 0001:00032370       ??_GGRPB@@UAEPAXI@Z        00433370 f groups.obj
 0001:000323b0       ??_GGG@@UAEPAXI@Z          004333b0 f groups.obj
 0001:000323b0       ??_EGG@@UAEPAXI@Z          004333b0 f groups.obj
 0001:000323f0       ??_GAG@@UAEPAXI@Z          004333f0 f groups.obj
 0001:000323f0       ??_EAG@@UAEPAXI@Z          004333f0 f groups.obj
 0001:00032430       ??_EGLB@@UAEPAXI@Z         00433430 f groups.obj
 0001:00032430       ??_GGLB@@UAEPAXI@Z         00433430 f groups.obj
 0001:00032470       ??_GGL@@UAEPAXI@Z          00433470 f groups.obj
 0001:00032470       ??_EGL@@UAEPAXI@Z          00433470 f groups.obj
 0001:000324b0       ??_GAL@@UAEPAXI@Z          004334b0 f groups.obj
 0001:000324b0       ??_EAL@@UAEPAXI@Z          004334b0 f groups.obj
 0001:000324f0       ??_EGGB@@UAEPAXI@Z         004334f0 f groups.obj
 0001:000324f0       ??_GGGB@@UAEPAXI@Z         004334f0 f groups.obj
 0001:00032530       ??1GGB@@UAE@XZ             00433530 f groups.obj
 0001:00032560       ??1GG@@UAE@XZ              00433560 f groups.obj
 0001:00032590       ??1AG@@UAE@XZ              00433590 f groups.obj
 0001:000325c0       ??1AL@@UAE@XZ              004335c0 f groups.obj
 0001:000325f0       ?FWouldBe@GSTB@@SGHJ@Z     004335f0 f groups2.obj
 0001:00032630       ?FIs@GSTB@@UAEHJ@Z         00433630 f groups2.obj
 0001:00032660       ?Cls@GSTB@@UAEJXZ          00433660 f groups2.obj
 0001:00032690       ?FWouldBe@GST@@SGHJ@Z      00433690 f groups2.obj
 0001:000326d0       ?FIs@GST@@UAEHJ@Z          004336d0 f groups2.obj
 0001:00032700       ?Cls@GST@@UAEJXZ           00433700 f groups2.obj
 0001:00032730       ??0GSTB@@IAE@JK@Z          00433730 f groups2.obj
 0001:00032830       ?CbOnFile@GSTB@@UAEJXZ     00433830 f groups2.obj
 0001:000328a0       ?FWrite@GSTB@@UAEHPAVBLCK@@FF@Z 004338a0 f groups2.obj
 0001:00032b70       ?_FRead@GSTB@@IAEHPAVBLCK@@PAF1@Z 00433b70 f groups2.obj
 0001:00032ed0       ?FEnsureSpace@GSTB@@QAEHJJK@Z 00433ed0 f groups2.obj
 0001:00033010       ?FAddStn@GSTB@@QAEHPAVSTN@@PAXPAJ@Z 00434010 f groups2.obj
 0001:000330e0       ?FPutRgch@GSTB@@QAEHJPADJ@Z 004340e0 f groups2.obj
 0001:000332b0       ?FPutStn@GSTB@@QAEHJPAVSTN@@@Z 004342b0 f groups2.obj
 0001:00033380       ?GetRgch@GSTB@@QAEXJPADJPAJ@Z 00434380 f groups2.obj
 0001:00033490       ?GetStn@GSTB@@QAEXJPAVSTN@@@Z 00434490 f groups2.obj
 0001:000335a0       ?FFindStn@GSTB@@QAEHPAVSTN@@PAJK@Z 004345a0 f groups2.obj
 0001:00033670       ?FFindRgch@GSTB@@UAEHPADJPAJK@Z 00434670 f groups2.obj
 0001:000337e0       ?GetExtra@GSTB@@QAEXJPAX@Z 004347e0 f groups2.obj
 0001:000338f0       ?_Qst@GSTB@@IAEPADJ@Z      004348f0 f groups2.obj
 0001:00033950       ?_AppendRgch@GSTB@@IAEXPADJ@Z 00434950 f groups2.obj
 0001:00033a10       ?_RemoveSt@GSTB@@IAEXJ@Z   00434a10 f groups2.obj
 0001:00033b40       ?_SwapBytesRgbst@GSTB@@IAEXXZ 00434b40 f groups2.obj
 0001:00033bd0       ?_TranslateGrst@GSTB@@IAEXFH@Z 00434bd0 f groups2.obj
 0001:00033c90       ?_FTranslateGrst@GSTB@@IAEHF@Z 00434c90 f groups2.obj
 0001:00034050       ?CchTotSt@@YGJPAD@Z        00435050 f groups2.obj
 0001:00034080       ?FFree@GSTB@@UAEHJ@Z       00435080 f groups2.obj
 0001:00034150       ?TranslateSt@@YGXPADFH@Z   00435150 f groups2.obj
 0001:00034180       ?AssertValid@GSTB@@QAEXK@Z 00435180 f groups2.obj
 0001:00034460       ?PgstNew@GST@@SGPAV1@JJJ@Z 00435460 f groups2.obj
 0001:000345f0       ?SetSt@STN@@QAEXPAD@Z      004355f0 f groups2.obj
 0001:00034630       ?PgstRead@GST@@SGPAV1@PAVBLCK@@PAF1@Z 00435630 f groups2.obj
 0001:000347f0       ?FAddRgch@GST@@UAEHPADJPAXPAJ@Z 004357f0 f groups2.obj
 0001:000348e0       ?FFindRgch@GST@@UAEHPADJPAJK@Z 004358e0 f groups2.obj
 0001:00034a90       ?FInsertRgch@GST@@QAEHJPADJPAX@Z 00435a90 f groups2.obj
 0001:00034c90       ?FInsertStn@GST@@QAEHJPAVSTN@@PAX@Z 00435c90 f groups2.obj
 0001:00034d80       ?Delete@GST@@UAEXJ@Z       00435d80 f groups2.obj
 0001:00034eb0       ?AssertValid@GST@@QAEXK@Z  00435eb0 f groups2.obj
 0001:00034f20       ?_Bst@GSTB@@IAEJJ@Z        00435f20 f groups2.obj
 0001:00034f60       ?_Qbst@GSTB@@IAEPAJJ@Z     00435f60 f groups2.obj
 0001:00034fa0       ?CbExtra@GSTB@@QAEJXZ      00435fa0 f groups2.obj
 0001:00034fd0       ??0GST@@IAE@J@Z            00435fd0 f groups2.obj
 0001:00035030       ??_GGST@@UAEPAXI@Z         00436030 f groups2.obj
 0001:00035030       ??_EGST@@UAEPAXI@Z         00436030 f groups2.obj
 0001:00035070       ??_EGSTB@@UAEPAXI@Z        00436070 f groups2.obj
 0001:00035070       ??_GGSTB@@UAEPAXI@Z        00436070 f groups2.obj
 0001:000350b0       ??1GSTB@@UAE@XZ            004360b0 f groups2.obj
 0001:000350e0       ??1GST@@UAE@XZ             004360e0 f groups2.obj
 0001:00035110       ?FWouldBe@MBMP@@SGHJ@Z     00436110 f mbmp.obj
 0001:00035150       ?FIs@MBMP@@UAEHJ@Z         00436150 f mbmp.obj
 0001:00035180       ?Cls@MBMP@@UAEJXZ          00436180 f mbmp.obj
 0001:000351b0       ??1MBMP@@UAE@XZ            004361b0 f mbmp.obj
 0001:00035220       ?_FInit@MBMP@@MAEHPAEJJPAVRC@@JJEKE@Z 00436220 f mbmp.obj
 0001:00035940       ?PmbmpRead@MBMP@@SGPAV1@PAVBLCK@@@Z 00436940 f mbmp.obj
 0001:00035d80       ?CbOnFile@MBMP@@UAEJXZ     00436d80 f mbmp.obj
 0001:00035de0       ?FWrite@MBMP@@UAEHPAVBLCK@@@Z 00436de0 f mbmp.obj
 0001:00035f30       ?GetRc@MBMP@@QAEXPAVRC@@@Z 00436f30 f mbmp.obj
 0001:00035fa0       ?AssertValid@MBMP@@QAEXK@Z 00436fa0 f mbmp.obj
 0001:000360f0       ?MarkMem@MBMP@@UAEXXZ      004370f0 f mbmp.obj
 0001:00036130       ?FReadMbmp@MBMP@@SGHPAVCRF@@KKPAVBLCK@@PAPAVBACO@@PAJ@Z 00437130 f mbmp.obj
 0001:00036300       ?BvSubPvs@@YGJPAX0@Z       00437300 f mbmp.obj
 0001:00036320       ??_GMBMP@@UAEPAXI@Z        00437320 f mbmp.obj
 0001:00036320       ??_EMBMP@@UAEPAXI@Z        00437320 f mbmp.obj
 0001:00036360       ??0MBMP@@IAE@XZ            00437360 f mbmp.obj
 0001:000364b0       ?FWouldBe@SNDV@@SGHJ@Z     004374b0 f sndm.obj
 0001:000364f0       ?FIs@SNDV@@UAEHJ@Z         004374f0 f sndm.obj
 0001:00036520       ?Cls@SNDV@@UAEJXZ          00437520 f sndm.obj
 0001:00036550       ?FWouldBe@SNDM@@SGHJ@Z     00437550 f sndm.obj
 0001:00036590       ?FIs@SNDM@@UAEHJ@Z         00437590 f sndm.obj
 0001:000365c0       ?Cls@SNDM@@UAEJXZ          004375c0 f sndm.obj
 0001:000365f0       ?FWouldBe@SNDMQ@@SGHJ@Z    004375f0 f sndm.obj
 0001:00036630       ?FIs@SNDMQ@@UAEHJ@Z        00437630 f sndm.obj
 0001:00036660       ?Cls@SNDMQ@@UAEJXZ         00437660 f sndm.obj
 0001:00036690       ?FWouldBe@SNQUE@@SGHJ@Z    00437690 f sndm.obj
 0001:000366d0       ?FIs@SNQUE@@UAEHJ@Z        004376d0 f sndm.obj
 0001:00036700       ?Cls@SNQUE@@UAEJXZ         00437700 f sndm.obj
 0001:00036730       ?BeginSynch@SNDV@@UAEXXZ   00437730 f sndm.obj
 0001:00036750       ?EndSynch@SNDV@@UAEXXZ     00437750 f sndm.obj
 0001:00036770       ??0SNDM@@IAE@XZ            00437770 f sndm.obj
 0001:000367b0       ??1SNDM@@UAE@XZ            004377b0 f sndm.obj
 0001:000368a0       ?AssertValid@SNDM@@QAEXK@Z 004378a0 f sndm.obj
 0001:00036930       ?MarkMem@SNDM@@UAEXXZ      00437930 f sndm.obj
 0001:000369d0       ?PsndmNew@SNDM@@SGPAV1@XZ  004379d0 f sndm.obj
 0001:00036ac0       ?_FInit@SNDM@@IAEHXZ       00437ac0 f sndm.obj
 0001:00036b80       ?_FFindCtg@SNDM@@IAEHKPAUSNDMPE@1@PAJ@Z 00437b80 f sndm.obj
 0001:00036ca0       ?FAddDevice@SNDM@@UAEHKPAVSNDV@@@Z 00437ca0 f sndm.obj
 0001:00036e50       ?PsndvFromCtg@SNDM@@UAEPAVSNDV@@K@Z 00437e50 f sndm.obj
 0001:00036ec0       ?RemoveSndv@SNDM@@UAEXK@Z  00437ec0 f sndm.obj
 0001:00036f60       ?FActive@SNDM@@UAEHXZ      00437f60 f sndm.obj
 0001:00036fc0       ?Activate@SNDM@@UAEXH@Z    00437fc0 f sndm.obj
 0001:000370b0       ?Suspend@SNDM@@UAEXH@Z     004380b0 f sndm.obj
 0001:000371a0       ?SetVlm@SNDM@@UAEXJ@Z      004381a0 f sndm.obj
 0001:00037240       ?VlmCur@SNDM@@UAEJXZ       00438240 f sndm.obj
 0001:000372f0       ?SiiPlay@SNDM@@UAEJPAVRCA@@KKJJJKJJ@Z 004382f0 f sndm.obj
 0001:000373f0       ?Stop@SNDM@@UAEXJ@Z        004383f0 f sndm.obj
 0001:00037490       ?StopAll@SNDM@@UAEXJJ@Z    00438490 f sndm.obj
 0001:00037530       ?Pause@SNDM@@UAEXJ@Z       00438530 f sndm.obj
 0001:000375d0       ?PauseAll@SNDM@@UAEXJJ@Z   004385d0 f sndm.obj
 0001:00037670       ?Resume@SNDM@@UAEXJ@Z      00438670 f sndm.obj
 0001:00037710       ?ResumeAll@SNDM@@UAEXJJ@Z  00438710 f sndm.obj
 0001:000377b0       ?FPlaying@SNDM@@UAEHJ@Z    004387b0 f sndm.obj
 0001:00037860       ?FPlayingAll@SNDM@@UAEHJJ@Z 00438860 f sndm.obj
 0001:00037910       ?Flush@SNDM@@UAEXXZ        00438910 f sndm.obj
 0001:000379a0       ?BeginSynch@SNDM@@UAEXXZ   004389a0 f sndm.obj
 0001:00037a30       ?EndSynch@SNDM@@UAEXXZ     00438a30 f sndm.obj
 0001:00037ac0       ??1SNDMQ@@UAE@XZ           00438ac0 f sndm.obj
 0001:00037bb0       ?AssertValid@SNDMQ@@QAEXK@Z 00438bb0 f sndm.obj
 0001:00037c40       ?MarkMem@SNDMQ@@UAEXXZ     00438c40 f sndm.obj
 0001:00037ce0       ?_FInit@SNDMQ@@MAEHXZ      00438ce0 f sndm.obj
 0001:00037d90       ?_FEnsureQueue@SNDMQ@@MAEHJPAUSNQD@1@PAJ@Z 00438d90 f sndm.obj
 0001:00037fb0       ?FActive@SNDMQ@@UAEHXZ     00438fb0 f sndm.obj
 0001:00038010       ?Activate@SNDMQ@@UAEXH@Z   00439010 f sndm.obj
 0001:00038100       ?Suspend@SNDMQ@@UAEXH@Z    00439100 f sndm.obj
 0001:000381f0       ?SiiPlay@SNDMQ@@UAEJPAVRCA@@KKJJJKJJ@Z 004391f0 f sndm.obj
 0001:00038320       ?Stop@SNDMQ@@UAEXJ@Z       00439320 f sndm.obj
 0001:000383b0       ?StopAll@SNDMQ@@UAEXJJ@Z   004393b0 f sndm.obj
 0001:00038460       ?Pause@SNDMQ@@UAEXJ@Z      00439460 f sndm.obj
 0001:000384f0       ?PauseAll@SNDMQ@@UAEXJJ@Z  004394f0 f sndm.obj
 0001:000385a0       ?Resume@SNDMQ@@UAEXJ@Z     004395a0 f sndm.obj
 0001:00038630       ?ResumeAll@SNDMQ@@UAEXJJ@Z 00439630 f sndm.obj
 0001:000386e0       ?FPlaying@SNDMQ@@UAEHJ@Z   004396e0 f sndm.obj
 0001:00038790       ?FPlayingAll@SNDMQ@@UAEHJJ@Z 00439790 f sndm.obj
 0001:00038850       ?Flush@SNDMQ@@UAEXXZ       00439850 f sndm.obj
 0001:00038940       ??0SNQUE@@IAE@XZ           00439940 f sndm.obj
 0001:00038980       ??1SNQUE@@UAE@XZ           00439980 f sndm.obj
 0001:00038a80       ?AssertValid@SNQUE@@QAEXK@Z 00439a80 f sndm.obj
 0001:00038b40       ?MarkMem@SNQUE@@UAEXXZ     00439b40 f sndm.obj
 0001:00038c00       ?_FInit@SNQUE@@MAEHXZ      00439c00 f sndm.obj
 0001:00038ca0       ?_Enter@SNQUE@@MAEXXZ      00439ca0 f sndm.obj
 0001:00038cf0       ?_Leave@SNQUE@@MAEXXZ      00439cf0 f sndm.obj
 0001:00038d40       ?_Flush@SNQUE@@MAEXXZ      00439d40 f sndm.obj
 0001:00038e10       ?Enqueue@SNQUE@@QAEXJPAVRCA@@KKJJKJJ@Z 00439e10 f sndm.obj
 0001:00038f90       ?Stop@SNQUE@@QAEXJ@Z       00439f90 f sndm.obj
 0001:00039090       ?StopAll@SNQUE@@QAEXJ@Z    0043a090 f sndm.obj
 0001:000391a0       ?Pause@SNQUE@@QAEXJ@Z      0043a1a0 f sndm.obj
 0001:000392a0       ?PauseAll@SNQUE@@QAEXJ@Z   0043a2a0 f sndm.obj
 0001:000393c0       ?Resume@SNQUE@@QAEXJ@Z     0043a3c0 f sndm.obj
 0001:000394c0       ?ResumeAll@SNQUE@@QAEXJ@Z  0043a4c0 f sndm.obj
 0001:000395d0       ?FPlaying@SNQUE@@QAEHJ@Z   0043a5d0 f sndm.obj
 0001:000396b0       ?FPlayingAll@SNQUE@@QAEHJ@Z 0043a6b0 f sndm.obj
 0001:00039790       ?Flush@SNQUE@@QAEXXZ       0043a790 f sndm.obj
 0001:000397e0       ?LuVolScale@@YGKKJ@Z       0043a7e0 f sndm.obj
 0001:000398a0       ?LuHighLow@@YGKGG@Z        0043a8a0 f sndm.obj
 0001:00039a00       ??_ESNDM@@UAEPAXI@Z        0043aa00 f sndm.obj
 0001:00039a00       ??_GSNDM@@UAEPAXI@Z        0043aa00 f sndm.obj
 0001:00039a40       ??0SNDV@@QAE@XZ            0043aa40 f sndm.obj
 0001:00039a80       ??1SNDV@@UAE@XZ            0043aa80 f sndm.obj
 0001:00039ab0       ??_GSNDMQ@@UAEPAXI@Z       0043aab0 f sndm.obj
 0001:00039ab0       ??_ESNDMQ@@UAEPAXI@Z       0043aab0 f sndm.obj
 0001:00039af0       ??_ESNQUE@@UAEPAXI@Z       0043aaf0 f sndm.obj
 0001:00039af0       ??_GSNQUE@@UAEPAXI@Z       0043aaf0 f sndm.obj
 0001:00039b30       ??_GSNDV@@UAEPAXI@Z        0043ab30 f sndm.obj
 0001:00039b30       ??_ESNDV@@UAEPAXI@Z        0043ab30 f sndm.obj
 0001:00039b70       ?_SiiAlloc@SNDV@@KGJXZ     0043ab70 f sndm.obj
 0001:00039b90       ?FWouldBe@SDAM@@SGHJ@Z     0043ab90 f sndam.obj
 0001:00039bd0       ?FIs@SDAM@@UAEHJ@Z         0043abd0 f sndam.obj
 0001:00039c00       ?Cls@SDAM@@UAEJXZ          0043ac00 f sndam.obj
 0001:00039c30       ?FWouldBe@CAMS@@SGHJ@Z     0043ac30 f sndam.obj
 0001:00039c70       ?FIs@CAMS@@UAEHJ@Z         0043ac70 f sndam.obj
 0001:00039ca0       ?Cls@CAMS@@UAEJXZ          0043aca0 f sndam.obj
 0001:00039cd0       ?FWouldBe@AMQUE@@SGHJ@Z    0043acd0 f sndam.obj
 0001:00039d10       ?FIs@AMQUE@@UAEHJ@Z        0043ad10 f sndam.obj
 0001:00039d40       ?Cls@AMQUE@@UAEJXZ         0043ad40 f sndam.obj
 0001:00039d70       ??0STBL@@IAE@XZ            0043ad70 f sndam.obj
 0001:00039dd0       ?Write@STBL@@UAGJPBXKPAK@Z 0043add0 f sndam.obj
 0001:00039e00       ?SetSize@STBL@@UAGJT_ULARGE_INTEGER@@@Z 0043ae00 f sndam.obj
 0001:00039e20       ?CopyTo@STBL@@UAGJPAUIStream@@T_ULARGE_INTEGER@@PAT3@2@Z 0043ae20 f sndam.obj
 0001:00039e80       ?Commit@STBL@@UAGJK@Z      0043ae80 f sndam.obj
 0001:00039ea0       ?Revert@STBL@@UAGJXZ       0043aea0 f sndam.obj
 0001:00039ec0       ?LockRegion@STBL@@UAGJT_ULARGE_INTEGER@@0K@Z 0043aec0 f sndam.obj
 0001:00039ee0       ?UnlockRegion@STBL@@UAGJT_ULARGE_INTEGER@@0K@Z 0043aee0 f sndam.obj
 0001:00039f00       ?Stat@STBL@@UAGJPAUtagSTATSTG@@K@Z 0043af00 f sndam.obj
 0001:00039f20       ?Clone@STBL@@UAGJPAPAUIStream@@@Z 0043af20 f sndam.obj
 0001:00039f60       ??1STBL@@IAE@XZ            0043af60 f sndam.obj
 0001:00039fa0       ?QueryInterface@STBL@@UAGJABU_GUID@@PAPAX@Z 0043afa0 f sndam.obj
 0001:0003a030       ?IsEqualGUID@@YGHABU_GUID@@0@Z 0043b030 f sndam.obj
 0001:0003a070       ?AddRef@STBL@@UAGKXZ       0043b070 f sndam.obj
 0001:0003a0c0       ?Release@STBL@@UAGKXZ      0043b0c0 f sndam.obj
 0001:0003a150       ?Read@STBL@@UAGJPAXKPAK@Z  0043b150 f sndam.obj
 0001:0003a230       ?Seek@STBL@@UAGJT_LARGE_INTEGER@@KPAT_ULARGE_INTEGER@@@Z 0043b230 f sndam.obj
 0001:0003a370       ?PstblNew@STBL@@SGPAV1@PAUFLO@@H@Z 0043b370 f sndam.obj
 0001:0003a6e0       ?CbMem@STBL@@QAEJXZ        0043b6e0 f sndam.obj
 0001:0003a710       ?AssertValid@STBL@@QAEXK@Z 0043b710 f sndam.obj
 0001:0003a7c0       ?MarkMem@STBL@@UAEXXZ      0043b7c0 f sndam.obj
 0001:0003a810       ??0CAMS@@IAE@XZ            0043b810 f sndam.obj
 0001:0003a870       ??1CAMS@@UAE@XZ            0043b870 f sndam.obj
 0001:0003a930       ?FReadCams@CAMS@@SGHPAVCRF@@KKPAVBLCK@@PAPAVBACO@@PAJ@Z 0043b930 f sndam.obj
 0001:0003abd0       ?PcamsNewLoop@CAMS@@SGPAV1@PAV1@J@Z 0043bbd0 f sndam.obj
 0001:0003ad60       ?AssertValid@CAMS@@QAEXK@Z 0043bd60 f sndam.obj
 0001:0003ae20       ?MarkMem@CAMS@@UAEXXZ      0043be20 f sndam.obj
 0001:0003ae70       ??0AMNOT@@QAE@XZ           0043be70 f sndam.obj
 0001:0003aec0       ?OnStart@AMNOT@@UAGXPAUIAMSound@@K@Z 0043bec0 f sndam.obj
 0001:0003aee0       ?OnError@AMNOT@@UAGXPAUIAMSound@@KJ@Z 0043bee0 f sndam.obj
 0001:0003af00       ?OnSyncObject@AMNOT@@UAGXPAUIAMSound@@KPAX@Z 0043bf00 f sndam.obj
 0001:0003af20       ?Set@AMNOT@@QAEXPAVAMQUE@@@Z 0043bf20 f sndam.obj
 0001:0003af60       ?AssertValid@AMNOT@@QAEXK@Z 0043bf60 f sndam.obj
 0001:0003afa0       ?QueryInterface@AMNOT@@UAGJABU_GUID@@PAPAX@Z 0043bfa0 f sndam.obj
 0001:0003b030       ?AddRef@AMNOT@@UAGKXZ      0043c030 f sndam.obj
 0001:0003b080       ?Release@AMNOT@@UAGKXZ     0043c080 f sndam.obj
 0001:0003b100       ?OnCompletion@AMNOT@@UAGXPAUIAMSound@@K@Z 0043c100 f sndam.obj
 0001:0003b160       ??0AMQUE@@IAE@XZ           0043c160 f sndam.obj
 0001:0003b1b0       ??1AMQUE@@UAE@XZ           0043c1b0 f sndam.obj
 0001:0003b230       ?AssertValid@AMQUE@@QAEXK@Z 0043c230 f sndam.obj
 0001:0003b290       ?PamqueNew@AMQUE@@SGPAV1@XZ 0043c290 f sndam.obj
 0001:0003b360       ?_FInit@AMQUE@@MAEHXZ      0043c360 f sndam.obj
 0001:0003b490       ?_Enter@AMQUE@@MAEXXZ      0043c490 f sndam.obj
 0001:0003b4c0       ?_Leave@AMQUE@@MAEXXZ      0043c4c0 f sndam.obj
[...]
FIXUPS: 6f769 35 23 d 32 35 d 27 23 13 18 22 23 32 23 d 76 22 33 23 16
FIXUPS: 6fa6d b 36 6d 42 46 ab 1e 25 fffff51c 27 58 2d 20 20 20 20 23 21
FIXUPS: 6f349 23 23 45 46 2f 20 23 16 b 3a 1e 31 cb 28 e 14 31 2d 2c 45
FIXUPS: 6f739 fffff6db 10 b 8 22 1f b 1e 3e 1a b 1b 28 14 1c 26 1f b 21
FIXUPS: 6f02a b 2b b 51 22 12 1f b 1f 23 16 18 fffff82e d 22 20 d 1c 13
FIXUPS: 6ea5f 13 19 1e 1e 34 13 5c 1d d 3c 2b 2d 23 35 23 d 5e 27 1c b
FIXUPS: 6ed89 29 32 23 fffff723 23 d 10 b b b 38 20 d 1f 1a b 39 1d b 25
FIXUPS: 6e6eb 5e 2d d 2d 41 44 51 1d d 1e 27 31 34 41 fffff51f d 20 10c
FIXUPS: 6e029 23 16 b c 11 37 d 26 115 2a 16 b 24 2e 2e b9 3c e 2b 16 15
FIXUPS: 6e463 20 d 19 20 2c fffff613 1d 34 23 16 10 14 20 d 1f 1d 18 22
FIXUPS: 6dc76 10 19 20 d 3a d 26 23 16 1c 30 2b 23 16 14 20 d 20 fffff874
FIXUPS: 6d70e 18 4f 24 23 16 14 23 23 16 26 2b 26 23 1b b b 27 16 12 24
FIXUPS: 6d995 23 2b 1f 17 53 2d 23 1f 20 fffff84b 33 23 16 c 14 20 d 1d
FIXUPS: 6d435 1d 1c 2a 10 25 23 3a 29 17 10 1d 2d 1d 38 23 16 b 27 1b b
FIXUPS: 6d6b6 22 fffff946 19 20 d d 17 21 23 16 c 27 23 d 18 f 13 12 f
FIXUPS: 6d1be 6 9 10 b 8 39 23 1f 20 d 28 32 25 fffff94c 24 23 1f 23 32
FIXUPS: 6cd3d 20 d 1c 21 1d 35 23 16 c 27 1d 10 22 b 1c 26 2d 2e 6 9 b
FIXUPS: 6cf99 23 32 23 fffff765 66 d 44 55 23 d 2f d 32 25 3c d 35 2d 2e
FIXUPS: 6ca54 d 30 1e 24 d 3b d 2d 36 d 31 21 24 d 3b fffff75c 27 23 1f
FIXUPS: 6c437 20 d 26 20 d 1b 17 10 c 18 20 2c 23 1c 2c d 2e 3a 23 1c 19
FIXUPS: 6c6b3 9 12 3b 23 3d fffff8dd 14 20 d 16 11 25 13 23 23 1f 20 d
FIXUPS: 6c193 17 f 18 28 23 1f 20 d 1d 34 23 13 10 17 1c 14 2f 21 fffff8d4
FIXUPS: 6bccd 20 d 16 36 2f d 2f 20 28 23 13 14 20 d d 16 d 31 d f 19 19
FIXUPS: 6bf3c 23 20 d 2a 3c 11 33 fffff8b6 25 12 1d 23 26 d 29 d d 12 9
FIXUPS: 6ba05 18 19 f 12 1d 35 1b 25 23 3c 1c 20 d 1a 1f 11 33 18 33 fffff8d5
FIXUPS: 6b54d 9 19 11 29 23 1b 27 32 1f 10 2c 17 31 d 13 2f 18 8 1d 1a
FIXUPS: 6b7ae 1a 1a 25 45 d 1d 29 d 11 fffff84c 23 2f 1a 1a 17 33 23 1b
FIXUPS: 6b23e 20 1a 19 3a 1d 3a d 16 e 26 19 a 18 1d 38 23 32 27 24 23
FIXUPS: 6b4fe 23 fffff80f 3b 5e 23 1b b 27 1f 1e 22 22 2f 30 23 32 23 d
FIXUPS: 6afae 8 a 1b 17 16 1a 1a 14 12 1c f 1c 23 16 fffff6b4 43 23 1b
FIXUPS: 6a822 25 d 5b 22 47 d 39 23 d 58 1a 93 25 22 3f 23 16 2d 23 d 10
FIXUPS: 6ac15 a4 23 16 b 12 fffff70d 16 14 22 1c 25 23 1f 20 d 1b 35 d
FIXUPS: 6a584 29 f 12 1b 23 1f 20 d 1d 35 d f 33 23 2d d 27 d fffff8ac
FIXUPS: 6a04b 1b 1a 18 d 54 23 16 2e 19 d 37 31 23 d 2b 23 32 23 d 15 11
FIXUPS: 6a301 d 1b 23 32 1f 1a 21 21 fffff82d 48 e 2d 26 35 23 d 10 32
FIXUPS: 69d84 32 1a 30 15 13 1c a 15 10 10 13 1a 17 12 a0 23 16 11 d 10
FIXUPS: 6a011 fffff6ed 10 12 33 a3 11 15 1b 4e 20 1f 44 20 21 29 3e 23
FIXUPS: 699e0 38 23 d d 11 22 60 3c 3c 1d d 31 1d d fffff575 16 43 d 1a
FIXUPS: 691f4 17 19 23 74 d 14 27 17 24 27 3e 13 45 28 10 20 d 80 13 b
FIXUPS: 69532 32 d 95 36 9e fffff566 c 1e 16 13 43 1a 5b 9e 14 1c 11 1f
FIXUPS: 68e79 30 30 30 23 41 d 38 d 31 d 39 1e 47 18 20 6 20 2c fffff68b
FIXUPS: 687d6 3d 40 e 1e 6 c 13 23 e 2c d 3c 41 19 32 24 1a 68 6 d 21 16
FIXUPS: 68ade d 67 8 2b 49 37 c fffff59a d 10 58 d 13 39 6b f 7a 21 24
FIXUPS: 6841c 2e 40 e 60 41 5c 32 21 1a 61 6 79 1d 13 25 42 6 6 20 fffff66b
FIXUPS: 67e25 12 14 20 d f 18 30 46 1d 1e 15 33 d 15 1c d 1e 18 30 d 22
FIXUPS: 6808d 12 a 15 1b 29 3e 23 d fffff889 80 30 30 23 13 18 1d 1d 1d
FIXUPS: 67ba9 11 1b 2c 21 17 1e 17 2a 20 d 14 30 46 14 17 15 1f d 15 1c
FIXUPS: 67e03 fffff776 43 d 2f 41 34 d 4a d 46 d 1a 20 d 23 16 23 2d 20
FIXUPS: 67821 5c 2d 20 d 53 d f 23 11 1f 17 19 fffff765 10 1c 2c d 31 d
FIXUPS: 671ee 6 8 4b d 50 13 17 22 d 35 d 6f d 50 d 2f d 32 d 2f 32 30
FIXUPS: 67531 3b fffff812 23 d 3e d 2f d 48 23 d 48 23 d 2f d 38 22 15
FIXUPS: 67002 12 f 18 10 a 20 d 2f 30 d 1a 18 6 fffff723 30 23 1f 1f 16
FIXUPS: 668f8 16 17 17 d 20 23 1a c e 3d 3f 7d 23 30 d 80 19 a7 d 38 23
FIXUPS: 66cce 38 23 d fffff65e 39 14 15 d 19 18 23 31 e e 27 d 23 37 3f
FIXUPS: 66585 12 7e 34 50 40 23 1f 20 d 1d 35 d f 33 30 fffff6cc 8 c 22
FIXUPS: 65f57 19 11 28 2d 23 d e 29 34 d 5b e 2b 23 d 15 28 15 2e 2e 23
FIXUPS: 662aa 23 d 10 4c 2f fffff712 1b 1a 5e 1d d 2f 23 d 36 50 2d 23
FIXUPS: 65c76 12 c 25 d 20 15 2e 20 23 67 1d d 2f 23 d 2d 2d 16 adf4 d
FIXUPS: 70cf7 22 e 13 ffff48d8 27 f 21 49 27 f 21 30 e 16 1d 2f 2c 126
FIXUPS: 65939 2d 23 d 27 d e 1b 2b 14 15 ae6b 1a 14 24 b 13 10 21 d e 1a
FIXUPS: 709a5 d e 29 16 d 10 d b cc f e f f f f f f 46 24 33 fffff7f5 23
FIXUPS: 7045e 23 d 1b 70 23 4d 23 32 23 d 10 1a f 22 24 2c 23 16 22 d 60
FIXUPS: 707aa 4f 23 16 b b e 30 fffff6a3 f 21 49 27 f 21 30 e 30 2a d 5c
FIXUPS: 70129 2c 50 29 60 1b 10 22 d 32 38 27 10 8 18 1d 29 12 22 5b10
FIXUPS: 75ee0 11 22 1f 15 10 1d d 2f e 1f 17 1c 59 23 1b d 10 d b 1a 27
FIXUPS: 7612a 58 d 3e d 2629 d 27 ffff76cb 599b a 90 10 c 1d d 68 d 44
FIXUPS: 75ab0 d 50 36 d 1d 94 d 2a 1e 1a 2b 26 1d d 39 3c 49 23 ab d 2d
FIXUPS: 719ca 3f 30 30 23 1b d 10 d b 1a 27 d 58 d 3e d 3b41 d 21 23 1b
FIXUPS: 75794 10 d b 2e 3d a 2b a 1c ffffbbee d 50 d 44 7a d 50 36 d 1d
FIXUPS: 716e9 d 24 2e 27 c2 d 2d 22 d 15 1e 1f 15 10 1d d 2f e 1f 17 fffff517
FIXUPS: 70ef0 21 48 13 4d 28 b6 d b5 32 d 47 22 48 23 1b d 10 d b 2e 3d
FIXUPS: 71331 2b a 1c 1b a 90 10 c a87f d 17 21 22 e 13 1f e 32 13 1d e
FIXUPS: 7be0a 1f e 13 1f e 13 ffff4ee8 27 f 21 30 23 1b d 10 d b 38 aa35
FIXUPS: 7b8e7 32 23 32 23 d 15 b d 27 77 23 1b b c 22 27 23 d 22 17 2d
FIXUPS: 7bbc0 d 2c 23 13 18 17 2a 27 fffff777 10 19 31 27 23 d 7e 34 23
FIXUPS: 7b5d9 d 63 23 2d d 10 31 27 23 d 5b 23 16 31 27 23 d 17 7 25 7
FIXUPS: 7af74 3b d 28 25 2f 23 29 27 23 d 65 19 13 11 15 2b 62 23 d 2a
FIXUPS: 7b29c 2d d 10 31 27 23 d 5b 23 2d fffff787 d 49 d 17 1d b d 8 5b
FIXUPS: 7ace8 d 54 13 2d 23 d 32 23 d 18 13 13 20 23 13 18 1d 10 29 27
FIXUPS: 7af67 fffff58e 54 23 16 d 15 57 23 d ee 23 32 23 d 2c d 10 1f 15
FIXUPS: 7a872 23 d 129 7e 2b 25 23 1b 1c 56 27 23 fffff566 23 20 28 35
FIXUPS: 7a1bc 32 23 d 2c d 3b d 1a 20 d 1d 20 36 23 32 23 d 2c d 2b 20
FIXUPS: 7a46f 1a 20 d 1d fffff7b7 2f 23 d 15 62 20 d 1a 29 59 e 22 23 2d
FIXUPS: 79eb6 1d 28 22 27 23 d 35 23 2d d 1d 28 22 27 23 d fffff6e6 3a
FIXUPS: 797fb 3a 2f 23 d 15 32 38 81 20 d 1a 38 47 1f 23 2d d 10 8 33 17
FIXUPS: 79b58 1b 27 23 d 1e 1f 17 fffff70a 29 19 88 d 3f 1b 2a 23 d 15
FIXUPS: 794d9 1d 22 5b 36 30 23 2d d 27 d d 20 17 20 1b 16 2e f 1f 17 fffff69a
FIXUPS: 78e4c d 13 1d 10 8 36 22 23 39 d 94 23 d 14 1f 23 56 23 d 2f 58
FIXUPS: 791ac 5d e 29 32 23 d 15 42 fffff6b9 27 f 21 49 27 f 21 30 e 29
FIXUPS: 78b59 2f 3e d 3f 17 23 32 20 d 13 1a 41 23 20 d 20 23 20 d 20 7043
FIXUPS: 7fe5c 1b 5 5 18 e 13 1f e 13 1f e 13 1f e 32 f 21 30 13 1d e 13
FIXUPS: 78872 27 f 21 49 27 f 21 6f94 1c e 30 3f 23 2c 45 1f 10 2d 30 17
FIXUPS: 7faed d 1f 23 32 84 37 23 38 47 2e 23 38 1f 9 2c 10 31 23 fffff720
FIXUPS: 7f539 17 25 28 2d 2f 30 23 31 2c 10 41 23 d 2a d 31 d 43 d 11 c
FIXUPS: 7f822 18 2f d 34 d 22 10 8 fffff771 21 d 2c 26 11 f 27 23 16 2f
FIXUPS: 7f19e 71 4a 6 9 f 4d 65 23 16 67 23 3e 1e 11 1d 20 2a 19 16 11
FIXUPS: 7ecdc 20 d 2c 22 15 6 33 d 27 23 32 23 d 34 d 16 24 d 28 25 6 9
FIXUPS: 7ef51 28 23 32 23 d 34 d 16 fffff909 6 20 d 30 22 15 33 d 31 23
FIXUPS: 7eaa2 38 d 1e 6 20 d 30 2d 1e d 11 33 d 28 23 14 9 32 d 1e fffff7ae
FIXUPS: 7e495 2d 47 23 32 55 46 23 36 3b 18 44 23 18 2f d 1e 6 20 d 30
FIXUPS: 7e807 11 33 d 4a 27 23 18 2f d fffff641 d d 6c 32 23 16 b 8 2a
FIXUPS: 7e0f5 24 23 44 27 22 23 3a d 28 48 23 19 20 1d d 22 2e 2b 65 23
FIXUPS: 7e469 fffff600 e 26 32 23 d 79 31 e 26 32 23 d 7b 2f e 26 46 26
FIXUPS: 7ddb5 13 d 14 23 32 23 d d 6a 24 23 32 fffff49c 9 c 2a 29 5c b2
FIXUPS: 7d57e 24 34 66 c9 2d 42 30 31 21 d 26 7b 3a 21 6a 31 23 d 18 13
FIXUPS: 7d9ff d 1c 28 fffff50b d 3c 25 29 32 23 d 3c d 58 a9 37 48 2c 23
FIXUPS: 7d282 14 20 d 27 22 9 e 13 23 23 14 9 17 20 d fffff7e0 1c d 15
FIXUPS: 7cc25 23 d f f 26 13 b 2f 23 d 10 a 15 2d 24 d 2f 1b 3c 23 1f 20
FIXUPS: 7ce98 3c 25 23 1f fffff83b f 15 2a 23 d 10 f e 1e 2a 23 23 24 81
FIXUPS: 7c979 23 30 d 80 23 16 2e 19 30 23 d e 2f 19 12 10 fffff73f 1d
FIXUPS: 7c33e 77 20 d 47 2d 20 d e 22 d 21 1d 31 77 20 d 26 2d 16 19 8
FIXUPS: 7c669 22 39 19 11 2b 2d 23 fffff870 49 27 f 21 30 e b b 33 20 d
FIXUPS: 7c141 16 d a 2b 19 a a a 10 b 8 16 2d 20 d 24 d e 1b 4cd8 32 23
FIXUPS: 80ff7 19 b 2e 29 35 23 d 10 15 12 20 d 12 12 1f 1a 1d 46 1f 1d
FIXUPS: 7beac 36 27 f 21 49 27 f 4ce2 1a b 19 b 15 20 d 17 b c 1f a 15
FIXUPS: 80db8 24 1d 20 d 1a 15 1f 20 d 1a 1f 15 12 21 14 e b fffff8b6 24
FIXUPS: 8084c 1b 10 d 26 35 8 12 3e d 7c 29 23 1b 10 d 26 28 d 3a c a6
FIXUPS: 80bb9 29 32 23 d 10 b 2e fffff507 69 6 51 6 98 37 23 16 29 6d 20
FIXUPS: 80423 26 23 16 3c 1b 23 40 9d 23 1b b 28 d 11 94 1d 23 16 35 2ce2
FIXUPS: 83486 d d 20 29 14 1c e 27 1d 82 2d 2f 18 28 12 9 9 1f 20 1b 5
FIXUPS: 83711 18 e 13 ffffc91f 80 23 1d 5e 2e0c 2a d 2c d 48 d 21 23 16
FIXUPS: 830c0 b9 23 16 1d d 10 d 46 11 34 3a 2f 1c 26 32 16 e 64 d 23 1c
FIXUPS: 82bb0 24 d 17 b 28 1d d 4c 11 d a 1f 23 2e 16 32 23 d 4b d 13 20
FIXUPS: 82e49 2b 38 16 20 d 3f d 4b fffff878 c 5f 26 35 23 d 19 1c 2c 35
FIXUPS: 829ad d 10 b 12 f d d 12 11 b 2b 2c 32 16 15 10 2d 28 39 d fffff7a3
FIXUPS: 8234d 12 1a 23 32 23 d 14 27 2c 16 34 14 1e 1f 29 d 1d 8 11e 26
FIXUPS: 826b3 20 d 10 59 26 35 23 d 10 fffff631 f4 26 32 16 12 57 d 11
FIXUPS: 82036 32 1d 44 2c 3d d 10 10 2a d 10 2f 17 18 15 20 23 32 23 d
FIXUPS: 822ce e fffff651 49 53 2c 16 b b 16 17 c 6c 15 23 13 22 46 29 6d
FIXUPS: 81c48 23 d 15 11 1b 23 2d 2c 16 18 14 67 e fffff6b5 1c b 23 2e
FIXUPS: 81542 16 e b 77 13 1c b 23 34 29 32 23 d 1a e 8e 59 d 1a 1b 11
FIXUPS: 8189f 2f 25 b 1c 2abb 1a e 19 d 17 1d 22 e 13 1f 26 3a 23 ffffcd20
FIXUPS: 81292 27 f 21 30 1b 20 25 e b 11 26 29 16 e b 6d 2b8b 23 38 20
FIXUPS: 840a9 15 66 15 b c 29 2c 32 23 d 10 b 52 d d 13 8 31 3a e c 42
FIXUPS: 84385 13 b 18 e fffff930 26 32 23 d f 15 e 15 10 14 2b 22 26 1b
FIXUPS: 83e87 15 16 c 1b 2c 1b b b b 35 15 b c e 21 35 fffff8a3 17 10 8
FIXUPS: 838f9 23 32 20 d 2c 13 61 2e 23 70 13 12 18 10 2c 20 d 3c 20 d
FIXUPS: 83c1d 2c 10 8 18 1d 1c 1b98 1d 5 1d e 13 1f 13 26 10 10 19 19 13
FIXUPS: 8597a 13 16 16 16 e e 1e 16 ffffdd63 27 f 21 30 e b 26 3c 1cee
FIXUPS: 85590 22 d 14 18 b b 18 20 c b 8 1c 24 6 9 b 27 29 16 c b 16 25
FIXUPS: 85777 14 37 c 20 d 1a fffff9d4 20 23 13 c 10 22 d 19 26 23 13 c
FIXUPS: 8531b 22 d 36 19 29 16 b b 16 b 4f 22 39 29 16 15 19 23 fffff977
FIXUPS: 84ed1 15 1b 9 1d d d 28 29 16 c 27 23 d 18 f b 29 d 2d 29 19 c
FIXUPS: 8510e d 14 e 24 2b 49 9 fffff873 19 1e 19 17 12 1e 19 19 20 20
FIXUPS: 84b67 2a 47 25 d 2f 10 80 e 26 4c 38 58 23 13 c 27 23 d 15 2c fffff735
FIXUPS: 84609 30 10 30 11 19 3a 4c 29 16 f 25 d 17 a 3f 23 22 23 1e 19
FIXUPS: 84919 29 16 25 d 15 a 3f 2e 19 2490 f 4b 23 1b b 25 d 27 d 2a d
FIXUPS: 87033 34 5 26 10 10 19 19 13 13 13 16 16 16 e e 1e 16 ffffd403
FIXUPS: 845d9 2543 d 30 d 34 1f 23 32 23 d 15 b 25 d 31 d 2a d d 37 23
FIXUPS: 86d9e 23 d 15 b 25 d 27 d 2a d fffff8d4 d 27 d 17 42 16 b 25 d
FIXUPS: 86873 d 2a d 42 16 b 25 d 27 d 2a d 42 29 32 23 d 1b e 2b d fffff74b
FIXUPS: 8623c a 9 53 37 22 1b 53 27 b 1c d2 60 1e 27 2c d 2f d 56 16 b
FIXUPS: 8663f d 27 d 5d d 2f 16 b fffff3dc d 1a 125 91 7b 2f ef d 2d 2e
FIXUPS: 85efa 2a d 13 75 b 8 96 23 d 5f 17 3b 40 b 1c 1a 1e 15 1c c 20b3
FIXUPS: 882e2 10 19 19 13 13 13 16 16 16 e e 1e 30 12 2e e 13 1f 13 1d
FIXUPS: 884cb 2e e 13 1f 13 ffffecdb ffffffc0 ffffe852 b8 2340 b 4c 8 28
FIXUPS: 87ee0 8 21 150 b 8 1e b 2f 11 19 28 20 d d 7 20 d d c 12 6d 4b
FIXUPS: 8826c 1d e 13 fffff6b3 23 84 f 26 40 e 20 d d 3a 25 d 18 8f 4a
FIXUPS: 87c49 16 10 37 18 15 26 13 10 a 6d 18 15 29 23 16 fffff4e0 27 f
FIXUPS: 87359 49 27 f 21 30 12 3e 52 1e 28 d 9b e 1e 22 d 11 74 32 d d
FIXUPS: 87716 11 1a 19 38 12f 4d 32b4 10 10 19 19 13 13 13 16 16 16 e e
FIXUPS: 88592 10 10 19 19 13 13 13 16 16 16 e e 1c 5 ffffebc6 27 f 21 3496
FIXUPS: 8a75c 4d 23 33 d 4d 23 33 d 4d 23 33 d 3d 23 33 d 3d 23 33 d 4d
FIXUPS: 8ab09 20 10 8 16 5 1d e 13 fffff6af 23 41 d 1e 21 23 41 d 25 1a
FIXUPS: 8a3cc 33 d 3d 23 33 d 3d 23 33 d 4d 23 33 d 3d 23 33 d 5d 23 fffff6e1
FIXUPS: 89e49 23 32 23 d 3b d 14 15 3a 23 32 23 d 2c 23 d 3b d 14 9 1c
FIXUPS: 8a119 23 32 23 d 3b d 14 17 fffff68c d b b 27 23 d 10 8 4b d 1a
FIXUPS: 89a13 4c 5d 8d 23 1b d 27 23 d d 36 d 5a 15 1f 54 53 1b 66 fffff573
FIXUPS: 8936f d7 24 17 26 24 17 59 20 3f 1f 23 14 b 36 d 2d 3e 23 14 b
FIXUPS: 89721 d 34 37 23 41 d 1f 30 29 fffff160 32 16 32 16 31 20 59 4e
FIXUPS: 88b8a 1f 29 3d d 10 1a 19 358 92 29 32 16 1a 19 d8 14 7f 71 29
FIXUPS: 89324 23 d 5876 1f 30 e 13 1f 13 1d 13 1d 13 6d 30 30 ffff9939
FIXUPS: 886f9 f 21 30 e 32 2c 5d 36 11 2d 13 2a 1c 15 83 32 5f7b 10 1c
FIXUPS: 8e969 10 1a 9 10 20 a 26 1b 5 5 5 5 1e 13 1d e 32 e 13 1f e 13
FIXUPS: 8eb39 e 13 1f 30 e fffffaeb 10 10 19 19 13 13 13 16 16 16 e e 1e
FIXUPS: 8e7cc 32 23 d 10 8 8 e c 12 c 12 c 10 25 18 b 14 fffffa1b 17 11
FIXUPS: 8e362 1c 16 25 10 2d 23 d 18 1b 12 b b 26 2d 25 23 28 23 d 2c 1a
FIXUPS: 8e5d7 17 26 14 c 25 18 fffff8cf 1c 23 1b 30 49 14 32 23 16 2b 13
FIXUPS: 8e0d8 3f 14 21 3d 29 16 b 8 8 b d 65 13 2f d 18 1d 1b 1b fffff8e8
FIXUPS: 8dc19 23 32 23 d 10 8 8 8 e 14 12 c 12 c 11 65 17 10 17 2f 52 23
FIXUPS: 8de92 b b 8 e 29 18 22 fffff88e 2a 23 13 8 35 d 2c 23 d 13 14 16
FIXUPS: 8d90d 1c c 1b 3d 8c 12 30 23 d 15 59 23 13 18 18 50 1a 23 fffff7e2
FIXUPS: 8d3d6 b 11 3d 14 2e 1f 13 11 5b 1e c 10 14 10 4c e 8 e 18 14 37
FIXUPS: 8d64d 23 13 1e 13 91 d 8 31 fffff9bb 15 8 8 3d 19 b b 8 7 11 3d
FIXUPS: 8d269 23 17 8 7 10 6 8 d 7 16 1f 23 32 23 d 10 8 8 8 fffff9a6 23
FIXUPS: 8cd9c 38 23 d 1b 1a 10 8 1e 2a 2a 23 d 10 27 23 d 15 14 1d 30 49
FIXUPS: 8d04c 23 d 37 d 29 2d 23 fffff814 b 2d 4d 25 31 2e 1c 26 3e 39
FIXUPS: 8cb1c d 30 23 16 17 23 16 c b b 13 42 23 16 c 13 38 16 2a 10 fffff850
FIXUPS: 8c599 2d 23 d 32 23 d 21 10 8 18 1d 23 2a 23 d 16 15 34 47 2d 23
FIXUPS: 8c846 d 9 27 34 22 23 1f 1a fffff6dc 18 26 38 1f 15 15 14 60 1e
FIXUPS: 8c171 28 23 32 23 d 10 4b 23 32 23 d 20 2a a 43 b4 51 1f 12 2e
FIXUPS: 8c56f fffff58f 1e 15 23 30 26 8c 30 46 39 15 33 ac 29 16 b 16 1d
FIXUPS: 8be73 15 21 23 35 23 d d 17 28 13 38 16 28 fffff653 23 32 23 d
FIXUPS: 8b6f0 19 23 14 31 38 20 23 2a 3c 27 29 16 b 30 d 1a 21 1d 2f 1d
FIXUPS: 8b9d3 1d 83 15 21 23 fffff5bd 10 33 3e 3e 31 10 8 1e 23 23 1c 1d
FIXUPS: 8b259 14 17 34 6b 66 3a 5d 7c 16 34 14 17 17 5e 13 39 19 24 fc5a
FIXUPS: 9b27c 1d 19 8 1f 13 1d 13 fffef9b0 36 27 f 21 49 27 f 21 49 27
FIXUPS: 8ae78 21 49 27 f 21 49 27 f 21 33 30 ff10 26 b 26 14 14 d 7f 5
FIXUPS: 9b079 e 13 1f e 13 1f e 13 1f e 13 1f 13 1d e 13 1f e 13 1f e 13
FIXUPS: 9ab89 2a 23 d 1b 48 16 20 2e 1f 23 13 e 6 26 2a 23 d 10 b 26 2c
FIXUPS: 9ae0b 2e 60 e 1b 2e 14 14 14 13 fffff7d9 10 1e 14 d 1c 18 13 b
FIXUPS: 9a849 23 45 17 21 23 45 17 21 23 4b 17 1b 23 4b 17 1b 10 2d 23
FIXUPS: 9ab36 18 13 fffff6d5 20 15 1e 23 16 40 d d e 8 3e 4b 91 d 2a d
FIXUPS: 9a4bd d a1 2f 5f 30 29 16 b b b e 2a 1f 24 fffff70a 23 d 15 10
FIXUPS: 99e77 1d 95 23 d 30 29 32 23 d 10 b b b 14 c 15 f 15 2d 28 32 36
FIXUPS: 9a187 74 17 15 fffff784 8e 23 16 e 24 a 40 4b 23 16 e 1f b 16 a
FIXUPS: 99c0a d 52 23 1b 14 1f 1f 12 30 23 d 2e 12 2e e fffff372 29 16
FIXUPS: 991a3 b 43 1f 16 50 72 54 48 106 5c 14 21 19 d 7c 23 2f d aa 35
FIXUPS: 99721 77 c b2 1b 1f d9 23 fffff19c 1c b 17 7 49 d b 10 15 76 25
FIXUPS: 98c99 e 2b 3f 31 25 2e 39 23 b 3f 85 f 16a 29 16 b 69 1a 12 fffff544
FIXUPS: 98668 a 18 5c 55 8 26 23 16 8 7 28 23 16 8 b e4 2b 2d d 8 1a 49
FIXUPS: 989fc 16 32 7 49 36 12 26 fffff770 14 14 46 14 14 16 f d 1e 53
FIXUPS: 983b7 23 b 1a c 19 b 3e 7e b 23 23 16 18 2c 1b 7 49 16 12 11 fffff792
FIXUPS: 97dd3 37 2f 21 15 e 45 14 14 f d 53 c b 1b 38 7e b 2d 29 16 b 39
FIXUPS: 9812e 2d 7 37 2f 21 15 11 fffff61a 23 16 e 38 1e f f f a 59 28
FIXUPS: 979a6 28 7b 29 16 b b 64 2d 2d 7 e8 19 13 82 29 16 b 2a 32 fffff610
FIXUPS: 973cd 1d 2f 23 13 2e 1c 10 20 29 16 b 37 e 52 c 7 16 11 c 14 d
FIXUPS: 97666 1b 5e c 16 a9 7 31 14 fffff703 23 16 18 20 19 1c d 22 3b
FIXUPS: 970b3 8 2e 11 3f 7 8 26 1c d 31 81 23 32 23 d 10 b 17 b 2c 2d fffff768
FIXUPS: 96afd 7 c 14 f f 1f 25 13 1e 53 c b 18 14 c 19 b a7 7 46 b 2d 2a
FIXUPS: 96df6 d 10 23 2b 18 2e fffff7aa c 14 f 1f 25 13 53 c b 18 9a 7
FIXUPS: 96840 b 2e 30 2a 23 d 10 23 2b 2e 5a 29 32 23 d 2a d 10 fffff6c8
FIXUPS: 961bb 2e 10 8 1e 2a 16 3a 30 2a 23 d 10 14 1d a5 23 2d 23 2c 6f
FIXUPS: 96539 29 32 23 d 2a d 10 e 31 fffff77e b b 14 13 25 c 37 1f 2d
FIXUPS: 95ee2 16 b b d 14 13 36 c 35 23 32 23 d 20 23 1f 29 10 33 4a 20
FIXUPS: 95a58 41 f 6 6a 21 20 c 1a 14 c 1a 14 c 1a 14 c 1a 14 c 1a 14 c
FIXUPS: 95ca1 19 5f 23 13 d 6 27 29 fffff7ff 14 10 34 1c 24 24 24 24 24
FIXUPS: 95744 1a 1a 1a 1a 1a 1a 23 23 17 1a b e d 55 33 33 33 33 33 2e
FIXUPS: 95a1a fffff773 9 14 21 4f 14 48 14 38 9 14 21 68 23 d 41 23 18
FIXUPS: 95439 29 16 e 45 14 1a 14 1a 14 1a 14 1a 14 fffff7f9 32 25 36 f
FIXUPS: 94e3c 4d e 22 23 32 23 d 10 8 14 17 54 47 2e 17 28 23 13 8 8 8
FIXUPS: 950f0 12 27 19 14 fffff782 21 2d 23 d d 1e 17 23 1c 15 27 17 42
FIXUPS: 94a8d 1d 1a 25 29 32 23 d 24 10 52 36 2d 1c 23 2d d ad fffff577
FIXUPS: 94307 42 30 30 30 30 30 1f 31 23 1d 30 18 e 30 4a 30 55 1b 2a 32
FIXUPS: 946b8 d 2c 37 d 19 25 39 d0 1c fffff5da 1d 5c 2e 10 31 23 d 38
FIXUPS: 93fe5 d 27 b 20 4c 23 d 38 4a 10 2c 23 d 2b 2a 23 d 24 d d 10 56
FIXUPS: 939a9 30 30 30 29 16 2d 12 19 1d 19 22 77 18 39 a 39 7 16 45 23
FIXUPS: 93cc5 2d 3e 23 d 27 16 18 18 14 4b fffff723 e e 1e 14 14 28 15
FIXUPS: 93605 1e 10 26 29 16 19 14 32 36 a 59 23 d d 23 f 2a 23 d ce 1a
FIXUPS: 9395b 12 fffff53f 29 20 2d 17 12 d 29 24 2c 26 15 30 15 27 75 20
FIXUPS: 93185 20 3d 7f 15 20c 10 10 19 19 13 13 13 16 16 fffff467 17 b
FIXUPS: 92a23 18 45 a 3f 7 16 45 23 d 2d 47 23 d 12 2f 78 23 d 17 b 34
FIXUPS: 92de2 52 17 14 12 12 17 fffff667 28 23 16 13 15 1b 64 29 16 1f
FIXUPS: 92672 b b b b b 44 11 2b 3f 31 25 2e 39 b 23 27 66 19 f 81 fffff684
FIXUPS: 92059 14 2c 23 5d 23 13 c 2b 6 12 1b 6 12 15 1a 17 1a 42 2b 52
FIXUPS: 92303 17 13 5e 25 b9 23 13 c 1e fffff6fc 54 23 16 e 2c 7 8 19 f
FIXUPS: 91cd7 62 23 19 1c 1a 8 27 1f 23 32 23 d 25 34 17 1a 3f 28 26 1e
FIXUPS: 92005 fffff7b9 2b 2b 13 34 13 7 a4 23 16 37 23 16 e 21 9 1f 11
FIXUPS: 91a49 23 16 a 2d 23 16 8 3f 23 25 15 1b 7 fffff773 e 53 9 24 23
FIXUPS: 913ef e 16 79 8 13 3c 32 51 d 19 e 8 5f 9 af 23 1d c 13 a 15 32
FIXUPS: 91792 16 b fffff81b 23 d d e 1e c 25 15 1c 29 2d f b e 11 20 22
FIXUPS: 9117f 22 b 1d 23 13 e 4a c e 48 23 17 1b fffff926 b 28 e 13 21
FIXUPS: 90cd2 32 23 d 10 b b b c 12 15 d 13 21 f 3a 19 c 18 4b 2e 26 29
FIXUPS: 90f5d 1c 23 fffff8c1 23 d 10 19 46 1f b 17 44 16 22 17 21 95 23
FIXUPS: 90ab6 23 29 1a 12 12 b 1e 23 13 1b 19 18 27 e c fffff79b 16 1d
FIXUPS: 90429 37 29 23 31 10 36 36 23 26 1d 4a 33 23 d 30 10 16 2a 2d 10
FIXUPS: 90756 23 d 41 d 25 1c 15 fffff785 23 d d 31 3c 23 32 1d 21 d 17
FIXUPS: 9012c 10 38 3b 23 d 2e 1d 22 22 3b 20 12 2d 23 d 21 e 30 23 fffff6b8
FIXUPS: 8fa82 14 13 43 41 af 23 d 26 c 1f 20 8 33 23 d 34 8d 23 32 1d 21
FIXUPS: 8fe49 25 d 26 2e 22 3b d 33 fffff6fd 23 32 23 d 18 23 23 33 47
FIXUPS: 8f7e9 29 16 a 16 1a b 19 3b b 17 13 2e 33 b 3e b 1e 29 32 1d 24
FIXUPS: 8f212 17 2d 32 20 d 16 32 20 d e 1a 22 15 7a 20 d 49 23 1f 1e 23
FIXUPS: 8f52e 23 d 10 1e 2d 23 33 19 23 d718 16 16 e e ffff2037 27 f 21
FIXUPS: 8ee82 27 f 21 49 27 f 21 49 27 f 21 49 27 f 21 49 27 f 21 30 12
FIXUPS: 8f1c9 d866 d b 9 41 1d 9 b 6b 15 27 2a 23 d 2c 16 b 1d b 1d 12
FIXUPS: 9cc76 21 5 26 10 10 19 19 13 13 13 fffffa37 d 36 1d 39 20 d 27
FIXUPS: 9c87f 1a b 1d 15 b d b 1a b 22 18 15 b 10 b 15 12 10 b 13 18 d
FIXUPS: 9ca1f fffff981 e 9 12 24 4e d 31 32 13 20 d 30 e 12 10 b 9 39 79
FIXUPS: 9c61e 36 1b 13 20 d 2e e 12 10 b 9 fffff952 23 d 2c 23 d 10 b b
FIXUPS: 9c130 b b 26 22 40 4b 18 1e e 9 1c b 1e e 9 2b e 9 d 20 39 1e fffff9d7
FIXUPS: 9bd6f b b b b 1c 1d 18 1e e 9 1c b 1e e 9 2b e 9 1c 20 28 25 1d
FIXUPS: 9bf74 50 22 1f d 15 22 fffff929 19 19 19 1d 15 19 b c 3d 1d 22
FIXUPS: 9bae9 2e 37 1e 32 15 10 10 10 10 1a 44 b b 42 2a 23 d 2c 23 fffff8e5
FIXUPS: 9b647 3e 2c 25 18 1e 14 54 13 15 1a 2f 2c 1f 1f b c 1d b 10 10
FIXUPS: 9b8db e c 10 10 d 10 b c 10 fffffac0 2a 20 d 10 b b b b 1b 10 10
FIXUPS: 9b4f7 10 10 10 10 10 10 10 10 10 10 10 10 10 10 10 10 10 10 10
