 chomp

 Timestamp is 3070bd8b (Mon Oct 02 21:35:23 1995)

 Preferred load address is 00400000

 Start         Length     Name                   Class
 0001:00000000 0004be48H .text                   CODE
 0002:00000000 00002130H .bss                    DATA
 0003:00000000 000007a9H .rdata                  DATA
 0004:00000000 00006664H .data                   DATA
 0004:00006664 00000004H .CRT$XCA                DATA
 0004:00006668 00000080H .CRT$XCU                DATA
 0004:000066e8 00000004H .CRT$XCZ                DATA
 0004:000066ec 00000004H .CRT$XIA                DATA
 0004:000066f0 00000008H .CRT$XIC                DATA
 0004:000066f8 00000004H .CRT$XIZ                DATA
 0004:000066fc 00000004H .CRT$XPA                DATA
 0004:00006700 00000004H .CRT$XPX                DATA
 0004:00006704 00000004H .CRT$XPZ                DATA
 0004:00006708 00000004H .CRT$XTA                DATA
 0004:0000670c 00000004H .CRT$XTZ                DATA
 0005:00000000 00000064H .idata$2                DATA
 0005:00000064 00000014H .idata$3                DATA
 0005:00000078 000000f0H .idata$4                DATA
 0005:00000168 000000f0H .idata$5                DATA
 0005:00000258 00000408H .idata$6                DATA
 0007:00000000 00000000H .debug$C                DATA
 0007:00000000 00000110H .debug$E                DATA
 0007:00000110 00000690H .debug$F                DATA
 0007:000009d0 00000000H .debug$G                DATA
 0007:000009d0 00000032H .debug$H                DATA
 0007:fffa2000 00000000H .debug$P                DATA
 0007:fffa2000 00000000H .debug$S                DATA
 0007:fffa2000 00000000H .debug$T                DATA

  Address         Publics by Value              Rva+Base   Lib:Object

 0001:00000000       ?FWouldBe@USAC@@SGHJ@Z     00401000 f utilglob.obj
 0001:00000040       ?FIs@USAC@@UAEHJ@Z         00401040 f utilglob.obj
 0001:00000070       ?Cls@USAC@@UAEJXZ          00401070 f utilglob.obj
 0001:000001b0       ??1RND@@UAE@XZ             004011b0 f utilglob.obj
 0001:000001e0       ??1KCDC@@UAE@XZ            004011e0 f utilglob.obj
 0001:00000210       ??0KCDC@@QAE@XZ            00401210 f utilglob.obj
 0001:00000250       ??1USAC@@UAE@XZ            00401250 f utilglob.obj
 0001:000002a0       ??1BASE@@UAE@XZ            004012a0 f utilglob.obj
 0001:000002f0       ??_GBASE@@UAEPAXI@Z        004012f0 f utilglob.obj
 0001:000002f0       ??_EBASE@@UAEPAXI@Z        004012f0 f utilglob.obj
 0001:00000330       ??1CODC@@UAE@XZ            00401330 f utilglob.obj
 0001:00000360       ??_EKCDC@@UAEPAXI@Z        00401360 f utilglob.obj
 0001:00000360       ??_GKCDC@@UAEPAXI@Z        00401360 f utilglob.obj
 0001:000003a0       ??0CODC@@QAE@XZ            004013a0 f utilglob.obj
 0001:000003e0       ??_GCODC@@UAEPAXI@Z        004013e0 f utilglob.obj
 0001:000003e0       ??_ECODC@@UAEPAXI@Z        004013e0 f utilglob.obj
 0001:00000420       ??0MUTX@@QAE@XZ            00401420 f utilglob.obj
 0001:00000450       ??1MUTX@@QAE@XZ            00401450 f utilglob.obj
 0001:00000480       ?FCanDo@KCDC@@UAEHHJ@Z     00401480 f utilglob.obj
 0001:00000510       ?PfilNext@FIL@@QAEPAV1@XZ  00401510 f util.obj
 0001:00000540       ?PbllNext@BLL@@QAEPAV1@XZ  00401540 f util.obj
 0001:00000570       ?PcflNext@CFL@@QAEPAV1@XZ  00401570 f util.obj
 0001:000005a0       ?FWouldBe@BLL@@SGHJ@Z      004015a0 f base.obj
 0001:000005e0       ?FIs@BLL@@UAEHJ@Z          004015e0 f base.obj
 0001:00000610       ?Cls@BLL@@UAEJXZ           00401610 f base.obj
 0001:00000640       ?Cls@BASE@@UAEJXZ          00401640 f base.obj
 0001:00000670       ?FIs@BASE@@UAEHJ@Z         00401670 f base.obj
 0001:000006b0       ?FWouldBe@BASE@@SGHJ@Z     004016b0 f base.obj
 0001:000006e0       ??0BASE@@QAE@XZ            004016e0 f base.obj
 0001:000007c0       ?_PbaseFromDoi@@YGPAVBASE@@PAUDOI@@@Z 004017c0 f base.obj
 0001:000007e0       ?_Enter@@YGXXZ             004017e0 f base.obj
 0001:00000800       ?_Leave@@YGXXZ             00401800 f base.obj
 0001:00000820       ?AddRef@BASE@@UAEXXZ       00401820 f base.obj
 0001:000008b0       ?Release@BASE@@UAEXXZ      004018b0 f base.obj
 0001:00000960       ??2BASE@@SGPAXIPADJ@Z      00401960 f base.obj
 0001:00000b30       ?Debugger@@YGXXZ           00401b30 f base.obj
 0001:00000b50       ??3BASE@@SGXPAX@Z          00401b50 f base.obj
 0001:00000bd0       ?_PdoiFromBase@@YGPAUDOI@@PAX@Z 00401bd0 f base.obj
 0001:00000bf0       ?AssertValid@BASE@@QAEXK@Z 00401bf0 f base.obj
 0001:00000d20       ?MarkMemStub@BASE@@QAEXXZ  00401d20 f base.obj
 0001:00000e00       ?MarkMem@BASE@@UAEXXZ      00401e00 f base.obj
 0001:00000e50       ?_AssertDoi@@YGXPAUDOI@@H@Z 00401e50 f base.obj
 0001:00001040       ?_LinkDoi@@YGXPAUDOI@@PAPAU1@@Z 00402040 f base.obj
 0001:000010c0       ?_UnlinkDoi@@YGXPAUDOI@@@Z 004020c0 f base.obj
 0001:00001140       ??0BLL@@QAE@XZ             00402140 f base.obj
 0001:00001190       ??1BLL@@UAE@XZ             00402190 f base.obj
 0001:000011e0       ?_Attach@BLL@@IAEXPAX@Z    004021e0 f base.obj
 0001:00001380       ?AssertNilOrPvCb@@YGXPAXJ@Z 00402380 f base.obj
 0001:000013b0       ?AssertValid@BLL@@QAEXK@Z  004023b0 f base.obj
 0001:000014b0       ??_EBLL@@UAEPAXI@Z         004024b0 f base.obj
 0001:000014b0       ??_GBLL@@UAEPAXI@Z         004024b0 f base.obj
 0001:000014f0       ??0STN@@QAE@XZ             004024f0 f base.obj
 0001:00001550       ?PvAddBv@@YGPAXPAXJ@Z      00402550 f base.obj
 0001:00001570       ?PvSubBv@@YGPAXPAXJ@Z      00402570 f base.obj
 0001:00001590       ?Enter@MUTX@@QAEXXZ        00402590 f base.obj
 0001:000015c0       ?Leave@MUTX@@QAEXXZ        004025c0 f base.obj
 0001:000015f0       ?LwThreadCur@@YGJXZ        004025f0 f base.obj
 0001:00001610       ?FillPb@@YGXPAXJE@Z        00402610 f utilcopy.obj
 0001:00001670       ?ClearPb@@YGXPAXJ@Z        00402670 f utilcopy.obj
 0001:000016c0       ?ReversePb@@YGXPAXJ@Z      004026c0 f utilcopy.obj
 0001:00001720       ?SwapBlocks@@YGXPAXJJ@Z    00402720 f utilcopy.obj
 0001:000017a0       ?SwapPb@@YGXPAX0J@Z        004027a0 f utilcopy.obj
 0001:00001840       ?FEqualRgb@@YGHPAX0J@Z     00402840 f utilcopy.obj
 0001:000018c0       ?CbEqualRgb@@YGJPAX0J@Z    004028c0 f utilcopy.obj
 0001:00001950       ?CopyPb@@YGXPAX0J@Z        00402950 f utilcopy.obj
 0001:000019f0       ?BltPb@@YGXPAX0J@Z         004029f0 f utilcopy.obj
 0001:00001ad0       ?FWouldBe@ERS@@SGHJ@Z      00402ad0 f utilerro.obj
 0001:00001b10       ?FIs@ERS@@UAEHJ@Z          00402b10 f utilerro.obj
 0001:00001b40       ?Cls@ERS@@UAEJXZ           00402b40 f utilerro.obj
 0001:00001b70       ??0ERS@@QAE@XZ             00402b70 f utilerro.obj
 0001:00001bc0       ?Push@ERS@@UAEXJPADJ@Z     00402bc0 f utilerro.obj
 0001:00001d80       ?FPop@ERS@@UAEHPAJ@Z       00402d80 f utilerro.obj
 0001:00001e80       ?Clear@ERS@@UAEXXZ         00402e80 f utilerro.obj
 0001:00001ef0       ?Cerc@ERS@@UAEJXZ          00402ef0 f utilerro.obj
 0001:00001f40       ?FIn@ERS@@UAEHJ@Z          00402f40 f utilerro.obj
 0001:00002010       ?ErcGet@ERS@@UAEJJ@Z       00403010 f utilerro.obj
 0001:000020b0       ?Flush@ERS@@UAEXJ@Z        004030b0 f utilerro.obj
 0001:000021a0       ?FIn@@YGHJJJ@Z             004031a0 f utilerro.obj
 0001:000021e0       ?AssertValid@ERS@@QAEXK@Z  004031e0 f utilerro.obj
 0001:00002280       ??1ERS@@UAE@XZ             00403280 f utilerro.obj
 0001:000022b0       ??_EERS@@UAEPAXI@Z         004032b0 f utilerro.obj
 0001:000022b0       ??_GERS@@UAEPAXI@Z         004032b0 f utilerro.obj
 0001:000022f0       ?LwGcd@@YGJJJ@Z            004032f0 f utilint.obj
 0001:00002320       ?LuGcd@@YGKKK@Z            00403320 f utilint.obj
 0001:000023b0       ?LwDivAway@@YGJJJ@Z        004033b0 f utilint.obj
 0001:00002460       ?LwRoundAway@@YGJJJ@Z      00403460 f utilint.obj
 0001:000024f0       ?LwRoundToward@@YGJJJ@Z    004034f0 f utilint.obj
 0001:00002560       ?LwMul@@YGJJJ@Z            00403560 f utilint.obj
 0001:000025d0       ?AssertIn@@YGXJJJ@Z        004035d0 f utilint.obj
 0001:00002650       ?SwapBytesBom@@YGXPAXK@Z   00403650 f utilint.obj
 0001:00002730       ?LwMin@@YGJJJ@Z            00403730 f utilint.obj
 0001:00002760       ?LwAbs@@YGJJ@Z             00403760 f utilint.obj
 0001:00002790       ?SwapBytesRgsw@@YGXPAXJ@Z  00403790 f utilint.obj
 0001:00002820       ?SwapBytesRglw@@YGXPAXJ@Z  00403820 f utilint.obj
 0001:000028d0       ?AssertBomRglw@@YGXKJ@Z    004038d0 f utilint.obj
 0001:00002990       ?LwMulDiv@@YGJJJJ@Z        00403990 f utilint.obj
 0001:000029e0       ?LwMax@@YGJJJ@Z            004039e0 f utilint.obj
 0001:00002a10       ?Dyp@RC@@QAEJXZ            00403a10 f utilint.obj
 0001:00002a50       ?Zero@RC@@QAEXXZ           00403a50 f utilint.obj
 0001:00002ab0       ?FEmpty@RC@@QAEHXZ         00403ab0 f utilint.obj
 0001:00002b10       ?Offset@RC@@QAEXJJ@Z       00403b10 f utilint.obj
 0001:00002b60       ?LwBound@@YGJJJJ@Z         00403b60 f utilint.obj
 0001:00002ba0       ?AssertValid@RAT@@QAEXK@Z  00403ba0 f utilint.obj
 0001:00002c20       ??0USAC@@QAE@XZ            00403c20 f utilint.obj
 0001:00002c80       ?LwHighLow@@YGJFF@Z        00403c80 f utilint.obj
 0001:00002cb0       ?SuHigh@@YGGJ@Z            00403cb0 f utilint.obj
 0001:00002cd0       ?SuLow@@YGGJ@Z             00403cd0 f utilint.obj
 0001:00002cf0       ?Set@DVER@@QAEXFF@Z        00403cf0 f utilint.obj
 0001:00002d30       ?FReadable@DVER@@QAEHFF@Z  00403d30 f utilint.obj
 0001:00002df0       ??_EUSAC@@UAEPAXI@Z        00403df0 f utilint.obj
 0001:00002df0       ??_GUSAC@@UAEPAXI@Z        00403df0 f utilint.obj
 0001:00002e30       ?TsCurrentSystem@@YGKXZ    00403e30 f utilint.obj
 0001:00002e50       ?FFail@DMAGL@@QAEHXZ       00403e50 f utilmem.obj
 0001:00002ec0       ?Allocate@DMAGL@@QAEXJ@Z   00403ec0 f utilmem.obj
 0001:00002f50       ?Resize@DMAGL@@QAEXJ@Z     00403f50 f utilmem.obj
 0001:00002fb0       ?Free@DMAGL@@QAEXJ@Z       00403fb0 f utilmem.obj
 0001:00002ff0       ?FAllocPvDebug@@YGHPAPAXJKJPADJPAUDMAGL@@@Z 00403ff0 f utilmem.obj
 0001:00003340       ?_FResizePpvDebug@@YGHPAPAXJJKJPAUDMAGL@@@Z 00404340 f utilmem.obj
 0001:00003750       ?FreePpvDebug@@YGXPAPAXPAUDMAGL@@@Z 00404750 f utilmem.obj
 0001:000037f0       ?_LinkMbh@@YGXPAUMBH@@@Z   004047f0 f utilmem.obj
 0001:00003890       ?_UnlinkMbh@@YGXPAUMBH@@0@Z 00404890 f utilmem.obj
 0001:00003a30       ?_AssertMbh@@YGXPAUMBH@@@Z 00404a30 f utilmem.obj
 0001:00003c70       ?AssertPvAlloced@@YGXPAXJ@Z 00404c70 f utilmem.obj
 0001:00003d30       ?MarkPv@@YGXPAX@Z          00404d30 f utilmem.obj
 0001:00003da0       ?FWouldBe@RND@@SGHJ@Z      00404da0 f utilrnd.obj
 0001:00003de0       ?FIs@RND@@UAEHJ@Z          00404de0 f utilrnd.obj
 0001:00003e10       ?Cls@RND@@UAEJXZ           00404e10 f utilrnd.obj
 0001:00003e40       ?FWouldBe@SFL@@SGHJ@Z      00404e40 f utilrnd.obj
 0001:00003e80       ?FIs@SFL@@UAEHJ@Z          00404e80 f utilrnd.obj
 0001:00003eb0       ?Cls@SFL@@UAEJXZ           00404eb0 f utilrnd.obj
 0001:00003ee0       ??0RND@@QAE@K@Z            00404ee0 f utilrnd.obj
 0001:00003f70       ?LwNext@RND@@UAEJJ@Z       00404f70 f utilrnd.obj
 0001:00004040       ??0SFL@@QAE@K@Z            00405040 f utilrnd.obj
 0001:000040d0       ??1SFL@@UAE@XZ             004050d0 f utilrnd.obj
 0001:00004140       ?AssertValid@SFL@@QAEXK@Z  00405140 f utilrnd.obj
 0001:00004210       ?MarkMem@SFL@@UAEXXZ       00405210 f utilrnd.obj
 0001:00004270       ?Shuffle@SFL@@QAEXJ@Z      00405270 f utilrnd.obj
 0001:00004380       ?_ShuffleCore@SFL@@IAEXXZ  00405380 f utilrnd.obj
 0001:00004470       ?_FEnsureHq@SFL@@IAEHJ@Z   00405470 f utilrnd.obj
 0001:000045f0       ?LwNext@SFL@@UAEJJ@Z       004055f0 f utilrnd.obj
 0001:00004750       ??_GRND@@UAEPAXI@Z         00405750 f utilrnd.obj
 0001:00004750       ??_ERND@@UAEPAXI@Z         00405750 f utilrnd.obj
 0001:00004790       ??_GSFL@@UAEPAXI@Z         00405790 f utilrnd.obj
 0001:00004790       ??_ESFL@@UAEPAXI@Z         00405790 f utilrnd.obj
 0001:000047d0       ??4STN@@QAEAAV0@AAV0@@Z    004057d0 f utilstr.obj
 0001:000048c0       ?SetRgch@STN@@QAEXPADJ@Z   004058c0 f utilstr.obj
 0001:000049a0       ?SetSzs@STN@@QAEXPAD@Z     004059a0 f utilstr.obj
 0001:00004a00       ?Delete@STN@@QAEXJJ@Z      00405a00 f utilstr.obj
 0001:00004b60       ?FAppendRgch@STN@@QAEHPADJ@Z 00405b60 f utilstr.obj
 0001:00004c60       ?FInsertRgch@STN@@QAEHJPADJ@Z 00405c60 f utilstr.obj
 0001:00004e10       ?FEqualRgch@STN@@QAEHPADJ@Z 00405e10 f utilstr.obj
 0001:00004eb0       ?FEqualUserRgch@STN@@QAEHPADJK@Z 00405eb0 f utilstr.obj
 0001:00004f40       ?CbData@STN@@QAEJXZ        00405f40 f utilstr.obj
 0001:00004f90       ?GetData@STN@@QAEXPAX@Z    00405f90 f utilstr.obj
 0001:00005020       ?FSetData@STN@@QAEHPAXJPAJ@Z 00406020 f utilstr.obj
 0001:000054e0       ?GetSzs@STN@@QAEXPAD@Z     004064e0 f utilstr.obj
 0001:00005550       ?FFormatSz@STN@@QAAHPADZZ  00406550 f utilstr.obj
 0001:000055b0       ?FFormatRgch@STN@@QAEHPADJPAK@Z 004065b0 f utilstr.obj
 0001:00005e10       ?CbCharOsk@@YGJF@Z         00406e10 f utilstr.obj
 0001:00005ea0       ?Prgch@STN@@QAEPADXZ       00406ea0 f utilstr.obj
 0001:00005ef0       ?Psz@STN@@QAEPADXZ         00406ef0 f utilstr.obj
 0001:00005f40       ?FExpandControls@STN@@QAEHXZ 00406f40 f utilstr.obj
 0001:00006170       ?Cch@STN@@QAEJXZ           00407170 f utilstr.obj
 0001:000061c0       ?SetNil@STN@@QAEXXZ        004071c0 f utilstr.obj
 0001:00006220       ?SetSz@STN@@QAEXPAD@Z      00407220 f utilstr.obj
 0001:00006260       ?AssertValid@STN@@QAEXK@Z  00407260 f utilstr.obj
 0001:00006350       ?FValidSt@@YGHPAD@Z        00407350 f utilstr.obj
 0001:00006400       ?PrgchSt@@YGPADPAD@Z       00407400 f utilstr.obj
 0001:00006420       ?FValidStz@@YGHPAD@Z       00407420 f utilstr.obj
 0001:00006480       ?CchSt@@YGJPAD@Z           00407480 f utilstr.obj
 0001:000064b0       ?PszStz@@YGPADPAD@Z        004074b0 f utilstr.obj
 0001:000064d0       ?CchSz@@YGJPAD@Z           004074d0 f utilstr.obj
 0001:00006570       ?FcmpCompareRgch@@YGKPADJ0J@Z 00407570 f utilstr.obj
 0001:000066b0       ?FEqualUserRgch@@YGHPADJ0JK@Z 004076b0 f utilstr.obj
 0001:00006820       ?FcmpCompareUserRgch@@YGKPADJ0JK@Z 00407820 f utilstr.obj
 0001:00006930       ?UpperRgchs@@YGXPADJ@Z     00407930 f utilstr.obj
 0001:000069f0       ?CchTranslateRgb@@YGJPAXJFPADJ@Z 004079f0 f utilstr.obj
 0001:00006ba0       ?TranslateRgch@@YGXPADJFH@Z 00407ba0 f utilstr.obj
 0001:00006c90       ?AssertOsk@@YGXF@Z         00407c90 f utilstr.obj
 0001:00006d40       ?AssertSt@@YGXPAD@Z        00407d40 f utilstr.obj
 0001:00006d90       ?AssertStz@@YGXPAD@Z       00407d90 f utilstr.obj
 0001:00006de0       ?AssertSz@@YGXPAD@Z        00407de0 f utilstr.obj
 0001:00006e30       ?FAllocHqDebug@@YGHPAPAXJKJPADJ@Z 00407e30 f memwin.obj
 0001:00006f10       ?FResizePhq@@YGHPAPAXJKJ@Z 00407f10 f memwin.obj
 0001:00007040       ?FreePhq@@YGXPAPAX@Z       00408040 f memwin.obj
 0001:000070f0       ?CbOfHq@@YGJPAX@Z          004080f0 f memwin.obj
 0001:00007130       ?QvFromHq@@YGPAXPAX@Z      00408130 f memwin.obj
 0001:00007150       ?PvLockHq@@YGPAXPAX@Z      00408150 f memwin.obj
 0001:000071d0       ?UnlockHq@@YGXPAX@Z        004081d0 f memwin.obj
 0001:00007250       ?AssertHq@@YGXPAX@Z        00408250 f memwin.obj
 0001:00007340       ?MarkHq@@YGXPAX@Z          00408340 f memwin.obj
 0001:00007380       ?AssertPvCb@@YGXPAXJ@Z     00408380 f memwin.obj
 0001:00007410       ?FWouldBe@CFL@@SGHJ@Z      00408410 f chunk.obj
 0001:00007450       ?FIs@CFL@@UAEHJ@Z          00408450 f chunk.obj
 0001:00007480       ?Cls@CFL@@UAEJXZ           00408480 f chunk.obj
 0001:000074b0       ?FWouldBe@CGE@@SGHJ@Z      004084b0 f chunk.obj
 0001:000074f0       ?FIs@CGE@@UAEHJ@Z          004084f0 f chunk.obj
 0001:00007520       ?Cls@CGE@@UAEJXZ           00408520 f chunk.obj
 0001:00007550       ??0CFL@@AAE@XZ             00408550 f chunk.obj
 0001:000075c0       ??1CFL@@EAE@XZ             004085c0 f chunk.obj
 0001:00007750       ?PcflOpen@CFL@@SGPAV1@PAVFNI@@K@Z 00408750 f chunk.obj
 0001:000079e0       ?_GrffilFromGrfcfl@CFL@@CGKK@Z 004089e0 f chunk.obj
 0001:00007a30       ?PcflCreate@CFL@@SGPAV1@PAVFNI@@K@Z 00408a30 f chunk.obj
 0001:00007ca0       ?PcflCreateTemp@CFL@@SGPAV1@PAVFNI@@@Z 00408ca0 f chunk.obj
 0001:00007dc0       ?PcflFromFni@CFL@@SGPAV1@PAVFNI@@@Z 00408dc0 f chunk.obj
 0001:00007ef0       ?FWriteChunkTree@CFL@@QAEHKKPAVFIL@@JPAJ@Z 00408ef0 f chunk.obj
 0001:00008170       ?AssignGrfcrp@CRPSM@@QAEXKK@Z 00409170 f chunk.obj
 0001:000081c0       ?SetCb@CRPSM@@QAEXJ@Z      004091c0 f chunk.obj
 0001:00008200       ?FForest@CFL@@QAEHKK@Z     00409200 f chunk.obj
 0001:00008310       ?Grfcrp@CRPSM@@QAEKK@Z     00409310 f chunk.obj
 0001:00008340       ?SetForest@CFL@@QAEXKKH@Z  00409340 f chunk.obj
 0001:00008480       ?ClearGrfcrp@CRPSM@@QAEXK@Z 00409480 f chunk.obj
 0001:000084b0       ?SetGrfcrp@CRPSM@@QAEXK@Z  004094b0 f chunk.obj
 0001:000084e0       ?FSetGrfcfl@CFL@@QAEHKK@Z  004094e0 f chunk.obj
 0001:00008630       ?Release@CFL@@UAEXXZ       00409630 f chunk.obj
 0001:00008710       ?AssertValid@CFL@@QAEXK@Z  00409710 f chunk.obj
 0001:000094e0       ?CbRgch@CRPSM@@QAEJJ@Z     0040a4e0 f chunk.obj
 0001:00009510       ?BvRgch@CRPSM@@QAEJXZ      0040a510 f chunk.obj
 0001:00009540       ?Cb@CRPSM@@QAEJXZ          0040a540 f chunk.obj
 0001:00009570       ?SuspendAssertValid@@YGXXZ 0040a570 f chunk.obj
 0001:000095c0       ?ResumeAssertValid@@YGXXZ  0040a5c0 f chunk.obj
 0001:000095f0       ?ElError@FIL@@QAEJXZ       0040a5f0 f chunk.obj
 0001:00009620       ?GrffilCur@FIL@@QAEKXZ     0040a620 f chunk.obj
 0001:00009650       ?FReadRgbSeq@FIL@@QAEHPAXJPAJ@Z 0040a650 f chunk.obj
 0001:000096b0       ?FWriteRgbSeq@FIL@@QAEHPAXJPAJ@Z 0040a6b0 f chunk.obj
 0001:00009710       ?IvMac@GRPB@@QAEJXZ        0040a710 f chunk.obj
 0001:00009740       ?FPush@GL@@QAEHPAX@Z       0040a740 f chunk.obj
 0001:00009780       ?MarkMem@CFL@@UAEXXZ       0040a780 f chunk.obj
 0001:00009850       ?_TValidIndex@CFL@@AAEHXZ  0040a850 f chunk.obj
 0001:00009d80       ?_FReadIndex@CFL@@AAEHXZ   0040ad80 f chunk.obj
 0001:0000aa90       ?BvRgch@CRPBG@@QAEJXZ      0040ba90 f chunk.obj
 0001:0000aac0       ?CbRgch@CRPBG@@QAEJJ@Z     0040bac0 f chunk.obj
 0001:0000aaf0       ?Grfcrp@CRPBG@@QAEKK@Z     0040baf0 f chunk.obj
 0001:0000ab20       ?ClearGrfcrp@CRPBG@@QAEXK@Z 0040bb20 f chunk.obj
 0001:0000ab50       ?SetGrfcrp@CRPBG@@QAEXK@Z  0040bb50 f chunk.obj
 0001:0000ab80       ?Cb@CRPBG@@QAEJXZ          0040bb80 f chunk.obj
 0001:0000abb0       ?Lock@GRPB@@QAEXXZ         0040bbb0 f chunk.obj
 0001:0000abf0       ?Unlock@GRPB@@QAEXXZ       0040bbf0 f chunk.obj
 0001:0000ac30       ?CbFixed@GGB@@QAEJXZ       0040bc30 f chunk.obj
 0001:0000ac60       ?_ReadFreeMap@CFL@@AAEXXZ  0040bc60 f chunk.obj
 0001:0000ae50       ?CbEntry@GLB@@QAEJXZ       0040be50 f chunk.obj
 0001:0000ae80       ?FSave@CFL@@QAEHKPAVFNI@@@Z 0040be80 f chunk.obj
 0001:0000b6d0       ?FTemp@FIL@@QAEHXZ         0040c6d0 f chunk.obj
 0001:0000b710       ?GetFni@CFL@@QAEXPAVFNI@@@Z 0040c710 f chunk.obj
 0001:0000b740       ?GetFni@FIL@@QAEXPAVFNI@@@Z 0040c740 f chunk.obj
 0001:0000b770       ?_FWriteIndex@CFL@@AAEHK@Z 0040c770 f chunk.obj
 0001:0000bad0       ?_FEnsureOnExtra@CFL@@AAEHJPAUFLO@@@Z 0040cad0 f chunk.obj
 0001:0000bc50       ?_GetFlo@CFL@@AAEXJPAUFLO@@@Z 0040cc50 f chunk.obj
 0001:0000bda0       ?_GetBlck@CFL@@AAEXJPAVBLCK@@@Z 0040cda0 f chunk.obj
 0001:0000be80       ?FFind@CFL@@QAEHKKPAVBLCK@@@Z 0040ce80 f chunk.obj
 0001:0000bf50       ?FFindFlo@CFL@@QAEHKKPAUFLO@@@Z 0040cf50 f chunk.obj
 0001:0000c000       ?SetPacked@CFL@@QAEXKKH@Z  0040d000 f chunk.obj
 0001:0000c140       ?FPacked@CFL@@QAEHKK@Z     0040d140 f chunk.obj
 0001:0000c250       ?_FCreateExtra@CFL@@AAEHXZ 0040d250 f chunk.obj
 0001:0000c330       ?_FAllocFlo@CFL@@AAEHJPAUFLO@@H@Z 0040d330 f chunk.obj
 0001:0000c670       ?_FFindCtgCno@CFL@@AAEHKKPAJ@Z 0040d670 f chunk.obj
 0001:0000c810       ?_GetUniqueCno@CFL@@AAEXKPAJPAK@Z 0040d810 f chunk.obj
 0001:0000c920       ?FAdd@CFL@@QAEHJKPAKPAVBLCK@@@Z 0040d920 f chunk.obj
 0001:0000ca70       ?FWrite@BLCK@@QAEHPAXH@Z   0040da70 f chunk.obj
 0001:0000cab0       ?FAddBlck@CFL@@QAEHPAVBLCK@@KPAK@Z 0040dab0 f chunk.obj
 0001:0000cc40       ?_FAdd@CFL@@AAEHJKKJPAVBLCK@@@Z 0040dc40 f chunk.obj
 0001:0000ce70       ?FPut@CFL@@QAEHJKKPAVBLCK@@@Z 0040de70 f chunk.obj
 0001:0000cf10       ?FPutPv@CFL@@QAEHPAXJKK@Z  0040df10 f chunk.obj
 0001:0000cf90       ?FPutBlck@CFL@@QAEHPAVBLCK@@KK@Z 0040df90 f chunk.obj
 0001:0000d090       ?_FPut@CFL@@AAEHJKKPAVBLCK@@0PAX@Z 0040e090 f chunk.obj
 0001:0000d590       ?FWrite@FLO@@QAEHPAX@Z     0040e590 f chunk.obj
 0001:0000d5d0       ?SwapData@CFL@@QAEXKKKK@Z  0040e5d0 f chunk.obj
 0001:0000d780       ?SwapChildren@CFL@@QAEXKKKK@Z 0040e780 f chunk.obj
 0001:0000d9a0       ?Delete@CFL@@QAEXKK@Z      0040e9a0 f chunk.obj
 0001:0000dcb0       ?SetLoner@CFL@@QAEXKKH@Z   0040ecb0 f chunk.obj
 0001:0000dda0       ?CckiRef@CFL@@QAEJKK@Z     0040eda0 f chunk.obj
 0001:0000de60       ?TIsDescendent@CFL@@QAEHKKKK@Z 0040ee60 f chunk.obj
 0001:0000df80       ?_FDecRefCount@CFL@@AAEHJ@Z 0040ef80 f chunk.obj
 0001:0000e060       ?_DeleteCore@CFL@@AAEXJ@Z  0040f060 f chunk.obj
 0001:0000e120       ?_FreeFpCb@CFL@@AAEXHJJ@Z  0040f120 f chunk.obj
 0001:0000e6e0       ?FSetName@CFL@@QAEHKKPAVSTN@@@Z 0040f6e0 f chunk.obj
 0001:0000e810       ?_FSetName@CFL@@AAEHJPAVSTN@@@Z 0040f810 f chunk.obj
 0001:0000e9b0       ?FGetName@CFL@@QAEHKKPAVSTN@@@Z 0040f9b0 f chunk.obj
 0001:0000eac0       ?_FGetName@CFL@@AAEHJPAVSTN@@@Z 0040fac0 f chunk.obj
 0001:0000ec40       ?FAdoptChild@CFL@@QAEHKKKKKH@Z 0040fc40 f chunk.obj
 0001:0000ed90       ?_FAdoptChild@CFL@@AAEHJJKKKH@Z 0040fd90 f chunk.obj
 0001:0000f030       ?FGetCki@CFL@@QAEHJPAUCKI@@PAJPAVBLCK@@@Z 00410030 f chunk.obj
 0001:0000f1b0       ?Ckid@CFL@@QAEJKK@Z        004101b0 f chunk.obj
 0001:0000f270       ?FGetKid@CFL@@QAEHKKJPAUKID@@@Z 00410270 f chunk.obj
 0001:0000f450       ?FGetKidChidCtg@CFL@@QAEHKKKKPAUKID@@@Z 00410450 f chunk.obj
 0001:0000f500       ?_FFindChidCtg@CFL@@AAEHKKKKPAUKID@@@Z 00410500 f chunk.obj
 0001:0000f740       ?_FFindChild@CFL@@AAEHJKKKPAJ@Z 00410740 f chunk.obj
 0001:0000f920       ?_FSetRti@CFL@@AAEHKKJ@Z   00410920 f chunk.obj
 0001:0000fa40       ?_FFindRtie@CFL@@AAEHKKPAURTIE@1@PAJ@Z 00410a40 f chunk.obj
 0001:0000fc00       ??0CGE@@QAE@XZ             00410c00 f chunk.obj
 0001:0000fc80       ??1CGE@@UAE@XZ             00410c80 f chunk.obj
 0001:0000fd10       ?AssertValid@CGE@@QAEXK@Z  00410d10 f chunk.obj
 0001:0000fe40       ?MarkMem@CGE@@UAEXXZ       00410e40 f chunk.obj
 0001:0000feb0       ?Init@CGE@@QAEXPAVCFL@@KK@Z 00410eb0 f chunk.obj
 0001:00010000       ?FNextKid@CGE@@QAEHPAUKID@@PAUCKI@@PAKK@Z 00411000 f chunk.obj
 0001:00010440       ??4FNI@@QAEAAV0@AAV0@@Z    00411440 f chunk.obj
 0001:00010490       ??_GCFL@@EAEPAXI@Z         00411490 f chunk.obj
 0001:00010490       ??_ECFL@@EAEPAXI@Z         00411490 f chunk.obj
 0001:000104d0       ??1FNI@@UAE@XZ             004114d0 f chunk.obj
 0001:00010500       ??_GCGE@@UAEPAXI@Z         00411500 f chunk.obj
 0001:00010500       ??_ECGE@@UAEPAXI@Z         00411500 f chunk.obj
 0001:00010540       ??4BASE@@QAEAAV0@ABV0@@Z   00411540 f chunk.obj
 0001:00010580       ?FWouldBe@CODM@@SGHJ@Z     00411580 f codec.obj
 0001:000105c0       ?FIs@CODM@@UAEHJ@Z         004115c0 f codec.obj
 0001:000105f0       ?Cls@CODM@@UAEJXZ          004115f0 f codec.obj
 0001:00010620       ?FWouldBe@CODC@@SGHJ@Z     00411620 f codec.obj
 0001:00010660       ?FIs@CODC@@UAEHJ@Z         00411660 f codec.obj
 0001:00010690       ?Cls@CODC@@UAEJXZ          00411690 f codec.obj
 0001:000106c0       ??0CODM@@QAE@PAVCODC@@J@Z  004116c0 f codec.obj
 0001:000107c0       ??1CODM@@UAE@XZ            004117c0 f codec.obj
 0001:000108e0       ?AssertValid@CODM@@QAEXK@Z 004118e0 f codec.obj
 0001:000109b0       ?MarkMem@CODM@@UAEXXZ      004119b0 f codec.obj
 0001:00010aa0       ?SetCfmtDefault@CODM@@QAEXJ@Z 00411aa0 f codec.obj
 0001:00010b30       ?FRegisterCodec@CODM@@UAEHPAVCODC@@@Z 00411b30 f codec.obj
 0001:00010c40       ?FCanDo@CODM@@UAEHJH@Z     00411c40 f codec.obj
 0001:00010cb0       ?FGetCfmtFromBlck@CODM@@UAEHPAVBLCK@@PAJ@Z 00411cb0 f codec.obj
 0001:00010de0       ?LwFromBytes@@YGJEEEE@Z    00411de0 f codec.obj
 0001:00010e20       ?_FFindCodec@CODM@@MAEHHJPAPAVCODC@@@Z 00411e20 f codec.obj
 0001:00010f60       ?_FCodePhq@CODM@@MAEHJPAPAX@Z 00411f60 f codec.obj
 0001:00011150       ?_FCode@CODM@@MAEHJPAXJ0JPAJ@Z 00412150 f codec.obj
 0001:00011460       ?B0Lw@@YGEJ@Z              00412460 f codec.obj
 0001:00011480       ?B1Lw@@YGEJ@Z              00412480 f codec.obj
 0001:000114a0       ?B2Lw@@YGEJ@Z              004124a0 f codec.obj
 0001:000114c0       ?B3Lw@@YGEJ@Z              004124c0 f codec.obj
 0001:00011500       ??_GCODM@@UAEPAXI@Z        00412500 f codec.obj
 0001:00011500       ??_ECODM@@UAEPAXI@Z        00412500 f codec.obj
 0001:00011540       ?FWouldBe@KCDC@@SGHJ@Z     00412540 f codkauai.obj
 0001:00011580       ?FIs@KCDC@@UAEHJ@Z         00412580 f codkauai.obj
 0001:000115b0       ?Cls@KCDC@@UAEJXZ          004125b0 f codkauai.obj
 0001:000115e0       ?FConvert@KCDC@@UAEHHJPAXJ0JPAJ@Z 004125e0 f codkauai.obj
 0001:00011740       ?Set@BITA@@QAEXPAXJ@Z      00412740 f codkauai.obj
 0001:000117a0       ?FWriteBits@BITA@@QAEHKJ@Z 004127a0 f codkauai.obj
 0001:00011940       ?FWriteLogEncoded@BITA@@QAEHK@Z 00412940 f codkauai.obj
 0001:00011a30       ?_FEncode@KCDC@@IAEHPAXJ0JPAJ@Z 00412a30 f codkauai.obj
 0001:000121f0       ?Ibit@BITA@@QAEJXZ         004131f0 f codkauai.obj
 0001:00012220       ?Ib@BITA@@QAEJXZ           00413220 f codkauai.obj
 0001:00012250       ?_FDecode@KCDC@@IAEHPAXJ0JPAJ@Z 00413250 f codkauai.obj
 0001:00015f30       ?_FEncode2@KCDC@@IAEHPAXJ0JPAJ@Z 00416f30 f codkauai.obj
 0001:00016850       ?_FDecode2@KCDC@@IAEHPAXJ0JPAJ@Z 00417850 f codkauai.obj
 0001:00019040       ?FWouldBe@BACO@@SGHJ@Z     0041a040 f crf.obj
 0001:00019080       ?FIs@BACO@@UAEHJ@Z         0041a080 f crf.obj
 0001:000190b0       ?Cls@BACO@@UAEJXZ          0041a0b0 f crf.obj
 0001:000190e0       ??0BACO@@IAE@XZ            0041a0e0 f crf.obj
 0001:00019160       ??1BACO@@MAE@XZ            0041a160 f crf.obj
 0001:00019230       ?FWriteFlo@BACO@@UAEHPAUFLO@@@Z 0041a230 f crf.obj
 0001:00019320       ?FWrite@BACO@@UAEHPAVBLCK@@@Z 0041a320 f crf.obj
 0001:00019390       ?CbOnFile@BACO@@UAEJXZ     0041a390 f crf.obj
 0001:00019400       ?AssertValid@BACO@@QAEXK@Z 0041a400 f crf.obj
 0001:00019490       ?MarkMem@BACO@@UAEXXZ      0041a490 f crf.obj
 0001:00019500       ?Release@BACO@@UAEXXZ      0041a500 f crf.obj
 0001:00019660       ?Detach@BACO@@UAEXXZ       0041a660 f crf.obj
 0001:00019790       ?SetCrep@BACO@@UAEXJ@Z     0041a790 f crf.obj
 0001:00019810       ?CactRef@BASE@@QAEJXZ      0041a810 f crf.obj
 0001:00019840       ?BacoDetached@CRF@@QAEXPAVBACO@@@Z 0041a840 f crf.obj
 0001:00019a00       ?BacoReleased@CRF@@QAEXPAVBACO@@@Z 0041aa00 f crf.obj
 0001:00019bf0       ?_FFindBaco@CRF@@IAEHPAVBACO@@PAJ@Z 0041abf0 f crf.obj
 0001:00019f70       ?AssertValid@CRF@@QAEXK@Z  0041af70 f crf.obj
 0001:0001a0c0       ??_EBACO@@MAEPAXI@Z        0041b0c0 f crf.obj
 0001:0001a0c0       ??_GBACO@@MAEPAXI@Z        0041b0c0 f crf.obj
 0001:0001a120       ?FWouldBe@FIL@@SGHJ@Z      0041b120 f file.obj
 0001:0001a160       ?FIs@FIL@@UAEHJ@Z          0041b160 f file.obj
 0001:0001a190       ?Cls@FIL@@UAEJXZ           0041b190 f file.obj
 0001:0001a1c0       ?FWouldBe@BLCK@@SGHJ@Z     0041b1c0 f file.obj
 0001:0001a200       ?FIs@BLCK@@UAEHJ@Z         0041b200 f file.obj
 0001:0001a230       ?Cls@BLCK@@UAEJXZ          0041b230 f file.obj
 0001:0001a260       ?FWouldBe@MSFIL@@SGHJ@Z    0041b260 f file.obj
 0001:0001a2a0       ?FIs@MSFIL@@UAEHJ@Z        0041b2a0 f file.obj
 0001:0001a2d0       ?Cls@MSFIL@@UAEJXZ         0041b2d0 f file.obj
 0001:0001a300       ??0FIL@@IAE@PAVFNI@@K@Z    0041b300 f file.obj
 0001:0001a3f0       ??1FIL@@MAE@XZ             0041b3f0 f file.obj
 0001:0001a460       ?PfilOpen@FIL@@SGPAV1@PAVFNI@@K@Z 0041b460 f file.obj
 0001:0001a680       ?PfilCreate@FIL@@SGPAV1@PAVFNI@@K@Z 0041b680 f file.obj
 0001:0001a850       ?PfilCreateTemp@FIL@@SGPAV1@PAVFNI@@@Z 0041b850 f file.obj
 0001:0001a970       ?PfilFromFni@FIL@@SGPAV1@PAVFNI@@@Z 0041b970 f file.obj
 0001:0001aac0       ?FSetGrffil@FIL@@QAEHKK@Z  0041bac0 f file.obj
 0001:0001abd0       ?Release@FIL@@UAEXXZ       0041bbd0 f file.obj
 0001:0001acb0       ?GetStnPath@FIL@@QAEXPAVSTN@@@Z 0041bcb0 f file.obj
 0001:0001ad20       ?SetTemp@FIL@@QAEXH@Z      0041bd20 f file.obj
 0001:0001ada0       ?ShutDown@FIL@@SGXXZ       0041bda0 f file.obj
 0001:0001ae60       ?AssertValid@FIL@@QAEXK@Z  0041be60 f file.obj
 0001:0001af90       ?_FRangeIn@@YGHJJJ@Z       0041bf90 f file.obj
 0001:0001aff0       ?FReadRgb@FLO@@QAEHPAXJJ@Z 0041bff0 f file.obj
 0001:0001b0c0       ?FWriteRgb@FLO@@QAEHPAXJJ@Z 0041c0c0 f file.obj
 0001:0001b190       ?FCopy@FLO@@QAEHPAU1@@Z    0041c190 f file.obj
 0001:0001b410       ?FReadHq@FLO@@QAEHPAPAXJJ@Z 0041c410 f file.obj
 0001:0001b520       ?FWriteHq@FLO@@QAEHPAXJ@Z  0041c520 f file.obj
 0001:0001b600       ?FTranslate@FLO@@QAEHF@Z   0041c600 f file.obj
 0001:0001bb30       ?AssertValid@FLO@@QAEXK@Z  0041cb30 f file.obj
 0001:0001bc30       ??0BLCK@@QAE@PAUFLO@@H@Z   0041cc30 f file.obj
 0001:0001bd70       ??0BLCK@@QAE@PAVFIL@@JJH@Z 0041cd70 f file.obj
 0001:0001beb0       ??0BLCK@@QAE@XZ            0041ceb0 f file.obj
 0001:0001bf50       ??1BLCK@@UAE@XZ            0041cf50 f file.obj
 0001:0001bfb0       ?Set@BLCK@@QAEXPAUFLO@@H@Z 0041cfb0 f file.obj
 0001:0001c0d0       ?Set@BLCK@@QAEXPAVFIL@@JJH@Z 0041d0d0 f file.obj
 0001:0001c200       ?SetHq@BLCK@@QAEXPAPAXH@Z  0041d200 f file.obj
 0001:0001c2e0       ?Free@BLCK@@QAEXXZ         0041d2e0 f file.obj
 0001:0001c390       ?HqFree@BLCK@@QAEPAXH@Z    0041d390 f file.obj
 0001:0001c540       ?Cb@BLCK@@QAEJH@Z          0041d540 f file.obj
 0001:0001c5d0       ?FSetTemp@BLCK@@QAEHJH@Z   0041d5d0 f file.obj
 0001:0001c6d0       ?FMoveMin@BLCK@@QAEHJ@Z    0041d6d0 f file.obj
 0001:0001c7c0       ?FMoveLim@BLCK@@QAEHJ@Z    0041d7c0 f file.obj
 0001:0001c8b0       ?FReadHq@FLO@@QAEHPAPAX@Z  0041d8b0 f file.obj
 0001:0001c8f0       ?FReadRgb@BLCK@@QAEHPAXJJH@Z 0041d8f0 f file.obj
 0001:0001ca90       ?FWouldBe@MSNK@@SGHJ@Z     0041da90 f file.obj
 0001:0001cad0       ?FWriteRgb@BLCK@@QAEHPAXJJH@Z 0041dad0 f file.obj
 0001:0001cc70       ?FWriteHq@BLCK@@QAEHPAXJH@Z 0041dc70 f file.obj
 0001:0001ce10       ?FWriteToFlo@BLCK@@QAEHPAUFLO@@H@Z 0041de10 f file.obj
 0001:0001cfb0       ?FWriteToBlck@BLCK@@QAEHPAV1@H@Z 0041dfb0 f file.obj
 0001:0001d160       ?FGetFlo@BLCK@@QAEHPAUFLO@@H@Z 0041e160 f file.obj
 0001:0001d360       ?FPacked@BLCK@@QAEHPAJ@Z   0041e360 f file.obj
 0001:0001d400       ?FPackData@BLCK@@QAEHJ@Z   0041e400 f file.obj
 0001:0001d640       ?FCompressPhq@CODM@@QAEHPAPAXJ@Z 0041e640 f file.obj
 0001:0001d690       ?FUnpackData@BLCK@@QAEHXZ  0041e690 f file.obj
 0001:0001d8c0       ?FDecompressPhq@CODM@@QAEHPAPAX@Z 0041e8c0 f file.obj
 0001:0001d8f0       ?AssertValid@BLCK@@QAEXK@Z 0041e8f0 f file.obj
 0001:0001db20       ?MarkMem@BLCK@@UAEXXZ      0041eb20 f file.obj
 0001:0001db60       ??0MSFIL@@QAE@PAVFIL@@@Z   0041eb60 f file.obj
 0001:0001dc00       ??1MSFIL@@UAE@XZ           0041ec00 f file.obj
 0001:0001dc90       ?AssertValid@MSFIL@@QAEXK@Z 0041ec90 f file.obj
 0001:0001dd60       ?SetFile@MSFIL@@QAEXPAVFIL@@@Z 0041ed60 f file.obj
 0001:0001de70       ?ReportLine@MSFIL@@UAEXPAD@Z 0041ee70 f file.obj
 0001:0001df40       ?Report@MSFIL@@UAEXPAD@Z   0041ef40 f file.obj
 0001:0001e030       ?FError@MSFIL@@UAEHXZ      0041f030 f file.obj
 0001:0001e0e0       ??_GFIL@@MAEPAXI@Z         0041f0e0 f file.obj
 0001:0001e0e0       ??_EFIL@@MAEPAXI@Z         0041f0e0 f file.obj
 0001:0001e120       ??_GBLCK@@UAEPAXI@Z        0041f120 f file.obj
 0001:0001e120       ??_EBLCK@@UAEPAXI@Z        0041f120 f file.obj
 0001:0001e160       ??_EMSFIL@@UAEPAXI@Z       0041f160 f file.obj
 0001:0001e160       ??_GMSFIL@@UAEPAXI@Z       0041f160 f file.obj
 0001:0001e1a0       ??0MSNK@@QAE@XZ            0041f1a0 f file.obj
 0001:0001e1e0       ?FIs@MSNK@@UAEHJ@Z         0041f1e0 f file.obj
 0001:0001e210       ?Cls@MSNK@@UAEJXZ          0041f210 f file.obj
 0001:0001e240       ??1MSNK@@UAE@XZ            0041f240 f file.obj
 0001:0001e270       ??_EMSNK@@UAEPAXI@Z        0041f270 f file.obj
 0001:0001e270       ??_GMSNK@@UAEPAXI@Z        0041f270 f file.obj
 0001:0001e2b0       ?_HfileOpen@@YGPAXPADHK@Z  0041f2b0 f filewin.obj
 0001:0001e330       ?_FOpen@FIL@@IAEHHK@Z      0041f330 f filewin.obj
 0001:0001e570       ?_Close@FIL@@IAEXH@Z       0041f570 f filewin.obj
 0001:0001e690       ?Flush@FIL@@QAEXXZ         0041f690 f filewin.obj
 0001:0001e720       ?_SetFpPos@FIL@@IAEXJ@Z    0041f720 f filewin.obj
 0001:0001e820       ?FSetFpMac@FIL@@QAEHJ@Z    0041f820 f filewin.obj
 0001:0001e960       ?FpMac@FIL@@QAEJXZ         0041f960 f filewin.obj
 0001:0001ea70       ?FReadRgb@FIL@@QAEHPAXJJ@Z 0041fa70 f filewin.obj
 0001:0001ec30       ?FWriteRgb@FIL@@QAEHPAXJJ@Z 0041fc30 f filewin.obj
 0001:0001ee00       ?FSwapNames@FIL@@QAEHPAV1@@Z 0041fe00 f filewin.obj
 0001:0001f290       ?FRename@FIL@@QAEHPAVFNI@@@Z 00420290 f filewin.obj
 0001:0001f4c0       ?FWouldBe@FNI@@SGHJ@Z      004204c0 f fniwin.obj
 0001:0001f500       ?FIs@FNI@@UAEHJ@Z          00420500 f fniwin.obj
 0001:0001f530       ?Cls@FNI@@UAEJXZ           00420530 f fniwin.obj
 0001:0001f560       ?SetNil@FNI@@QAEXXZ        00420560 f fniwin.obj
 0001:0001f5c0       ??0FNI@@QAE@XZ             004205c0 f fniwin.obj
 0001:0001f610       ?FBuildFromPath@FNI@@QAEHPAVSTN@@J@Z 00420610 f fniwin.obj
 0001:0001f960       ?FGetUnique@FNI@@QAEHJ@Z   00420960 f fniwin.obj
 0001:0001fb10       ?FGetTemp@FNI@@QAEHXZ      00420b10 f fniwin.obj
 0001:0001fc50       ?Ftg@FNI@@QAEJXZ           00420c50 f fniwin.obj
 0001:0001fca0       ?FSetLeaf@FNI@@QAEHPAVSTN@@J@Z 00420ca0 f fniwin.obj
 0001:0001fe60       ?FChangeFtg@FNI@@QAEHJ@Z   00420e60 f fniwin.obj
 0001:0001ffd0       ?GetLeaf@FNI@@QAEXPAVSTN@@@Z 00420fd0 f fniwin.obj
 0001:00020110       ?GetStnPath@FNI@@QAEXPAVSTN@@@Z 00421110 f fniwin.obj
 0001:000201d0       ?TExists@FNI@@QAEHXZ       004211d0 f fniwin.obj
 0001:00020410       ?FDelete@FNI@@QAEHXZ       00421410 f fniwin.obj
 0001:000204e0       ?FRename@FNI@@QAEHPAV1@@Z  004214e0 f fniwin.obj
 0001:00020600       ?FEqual@FNI@@QAEHPAV1@@Z   00421600 f fniwin.obj
 0001:000206c0       ?FSameDir@FNI@@QAEHPAV1@@Z 004216c0 f fniwin.obj
 0001:00020800       ?AssertValid@FNI@@QAEXK@Z  00421800 f fniwin.obj
 0001:00020b40       ?_CchExt@FNI@@AAEJXZ       00421b40 f fniwin.obj
 0001:00020c40       ?_SetFtgFromName@FNI@@AAEXXZ 00421c40 f fniwin.obj
 0001:00020db0       ?ChsUpper@@YGDD@Z          00421db0 f fniwin.obj
 0001:00020dd0       ??4STN@@QAEAAV0@PAD@Z      00421dd0 f fniwin.obj
 0001:00020e00       ?_FChangeLeaf@FNI@@AAEHPAVSTN@@@Z 00421e00 f fniwin.obj
 0001:00020fe0       ?FAppendCh@STN@@QAEHD@Z    00421fe0 f fniwin.obj
 0001:00021010       ?FAppendSz@STN@@QAEHPAD@Z  00422010 f fniwin.obj
 0001:00021050       ?_CleanFtg@@YGXPAJPAVSTN@@@Z 00422050 f fniwin.obj
 0001:00021180       ?FAppendStn@STN@@QAEHPAV1@@Z 00422180 f fniwin.obj
 0001:000211c0       ?FInsertCh@STN@@QAEHJD@Z   004221c0 f fniwin.obj
 0001:00021200       ?FEqual@STN@@QAEHPAV1@@Z   00422200 f fniwin.obj
 0001:00021240       ?FEqualUser@STN@@QAEHPAV1@K@Z 00422240 f fniwin.obj
 0001:00021280       ?FEqualSz@STN@@QAEHPAD@Z   00422280 f fniwin.obj
 0001:00021320       ??_EFNI@@UAEPAXI@Z         00422320 f fniwin.obj
 0001:00021320       ??_GFNI@@UAEPAXI@Z         00422320 f fniwin.obj
 0001:00021360       ?FWouldBe@CHCM@@SGHJ@Z     00422360 f chcm.obj
 0001:000213a0       ?FIs@CHCM@@UAEHJ@Z         004223a0 f chcm.obj
 0001:000213d0       ?Cls@CHCM@@UAEJXZ          004223d0 f chcm.obj
 0001:00021400       ?FWouldBe@CHLX@@SGHJ@Z     00422400 f chcm.obj
 0001:00021440       ?FIs@CHLX@@UAEHJ@Z         00422440 f chcm.obj
 0001:00021470       ?Cls@CHLX@@UAEJXZ          00422470 f chcm.obj
 0001:000214a0       ?FWouldBe@CHDC@@SGHJ@Z     004224a0 f chcm.obj
 0001:000214e0       ?FIs@CHDC@@UAEHJ@Z         004224e0 f chcm.obj
 0001:00021510       ?Cls@CHDC@@UAEJXZ          00422510 f chcm.obj
 0001:00021540       ??0CHCM@@QAE@XZ            00422540 f chcm.obj
 0001:000215e0       ??1CHCM@@UAE@XZ            004225e0 f chcm.obj
 0001:00021730       ?AssertValid@CHCM@@QAEXK@Z 00422730 f chcm.obj
 0001:000218a0       ?MarkMem@CHCM@@UAEXXZ      004228a0 f chcm.obj
 0001:000219a0       ?_Error@CHCM@@IAEXJPAD@Z   004229a0 f chcm.obj
 0001:00021b80       ?_GetRgbFromLw@CHCM@@IAEXJPAE@Z 00422b80 f chcm.obj
 0001:00021cf0       ?SwLow@@YGFJ@Z             00422cf0 f chcm.obj
 0001:00021d10       ?_ErrorOnData@CHCM@@IAEXPAD@Z 00422d10 f chcm.obj
 0001:00021da0       ?_FGetCleanTok@CHCM@@IAEHPAUTOK@@H@Z 00422da0 f chcm.obj
 0001:00022000       ?_SkipPastTok@CHCM@@IAEXJ@Z 00423000 f chcm.obj
 0001:00022090       ?_FParseParenHeader@CHCM@@IAEHPAUPHP@1@JPAJ@Z 00423090 f chcm.obj
 0001:00022410       ?_ParseChunkHeader@CHCM@@IAEXPAK0@Z 00423410 f chcm.obj
 0001:00022600       ?_AppendString@CHCM@@IAEXPAVSTN@@@Z 00423600 f chcm.obj
 0001:00022810       ?_AppendNumber@CHCM@@IAEXJ@Z 00423810 f chcm.obj
 0001:000228b0       ?_ParseBodyChild@CHCM@@IAEXKK@Z 004238b0 f chcm.obj
 0001:000229f0       ?_ParseBodyParent@CHCM@@IAEXKK@Z 004239f0 f chcm.obj
 0001:00022b30       ?_ParseBodyAlign@CHCM@@IAEXXZ 00423b30 f chcm.obj
 0001:00022d20       ?_ParseBodyFile@CHCM@@IAEXXZ 00423d20 f chcm.obj
 0001:00022ea0       ?CchTotSz@@YGJPAD@Z        00423ea0 f chcm.obj
 0001:00022ec0       ?CchTotSt@@YGJPAD@Z        00423ec0 f chcm.obj
 0001:00022ef0       ?_FPrepWrite@CHCM@@IAEHHJKKPAVBLCK@@@Z 00423ef0 f chcm.obj
 0001:00023010       ?CchTotStz@@YGJPAD@Z       00424010 f chcm.obj
 0001:00023040       ?_FEndWrite@CHCM@@IAEHHKKPAVBLCK@@@Z 00424040 f chcm.obj
 0001:00023180       ?_ParseBodyMeta@CHCM@@IAEXHKK@Z 00424180 f chcm.obj
 0001:000233b0       ?Pst@STN@@QAEPADXZ         004243b0 f chcm.obj
 0001:00023400       ?Pstz@STN@@QAEPADXZ        00424400 f chcm.obj
 0001:00023450       ?_ParseBodyBitmap@CHCM@@IAEXHHKK@Z 00424450 f chcm.obj
 0001:000236d0       ?_ParseBodyPalette@CHCM@@IAEXHKK@Z 004246d0 f chcm.obj
 0001:000238e0       ?_ParseBodyMidi@CHCM@@IAEXHKK@Z 004248e0 f chcm.obj
 0001:00023ac0       ?_ParseBodyCursor@CHCM@@IAEXHKK@Z 00424ac0 f chcm.obj
 0001:00024220       ?CbRoundToLong@@YGJJ@Z     00425220 f chcm.obj
 0001:00024240       ?_FParseData@CHCM@@IAEHPAUTOK@@@Z 00425240 f chcm.obj
 0001:00024600       ?_ParseBodyList@CHCM@@IAEXHHKK@Z 00425600 f chcm.obj
 0001:00024bf0       ?IbMac@BSF@@QAEJXZ         00425bf0 f chcm.obj
 0001:00024c20       ?LwLine@LEXB@@QAEJXZ       00425c20 f chcm.obj
 0001:00024c50       ?IchLine@LEXB@@QAEJXZ      00425c50 f chcm.obj
 0001:00024c80       ?_ParseBodyGroup@CHCM@@IAEXHHKK@Z 00425c80 f chcm.obj
 0001:000254e0       ??0ACR@@QAE@EEE@Z          004264e0 f chcm.obj
 0001:00025520       ??0ACR@@QAE@HH@Z           00426520 f chcm.obj
 0001:00025570       ?_ParseBodyStringTable@CHCM@@IAEXHHKK@Z 00426570 f chcm.obj
 0001:00025d30       ?_ParseBodyScript@CHCM@@IAEXHHKK@Z 00426d30 f chcm.obj
 0001:00025e20       ?_ParseBodyPackedFile@CHCM@@IAEXPAH@Z 00426e20 f chcm.obj
 0001:00025fc0       ?_StartSubFile@CHCM@@IAEXHKK@Z 00426fc0 f chcm.obj
 0001:000260e0       ?_EndSubFile@CHCM@@IAEXXZ  004270e0 f chcm.obj
 0001:00026480       ?_ParsePackFmt@CHCM@@IAEXXZ 00427480 f chcm.obj
 0001:00026550       ?FError@CHCM@@QAEHXZ       00427550 f chcm.obj
 0001:00026590       ?_ParseChunkBody@CHCM@@IAEXKK@Z 00427590 f chcm.obj
 0001:00026bf0       ?_ParseAdopt@CHCM@@IAEXXZ  00427bf0 f chcm.obj
 0001:00026d70       ?PcflCompile@CHCM@@QAEPAVCFL@@PAVFNI@@0PAVMSNK@@@Z 00427d70 f chcm.obj
 0001:00027010       ?PcflCompile@CHCM@@QAEPAVCFL@@PAVBSF@@PAVSTN@@PAVFNI@@PAVMSNK@@@Z 00428010 f chcm.obj
 0001:00027700       ??0CHLX@@QAE@PAVBSF@@PAVSTN@@@Z 00428700 f chcm.obj
 0001:00027780       ?_ReadNumTok@LEXB@@MAEXPAUTOK@@DJJ@Z 00428780 f chcm.obj
 0001:000277c0       ??1CHLX@@UAE@XZ            004287c0 f chcm.obj
 0001:00027830       ?FGetTok@CHLX@@UAEHPAUTOK@@@Z 00428830 f chcm.obj
 0001:000279b0       ?FGetTokSkipSemi@CHLX@@UAEHPAUTOK@@@Z 004289b0 f chcm.obj
 0001:00027a50       ?FGetPath@CHLX@@UAEHPAVFNI@@@Z 00428a50 f chcm.obj
 0001:00027c70       ?_Advance@LEXB@@IAEXJ@Z    00428c70 f chcm.obj
 0001:00027cb0       ?_FDoSet@CHLX@@IAEHPAUTOK@@@Z 00428cb0 f chcm.obj
 0001:000280b0       ?AssertValid@CHLX@@QAEXK@Z 004290b0 f chcm.obj
 0001:00028120       ?MarkMem@CHLX@@UAEXXZ      00429120 f chcm.obj
 0001:00028180       ??0CHDC@@QAE@XZ            00429180 f chcm.obj
 0001:00028210       ??1CHDC@@UAE@XZ            00429210 f chcm.obj
 0001:00028290       ?AssertValid@CHDC@@QAEXK@Z 00429290 f chcm.obj
 0001:000283c0       ?MarkMem@CHDC@@UAEXXZ      004293c0 f chcm.obj
 0001:00028430       ?FDecompile@CHDC@@QAEHPAVCFL@@PAVMSNK@@1@Z 00429430 f chcm.obj
 0001:00028980       ?DumpSz@CHSE@@QAEXPAD@Z    00429980 f chcm.obj
 0001:000289e0       ?FError@CHDC@@QAEHXZ       004299e0 f chcm.obj
 0001:00028a20       ?_FDumpScript@CHDC@@IAEHPAUCKI@@@Z 00429a20 f chcm.obj
 0001:00028b70       ?_FDumpList@CHDC@@IAEHPAVBLCK@@H@Z 00429b70 f chcm.obj
 0001:00028d50       ?_FDumpGroup@CHDC@@IAEHPAVBLCK@@H@Z 00429d50 f chcm.obj
 0001:00028f30       ?_FDumpStringTable@CHDC@@IAEHPAVBLCK@@H@Z 00429f30 f chcm.obj
 0001:00029110       ?_WritePack@CHDC@@IAEXJ@Z  0042a110 f chcm.obj
 0001:000291e0       ??_GCHCM@@UAEPAXI@Z        0042a1e0 f chcm.obj
 0001:000291e0       ??_ECHCM@@UAEPAXI@Z        0042a1e0 f chcm.obj
 0001:00029220       ??0TOK@@QAE@XZ             0042a220 f chcm.obj
 0001:00029250       ??0SCCG@@QAE@XZ            0042a250 f chcm.obj
 0001:00029290       ??1SCCG@@UAE@XZ            0042a290 f chcm.obj
 0001:000292c0       ??_ECHLX@@UAEPAXI@Z        0042a2c0 f chcm.obj
 0001:000292c0       ??_GCHLX@@UAEPAXI@Z        0042a2c0 f chcm.obj
 0001:00029300       ??_GCHDC@@UAEPAXI@Z        0042a300 f chcm.obj
 0001:00029300       ??_ECHDC@@UAEPAXI@Z        0042a300 f chcm.obj
 0001:00029340       ??_GSCCG@@UAEPAXI@Z        0042a340 f chcm.obj
 0001:00029340       ??_ESCCG@@UAEPAXI@Z        0042a340 f chcm.obj
 0001:00029380       ?FWouldBe@CHSE@@SGHJ@Z     0042a380 f chse.obj
 0001:000293c0       ?FIs@CHSE@@UAEHJ@Z         0042a3c0 f chse.obj
 0001:000293f0       ?Cls@CHSE@@UAEJXZ          0042a3f0 f chse.obj
 0001:00029420       ??0CHSE@@QAE@XZ            0042a420 f chse.obj
 0001:000294c0       ??1CHSE@@UAE@XZ            0042a4c0 f chse.obj
 0001:00029510       ?Init@CHSE@@QAEXPAVMSNK@@0@Z 0042a510 f chse.obj
 0001:00029660       ?Uninit@CHSE@@QAEXXZ       0042a660 f chse.obj
 0001:00029730       ?AssertValid@CHSE@@QAEXK@Z 0042a730 f chse.obj
 0001:00029860       ?MarkMem@CHSE@@UAEXXZ      0042a860 f chse.obj
 0001:000298f0       ?DumpHeader@CHSE@@QAEXKKPAVSTN@@H@Z 0042a8f0 f chse.obj
 0001:00029a50       ?DumpBlck@CHSE@@QAEXPAVBLCK@@@Z 0042aa50 f chse.obj
 0001:00029b90       ?DumpAdoptCmd@CHSE@@QAEXPAUCKI@@PAUKID@@@Z 0042ab90 f chse.obj
 0001:00029c50       ?_DumpBsf@CHSE@@IAEXJ@Z    0042ac50 f chse.obj
 0001:00029ef0       ?FDumpScript@CHSE@@QAEHPAVSCPT@@PAVSCCB@@@Z 0042aef0 f chse.obj
 0001:0002a040       ?DumpList@CHSE@@QAEXPAVGLB@@@Z 0042b040 f chse.obj
 0001:0002a290       ?DumpGroup@CHSE@@QAEXPAVGGB@@@Z 0042b290 f chse.obj
 0001:0002a540       ?FDumpStringTable@CHSE@@QAEHPAVGSTB@@@Z 0042b540 f chse.obj
 0001:0002a840       ??_GCHSE@@UAEPAXI@Z        0042b840 f chse.obj
 0001:0002a840       ??_ECHSE@@UAEPAXI@Z        0042b840 f chse.obj
 0001:0002a880       ?CbExtra@GSTB@@QAEJXZ      0042b880 f chse.obj
 0001:0002a8b0       ?Error@CHSE@@QAEXPAD@Z     0042b8b0 f chse.obj
 0001:0002a930       ?FWouldBe@GRPB@@SGHJ@Z     0042b930 f groups.obj
 0001:0002a970       ?FIs@GRPB@@UAEHJ@Z         0042b970 f groups.obj
 0001:0002a9a0       ?Cls@GRPB@@UAEJXZ          0042b9a0 f groups.obj
 0001:0002a9d0       ?FWouldBe@GLB@@SGHJ@Z      0042b9d0 f groups.obj
 0001:0002aa10       ?FIs@GLB@@UAEHJ@Z          0042ba10 f groups.obj
 0001:0002aa40       ?Cls@GLB@@UAEJXZ           0042ba40 f groups.obj
 0001:0002aa70       ?FWouldBe@GL@@SGHJ@Z       0042ba70 f groups.obj
 0001:0002aab0       ?FIs@GL@@UAEHJ@Z           0042bab0 f groups.obj
 0001:0002aae0       ?Cls@GL@@UAEJXZ            0042bae0 f groups.obj
 0001:0002ab10       ?FWouldBe@AL@@SGHJ@Z       0042bb10 f groups.obj
 0001:0002ab50       ?FIs@AL@@UAEHJ@Z           0042bb50 f groups.obj
 0001:0002ab80       ?Cls@AL@@UAEJXZ            0042bb80 f groups.obj
 0001:0002abb0       ?FWouldBe@GGB@@SGHJ@Z      0042bbb0 f groups.obj
 0001:0002abf0       ?FIs@GGB@@UAEHJ@Z          0042bbf0 f groups.obj
 0001:0002ac20       ?Cls@GGB@@UAEJXZ           0042bc20 f groups.obj
 0001:0002ac50       ?FWouldBe@GG@@SGHJ@Z       0042bc50 f groups.obj
 0001:0002ac90       ?FIs@GG@@UAEHJ@Z           0042bc90 f groups.obj
 0001:0002acc0       ?Cls@GG@@UAEJXZ            0042bcc0 f groups.obj
 0001:0002acf0       ?FWouldBe@AG@@SGHJ@Z       0042bcf0 f groups.obj
 0001:0002ad30       ?FIs@AG@@UAEHJ@Z           0042bd30 f groups.obj
 0001:0002ad60       ?Cls@AG@@UAEJXZ            0042bd60 f groups.obj
 0001:0002ad90       ??1GRPB@@UAE@XZ            0042bd90 f groups.obj
 0001:0002ae00       ?_FEnsureSizes@GRPB@@IAEHJJK@Z 0042be00 f groups.obj
 0001:0002b000       ?_FEnsureHqCb@GRPB@@AAEHPAPAXJJPAJ@Z 0042c000 f groups.obj
 0001:0002b1c0       ?FWriteFlo@GRPB@@UAEHPAUFLO@@FF@Z 0042c1c0 f groups.obj
 0001:0002b220       ?_FWrite@GRPB@@IAEHPAVBLCK@@PAXJJJ@Z 0042c220 f groups.obj
 0001:0002b3f0       ?_FReadData@GRPB@@IAEHPAVBLCK@@JJJ@Z 0042c3f0 f groups.obj
 0001:0002b570       ?AssertValid@GRPB@@QAEXK@Z 0042c570 f groups.obj
 0001:0002b700       ?MarkMem@GRPB@@UAEXXZ      0042c700 f groups.obj
 0001:0002b770       ??0GLB@@IAE@J@Z            0042c770 f groups.obj
 0001:0002b800       ?QvGet@GLB@@QAEPAXJ@Z      0042c800 f groups.obj
 0001:0002b890       ?Get@GLB@@QAEXJPAX@Z       0042c890 f groups.obj
 0001:0002b920       ?Put@GLB@@QAEXJPAX@Z       0042c920 f groups.obj
 0001:0002b9d0       ?PvLock@GLB@@QAEPAXJ@Z     0042c9d0 f groups.obj
 0001:0002ba10       ?SetMinGrow@GLB@@QAEXJ@Z   0042ca10 f groups.obj
 0001:0002baa0       ?AssertValid@GLB@@QAEXK@Z  0042caa0 f groups.obj
 0001:0002bb40       ?PglNew@GL@@SGPAV1@JJ@Z    0042cb40 f groups.obj
 0001:0002bc70       ?PglRead@GL@@SGPAV1@PAVBLCK@@PAF1@Z 0042cc70 f groups.obj
 0001:0002be30       ?PglRead@GL@@SGPAV1@PAVFIL@@JJPAF1@Z 0042ce30 f groups.obj
 0001:0002be90       ??0GL@@IAE@J@Z             0042ce90 f groups.obj
 0001:0002bef0       ?FFree@GL@@UAEHJ@Z         0042cef0 f groups.obj
 0001:0002bf60       ?CbOnFile@GL@@UAEJXZ       0042cf60 f groups.obj
 0001:0002bfc0       ?FWrite@GL@@UAEHPAVBLCK@@FF@Z 0042cfc0 f groups.obj
 0001:0002c190       ?_FRead@GL@@IAEHPAVBLCK@@PAF1@Z 0042d190 f groups.obj
 0001:0002c3e0       ?FInsert@GL@@QAEHJPAXJ@Z   0042d3e0 f groups.obj
 0001:0002c560       ?Delete@GL@@UAEXJ@Z        0042d560 f groups.obj
 0001:0002c5c0       ?Delete@GL@@QAEXJJ@Z       0042d5c0 f groups.obj
 0001:0002c730       ?FAdd@GL@@UAEHPAXPAJ@Z     0042d730 f groups.obj
 0001:0002c7e0       ?FPop@GL@@QAEHPAX@Z        0042d7e0 f groups.obj
 0001:0002c8f0       ?FSetIvMac@GL@@QAEHJ@Z     0042d8f0 f groups.obj
 0001:0002cb00       ?FEnsureSpace@GL@@QAEHJK@Z 0042db00 f groups.obj
 0001:0002cbd0       ?PalNew@AL@@SGPAV1@JJ@Z    0042dbd0 f groups.obj
 0001:0002cd00       ?PalRead@AL@@SGPAV1@PAVBLCK@@PAF1@Z 0042dd00 f groups.obj
 0001:0002cec0       ??0AL@@IAE@J@Z             0042dec0 f groups.obj
 0001:0002cf30       ?CbFromCbit@@YGJJ@Z        0042df30 f groups.obj
 0001:0002cf60       ?CbOnFile@AL@@UAEJXZ       0042df60 f groups.obj
 0001:0002cfd0       ?FWrite@AL@@UAEHPAVBLCK@@FF@Z 0042dfd0 f groups.obj
 0001:0002d1c0       ?_Qb1@GRPB@@IAEPAEJ@Z      0042e1c0 f groups.obj
 0001:0002d1f0       ?_Qb2@GRPB@@IAEPAEJ@Z      0042e1f0 f groups.obj
 0001:0002d220       ?_Cb1@GRPB@@IAEJXZ         0042e220 f groups.obj
 0001:0002d250       ?_FRead@AL@@IAEHPAVBLCK@@PAF1@Z 0042e250 f groups.obj
 0001:0002d4d0       ??0GRPB@@IAE@XZ            0042e4d0 f groups.obj
 0001:0002d510       ?FFree@AL@@UAEHJ@Z         0042e510 f groups.obj
 0001:0002d5b0       ?Fbit@@YGEJ@Z              0042e5b0 f groups.obj
 0001:0002d5d0       ?_Qgrfbit@AL@@AAEPAEJ@Z    0042e5d0 f groups.obj
 0001:0002d610       ?IbFromIbit@@YGJJ@Z        0042e610 f groups.obj
 0001:0002d630       ?FEnsureSpace@AL@@QAEHJK@Z 0042e630 f groups.obj
 0001:0002d720       ?FAdd@AL@@UAEHPAXPAJ@Z     0042e720 f groups.obj
 0001:0002d920       ?Delete@AL@@UAEXJ@Z        0042e920 f groups.obj
 0001:0002dba0       ?AssertValid@AL@@QAEXK@Z   0042eba0 f groups.obj
 0001:0002dcb0       ?_Cb2@GRPB@@IAEJXZ         0042ecb0 f groups.obj
 0001:0002dce0       ??0GGB@@IAE@JH@Z           0042ece0 f groups.obj
 0001:0002dda0       ?CbOnFile@GGB@@UAEJXZ      0042eda0 f groups.obj
 0001:0002de00       ?FWrite@GGB@@UAEHPAVBLCK@@FF@Z 0042ee00 f groups.obj
 0001:0002e050       ?_FRead@GGB@@IAEHPAVBLCK@@PAF1@Z 0042f050 f groups.obj
 0001:0002e360       ?FFree@GGB@@UAEHJ@Z        0042f360 f groups.obj
 0001:0002e4a0       ?_Qloc@GGB@@IAEPAULOC@1@J@Z 0042f4a0 f groups.obj
 0001:0002e4e0       ?FEnsureSpace@GGB@@QAEHJJK@Z 0042f4e0 f groups.obj
 0001:0002e640       ?SetMinGrow@GGB@@QAEXJJ@Z  0042f640 f groups.obj
 0001:0002e6e0       ?_RemoveRgb@GGB@@IAEXJJ@Z  0042f6e0 f groups.obj
 0001:0002e830       ?_AdjustLocs@GGB@@IAEXJJJ@Z 0042f830 f groups.obj
 0001:0002e9a0       ?QvFixedGet@GGB@@QAEPAXJPAJ@Z 0042f9a0 f groups.obj
 0001:0002eab0       ?PvFixedLock@GGB@@QAEPAXJPAJ@Z 0042fab0 f groups.obj
 0001:0002eb10       ?GetFixed@GGB@@QAEXJPAX@Z  0042fb10 f groups.obj
 0001:0002ec20       ?PutFixed@GGB@@QAEXJPAX@Z  0042fc20 f groups.obj
 0001:0002ed60       ?Cb@GGB@@QAEJJ@Z           0042fd60 f groups.obj
 0001:0002ee10       ?QvGet@GGB@@QAEPAXJPAJ@Z   0042fe10 f groups.obj
 0001:0002ef20       ?PvLock@GGB@@QAEPAXJPAJ@Z  0042ff20 f groups.obj
 0001:0002ef80       ?GetRgb@GGB@@QAEXJJJPAX@Z  0042ff80 f groups.obj
 0001:0002f090       ?DeleteRgb@GGB@@QAEXJJJ@Z  00430090 f groups.obj
 0001:0002f280       ?FInsertRgb@GGB@@QAEHJJJPAX@Z 00430280 f groups.obj
 0001:0002f540       ?FMoveRgb@GGB@@QAEHJJJJJ@Z 00430540 f groups.obj
 0001:0002f9f0       ?Merge@GGB@@QAEXJJ@Z       004309f0 f groups.obj
 0001:0002fc70       ?AssertValid@GGB@@QAEXK@Z  00430c70 f groups.obj
 0001:0002ffd0       ?PggNew@GG@@SGPAV1@JJJ@Z   00430fd0 f groups.obj
 0001:00030120       ??0GG@@IAE@J@Z             00431120 f groups.obj
 0001:00030160       ?PggRead@GG@@SGPAV1@PAVBLCK@@PAF1@Z 00431160 f groups.obj
 0001:00030330       ?PggRead@GG@@SGPAV1@PAVFIL@@JJPAF1@Z 00431330 f groups.obj
 0001:00030390       ?FInsert@GG@@QAEHJJPAX0@Z  00431390 f groups.obj
 0001:00030640       ?FAdd@GG@@UAEHJPAJPAX1@Z   00431640 f groups.obj
 0001:00030700       ?Delete@GG@@UAEXJ@Z        00431700 f groups.obj
 0001:00030840       ?AssertValid@GG@@QAEXK@Z   00431840 f groups.obj
 0001:000308b0       ?PagNew@AG@@SGPAV1@JJJ@Z   004318b0 f groups.obj
 0001:00030a00       ??0AG@@IAE@J@Z             00431a00 f groups.obj
 0001:00030a40       ?PagRead@AG@@SGPAV1@PAVBLCK@@PAF1@Z 00431a40 f groups.obj
 0001:00030c10       ?FAdd@AG@@UAEHJPAJPAX1@Z   00431c10 f groups.obj
 0001:00030fa0       ?Delete@AG@@UAEXJ@Z        00431fa0 f groups.obj
 0001:00031150       ?AssertValid@AG@@QAEXK@Z   00432150 f groups.obj
 0001:000311c0       ??_EGRPB@@UAEPAXI@Z        004321c0 f groups.obj
 0001:000311c0       ??_GGRPB@@UAEPAXI@Z        004321c0 f groups.obj
 0001:00031200       ??_GGG@@UAEPAXI@Z          00432200 f groups.obj
 0001:00031200       ??_EGG@@UAEPAXI@Z          00432200 f groups.obj
 0001:00031240       ??_EAG@@UAEPAXI@Z          00432240 f groups.obj
 0001:00031240       ??_GAG@@UAEPAXI@Z          00432240 f groups.obj
 0001:00031280       ??_GGLB@@UAEPAXI@Z         00432280 f groups.obj
 0001:00031280       ??_EGLB@@UAEPAXI@Z         00432280 f groups.obj
 0001:000312c0       ??_EGL@@UAEPAXI@Z          004322c0 f groups.obj
 0001:000312c0       ??_GGL@@UAEPAXI@Z          004322c0 f groups.obj
 0001:00031300       ??1GLB@@UAE@XZ             00432300 f groups.obj
 0001:00031330       ??_EAL@@UAEPAXI@Z          00432330 f groups.obj
 0001:00031330       ??_GAL@@UAEPAXI@Z          00432330 f groups.obj
 0001:00031370       ??_GGGB@@UAEPAXI@Z         00432370 f groups.obj
 0001:00031370       ??_EGGB@@UAEPAXI@Z         00432370 f groups.obj
 0001:000313b0       ??1GGB@@UAE@XZ             004323b0 f groups.obj
 0001:000313e0       ??1GG@@UAE@XZ              004323e0 f groups.obj
 0001:00031410       ??1AG@@UAE@XZ              00432410 f groups.obj
 0001:00031440       ??1GL@@UAE@XZ              00432440 f groups.obj
 0001:00031470       ??1AL@@UAE@XZ              00432470 f groups.obj
 0001:000314a0       ?FWouldBe@GSTB@@SGHJ@Z     004324a0 f groups2.obj
 0001:000314e0       ?FIs@GSTB@@UAEHJ@Z         004324e0 f groups2.obj
 0001:00031510       ?Cls@GSTB@@UAEJXZ          00432510 f groups2.obj
 0001:00031540       ?FWouldBe@GST@@SGHJ@Z      00432540 f groups2.obj
 0001:00031580       ?FIs@GST@@UAEHJ@Z          00432580 f groups2.obj
 0001:000315b0       ?Cls@GST@@UAEJXZ           004325b0 f groups2.obj
 0001:000315e0       ?FWouldBe@AST@@SGHJ@Z      004325e0 f groups2.obj
 0001:00031620       ?FIs@AST@@UAEHJ@Z          00432620 f groups2.obj
 0001:00031650       ?Cls@AST@@UAEJXZ           00432650 f groups2.obj
 0001:00031680       ??0GSTB@@IAE@JK@Z          00432680 f groups2.obj
 0001:00031780       ?CbOnFile@GSTB@@UAEJXZ     00432780 f groups2.obj
 0001:000317f0       ?FWrite@GSTB@@UAEHPAVBLCK@@FF@Z 004327f0 f groups2.obj
 0001:00031ac0       ?_FRead@GSTB@@IAEHPAVBLCK@@PAF1@Z 00432ac0 f groups2.obj
 0001:00031e20       ?FEnsureSpace@GSTB@@QAEHJJK@Z 00432e20 f groups2.obj
 0001:00031f60       ?SetMinGrow@GSTB@@QAEXJJ@Z 00432f60 f groups2.obj
 0001:00031ff0       ?FAddStn@GSTB@@QAEHPAVSTN@@PAXPAJ@Z 00432ff0 f groups2.obj
 0001:000320c0       ?GetStn@GSTB@@QAEXJPAVSTN@@@Z 004330c0 f groups2.obj
 0001:000321d0       ?FFindStn@GSTB@@QAEHPAVSTN@@PAJK@Z 004331d0 f groups2.obj
 0001:000322a0       ?FFindRgch@GSTB@@UAEHPADJPAJK@Z 004332a0 f groups2.obj
 0001:00032410       ?GetExtra@GSTB@@QAEXJPAX@Z 00433410 f groups2.obj
 0001:00032520       ?PutExtra@GSTB@@QAEXJPAX@Z 00433520 f groups2.obj
 0001:00032660       ?_Qst@GSTB@@IAEPADJ@Z      00433660 f groups2.obj
 0001:000326c0       ?_AppendRgch@GSTB@@IAEXPADJ@Z 004336c0 f groups2.obj
 0001:00032780       ?_RemoveSt@GSTB@@IAEXJ@Z   00433780 f groups2.obj
 0001:000328b0       ?_SwapBytesRgbst@GSTB@@IAEXXZ 004338b0 f groups2.obj
 0001:00032940       ?_TranslateGrst@GSTB@@IAEXFH@Z 00433940 f groups2.obj
 0001:00032a00       ?_FTranslateGrst@GSTB@@IAEHF@Z 00433a00 f groups2.obj
 0001:00032dc0       ?FFree@GSTB@@UAEHJ@Z       00433dc0 f groups2.obj
 0001:00032e90       ?TranslateSt@@YGXPADFH@Z   00433e90 f groups2.obj
 0001:00032ec0       ?AssertValid@GSTB@@QAEXK@Z 00433ec0 f groups2.obj
 0001:000331a0       ?PgstNew@GST@@SGPAV1@JJJ@Z 004341a0 f groups2.obj
 0001:00033330       ?SetSt@STN@@QAEXPAD@Z      00434330 f groups2.obj
 0001:00033370       ?PgstRead@GST@@SGPAV1@PAVBLCK@@PAF1@Z 00434370 f groups2.obj
 0001:00033530       ?FAddRgch@GST@@UAEHPADJPAXPAJ@Z 00434530 f groups2.obj
 0001:00033620       ?FFindRgch@GST@@UAEHPADJPAJK@Z 00434620 f groups2.obj
 0001:000337d0       ?FInsertRgch@GST@@QAEHJPADJPAX@Z 004347d0 f groups2.obj
 0001:000339d0       ?FInsertStn@GST@@QAEHJPAVSTN@@PAX@Z 004349d0 f groups2.obj
 0001:00033ac0       ?Delete@GST@@UAEXJ@Z       00434ac0 f groups2.obj
 0001:00033bf0       ?AssertValid@GST@@QAEXK@Z  00434bf0 f groups2.obj
 0001:00033c60       ?PastNew@AST@@SGPAV1@JJJ@Z 00434c60 f groups2.obj
 0001:00033df0       ?_Bst@GSTB@@IAEJJ@Z        00434df0 f groups2.obj
 0001:00033e30       ?_Qbst@GSTB@@IAEPAJJ@Z     00434e30 f groups2.obj
 0001:00033e70       ??0GST@@IAE@J@Z            00434e70 f groups2.obj
 0001:00033eb0       ??0AST@@IAE@J@Z            00434eb0 f groups2.obj
 0001:00033ef0       ?PastRead@AST@@SGPAV1@PAVBLCK@@PAF1@Z 00434ef0 f groups2.obj
 0001:000340b0       ?FAddRgch@AST@@UAEHPADJPAXPAJ@Z 004350b0 f groups2.obj
 0001:00034360       ?Delete@AST@@UAEXJ@Z       00435360 f groups2.obj
 0001:00034520       ?AssertValid@AST@@QAEXK@Z  00435520 f groups2.obj
 0001:00034590       ??_EGST@@UAEPAXI@Z         00435590 f groups2.obj
 0001:00034590       ??_GGST@@UAEPAXI@Z         00435590 f groups2.obj
 0001:000345d0       ??_EAST@@UAEPAXI@Z         004355d0 f groups2.obj
 0001:000345d0       ??_GAST@@UAEPAXI@Z         004355d0 f groups2.obj
 0001:00034610       ??_EGSTB@@UAEPAXI@Z        00435610 f groups2.obj
 0001:00034610       ??_GGSTB@@UAEPAXI@Z        00435610 f groups2.obj
 0001:00034650       ??1GSTB@@UAE@XZ            00435650 f groups2.obj
 0001:00034680       ??1GST@@UAE@XZ             00435680 f groups2.obj
 0001:000346b0       ??1AST@@UAE@XZ             004356b0 f groups2.obj
 0001:000346e0       ?FWouldBe@LEXB@@SGHJ@Z     004356e0 f lex.obj
 0001:00034720       ?FIs@LEXB@@UAEHJ@Z         00435720 f lex.obj
 0001:00034750       ?Cls@LEXB@@UAEJXZ          00435750 f lex.obj
 0001:00034780       ?_TtFromCh@@YGJD@Z         00435780 f lex.obj
 0001:000347b0       ?_TtFromChCh@@YGJDD@Z      004357b0 f lex.obj
 0001:00034870       ??0LEXB@@QAE@PAVFIL@@H@Z   00435870 f lex.obj
 0001:00034a00       ??0LEXB@@QAE@PAVBSF@@PAVSTN@@H@Z 00435a00 f lex.obj
 0001:00034bf0       ??1LEXB@@UAE@XZ            00435bf0 f lex.obj
 0001:00034c80       ?AssertValid@LEXB@@QAEXK@Z 00435c80 f lex.obj
 0001:00034e80       ?MarkMem@LEXB@@UAEXXZ      00435e80 f lex.obj
 0001:00034ef0       ?GetStnFile@LEXB@@QAEXPAVSTN@@@Z 00435ef0 f lex.obj
 0001:00034fb0       ?_FFetchRgch@LEXB@@IAEHPADJ@Z 00435fb0 f lex.obj
 0001:00035310       ?_FSkipWhiteSpace@LEXB@@IAEHXZ 00436310 f lex.obj
 0001:00035a30       ?FGetTok@LEXB@@UAEHPAUTOK@@@Z 00436a30 f lex.obj
 0001:000360e0       ?CbExtra@LEXB@@UAEJXZ      004370e0 f lex.obj
 0001:00036130       ?GetExtra@LEXB@@UAEXPAX@Z  00437130 f lex.obj
 0001:000361b0       ?_ReadNumber@LEXB@@MAEXPAJDJJ@Z 004371b0 f lex.obj
 0001:000362a0       ?_FReadHex@LEXB@@IAEHPAJ@Z 004372a0 f lex.obj
 0001:00036410       ?_FReadControlCh@LEXB@@IAEHPAD@Z 00437410 f lex.obj
 0001:00036630       ??_GLEXB@@UAEPAXI@Z        00437630 f lex.obj
 0001:00036630       ??_ELEXB@@UAEPAXI@Z        00437630 f lex.obj
 0001:00036670       ?_GrfctCh@LEXB@@IAEKD@Z    00437670 f lex.obj
 0001:000366c0       ?FWouldBe@BSM@@SGHJ@Z      004376c0 f stream.obj
 0001:00036700       ?FIs@BSM@@UAEHJ@Z          00437700 f stream.obj
 0001:00036730       ?Cls@BSM@@UAEJXZ           00437730 f stream.obj
 0001:00036760       ?FWouldBe@BSF@@SGHJ@Z      00437760 f stream.obj
 0001:000367a0       ?FIs@BSF@@UAEHJ@Z          004377a0 f stream.obj
 0001:000367d0       ?Cls@BSF@@UAEJXZ           004377d0 f stream.obj
 0001:00036800       ??0BSM@@QAE@XZ             00437800 f stream.obj
 0001:00036880       ??1BSM@@UAE@XZ             00437880 f stream.obj
 0001:000368f0       ?SetMinGrow@BSM@@QAEXJ@Z   004378f0 f stream.obj
 0001:00036950       ?FetchRgb@BSM@@QAEXJJPAX@Z 00437950 f stream.obj
 0001:00036a00       ?FReplace@BSM@@QAEHPAXJJJ@Z 00437a00 f stream.obj
 0001:00036b90       ?_FEnsureSize@BSM@@IAEHJH@Z 00437b90 f stream.obj
 0001:00036d60       ?AssertValid@BSM@@QAEXK@Z  00437d60 f stream.obj
 0001:00036e10       ?MarkMem@BSM@@UAEXXZ       00437e10 f stream.obj
 0001:00036e50       ??0BSF@@QAE@XZ             00437e50 f stream.obj
 0001:00036ec0       ??1BSF@@UAE@XZ             00437ec0 f stream.obj
 0001:00036fb0       ?_IfloFind@BSF@@IAEJJPAJ0@Z 00437fb0 f stream.obj
 0001:000370d0       ?_FEnsureSplit@BSF@@IAEHJPAJ@Z 004380d0 f stream.obj
 0001:00037340       ?_AttemptMerge@BSF@@IAEXJJ@Z 00438340 f stream.obj
 0001:00037530       ?FReplace@BSF@@QAEHPAXJJJ@Z 00438530 f stream.obj
 0001:00037af0       ?FReplaceFlo@BSF@@QAEHPAUFLO@@HJJ@Z 00438af0 f stream.obj
 0001:00037e40       ?FetchRgb@BSF@@QAEXJJPAX@Z 00438e40 f stream.obj
 0001:00038040       ?FWriteRgb@BSF@@QAEHPAVBLCK@@J@Z 00439040 f stream.obj
 0001:00038560       ?AssertValid@BSF@@QAEXK@Z  00439560 f stream.obj
 0001:000387e0       ?MarkMem@BSF@@UAEXXZ       004397e0 f stream.obj
 0001:00038870       ??_EBSM@@UAEPAXI@Z         00439870 f stream.obj
 0001:00038870       ??_GBSM@@UAEPAXI@Z         00439870 f stream.obj
 0001:000388b0       ??_EBSF@@UAEPAXI@Z         004398b0 f stream.obj
 0001:000388b0       ??_GBSF@@UAEPAXI@Z         004398b0 f stream.obj
 0001:000388f0       ?FWouldBe@SCCG@@SGHJ@Z     004398f0 f scrcomg.obj
 0001:00038930       ?FIs@SCCG@@UAEHJ@Z         00439930 f scrcomg.obj
 0001:00038960       ?Cls@SCCG@@UAEJXZ          00439960 f scrcomg.obj
 0001:00038990       ?_OpFromStn@SCCG@@MAEJPAVSTN@@@Z 00439990 f scrcomg.obj
 0001:00038a70       ?_FGetStnFromOp@SCCG@@MAEHJPAVSTN@@@Z 00439a70 f scrcomg.obj
 0001:00038b50       ?_FGetOpFromName@SCCG@@MAEHPAVSTN@@PAJ111PAH@Z 00439b50 f scrcomg.obj
 0001:00038bd0       ?_SwCur@SCCG@@MAEFXZ       00439bd0 f scrcomg.obj
 0001:00038c00       ?_SwBack@SCCG@@MAEFXZ      00439c00 f scrcomg.obj
 0001:00038c30       ?_SwMin@SCCG@@MAEFXZ       00439c30 f scrcomg.obj
 0001:00038db0       ?FWouldBe@SCCB@@SGHJ@Z     00439db0 f scrcom.obj
 0001:00038df0       ?FIs@SCCB@@UAEHJ@Z         00439df0 f scrcom.obj
 0001:00038e20       ?Cls@SCCB@@UAEJXZ          00439e20 f scrcom.obj
 0001:00038e50       ??0SCCB@@QAE@XZ            00439e50 f scrcom.obj
 0001:00038f30       ??1SCCB@@UAE@XZ            00439f30 f scrcom.obj
 0001:00038f90       ?AssertValid@SCCB@@QAEXK@Z 00439f90 f scrcom.obj
 0001:000391c0       ?MarkMem@SCCB@@UAEXXZ      0043a1c0 f scrcom.obj
 0001:00039380       ?_FInit@SCCB@@IAEHPAVLEXB@@HPAVMSNK@@@Z 0043a380 f scrcom.obj
 0001:000396b0       ?_Free@SCCB@@IAEXXZ        0043a6b0 f scrcom.obj
 0001:000398e0       ?PscptCompileLex@SCCB@@UAEPAVSCPT@@PAVLEXB@@HPAVMSNK@@J@Z 0043a8e0 f scrcom.obj
 0001:00039ca0       ?PscptCompileFil@SCCB@@UAEPAVSCPT@@PAVFIL@@HPAVMSNK@@@Z 0043aca0 f scrcom.obj
 0001:00039e30       ?PscptCompileFni@SCCB@@UAEPAVSCPT@@PAVFNI@@HPAVMSNK@@@Z 0043ae30 f scrcom.obj
 0001:00039f70       ?_FGetTok@SCCB@@MAEHPAUTOK@@@Z 0043af70 f scrcom.obj
 0001:0003a080       ?_SwCur@SCCB@@MAEFXZ       0043b080 f scrcom.obj
 0001:0003a0d0       ?_SwBack@SCCB@@MAEFXZ      0043b0d0 f scrcom.obj
 0001:0003a120       ?_SwMin@SCCB@@MAEFXZ       0043b120 f scrcom.obj
 0001:0003a170       ?_ReportError@SCCB@@MAEXPAD@Z 0043b170 f scrcom.obj
 0001:0003a370       ?_PushLw@SCCB@@IAEXJ@Z     0043b370 f scrcom.obj
 0001:0003a4d0       ?_PushString@SCCB@@IAEXPAVSTN@@@Z 0043b4d0 f scrcom.obj
 0001:0003a680       ?_PushOp@SCCB@@IAEXJ@Z     0043b680 f scrcom.obj
 0001:0003a7e0       ?_EndOp@SCCB@@IAEXXZ       0043b7e0 f scrcom.obj
 0001:0003a950       ?SuHighLow@@YGGEE@Z        0043b950 f scrcom.obj
 0001:0003a980       ?_PushVarOp@SCCB@@IAEXJPAURTVN@@@Z 0043b980 f scrcom.obj
 0001:0003ab30       ?_FFindLabel@SCCB@@IAEHPAVSTN@@PAJ@Z 0043bb30 f scrcom.obj
 0001:0003ac50       ?_AddLabel@SCCB@@IAEXPAVSTN@@@Z 0043bc50 f scrcom.obj
 0001:0003ae80       ?_PushLabelRequest@SCCB@@IAEXPAVSTN@@@Z 0043be80 f scrcom.obj
 0001:0003b060       ?_AddLabelLw@SCCB@@IAEXJ@Z 0043c060 f scrcom.obj
 0001:0003b0f0       ?_PushLabelRequestLw@SCCB@@IAEXJ@Z 0043c0f0 f scrcom.obj
 0001:0003b180       ?_OpFromStn@SCCB@@MAEJPAVSTN@@@Z 0043c180 f scrcom.obj
 0001:0003b240       ?_OpFromStnRgszop@SCCB@@IAEJPAVSTN@@PAUSZOP@@@Z 0043c240 f scrcom.obj
 0001:0003b340       ?_FGetStnFromOp@SCCB@@MAEHJPAVSTN@@@Z 0043c340 f scrcom.obj
 0001:0003b400       ?_FGetStnFromOpRgszop@SCCB@@IAEHJPAVSTN@@PAUSZOP@@@Z 0043c400 f scrcom.obj
 0001:0003b500       ?_CompilePost@SCCB@@MAEXXZ 0043c500 f scrcom.obj
 0001:0003bb40       ?_PtomeFromTt@@YGPAUTOME@@JH@Z 0043cb40 f scrcom.obj
 0001:0003bbb0       ?_FResolveToOpl@SCCB@@IAEHJJPAJ@Z 0043cbb0 f scrcom.obj
 0001:0003bfa0       ?_FAddToTree@SCCB@@IAEHPAUETN@@PAJ@Z 0043cfa0 f scrcom.obj
 0001:0003cbe0       ?IstnMac@GSTB@@QAEJXZ      0043dbe0 f scrcom.obj
 0001:0003cc10       ??0SCPT@@IAE@XZ            0043dc10 f scrcom.obj
 0001:0003cc50       ?_SetDepth@SCCB@@IAEXPAUETN@@H@Z 0043dc50 f scrcom.obj
 0001:0003cf60       ?_FConstEtn@SCCB@@IAEHJPAJ@Z 0043df60 f scrcom.obj
 0001:0003d0a0       ?_FCombineConstValues@SCCB@@IAEHJJJPAJ@Z 0043e0a0 f scrcom.obj
 0001:0003d380       ?_EmitCode@SCCB@@IAEXJKPAJ@Z 0043e380 f scrcom.obj
 0001:0003de90       ?_CstFromName@SCCB@@IAEJJ@Z 0043ee90 f scrcom.obj
 0001:0003df90       ?_BeginCst@SCCB@@IAEXJJ@Z  0043ef90 f scrcom.obj
 0001:0003e300       ?_FHandleCst@SCCB@@IAEHJ@Z 0043f300 f scrcom.obj
 0001:0003e9b0       ?_EmitVarAccess@SCCB@@IAEXJPAURTVN@@PAJ11@Z 0043f9b0 f scrcom.obj
 0001:0003ede0       ?_PushOpFromName@SCCB@@IAEXJKJ@Z 0043fde0 f scrcom.obj
 0001:0003efc0       ?_FGetArop@SCCB@@IAEHPAVSTN@@PAUAROP@@PAJ222PAH@Z 0043ffc0 f scrcom.obj
 0001:0003f120       ?_FGetOpFromName@SCCB@@MAEHPAVSTN@@PAJ111PAH@Z 00440120 f scrcom.obj
 0001:0003f190       ?_AddNameRef@SCCB@@IAEXPAVSTN@@PAJ@Z 00440190 f scrcom.obj
 0001:0003f2e0       ?_GetIstnNameFromIetn@SCCB@@IAEXJPAJ@Z 004402e0 f scrcom.obj
 0001:0003f440       ?_GetStnFromIstn@SCCB@@IAEXJPAVSTN@@@Z 00440440 f scrcom.obj
 0001:0003f580       ?_GetRtvnFromName@SCCB@@IAEXJPAURTVN@@@Z 00440580 f scrcom.obj
 0001:0003f640       ?_FKeyWord@SCCB@@IAEHPAVSTN@@@Z 00440640 f scrcom.obj
 0001:0003f760       ?_PushLabelRequestIetn@SCCB@@IAEXJ@Z 00440760 f scrcom.obj
 0001:0003f800       ?_AddLabelIetn@SCCB@@IAEXJ@Z 00440800 f scrcom.obj
 0001:0003f8a0       ?_PushStringIstn@SCCB@@IAEXJ@Z 004408a0 f scrcom.obj
 0001:0003f920       ?_CompileIn@SCCB@@MAEXXZ   00440920 f scrcom.obj
 0001:00040070       ?FDisassemble@SCCB@@UAEHPAVSCPT@@PAVMSNK@@1@Z 00441070 f scrcom.obj
 0001:00040910       ?SwHigh@@YGFJ@Z            00441910 f scrcom.obj
 0001:00040930       ?SetFromStn@RTVN@@QAEXPAVSTN@@@Z 00441930 f scrcom.obj
 0001:00040b80       ?GetStn@RTVN@@QAEXPAVSTN@@@Z 00441b80 f scrcom.obj
 0001:00040e20       ??_ESCPT@@UAEPAXI@Z        00441e20 f scrcom.obj
 0001:00040e20       ??_GSCPT@@UAEPAXI@Z        00441e20 f scrcom.obj
 0001:00040e60       ??_GSCCB@@UAEPAXI@Z        00441e60 f scrcom.obj
 0001:00040e60       ??_ESCCB@@UAEPAXI@Z        00441e60 f scrcom.obj
 0001:00040ea0       ?FWouldBe@SCPT@@SGHJ@Z     00441ea0 f screxe.obj
 0001:00040ee0       ?FIs@SCPT@@UAEHJ@Z         00441ee0 f screxe.obj
 0001:00040f10       ?Cls@SCPT@@UAEJXZ          00441f10 f screxe.obj
 0001:00040f80       ?PscptRead@SCPT@@SGPAV1@PAVCFL@@KK@Z 00441f80 f screxe.obj
 0001:000411c0       ??1SCPT@@UAE@XZ            004421c0 f screxe.obj
 0001:00041270       ?FSaveToChunk@SCPT@@QAEHPAVCFL@@KKH@Z 00442270 f screxe.obj
 0001:00041580       ?AssertValid@SCPT@@QAEXK@Z 00442580 f screxe.obj
 0001:00041650       ?MarkMem@SCPT@@UAEXXZ      00442650 f screxe.obj
 0001:000416e0       ?FWouldBe@MBMP@@SGHJ@Z     004426e0 f mbmp.obj
 0001:00041720       ?FIs@MBMP@@UAEHJ@Z         00442720 f mbmp.obj
 0001:00041750       ?Cls@MBMP@@UAEJXZ          00442750 f mbmp.obj
 0001:00041780       ??1MBMP@@UAE@XZ            00442780 f mbmp.obj
 0001:000417f0       ?PmbmpNew@MBMP@@SGPAV1@PAEJJPAVRC@@JJEKE@Z 004427f0 f mbmp.obj
 0001:000418f0       ?_FInit@MBMP@@MAEHPAEJJPAVRC@@JJEKE@Z 004428f0 f mbmp.obj
 0001:00042010       ?PmbmpReadNative@MBMP@@SGPAV1@PAVFNI@@EJJKE@Z 00443010 f mbmp.obj
 0001:00042150       ??0RC@@QAE@XZ              00443150 f mbmp.obj
 0001:00042170       ?Set@RC@@QAEXJJJJ@Z        00443170 f mbmp.obj
 0001:000421c0       ?CbOnFile@MBMP@@UAEJXZ     004431c0 f mbmp.obj
 0001:00042220       ?FWrite@MBMP@@UAEHPAVBLCK@@@Z 00443220 f mbmp.obj
 0001:00042370       ?AssertValid@MBMP@@QAEXK@Z 00443370 f mbmp.obj
 0001:000424c0       ?MarkMem@MBMP@@UAEXXZ      004434c0 f mbmp.obj
 0001:00042500       ?FReadBitmap@@YGHPAVFNI@@PAPAEPAPAVGL@@PAJ3PAHE@Z 00443500 f mbmp.obj
 0001:00042f00       ?BvSubPvs@@YGJPAX0@Z       00443f00 f mbmp.obj
 0001:00042f20       ??_GMBMP@@UAEPAXI@Z        00443f20 f mbmp.obj
 0001:00042f20       ??_EMBMP@@UAEPAXI@Z        00443f20 f mbmp.obj
 0001:00042f60       ??0MBMP@@IAE@XZ            00443f60 f mbmp.obj
 0001:00042fa0       ?_Qrgcb@MBMP@@IAEPAFXZ     00443fa0 f mbmp.obj
 0001:00042fe0       ?_Qmbmph@MBMP@@IAEPAUMBMPH@1@XZ 00443fe0 f mbmp.obj
 0001:00043120       ?FWouldBe@MSTP@@SGHJ@Z     00444120 f midi.obj
 0001:00043160       ?FIs@MSTP@@UAEHJ@Z         00444160 f midi.obj
 0001:00043190       ?Cls@MSTP@@UAEJXZ          00444190 f midi.obj
 0001:000431c0       ?FWouldBe@MIDS@@SGHJ@Z     004441c0 f midi.obj
 0001:00043200       ?FIs@MIDS@@UAEHJ@Z         00444200 f midi.obj
 0001:00043230       ?Cls@MIDS@@UAEJXZ          00444230 f midi.obj
 0001:00043260       ??0MSTP@@QAE@XZ            00444260 f midi.obj
 0001:000432d0       ??1MSTP@@UAE@XZ            004442d0 f midi.obj
 0001:00043370       ?Init@MSTP@@QAEXPAVMIDS@@KJ@Z 00444370 f midi.obj
 0001:00043510       ?FGetEvent@MSTP@@QAEHPAUMIDEV@@H@Z 00444510 f midi.obj
 0001:00043a50       ?_FReadVar@MSTP@@IAEHPAPAEPAJ@Z 00444a50 f midi.obj
 0001:00043b00       ?AssertValid@MSTP@@QAEXK@Z 00444b00 f midi.obj
 0001:00043c50       ?MarkMem@MSTP@@UAEXXZ      00444c50 f midi.obj
 0001:00043ca0       ??0MIDS@@IAE@XZ            00444ca0 f midi.obj
 0001:00043ce0       ??1MIDS@@UAE@XZ            00444ce0 f midi.obj
 0001:00043d20       ?AssertValid@MIDS@@QAEXK@Z 00444d20 f midi.obj
 0001:00043d60       ?MarkMem@MIDS@@UAEXXZ      00444d60 f midi.obj
 0001:00043da0       ?PmidsReadNative@MIDS@@SGPAV1@PAVFNI@@@Z 00444da0 f midi.obj
 0001:000447a0       ?BHigh@@YGEF@Z             004457a0 f midi.obj
 0001:000447c0       ?BLow@@YGEF@Z              004457c0 f midi.obj
 0001:000447e0       ??0RAT@@QAE@XZ             004457e0 f midi.obj
 0001:00044810       ??0RAT@@QAE@JJ@Z           00445810 f midi.obj
 0001:00044850       ?Set@RAT@@QAEXJJ@Z         00445850 f midi.obj
 0001:000448e0       ?LwScale@RAT@@QAEJJ@Z      004458e0 f midi.obj
 0001:00044930       ??9@YGHABVRAT@@0@Z         00445930 f midi.obj
 0001:00044970       ?_CbEncodeLu@MIDS@@KGJKPAE@Z 00445970 f midi.obj
 0001:00044a10       ?FWrite@MIDS@@UAEHPAVBLCK@@@Z 00445a10 f midi.obj
 0001:00044ad0       ?CbOnFile@MIDS@@UAEJXZ     00445ad0 f midi.obj
 0001:00044b50       ??_EMSTP@@UAEPAXI@Z        00445b50 f midi.obj
 0001:00044b50       ??_GMSTP@@UAEPAXI@Z        00445b50 f midi.obj
 0001:00044b90       ??_EMIDS@@UAEPAXI@Z        00445b90 f midi.obj
 0001:00044b90       ??_GMIDS@@UAEPAXI@Z        00445b90 f midi.obj
 0001:00044bd0       ?IbMac@BSM@@QAEJXZ         00445bd0 f midi.obj
 0001:00044d10       ??0PIC@@IAE@XZ             00445d10 f picwin.obj
 0001:00044d70       ??1PIC@@UAE@XZ             00445d70 f picwin.obj
 0001:00044de0       ?CbOnFile@PIC@@UAEJXZ      00445de0 f picwin.obj
 0001:00044e60       ?FWrite@PIC@@UAEHPAVBLCK@@@Z 00445e60 f picwin.obj
 0001:00045000       ?PpicReadNative@PIC@@SGPAV1@PAVFNI@@@Z 00446000 f picwin.obj
 0001:00045290       ?_HpicReadWmf@PIC@@KGPAUHENHMETAFILE__@@PAVFNI@@@Z 00446290 f picwin.obj
 0001:000454e0       ??_EPIC@@UAEPAXI@Z         004464e0 f picwin.obj
 0001:000454e0       ??_GPIC@@UAEPAXI@Z         004464e0 f picwin.obj
 0001:00045630       ?FWouldBe@PIC@@SGHJ@Z      00446630 f pic.obj
 0001:00045670       ?FIs@PIC@@UAEHJ@Z          00446670 f pic.obj
 0001:000456a0       ?Cls@PIC@@UAEJXZ           004466a0 f pic.obj
 0001:000456f0       ?AssertValid@PIC@@QAEXK@Z  004466f0 f pic.obj
 0001:00045880       _main                      00446880 f chomp.obj
 0001:00045eb0       ?WarnProc@@YGXPADJ0@Z      00446eb0 f chomp.obj
 0001:00045f30       ?FAssertProc@@YGHPADJ0PAXJ@Z 00446f30 f chomp.obj
 0001:00046110       ??1MSSIO@@UAE@XZ           00447110 f chomp.obj
 0001:00046250       ??0MSSIO@@QAE@PAU_iobuf@@@Z 00447250 f mssio.obj
 0001:000462a0       ?ReportLine@MSSIO@@UAEXPAD@Z 004472a0 f mssio.obj
 0001:00046320       ?Report@MSSIO@@UAEXPAD@Z   00447320 f mssio.obj
 0001:000463a0       ?FError@MSSIO@@UAEHXZ      004473a0 f mssio.obj
 0001:00046410       ??_EMSSIO@@UAEPAXI@Z       00447410 f mssio.obj
 0001:00046410       ??_GMSSIO@@UAEPAXI@Z       00447410 f mssio.obj
 0001:0004646a       _timeGetTime@0             0044746a   winmm:WINMM.dll
 0001:00046470       __alloca_probe             00447470   LIBC:chkstk.obj
 0001:00046470       __chkstk                   00447470   LIBC:chkstk.obj
 0001:0004649d       __onexit                   0044749d f LIBC:onexit.obj
 0001:00046513       _atexit                    00447513 f LIBC:onexit.obj
 0001:00046525       ___onexitinit              00447525 f LIBC:onexit.obj
 0001:0004655b       __purecall                 0044755b f LIBC:purevirt.obj
 0001:00046568       __ftol                     00447568 f LIBC:ftol.obj
 0001:00046590       _fdiv_main_routine         00447590 f LIBC:adj_fdiv.obj
 0001:000466a7       __adj_fdiv_r               004476a7 f LIBC:adj_fdiv.obj
 0001:00046b46       _fdivp_sti_st              00447b46 f LIBC:adj_fdiv.obj
 0001:00046b59       _fdivrp_sti_st             00447b59 f LIBC:adj_fdiv.obj
 0001:00046b6c       __adj_fdiv_m32             00447b6c f LIBC:adj_fdiv.obj
 0001:00046bb8       __adj_fdiv_m64             00447bb8 f LIBC:adj_fdiv.obj
 0001:00046c04       __adj_fdiv_m16i            00447c04 f LIBC:adj_fdiv.obj
 0001:00046c38       __adj_fdiv_m32i            00447c38 f LIBC:adj_fdiv.obj
 0001:00046c6c       __adj_fdivr_m32            00447c6c f LIBC:adj_fdiv.obj
 0001:00046cb8       __adj_fdivr_m64            00447cb8 f LIBC:adj_fdiv.obj
 0001:00046d04       __adj_fdivr_m16i           00447d04 f LIBC:adj_fdiv.obj
 0001:00046d38       __adj_fdivr_m32i           00447d38 f LIBC:adj_fdiv.obj
 0001:00046d6c       __safe_fdiv                00447d6c f LIBC:adj_fdiv.obj
 0001:00046d81       __safe_fdivr               00447d81 f LIBC:adj_fdiv.obj
 0001:00046d96       __fprem_common             00447d96 f LIBC:adj_fdiv.obj
 0001:00046f9c       __adj_fprem                00447f9c f LIBC:adj_fdiv.obj
 0001:0004704e       __fprem1_common            0044804e f LIBC:adj_fdiv.obj
 0001:00047254       __adj_fprem1               00448254 f LIBC:adj_fdiv.obj
 0001:00047309       __safe_fprem               00448309 f LIBC:adj_fdiv.obj
 0001:0004730f       __safe_fprem1              0044830f f LIBC:adj_fdiv.obj
 0001:00047315       __adj_fpatan               00448315 f LIBC:adj_fdiv.obj
 0001:00047318       __adj_fptan                00448318 f LIBC:adj_fdiv.obj
 0001:0004731b       __fpmath                   0044831b f LIBC:fpinit.obj
 0001:0004732f       __fpclear                  0044832f f LIBC:fpinit.obj
 0001:00047330       __cfltcvt_init             00448330 f LIBC:fpinit.obj
 0001:00047368       _fprintf                   00448368 f LIBC:fprintf.obj
 0001:0004739e       _printf                    0044839e f LIBC:printf.obj
 0001:000473da       _mainCRTStartup            004483da f LIBC:crt0.obj
 0001:000474d3       __amsg_exit                004484d3 f LIBC:crt0.obj
 0001:000474f3       __cinit                    004484f3 f LIBC:crt0dat.obj
 0001:00047523       _exit                      00448523 f LIBC:crt0dat.obj
 0001:00047534       __exit                     00448534 f LIBC:crt0dat.obj
 0001:000475e4       _realloc                   004485e4 f LIBC:realloc.obj
 0001:00047736       __msize                    00448736 f LIBC:msize.obj
 0001:00047747       _malloc                    00448747 f LIBC:malloc.obj
 0001:0004775a       __nh_malloc                0044875a f LIBC:malloc.obj
 0001:00047819       __heap_split_block         00448819 f LIBC:malloc.obj
 0001:0004785e       __setdefaultprecision      0044885e f LIBC:fp8.obj
 0001:00047871       _ms_p5_test_fdiv           00448871 f LIBC:testfdiv.obj
 0001:000478b7       _ms_p5_mp_test_fdiv        004488b7 f LIBC:testfdiv.obj
 0001:0004798a       __forcdecpt                0044898a f LIBC:cvt.obj
 0001:000479ef       __cropzeros                004489ef f LIBC:cvt.obj
 0001:00047a4e       __positive                 00448a4e f LIBC:cvt.obj
 0001:00047a63       __fassign                  00448a63 f LIBC:cvt.obj
 0001:00047aa6       __cftoe                    00448aa6 f LIBC:cvt.obj
 0001:00047bf9       __cftof                    00448bf9 f LIBC:cvt.obj
 0001:00047d15       __cftog                    00448d15 f LIBC:cvt.obj
 0001:00047dbd       __cfltcvt                  00448dbd f LIBC:cvt.obj
 0001:00047e39       __stbuf                    00448e39 f LIBC:_sftbuf.obj
 0001:00047eba       __ftbuf                    00448eba f LIBC:_sftbuf.obj
 0001:00047f00       __output                   00448f00 f LIBC:output.obj
 0001:00048828       __global_unwind2           00449828 f LIBC:exsup.obj
 0001:0004886a       __local_unwind2            0044986a f LIBC:exsup.obj
 0001:000488c4       __abnormal_termination     004498c4 f LIBC:exsup.obj
 0001:000488e7       __XcptFilter               004498e7 f LIBC:winxfltr.obj
 0001:00048a72       __setenvp                  00449a72 f LIBC:stdenvp.obj
 0001:00048b3d       __setargv                  00449b3d f LIBC:stdargv.obj
 0001:00048e3b       __setmbcp                  00449e3b f LIBC:mbctype.obj
 0001:00048fc9       ___initmbctable            00449fc9 f LIBC:mbctype.obj
 0001:00048fd4       __ioinit                   00449fd4 f LIBC:ioinit.obj
 0001:000490c2       __heap_init                0044a0c2 f LIBC:heapinit.obj
 0001:0004913f       ___getempty                0044a13f f LIBC:heapinit.obj
 0001:0004916c       __except_handler3          0044a16c f LIBC:exsup3.obj
 0001:0004921a       __seh_longjmp_unwind@4     0044a21a f LIBC:exsup3.obj
 0001:00049235       __FF_MSGBANNER             0044a235 f LIBC:crt0msg.obj
 0001:0004925b       __NMSG_WRITE               0044a25b f LIBC:crt0msg.obj
 0001:000492b3       _free                      0044a2b3 f LIBC:free.obj
 0001:0004931b       __heap_abort               0044a31b f LIBC:hpabort.obj
 0001:00049326       __heap_grow                0044a326 f LIBC:heapgrow.obj
 0001:0004940f       __heap_grow_region         0044a40f f LIBC:heapgrow.obj
 0001:000494bc       __heap_free_region         0044a4bc f LIBC:heapgrow.obj
 0001:000494f6       __heap_search              0044a4f6 f LIBC:heapsrch.obj
 0001:000495e6       __control87                0044a5e6 f LIBC:ieee87.obj
 0001:00049621       __controlfp                0044a621 f LIBC:ieee87.obj
 0001:00049758       __fptrap                   0044a758 f LIBC:crt0fp.obj
 0001:00049763       __isctype                  0044a763 f LIBC:isctype.obj
 0001:000497de       _tolower                   0044a7de f LIBC:tolower.obj
 0001:000498aa       __ZeroTail                 0044a8aa f LIBC:intrncvt.obj
 0001:0004990a       __IncMan                   0044a90a f LIBC:intrncvt.obj
 0001:0004996b       __RoundMan                 0044a96b f LIBC:intrncvt.obj
 0001:00049a08       __CopyMan                  0044aa08 f LIBC:intrncvt.obj
 0001:00049a25       __FillZeroMan              0044aa25 f LIBC:intrncvt.obj
 0001:00049a31       __IsZeroMan                0044aa31 f LIBC:intrncvt.obj
 0001:00049a4f       __ShrMan                   0044aa4f f LIBC:intrncvt.obj
 0001:00049afa       __ld12cvt                  0044aafa f LIBC:intrncvt.obj
 0001:00049c96       __ld12tod                  0044ac96 f LIBC:intrncvt.obj
 0001:00049cac       __ld12tof                  0044acac f LIBC:intrncvt.obj
 0001:00049cc2       __atodbl                   0044acc2 f LIBC:intrncvt.obj
 0001:00049cf3       __atoflt                   0044acf3 f LIBC:intrncvt.obj
 0001:00049d24       __fptostr                  0044ad24 f LIBC:_fptostr.obj
 0001:00049da2       __fltout                   0044ada2 f LIBC:cfout.obj
 0001:00049e05       ___dtold                   0044ae05 f LIBC:cfout.obj
 0001:00049ec0       _memmove                   0044aec0 f LIBC:memmove.obj
 0001:0004a00e       _fflush                    0044b00e f LIBC:fflush.obj
[...]
FIXUPS: 12509 e 13 ffff5f08 27 f 21 49 27 f 21 30 e 16 1d 2f 2c 126 3e
FIXUPS: 8786 23 d 27 d e 1b 2b 14 15 30 1b 979e 24 b 13 10 21 d e 1a 1d
FIXUPS: 12122 e 29 16 d 10 d b cc f e f f f f f f 46 24 33 ac d fffff751
FIXUPS: 11bb1 d 1b 70 23 4d 23 32 23 d 10 1a f 22 24 6c 23 16 22 d 60 29
FIXUPS: 11f69 23 16 b b e 30 2c 1a fffff65d 30 e 30 2a d 5c 2f 2c 50 29
FIXUPS: 118ce 1b 10 22 d 32 38 27 10 8 18 1d 29 12 22 46 23 2a d 36 23
FIXUPS: 17747 1d d 2f e 1f 17 1c 59 23 1b d 10 d b 1a 27 d 58 d 3e d 2629
FIXUPS: 1a000 27 ffff757b 27 f 21 49 27 f 5af5 68 d 44 7a d 50 36 d 1d
FIXUPS: 173f1 d 2a 1e 1a 2b 26 1d d 39 3c 49 23 ab d 2d 22 d 11 22 1f 15
FIXUPS: 132a4 10 d b 1a 27 d 58 d 3e d 3b41 d 21 23 1b d 10 d b 2e 3d a
FIXUPS: 1704c a 1c 1b a 90 10 c 1d ffffbc35 50 36 d 1d 94 d 24 2e 27 c2
FIXUPS: 1302e 2d 22 d 15 1e 1f 15 10 1d d 2f e 1f 17 1c 3f 30 30 23 1b
FIXUPS: 127d1 b6 d b5 32 d 47 22 48 23 1b d 10 d b 2e 3d a 2b a 1c 1b a
FIXUPS: 12c27 10 c 1d d 50 d 44 7a 8204 2d 23 d 32 23 d 18 13 13 1e 22
FIXUPS: 1b0d7 13 ffff7478 27 f 21 30 23 1b d 10 d b 38 21 2b 21 48 13 4d
FIXUPS: 1aa09 23 32 23 d 2c d 2b 20 d 1a 20 d 1d 22 54 23 32 23 d 2c d
FIXUPS: 1acc7 1f 15 57 23 d 129 7e 2b 25 fffff56e 22 23 39 d 94 23 d 14
FIXUPS: 1a669 23 56 23 d 2f 58 23 5d 30 23 32 23 d 2c d 3b d 1a 20 d 1d
FIXUPS: 1a9d3 fffff6e6 30 e 29 49 2f 3e d 3f 17 23 32 20 d 13 1a 41 23
FIXUPS: 1a36c d 20 23 20 d 20 13 40 d 13 1d 10 8 4b1b 2c 10 31 23 30 20
FIXUPS: 1f0c7 5 5 18 e 13 1f e 13 1f e 13 1f e 32 f 21 30 13 1d e 13 ffffadc8
FIXUPS: 1a089 f 4a62 d 22 10 8 c 1c e 30 3f 23 2c 45 1f 10 2d 30 17 20
FIXUPS: 1ed4a 1f 23 32 84 37 23 38 47 2e 23 38 1f fffff755 11 1d 20 2a
FIXUPS: 1e7a9 16 11 2c d 17 25 28 2d 2f 30 10 41 23 d 2a d 31 d 43 d 11
FIXUPS: 1ea5c 16 18 2f d fffff718 71 4a 6 9 f 4d 65 23 16 67 23 3e 22 11
FIXUPS: 1e4ba 20 2a 19 16 11 19 21 d 1b 25 28 2d 29 50 23 3e fffff774 23
FIXUPS: 1de9e 34 d 16 24 d 28 25 6 9 f 28 23 32 23 d 34 d 16 d 21 d 2c
FIXUPS: 1e122 11 f 27 23 16 2f fffff908 23 18 2f d 1e 6 20 d 30 22 15 33
FIXUPS: 1dc48 31 23 14 9 32 d 1e 6 20 d 2c 22 15 6 33 d 27 23 fffff79d
FIXUPS: 1d5fc 3d 1b 11 2d 47 23 32 55 46 23 36 3b 18 44 1b 25 23 18 2f
FIXUPS: 1d970 1e 6 20 d 30 26 11 33 d 4a fffff627 23 32 23 d d 6c 32 23
FIXUPS: 1d242 b 8 2a 46 24 23 44 27 22 23 3a d 28 48 23 19 20 1d d 22 2e
FIXUPS: 1d574 fffff668 1c 28 19 e 26 32 23 d 79 31 e 26 32 23 d 7b 2f e
FIXUPS: 1ceed 46 26 2c 13 d 14 23 32 23 d d 6a fffff4cb 20 d 1d 9 c 2a
FIXUPS: 1c632 5c b2 e 24 34 66 c9 2d 42 30 31 21 d 26 7b 3a 21 6a 31 23
FIXUPS: 1cb9a 18 13 a fffff4fa 23 1f 20 d 3c 25 29 32 23 d 3c d 58 a9 37
FIXUPS: 1c3ed 2c 23 16 14 20 d 27 22 9 e 13 23 23 14 9 fffff7c0 23 16 2e
FIXUPS: 1bda9 d 15 2a 23 d f f 26 13 b 2f 23 d 10 a 15 2d 24 d 2f 1b 3c
FIXUPS: 1c01c 1f 20 d 3c fffff825 22 39 19 11 2b 2d 23 d f 15 2a 23 d 10
FIXUPS: 1ba73 e 1e 2a 23 23 24 81 25 23 30 d 80 23 16 f b fffff75d 2d 20
FIXUPS: 1b4c3 24 d e 1b 33 1d 31 77 20 d 47 2d 20 d e 22 d 21 1d 31 77
FIXUPS: 1b826 d 26 2d 16 19 8 fffff84f 36 27 f 21 49 27 f 21 49 27 f 21
FIXUPS: 1b309 e b b 33 20 d 14 16 d a 2b 19 a a a 10 b 8 4cb8 1f 15 12
FIXUPS: 20172 14 e b 46 32 23 d 19 b 2e 29 35 23 d 10 15 12 20 d 12 12
FIXUPS: 203ce 1a 1d 46 1f 1d fffff982 29 32 23 d 10 b 2e d 1a b 19 b 15
FIXUPS: 1ff68 d 17 b c 1f a 15 27 24 1d 20 d 1a 15 1f 20 d fffff7a9 d 11
FIXUPS: 1f94c 1d 23 16 35 7e 24 23 1b 10 d 26 35 8 12 3e d 7c 29 23 1b
FIXUPS: 1fc87 d 26 28 d 3a c a6 254e e 13 ffffcf6f 80 23 1d 5e d 69 6 51
FIXUPS: 1f4aa 98 37 23 16 29 6d 20 b 26 23 16 3c 1b 23 40 9d 23 1b b 278b
FIXUPS: 22019 f d 24 e 27 1d 82 2d 2f e 9 9 20 18 28 e 9 9 20 12 9 9 1c
FIXUPS: 22298 d 27 20 1b 5 5 fffff85b 16 e b9 23 16 1d d 10 d 46 11 34
FIXUPS: 21d8e 2f 1c 12 1e 26 32 16 e 64 d 23 1c 34 1d d d 20 29 fffff7ad
FIXUPS: 217a3 d 12 11 b 2b 16 32 23 d 4b d 13 20 d 2b 38 16 20 d 3f d 4b
FIXUPS: 21a63 2a d 2c d 48 d 21 fffff780 d 1d 8 11e 26 14 20 d 10 59 26
FIXUPS: 21544 23 d 10 1a c 5f 26 35 23 d 19 1c 2c 35 23 d 10 b 12 fffff768
FIXUPS: 20eff 2a d 10 2f 17 18 15 20 23 32 23 d 10 e 64 d 12 1a 23 32 23
FIXUPS: 2119e 14 27 2c 16 34 14 1e 1f fffff74e c 6c 15 23 13 22 46 29 6d
FIXUPS: 20be8 23 d 15 11 1b 23 2d 26 32 16 12 57 d 11 38 32 1d 44 2c 3d
FIXUPS: 20edf fffff6a5 20 25 e b 11 26 29 32 23 d 1a e 8e 59 d 1a 1b 11
FIXUPS: 2083f 2f 25 b 1c 13 49 53 2c 16 b b 16 976b 16 1d 1a e f 1b 5 1d
FIXUPS: 2a1f7 13 1f 11 1f e 32 13 1d e 13 1f e 13 1f e 13 ffff6142 36 27
FIXUPS: 20518 21 30 96a6 1e 19 2a 3c 4a 1a 49 23 32 23 d 11 1e 19 2a 3c
FIXUPS: 29ed6 1a 49 23 32 23 d 11 1e 19 2a 3c 4a 1a 49 fffff6f5 13 37 48
FIXUPS: 298bd d 3a 25 b 29 2c 26 3a 40 29 16 8 8 1f c 1f 1c 8 21 16 32
FIXUPS: 29b57 22 23 32 23 d fffff732 d 31 23 d 2b 10 8 17 1c 25 29 32 23
FIXUPS: 294c4 d 2f 2b 13 2b 13 2f 1f 23 2e 5a 2e 6c 2e 24 2e 6c fffff4e1
FIXUPS: 28cf5 c 44 34 1e 22 1b 47 47 28 204 2b 12 33 2b 10 8 1e 2a e b
FIXUPS: 291ad 3a 32 4c b 8 21 10 2d 37 fffff4bc 55 1b 23 19 c 54 36 33
FIXUPS: 28968 11 40 23 19 64 29 32 23 d 10 b 3e 2c b 14 1c 3e 44 26 14
FIXUPS: 28c79 40 fffff4d5 23 d 10 14 26 4d c2 2c 13 17 17 17 25 b0 15 1e
FIXUPS: 284ba 15 60 26 41 1e 10 1d 17 b 49 bd 18 33 35 fffff619 35 23 d
FIXUPS: 27e36 23 d 2c 23 d d b b 2f 1a d 1a 58 1a 1e e 26 29 35 23 d 2c
FIXUPS: 280f6 d 2f 23 d fffff87b 15 28 8 15 28 8 15 28 8 15 28 8 15 17
FIXUPS: 27b25 ba 1a 23 16 12 1e 38 14 1a 14 20 14 d 29 14 1f fffff99d 2a
FIXUPS: 2776b 17 28 1c f b 22 10 1c 23 17 e 15 b 2a 8 15 17 8 15 28 8 15
FIXUPS: 2796d 8 15 17 8 15 17 fffff9a7 d 23 a 14 15 d 12 1d 6e 23 16 12
FIXUPS: 274f2 35 14 1e 40 29 16 8 e 15 32 10 2f 17 d 8 24 18 23 fffff7c5
FIXUPS: 26ed5 62 d 1b 14 24 d 25 23 21 5e 19 20 15 30 23 27 14 2c 23 d
FIXUPS: 271b0 43 1b 28 2e 25 26 3d 1b 2c fffff7b3 19 21 d b 3e d d 3b b
FIXUPS: 26be5 4d 5c 17 63 b 26 23 13 1c 19 8 20 14 29 20 29 16 b e 1b d
FIXUPS: 2673d 17 d 19 14 5e 10 13 19 38 14 1d 30 2e d 1c 14 1d 23 17 2d
FIXUPS: 269c5 12 e 27 22 b 13 25 d 30 32 fffff902 10 10 19 19 13 13 13
FIXUPS: 26483 16 16 e e 1e 19 27 50 29 16 b b 29 1b 24 d b 24 2f d b 1f
FIXUPS: 266f3 fffff93b 13 2b 28 8 30 20 15 12 b 16 20 22 d 1c 17 13 1e
FIXUPS: 261ef 21 d b 3e d d 38 8 c 3b 50 17 4a fffff949 24 d 8 1b 17 d
FIXUPS: 25d81 1c 15 1c d 8 11 14 20 15 43 10 10 16 35 14 42 24 e 24 1c
FIXUPS: 25fbe 34 d 22 fffff8e2 1b b 35 d 22 d 11 2b 2e 8 21 d b 3e d d
FIXUPS: 25ad5 8 c 3b 50 17 4a 24 30 30 30 29 16 8 19 fffff8e4 3c 29 16
FIXUPS: 25650 19 18 24 d 8 21 17 d 8 1d 16 1c d 8 f 14 20 15 26 10 10 16
FIXUPS: 25854 14 42 24 e fffff7aa 9 17 56 9 b 2f 41 17 35 24 d 8 b 39 23
FIXUPS: 25285 84 d 1c c 57 d 7c d 1c c 2c d d 22 31 fffff5a4 d 8 b 19 29
FIXUPS: 24b08 8 b 4d d 8 b 13 22 1f 29 46 17 2a 17 40 19 1c f7 10 17 1e
FIXUPS: 24eb6 d8 23 22 fffff6e0 b 1b 29 16 8 b 35 27 17 15 35 47 17 41
FIXUPS: 248ab d 8 b 1e 29 16 8 b 35 16 1c 15 2f 3a 17 35 fffff8e7 24 d
FIXUPS: 2438c b 22 23 2d 23 2d 29 16 8 b 12 18 17 8 b 3a 34 18 12 b e 15
FIXUPS: 245f4 3a 17 35 24 d fffff914 d 13 20 1c 2e 23 32 23 d 19 17 2c
FIXUPS: 2414d d 2f 29 16 8 b 35 d 8 b 11 22 8 b 10 35 40 17 fffff912 16
FIXUPS: 23c53 26 e 2c 19 25 17 21 29 16 35 d b 13 22 b 1a 16 18 17 38 1f
FIXUPS: 23ecb 2e 23 32 23 d 17 a fffff953 12 1e 2c 14 20 14 d 29 14 19
FIXUPS: 23a1c 16 12 1e 2c 14 20 14 d 29 14 19 29 16 14 29 18 13 18 e e
FIXUPS: 2358c 13 29 17 2a 29 32 23 d 31 d d 15 19 12 13 12 13 12 45 18
FIXUPS: 237e3 17 1f 23 1b 8 15 17 14 1a 23 fffff816 b b 40 28 5a 1f 22
FIXUPS: 23275 2b 50 f 39 14 21 45 28 d 32 29 16 b b b 21 24 36 17 d 1a
FIXUPS: 23551 28 fffff5d8 38 23 16 31 9 33 9 30 d 67 3d 23 14 b 16 b 12
FIXUPS: 22da9 23 19 3a 16 2a 1aa 29 16 14 3d 29 1b b fffff651 12 2d 37
FIXUPS: 227cf d 32 38 38 2b 23 13 18 1d 1c 1d 1d 3f 29 18 33 23 d 10 b
FIXUPS: 22a7d 1c f 2f 2e f 2f 8c7c e 19 d 17 1d 22 e 13 1f 30 23 ffff6aa6
FIXUPS: 223a9 f 21 49 27 f 21 49 27 f 21 30 e b 62 25 2b 107 8 8d77 d c
FIXUPS: 2b4d6 e 18 f 8 d 29 2c 32 23 d 10 b 52 d d 13 8 31 3a e c 42 15
FIXUPS: 2b768 b 18 e c fffff9ad 19 8 34 e c 4e 15 e 19 f 8 d 2a 2c 32 23
FIXUPS: 2b327 10 4b d d 13 8 2e e c 42 15 18 15 f fffff890 e 21 35 13 23
FIXUPS: 2adf4 20 15 15 66 15 b c 29 26 32 23 d 2c 23 d 12 32 28 2c 32 23
FIXUPS: 2b0d7 10 51 d fffff8a6 c 1a 48 26 32 23 d f 15 e 15 10 14 2b 22
FIXUPS: 2abc5 16 b b 32 e c 1c 2c 1b b b b 35 15 b fffff8b1 13 61 2e 23
FIXUPS: 2a6fc 13 12 18 10 2c 20 d 3c 20 d 32 2c 10 8 18 1d 1c 27 2c 32
FIXUPS: 2a96d 15 f b 20 21 797d 1f e 13 1f 13 1d 13 1d 13 1d 13 1d 13 ffff7f16
FIXUPS: 2a3c9 f 21 30 e b 26 3c 25 17 10 8 21 23 32 20 d 7a9e 5e 1f 10
FIXUPS: 320cc 36 d 20 2a 12 e f 1f 22 e 13 1f e 13 1f e 13 1f e 13 1f e
FIXUPS: 322ea 1f 13 1d e fffff8d2 26 1b b 19 17 63 d 5c 13 13 43 18 2e
FIXUPS: 31e1c 22 22 24 16 1d 6 34 d 15 c 17 3b 38 26 1d 2f d fffff7d0 20
FIXUPS: 31849 12 2a d 27 13 10 10 11 19 46 5a 23 d 23 14 2c 2a 23 d 10
FIXUPS: 31abe 11 17 37 43 1f 36 23 d fffff87d 23 11 35 c 22 22 24 16 1d
FIXUPS: 31578 34 d 15 c 17 2f 29 23 16 30 22 35 26 1d c 37 11 f 1e 6 18
FIXUPS: 31036 46 5a 23 d 23 14 2c 2a 23 d 10 b 11 17 37 43 1f 36 23 d 34
FIXUPS: 31352 11 b 2b 26 1b 13 33 14 13 fffff86a 8 24 d d 10 20 d 56 d
FIXUPS: 30daf 40 3d d 27 d 25 12 2c d e 2d d 37 d 43 d 20 13 10 10 11 fffff8cf
FIXUPS: 3090c 32 17 1e 20 d 25 34 26 1d 2f d 17 2f d 29 d 11 e 2a c 27
FIXUPS: 30b9d d 4d 20 d 25 30 12 13 fffff941 2f d 11 d c 10 c d c 17 17
FIXUPS: 306b3 b e 3e d 15 13 1a 17 34 42 d 1a 35 d 47 6 18 1c 6 fffff988
FIXUPS: 30289 23 1d 2f d 15 15 20 1f b 1f 13 18 23 1d 19 29 1a 17 13 a
FIXUPS: 304a7 20 6 17 2e 37 26 1d 2f d fffff939 28 23 13 10 1a 23 1d 2f
FIXUPS: 30005 12 15 1f 13 17 6 1e 23 1d 2f d 1a 1f 13 1e 1d 9 e 25 c 42
FIXUPS: 30233 fffff975 15 c 26 17 6 1d 23 1e 12 2f d 15 c 26 13 a 1d 30
FIXUPS: 2fd8c 1d 2f d 11 23 23 1d 2f d 10 c 3e fffff926 6 1e 23 20 17 17
FIXUPS: 2f8d7 d 19 1b 46 24 27 23 1e 12 2f d 10 c 3e c 1b 23 13 10 1a 23
FIXUPS: 2fb5a 12 2f fffff8d5 39 11 9 26 23 1b 10 29 72 d 21 14 14 21 23
FIXUPS: 2f687 10 13 b 11 23 23 1d 16 9 21 d 23 20 1b 21 fffff808 22 b 6
FIXUPS: 2f059 23 32 23 d 10 b f 1c 29 5f a9 47 f 29 b 6 24 29 37 23 1b
FIXUPS: 2f3b9 1e 17 23 d 45 fffff799 3e d 3b d 2a 30 e 19 3d 30 2c 26 19
FIXUPS: 2ee09 26 32 23 d 39 d e 3e 1d 28 d 2d d 15 b 6 e fffff792 17 72
FIXUPS: 2e820 2d c c 3d d 15 32 33 26 1d 2f d 11 20 6 11 c 4a 49 16 82
FIXUPS: 2eb34 43 32 10 c a 20 fffff719 1c 29 57 38 19 1d 3e 27 29 39 e
FIXUPS: 2e519 23 1d 1b d 58 f 9 48 16 1d 1c 36 d 1f 17 9 1f 26 1b fffff7ff
FIXUPS: 2df8f 1e e 1e 26 32 23 d 39 d e 46 28 d 2d d 11 14 13 27 12 1e
FIXUPS: 2e20b 1e 30 23 32 23 d 10 b fffff833 1b 33 d 28 9 21 13 10 11 19
FIXUPS: 2dc5e 57 23 d 24 2a 23 d 10 b 11 17 37 43 1f 33 23 d 27 12 29 fffff8e5
FIXUPS: 2d80c 1b 2c 2a 19 9 27 9 6 24 23 1b 3c d 1c b 19 22 9 23 14 9 6
FIXUPS: 2da5a 9 23 11 9 6 2b 38 fffff974 13 b 19 1b 2c 1b 26 2d 23 19 24
FIXUPS: 2d5ec 1d 16 2c 9 19 15 b 13 9 1d 14 9 6 22 2e 23 16 2a 22 fffff8c9
FIXUPS: 2d094 e 3d 28 d 2d d 1a 13 1e 23 32 23 d 10 b f 1c 29 57 49 30
FIXUPS: 2d384 29 3c 23 1e 10 10 a 16 fffff80f 2a 23 d 10 b 11 17 37 43
FIXUPS: 2cdaf 33 23 d 27 19 11 b 2b 12 26 28 23 1d 30 23 1e 1f 23 32 23
FIXUPS: 2d04e fffff91b 10 13 a 1d 26 e c 26 23 1b 10 6 11 6 25 12 13 13
FIXUPS: 2caf4 a 20 d 1e 13 10 11 19 38 57 23 d fffff997 d 3b d 1e 24 d
FIXUPS: 2c6ae 24 d 2a 23 13 c c 22 e 19 3a 2f 23 1e 24 9 22 23 1d 10 17
FIXUPS: 2c906 23 23 fffff93a 15 d 13 13 1a 20 d 20 2f 9 f 34 9 f 31 2d
FIXUPS: 2c449 d 15 10 30 2f 9 f 34 9 f 3b 17 13 13 fffff832 d 14 23 34
FIXUPS: 2be6d 25 32 1f 32 39 3f 2c 50 11 10 b 12 29 17 25 30 45 d 2c 3a
FIXUPS: 2c1c9 14 22 2a 2d 23 9453 ffff6286 27 f 21 49 27 f 21 49 27 f 21
FIXUPS: 2bb32 27 f 21 49 27 f 21 49 27 f 21 49 27 f 21 30 2c 17 958d 26
FIXUPS: 353ac 2f d 11 61 24 10 6 3a 17 20 24 12 e f 1f 22 e 13 1f e 13
FIXUPS: 35619 e 13 1f 13 1d 13 1d fffff86a 23 d 10 b 11 17 37 43 1f 33
FIXUPS: 35085 d 27 26 1b d 13 b 17 68 d 34 14 43 18 40 27 2c d 15 32 fffff836
FIXUPS: 34b94 6 11 20 2e 12 2a d 27 13 2d d 15 10 11 19 46 57 23 d 27 16
FIXUPS: 34e18 21 16 9 21 14 2c 14 2c fffff906 1e 10 d 13 16 16 1b 28 14
FIXUPS: 3490d 27 2c d 1b 20 31 23 1e 27 23 d 18 c 9 d 1e 26 1d c 36 14
FIXUPS: 343ff 17 37 43 1f 33 23 d 27 23 1b d 13 b 30 22 35 23 1b d b 22
FIXUPS: 346dd 18 a e 11 a e 50 d 46 fffff8d5 1f c 6 c 6 2f d 43 d 2c 13
FIXUPS: 341e9 d 15 10 11 19 46 57 23 d 27 f a 9 1e 2a 23 d 10 b fffff95e
FIXUPS: 33d69 d 1a 39 16 12 1e 1f 20 d 48 b 1b 12 13 30 d 18 8 24 d 18
FIXUPS: 33f9e 20 d 20 f 20 d 45 35 fffff889 1f f 9 c 20 d 14 2d c 22 12
FIXUPS: 33a2b 10 1d 3c d 5f 2a 6 3d 55 34 6 1d 24 63 6 21 1d 2b 27 fffff899
FIXUPS: 335dc 18 c 1d 1d 2f 18 c 15 c 1b 16 d 12 20 d 14 1f 2b 18 c c 19
FIXUPS: 33801 a 64 d 3d 24 6 18 fffff963 15 9 2d 23 1b d b 2a 22 28 d 1c
FIXUPS: 333a8 c 1a 6 45 23 1d 2f d 2a d 18 c 1d 1c 23 1d 2f d fffff901
FIXUPS: 32f07 d 26 16 19 23 1b 10 c 16 20 23 32 23 d 15 9 2d 23 1d 2f d
FIXUPS: 33171 23 d 11 9 1e 23 32 23 fffff7d4 13 1a 20 17 40 23 32 23 d
FIXUPS: 32b5e b f 1c 29 5f 2b 2d 1b c 4d c 1c 47 24 1b 27 29 43 23 1b 10
FIXUPS: 32519 49 27 f 21 49 27 f 21 30 e 19 2a d 70 32 23 1e 2f 26 32 20
FIXUPS: 3287e 36 d e 46 d a4 28 d d 47fd d 27 14 39 23 23 16 17 14 80 d
FIXUPS: 373bf e 14 38 23 16 e 19 1a 1f 32 28 10b 22 e 13 1f ffffae49 27
FIXUPS: 324f8 485a 4a d 2a d 37 1c 2c 94 14 15 1b 26 42 1d 29 d 31 e 14
FIXUPS: 3705c a 23 60 23 2d 23 23 d 2d 23 16 fffff619 b 1b 2f 6f 19 24
FIXUPS: 36932 1a 25 19 55 5a 23 19 b 8 35 22 c 31 40 f 5c 14 4d 1c 49 35
FIXUPS: 36ceb 11 42 fffff4db 23 d 30 39 1f 1d 2b 29 16 1e 1a 46 112 27
FIXUPS: 3653c 8b 1b 1a 27 14 1a 25 2b 1a 1f 4b 1f 26 1a 25 19 fffff5bb
FIXUPS: 35da0 d 1b 16 1c 16 1c 16 47 10 8 18 1d 23 23 32 23 d 14 27 23
FIXUPS: 35ff7 d 9a 5c 1e 3a 23 d 30 1c fffff5c2 40 3c 6d e b 30 23 d 3b
FIXUPS: 3595c 84 29 e b 30 23 d 2c 23 d 38 2f 84 30 76 1a 10 2d 38 41 d
FIXUPS: 395f6 23 d 26 29 f 31 d 31 23 d 27 d 15 10 3d d 23 26 13 18 1d
FIXUPS: 39879 e 13 1f e 13 ffffbe28 27 f 21 3bb7 1e 21 d 1c 6 9 21 e b
FIXUPS: 393da 1d d 38 d f 1d d 13 1d d 14 1d d f 1e d 10 22 12 37 d fffffa2e
FIXUPS: 38fff d 3d 26 32 23 d 18 11 6 a 34 d 32 18 e 1d d 35 13 1d d 18
FIXUPS: 3927b d 15 f 1d d f 1e fffff915 9 c 9 19 30 49 3c 1f 27 20 42 1d
FIXUPS: 38dd6 1b 20 38 26 1e 16 d 12 2a 1c 24 d 15 1c 21 d 20 19 fffff78b
FIXUPS: 38795 19 4d d 1a 1c 36 31 6c 1c 36 d 23 2e 20 d 1e 42 20 d 21 20
FIXUPS: 38af9 26 32 23 d 18 16 21 21 fffff71c 3c 23 1e 15 24 9 1a 1d 14
FIXUPS: 38468 63 23 d 1e 20 26 1e 16 10 d 2a 21 29 1a 36 18 20 39 22 d
FIXUPS: 3873f fffff6ed 8 c 19 e 3d 25 2f 23 29 60 15 23 1e b b 2d 1c 80
FIXUPS: 380fc 1e b 18 2e 27 3b 21 d 40 22 34 38 fffff722 1e 26 1b d 13
FIXUPS: 37a80 17 1b 47 1e 2c 56 26 1b 25 4f 35 d 35 30 d 2e 39 12 13 13
FIXUPS: 37dba c 10 1e 25 1f11 13 16 16 16 e e ffffd947 27 f 21 49 27 f
FIXUPS: 377d9 30 e 47 2b 2f 17 d 1d 23 1b 22 23 1e 16 d 22 6 1f2d 27 f
FIXUPS: 39969 30 23 32 23 d 16 21 24 23 32 23 d 1a 22 1f 2b 32 23 30 30
FIXUPS: 39c67 5 46 10 10 19 19 13 7d2e 27 3e d 18 30 23 26 1a 27 17 27
FIXUPS: 41bea d b0 44 27 27 3b d 15 22 e 15 12 1a 22 e 13 1f e 13 fffff72b
FIXUPS: 415c7 15 15 15 15 15 15 78 b 1e d b 1d 84 b 50 c 30 20 e 30 e 97
FIXUPS: 4194a 27 23 d d b e 57 fffff742 2c 23 d 10 43 23 d 10 21 d 10 3b
FIXUPS: 412d4 d c 2f 3e e 4e c 20 28 44 34 46 f 35 b 1b 41 24 fffff643
FIXUPS: 40c0a 1b 10 15 e 3a 10 14 3f 80 37 41 d 36 76 d 4d 4c 41 d 1d 62
FIXUPS: 41034 10 35 29 32 23 d 2c 23 fffff684 12 20 29 16 16 19 12 20 29
FIXUPS: 408e8 16 12 19 29 3e 23 d 38 23 d 38 23 d 10 b 1e 7c 1f 41 d 15
FIXUPS: 4039b 13 5c d 32 23 32 23 d 1d c 3e d d 18 22 29 16 b 16 12 2d
FIXUPS: 40649 23 32 23 d 67 34 29 16 16 fffff7eb 20 23 32 23 d 10 b b b
FIXUPS: 4008a b 2b 69 23 30 1d 23 32 23 d 10 18 47 24 38 23 38 23 d 10
FIXUPS: 40390 fffff6e6 b b 1a 44 d 31 d 43 d 31 d 43 d 3b d 15 57 32 d
FIXUPS: 3fd41 d 15 21 10 55 29 16 16 19 119 12 fffff7a3 24 d 14 10 2c 23
FIXUPS: 3f7d6 14 f 1d d 1f 13 1d d 1f 31 19 1e f 27 d 14 5c 23 38 23 d
FIXUPS: 3fa54 c b fffff7d8 c 30 d 3c 41 29 3e 23 d 10 16 19 11 16 52 58
FIXUPS: 3f4c0 f 26 1b 2c 1f 79 47 d 38 14 10 1b 1a 5f fffff7c0 16 19 11
FIXUPS: 3ef3b 23 3b 23 38 23 d 10 38 d 26 10 e 2f 1d d 10 b e 6 c d 1b
FIXUPS: 3f19e 21 2a 41 d fffff975 27 d 20 10 d 15 1b d c 15 c 19 1b 10
FIXUPS: 3ecd8 16 15 17 d c 19 1b 10 d 16 15 17 d c ba 29 fffff99f 1b 27
FIXUPS: 3e8b0 1b 27 d 27 d 1b 27 d 27 d 27 d 11 26 d 27 d 27 d 1b 1d 34
FIXUPS: 3eb16 31 d 17 17 15 fffff982 27 d 2d 17 1b d 10 1a 25 17 25 24
FIXUPS: 3e68e f d 24 c d 10 2b 1a 1a d 17 29 d 16 40 10 17 27 fffff67b
FIXUPS: 3def8 11 29 11 26 23 16 2d 23 d 1a c 13 45 2c 23 16 2a7 23 38 23
FIXUPS: 3e414 10 c 2c d 10 13 40 d 33 fffff4fc d 18 29 d 1f 2d d 3e 16
FIXUPS: 3db7a 6f 30 e 32 23 16 2d 23 d 3f 16 5b d 1f 1d d 19 52 16 16 32
FIXUPS: 3d5f0 d 28 3e 4b 1d d 2d 16 14 24 d 1b 13 2e d 24 d 1e 31 d 1c
FIXUPS: 3d880 16 42 d 79 d 1f 1d d 19 fffff5dc 23 16 b 53 d 61 d 82 10b
FIXUPS: 3d31d 56 d 3e 1e 26 16 29 d 22 d 1f 1d d 19 1d d 19 32 29 1d d
FIXUPS: 3cbdc 18 d 2d 23 d 32 23 d 10 f d 24 d 28 25 d 15 25 d 1b 21 1d
FIXUPS: 3ce24 15 7d d 2c 14 1d d 3a fffff3a2 40 23 32 23 d 1a 21 23 32
FIXUPS: 3c481 d 10 39 17 1b 29 3e 23 d 10 5f 17 62 5d 25a 16 7f 80 b7 3e
FIXUPS: 3cbb9 fffff325 23 d 43 33 50 23 d 13 19 39 29 16 15 15 27 29 16
FIXUPS: 3c14d 15 27 23 32 23 d 16 25 23 32 23 d 10 fffff7b6 23 d 2e 15
FIXUPS: 3bb39 23 32 23 d 10 22 22 1f 28 23 32 23 d 1d 3e 2d 3d 23 d 13
FIXUPS: 3bdf2 25 d 2b 3a 23 fffff800 30 d 55 23 d d e 11 15 3a 23 5b 23
FIXUPS: 3b897 13 2a 19 9 15 6 6 1c 56 23 31 d 10 a 50 23 d fffff77f d 38
FIXUPS: 3b26b d 10 b 63 12 10 19 e 3a 23 5b 23 d 31 1b 30 36 23 32 23 d
FIXUPS: 3b5b3 23 d 20 31 39 1c fffff620 23 32 23 d 2c 23 d 19 1b 7b 30
FIXUPS: 3ae8c d 2c 23 d 10 74 23 38 23 d 85 23 2d 23 2d 23 2d 29 3e fffff464
FIXUPS: 3a684 35 23 162 ab 29 32 23 d 2c 23 d 1c 8f 23 d 10 e 41 19 66
FIXUPS: 3abac d 21 c 25 d 16 f 1f 29 fffff574 1d 1d 1d 2a 10 29 12 22 1d
FIXUPS: 3a321 1d 4b 23 32 23 d 2c 23 d d 55 1c 1c 1b 14 d 11 15 2b 5b 36
FIXUPS: 42669 8 18 1d 21 5 ffff7706 27 f 21 30 e 26 82 2a 2c 13 d 14 10
FIXUPS: 39fd6 38 38 38 38 38 38 38 38 33 10 8 8098 23 32 23 d d 22 3b 1c
FIXUPS: 42396 22 17 21 17 37 4a 15 2f 19 10 f 2c 18 10 f 22 10 2d 23 d
FIXUPS: 42628 31 1a54 16 16 16 e e ffffddb7 27 f 21 33 3d 2a 23 d d 29
FIXUPS: 4203a 15 2e 1c 15 28 15 6a 1f b 6 20 24 2c 72 1904 2c 64 6c 14
FIXUPS: 43c97 29 28 1a 7f 1f 1f 52 d6 5 3d e 13 1f e 32 14 6 26 12 27 10
FIXUPS: 44042 19 19 13 13 fffff4fd b 8 38 1c 1f 63 50 2f 55 13 11 9 f 1c
FIXUPS: 437f5 3f 16 2a 1d d 15 d 9 d 3b 27 26 2c cd 5c 35 fffff7d3 29 10
FIXUPS: 43318 d 1f 35 e a c 8 24 d 6 24 d 14 29 1e 2c d 28 10 8 c 1c 2d
FIXUPS: 43559 d 10 b b fffff953 21 a f d 14 20 d 19 8 3f 52 2d 23 d d 26
FIXUPS: 430cc 43 a 15 2b 20 11 3f 23 17 26 23 32 23 d fffff64b 16 10 d
FIXUPS: 42936 b 8 54 d 36 6 10 17 31 55 10 1b4 39 1c 8 c 10 6 6 a 6 23
FIXUPS: 42d26 13 2f 4f b0 2d40 13 1f 39 10 10 19 19 13 13 13 16 16 16 e
FIXUPS: 45cfb ffffca07 27 f 21 30 2c 17 d 20 13 10 d a b e 15 2dfd b c
FIXUPS: 456db 8e 1c 64 30 16 2a 13 4b 32 2d 63 e 68 2a 23 32 23 d 18 23
FIXUPS: 45afc 17 24 5 1d e 13 1f fffff65d 19 58 e 2d b 62 32 1f 42 d 1b
FIXUPS: 453dc 2b 10 10 4d d 1e 10 17 1c 11 2c 28 52 38 16 1e 2f d 14 fffff6d4
FIXUPS: 44d39 c 24 10 8 c 1c 2d 23 d d 8 1c 1f 1a 1d 20 1f 1b 53 24 13
FIXUPS: 44fb6 1e 30 29 1e 42 35 e3 1f fffff399 4c 152 1e 51 1e 63 1dd 91
FIXUPS: 44a7c 16 77 10 3f 23 d 14 21 d 14 29 d 27 1e 10 8 18 20 e 32 1b
FIXUPS: 44d11 1899 13 16 16 16 e e ffffdb27 27 f 21 49 27 f 21 30 e 26
FIXUPS: 442d9 2c 27 3a 13 23 32 36 68 15 67 31 23 16 1bd8 1e 59 11 11 11
FIXUPS: 461e0 61 23 d 28 1c 24 38 24 51 36 6a 9 40 2e 2a 5 1d e 13 28 10
FIXUPS: 46552 19 19 13 2a2 16 e e fffff4ae e b 1e 29 2c 32 12 23 5d 23
FIXUPS: 45ebe 20 d 36 34 66 2d 21 2d 23 d 10 b 8 1b 1a b 1089 10 10 19
FIXUPS: 471a4 13 13 13 16 16 16 e e fffff417 27 f 21 50 10 22 d 1f 5 26
FIXUPS: 46792 10 19 19 13 13 13 16 53a 48 38 31 b b b b b 23 8 15 b b 3f
FIXUPS: 46efe 16 25 16 24 24 20 4c 27 21 30 1a 1a 48 5 1d 13 fffff9bc 10
FIXUPS: 46b16 25 b 1e 13 25 b 31 b b b 24 d b e 26 13 b b 10 19 26 8 15
FIXUPS: 46d09 b b b b 1d 507 e 42 23 14 15 34 23 14 15 34 23 2b 22 e 13
FIXUPS: 46889 e b b 14 1d 16 92 96 1d 1e 1f 17 1b 18 1d
