 tdfmake

 Timestamp is 3078f607 (Mon Oct 09 03:14:31 1995)

 Preferred load address is 00400000

 Start         Length     Name                   Class
 0001:00000000 0005b300H .text                   CODE
 0002:00000000 000070e0H .bss                    DATA
 0003:00000000 000004e0H .rdata                  DATA
 0004:00000000 00009902H .data                   DATA
 0004:00009904 00000004H .CRT$XCA                DATA
 0004:00009908 00000068H .CRT$XCU                DATA
 0004:00009970 00000004H .CRT$XCZ                DATA
 0004:00009974 00000004H .CRT$XIA                DATA
 0004:00009978 0000000cH .CRT$XIC                DATA
 0004:00009984 00000004H .CRT$XIZ                DATA
 0004:00009988 00000004H .CRT$XPA                DATA
 0004:0000998c 00000004H .CRT$XPX                DATA
 0004:00009990 00000004H .CRT$XPZ                DATA
 0004:00009994 00000004H .CRT$XTA                DATA
 0004:00009998 00000004H .CRT$XTZ                DATA
 0005:00000000 00000050H .idata$2                DATA
 0005:00000050 00000014H .idata$3                DATA
 0005:00000064 000000ecH .idata$4                DATA
 0005:00000150 000000ecH .idata$5                DATA
 0005:0000023c 000003eaH .idata$6                DATA
 0006:00000000 0000150dH CONST                   DATA
 0008:00000000 00000000H .debug$C                DATA
 0008:00000000 00000110H .debug$E                DATA
 0008:00000110 000008e0H .debug$F                DATA
 0008:00000c60 00000000H .debug$G                DATA
 0008:00000c60 00000032H .debug$H                DATA
 0008:fff85000 00000000H .debug$P                DATA
 0008:fff85000 00000000H .debug$S                DATA
 0008:fff85000 00000000H .debug$T                DATA

  Address         Publics by Value              Rva+Base   Lib:Object

 0001:00000000       _main                      00401000 f tdfmake.obj
 0001:00000350       ?FMakeTdf@@YGHPAVFNI@@PAVCFL@@@Z 00401350 f tdfmake.obj
 0001:00000b90       ?Debugger@@YGXXZ           00401b90 f tdfmake.obj
 0001:00000bb0       ?FIn@@YGHJJJ@Z             00401bb0 f tdfmake.obj
 0001:00000bf0       ?WarnProc@@YGXPADJ0@Z      00401bf0 f tdfmake.obj
 0001:00000c70       ?FAssertProc@@YGHPADJ0PAXJ@Z 00401c70 f tdfmake.obj
 0001:00000e30       ??1FNI@@UAE@XZ             00401e30 f tdfmake.obj
 0001:00000e60       ??1BASE@@UAE@XZ            00401e60 f tdfmake.obj
 0001:00000eb0       ??_GBASE@@UAEPAXI@Z        00401eb0 f tdfmake.obj
 0001:00000eb0       ??_EBASE@@UAEPAXI@Z        00401eb0 f tdfmake.obj
 0001:00000ef0       ??0STN@@QAE@XZ             00401ef0 f tdfmake.obj
 0001:00000f50       ?Psz@STN@@QAEPADXZ         00401f50 f tdfmake.obj
 0001:00000fa0       ?Cch@STN@@QAEJXZ           00401fa0 f tdfmake.obj
 0001:00000ff0       ?SetSz@STN@@QAEXPAD@Z      00401ff0 f tdfmake.obj
 0001:00001030       ??4STN@@QAEAAV0@PAD@Z      00402030 f tdfmake.obj
 0001:00001060       ?FAppendCh@STN@@QAEHD@Z    00402060 f tdfmake.obj
 0001:000011a0       ??0ACR@@QAE@EEE@Z          004021a0 f tdfmake.obj
 0001:000011e0       ?LwFromBytes@@YGJEEEE@Z    004021e0 f tdfmake.obj
 0001:00001220       ??0ACR@@QAE@HH@Z           00402220 f tdfmake.obj
 0001:000012c0       ?BrsDiv@@YGJJJ@Z           004022c0 f tdfmake.obj
 0001:000013f0       ?LwAbs@@YGJJ@Z             004023f0 f tdfmake.obj
 0001:00001420       ?FWouldBe@USAC@@SGHJ@Z     00402420 f utilglob.obj
 0001:00001460       ?FIs@USAC@@UAEHJ@Z         00402460 f utilglob.obj
 0001:00001490       ?Cls@USAC@@UAEJXZ          00402490 f utilglob.obj
 0001:000015d0       ??1RND@@UAE@XZ             004025d0 f utilglob.obj
 0001:00001600       ??1KCDC@@UAE@XZ            00402600 f utilglob.obj
 0001:00001630       ??0KCDC@@QAE@XZ            00402630 f utilglob.obj
 0001:00001670       ??1USAC@@UAE@XZ            00402670 f utilglob.obj
 0001:000016c0       ??1CODC@@UAE@XZ            004026c0 f utilglob.obj
 0001:000016f0       ??_GKCDC@@UAEPAXI@Z        004026f0 f utilglob.obj
 0001:000016f0       ??_EKCDC@@UAEPAXI@Z        004026f0 f utilglob.obj
 0001:00001730       ??0CODC@@QAE@XZ            00402730 f utilglob.obj
 0001:00001770       ??_GCODC@@UAEPAXI@Z        00402770 f utilglob.obj
 0001:00001770       ??_ECODC@@UAEPAXI@Z        00402770 f utilglob.obj
 0001:000017b0       ??0MUTX@@QAE@XZ            004027b0 f utilglob.obj
 0001:000017e0       ??1MUTX@@QAE@XZ            004027e0 f utilglob.obj
 0001:00001810       ?FCanDo@KCDC@@UAEHHJ@Z     00402810 f utilglob.obj
 0001:000018a0       ?PfilNext@FIL@@QAEPAV1@XZ  004028a0 f util.obj
 0001:000018d0       ?PbllNext@BLL@@QAEPAV1@XZ  004028d0 f util.obj
 0001:00001900       ?PcflNext@CFL@@QAEPAV1@XZ  00402900 f util.obj
 0001:00001930       ?FWouldBe@BLL@@SGHJ@Z      00402930 f base.obj
 0001:00001970       ?FIs@BLL@@UAEHJ@Z          00402970 f base.obj
 0001:000019a0       ?Cls@BLL@@UAEJXZ           004029a0 f base.obj
 0001:000019d0       ?Cls@BASE@@UAEJXZ          004029d0 f base.obj
 0001:00001a00       ?FIs@BASE@@UAEHJ@Z         00402a00 f base.obj
 0001:00001a40       ?FWouldBe@BASE@@SGHJ@Z     00402a40 f base.obj
 0001:00001a70       ??0BASE@@QAE@XZ            00402a70 f base.obj
 0001:00001b50       ?_PbaseFromDoi@@YGPAVBASE@@PAUDOI@@@Z 00402b50 f base.obj
 0001:00001b70       ?_Enter@@YGXXZ             00402b70 f base.obj
 0001:00001b90       ?_Leave@@YGXXZ             00402b90 f base.obj
 0001:00001bb0       ?AddRef@BASE@@UAEXXZ       00402bb0 f base.obj
 0001:00001c40       ?Release@BASE@@UAEXXZ      00402c40 f base.obj
 0001:00001cf0       ??2BASE@@SGPAXIPADJ@Z      00402cf0 f base.obj
 0001:00001ec0       ??3BASE@@SGXPAX@Z          00402ec0 f base.obj
 0001:00001f40       ?_PdoiFromBase@@YGPAUDOI@@PAX@Z 00402f40 f base.obj
 0001:00001f60       ?AssertValid@BASE@@QAEXK@Z 00402f60 f base.obj
 0001:00002090       ?MarkMemStub@BASE@@QAEXXZ  00403090 f base.obj
 0001:00002170       ?MarkMem@BASE@@UAEXXZ      00403170 f base.obj
 0001:000021c0       ?_AssertDoi@@YGXPAUDOI@@H@Z 004031c0 f base.obj
 0001:000023b0       ?_LinkDoi@@YGXPAUDOI@@PAPAU1@@Z 004033b0 f base.obj
 0001:00002430       ?_UnlinkDoi@@YGXPAUDOI@@@Z 00403430 f base.obj
 0001:000024b0       ??0BLL@@QAE@XZ             004034b0 f base.obj
 0001:00002500       ??1BLL@@UAE@XZ             00403500 f base.obj
 0001:00002550       ?_Attach@BLL@@IAEXPAX@Z    00403550 f base.obj
 0001:000026f0       ?AssertNilOrPvCb@@YGXPAXJ@Z 004036f0 f base.obj
 0001:00002720       ?AssertValid@BLL@@QAEXK@Z  00403720 f base.obj
 0001:00002820       ??_GBLL@@UAEPAXI@Z         00403820 f base.obj
 0001:00002820       ??_EBLL@@UAEPAXI@Z         00403820 f base.obj
 0001:00002860       ?PvAddBv@@YGPAXPAXJ@Z      00403860 f base.obj
 0001:00002880       ?PvSubBv@@YGPAXPAXJ@Z      00403880 f base.obj
 0001:000028a0       ?Enter@MUTX@@QAEXXZ        004038a0 f base.obj
 0001:000028d0       ?Leave@MUTX@@QAEXXZ        004038d0 f base.obj
 0001:00002900       ?LwThreadCur@@YGJXZ        00403900 f base.obj
 0001:00002920       ?FillPb@@YGXPAXJE@Z        00403920 f utilcopy.obj
 0001:00002980       ?ClearPb@@YGXPAXJ@Z        00403980 f utilcopy.obj
 0001:000029f0       ?FEqualRgb@@YGHPAX0J@Z     004039f0 f utilcopy.obj
 0001:00002a70       ?CbEqualRgb@@YGJPAX0J@Z    00403a70 f utilcopy.obj
 0001:00002b00       ?CopyPb@@YGXPAX0J@Z        00403b00 f utilcopy.obj
 0001:00002ba0       ?BltPb@@YGXPAX0J@Z         00403ba0 f utilcopy.obj
 0001:00002c80       ?FWouldBe@ERS@@SGHJ@Z      00403c80 f utilerro.obj
 0001:00002cc0       ?FIs@ERS@@UAEHJ@Z          00403cc0 f utilerro.obj
 0001:00002cf0       ?Cls@ERS@@UAEJXZ           00403cf0 f utilerro.obj
 0001:00002d20       ??0ERS@@QAE@XZ             00403d20 f utilerro.obj
 0001:00002d70       ?Push@ERS@@UAEXJPADJ@Z     00403d70 f utilerro.obj
 0001:00002f30       ?FPop@ERS@@UAEHPAJ@Z       00403f30 f utilerro.obj
 0001:00003030       ?Clear@ERS@@UAEXXZ         00404030 f utilerro.obj
 0001:000030a0       ?Cerc@ERS@@UAEJXZ          004040a0 f utilerro.obj
 0001:000030f0       ?FIn@ERS@@UAEHJ@Z          004040f0 f utilerro.obj
 0001:000031c0       ?ErcGet@ERS@@UAEJJ@Z       004041c0 f utilerro.obj
 0001:00003260       ?Flush@ERS@@UAEXJ@Z        00404260 f utilerro.obj
 0001:00003350       ?AssertValid@ERS@@QAEXK@Z  00404350 f utilerro.obj
 0001:000033f0       ??1ERS@@UAE@XZ             004043f0 f utilerro.obj
 0001:00003420       ??_EERS@@UAEPAXI@Z         00404420 f utilerro.obj
 0001:00003420       ??_GERS@@UAEPAXI@Z         00404420 f utilerro.obj
 0001:00003480       ?LwMul@@YGJJJ@Z            00404480 f utilint.obj
 0001:000034f0       ?AssertIn@@YGXJJJ@Z        004044f0 f utilint.obj
 0001:00003570       ?SwapBytesBom@@YGXPAXK@Z   00404570 f utilint.obj
 0001:00003650       ?LwMin@@YGJJJ@Z            00404650 f utilint.obj
 0001:00003680       ?SwapBytesRglw@@YGXPAXJ@Z  00404680 f utilint.obj
 0001:00003730       ?AssertBomRglw@@YGXKJ@Z    00404730 f utilint.obj
 0001:000037f0       ?LwMulDiv@@YGJJJJ@Z        004047f0 f utilint.obj
 0001:00003840       ?LwMax@@YGJJJ@Z            00404840 f utilint.obj
 0001:00003870       ?LwBound@@YGJJJJ@Z         00404870 f utilint.obj
 0001:000038b0       ??0USAC@@QAE@XZ            004048b0 f utilint.obj
 0001:00003910       ?Set@DVER@@QAEXFF@Z        00404910 f utilint.obj
 0001:00003970       ??_EUSAC@@UAEPAXI@Z        00404970 f utilint.obj
 0001:00003970       ??_GUSAC@@UAEPAXI@Z        00404970 f utilint.obj
 0001:000039b0       ?TsCurrentSystem@@YGKXZ    004049b0 f utilint.obj
 0001:000039d0       ?FFail@DMAGL@@QAEHXZ       004049d0 f utilmem.obj
 0001:00003a40       ?Allocate@DMAGL@@QAEXJ@Z   00404a40 f utilmem.obj
 0001:00003ad0       ?Resize@DMAGL@@QAEXJ@Z     00404ad0 f utilmem.obj
 0001:00003b30       ?Free@DMAGL@@QAEXJ@Z       00404b30 f utilmem.obj
 0001:00003b70       ?FAllocPvDebug@@YGHPAPAXJKJPADJPAUDMAGL@@@Z 00404b70 f utilmem.obj
 0001:00003ec0       ?_FResizePpvDebug@@YGHPAPAXJJKJPAUDMAGL@@@Z 00404ec0 f utilmem.obj
 0001:000042d0       ?FreePpvDebug@@YGXPAPAXPAUDMAGL@@@Z 004052d0 f utilmem.obj
 0001:00004370       ?_LinkMbh@@YGXPAUMBH@@@Z   00405370 f utilmem.obj
 0001:00004410       ?_UnlinkMbh@@YGXPAUMBH@@0@Z 00405410 f utilmem.obj
 0001:000045b0       ?_AssertMbh@@YGXPAUMBH@@@Z 004055b0 f utilmem.obj
 0001:000047f0       ?AssertPvAlloced@@YGXPAXJ@Z 004057f0 f utilmem.obj
 0001:000048b0       ?MarkPv@@YGXPAX@Z          004058b0 f utilmem.obj
 0001:00004920       ?FWouldBe@RND@@SGHJ@Z      00405920 f utilrnd.obj
 0001:00004960       ?FIs@RND@@UAEHJ@Z          00405960 f utilrnd.obj
 0001:00004990       ?Cls@RND@@UAEJXZ           00405990 f utilrnd.obj
 0001:000049c0       ?FWouldBe@SFL@@SGHJ@Z      004059c0 f utilrnd.obj
 0001:00004a00       ?FIs@SFL@@UAEHJ@Z          00405a00 f utilrnd.obj
 0001:00004a30       ?Cls@SFL@@UAEJXZ           00405a30 f utilrnd.obj
 0001:00004a60       ??0RND@@QAE@K@Z            00405a60 f utilrnd.obj
 0001:00004af0       ?LwNext@RND@@UAEJJ@Z       00405af0 f utilrnd.obj
 0001:00004bc0       ??0SFL@@QAE@K@Z            00405bc0 f utilrnd.obj
 0001:00004c50       ??1SFL@@UAE@XZ             00405c50 f utilrnd.obj
 0001:00004cc0       ?AssertValid@SFL@@QAEXK@Z  00405cc0 f utilrnd.obj
 0001:00004d90       ?MarkMem@SFL@@UAEXXZ       00405d90 f utilrnd.obj
 0001:00004df0       ?Shuffle@SFL@@QAEXJ@Z      00405df0 f utilrnd.obj
 0001:00004f00       ?_ShuffleCore@SFL@@IAEXXZ  00405f00 f utilrnd.obj
 0001:00004ff0       ?_FEnsureHq@SFL@@IAEHJ@Z   00405ff0 f utilrnd.obj
 0001:00005170       ?LwNext@SFL@@UAEJJ@Z       00406170 f utilrnd.obj
 0001:000052d0       ??_GRND@@UAEPAXI@Z         004062d0 f utilrnd.obj
 0001:000052d0       ??_ERND@@UAEPAXI@Z         004062d0 f utilrnd.obj
 0001:00005310       ??_ESFL@@UAEPAXI@Z         00406310 f utilrnd.obj
 0001:00005310       ??_GSFL@@UAEPAXI@Z         00406310 f utilrnd.obj
 0001:00005350       ??4STN@@QAEAAV0@AAV0@@Z    00406350 f utilstr.obj
 0001:00005440       ?SetRgch@STN@@QAEXPADJ@Z   00406440 f utilstr.obj
 0001:00005520       ?Delete@STN@@QAEXJJ@Z      00406520 f utilstr.obj
 0001:00005680       ?FAppendRgch@STN@@QAEHPADJ@Z 00406680 f utilstr.obj
 0001:00005780       ?FInsertRgch@STN@@QAEHJPADJ@Z 00406780 f utilstr.obj
 0001:00005930       ?FEqualRgch@STN@@QAEHPADJ@Z 00406930 f utilstr.obj
 0001:000059d0       ?FEqualUserRgch@STN@@QAEHPADJK@Z 004069d0 f utilstr.obj
 0001:00005a60       ?GetSzs@STN@@QAEXPAD@Z     00406a60 f utilstr.obj
 0001:00005ad0       ?FFormatSz@STN@@QAAHPADZZ  00406ad0 f utilstr.obj
 0001:00005b30       ?FFormatRgch@STN@@QAEHPADJPAK@Z 00406b30 f utilstr.obj
 0001:00006390       ?FGetLw@STN@@QAEHPAJJ@Z    00407390 f utilstr.obj
 0001:00006660       ?Prgch@STN@@QAEPADXZ       00407660 f utilstr.obj
 0001:000066b0       ?SetNil@STN@@QAEXXZ        004076b0 f utilstr.obj
 0001:00006710       ?AssertValid@STN@@QAEXK@Z  00407710 f utilstr.obj
 0001:00006800       ?CchSz@@YGJPAD@Z           00407800 f utilstr.obj
 0001:000068a0       ?FEqualUserRgch@@YGHPADJ0JK@Z 004078a0 f utilstr.obj
 0001:00006a10       ?UpperRgchs@@YGXPADJ@Z     00407a10 f utilstr.obj
 0001:00006ad0       ?AssertOsk@@YGXF@Z         00407ad0 f utilstr.obj
 0001:00006b80       ?AssertSz@@YGXPAD@Z        00407b80 f utilstr.obj
 0001:00006bd0       ?FAllocHqDebug@@YGHPAPAXJKJPADJ@Z 00407bd0 f memwin.obj
 0001:00006cb0       ?FResizePhq@@YGHPAPAXJKJ@Z 00407cb0 f memwin.obj
 0001:00006de0       ?FreePhq@@YGXPAPAX@Z       00407de0 f memwin.obj
 0001:00006e90       ?CbOfHq@@YGJPAX@Z          00407e90 f memwin.obj
 0001:00006ed0       ?QvFromHq@@YGPAXPAX@Z      00407ed0 f memwin.obj
 0001:00006ef0       ?PvLockHq@@YGPAXPAX@Z      00407ef0 f memwin.obj
 0001:00006f70       ?UnlockHq@@YGXPAX@Z        00407f70 f memwin.obj
 0001:00006ff0       ?AssertHq@@YGXPAX@Z        00407ff0 f memwin.obj
 0001:000070e0       ?MarkHq@@YGXPAX@Z          004080e0 f memwin.obj
 0001:00007120       ?AssertPvCb@@YGXPAXJ@Z     00408120 f memwin.obj
 0001:000071f0       ?B2Lw@@YGEJ@Z              004081f0 f screxe.obj
 0001:00007210       ?B3Lw@@YGEJ@Z              00408210 f screxe.obj
 0001:00007230       ?FAppendStn@STN@@QAEHPAV1@@Z 00408230 f screxe.obj
 0001:00007270       ?IvMac@GRPB@@QAEJXZ        00408270 f screxe.obj
 0001:000072a0       ?FPush@GL@@QAEHPAX@Z       004082a0 f screxe.obj
 0001:000072e0       ?Pcfl@CRF@@QAEPAVCFL@@XZ   004082e0 f screxe.obj
 0001:00007310       ?CbEntry@GLB@@QAEJXZ       00408310 f screxe.obj
 0001:00007380       ?FEqualSz@STN@@QAEHPAD@Z   00408380 f scrcom.obj
 0001:000073c0       ?FAppendSz@STN@@QAEHPAD@Z  004083c0 f scrcom.obj
 0001:00007400       ?B0Lw@@YGEJ@Z              00408400 f scrcom.obj
 0001:00007420       ?B1Lw@@YGEJ@Z              00408420 f scrcom.obj
 0001:000074a0       ?FWouldBe@GRPB@@SGHJ@Z     004084a0 f groups.obj
 0001:000074e0       ?FIs@GRPB@@UAEHJ@Z         004084e0 f groups.obj
 0001:00007510       ?Cls@GRPB@@UAEJXZ          00408510 f groups.obj
 0001:00007540       ?FWouldBe@GLB@@SGHJ@Z      00408540 f groups.obj
 0001:00007580       ?FIs@GLB@@UAEHJ@Z          00408580 f groups.obj
 0001:000075b0       ?Cls@GLB@@UAEJXZ           004085b0 f groups.obj
 0001:000075e0       ?FWouldBe@GL@@SGHJ@Z       004085e0 f groups.obj
 0001:00007620       ?FIs@GL@@UAEHJ@Z           00408620 f groups.obj
 0001:00007650       ?Cls@GL@@UAEJXZ            00408650 f groups.obj
 0001:00007680       ?FWouldBe@GGB@@SGHJ@Z      00408680 f groups.obj
 0001:000076c0       ?FIs@GGB@@UAEHJ@Z          004086c0 f groups.obj
 0001:000076f0       ?Cls@GGB@@UAEJXZ           004086f0 f groups.obj
 0001:00007720       ?FWouldBe@GG@@SGHJ@Z       00408720 f groups.obj
 0001:00007760       ?FIs@GG@@UAEHJ@Z           00408760 f groups.obj
 0001:00007790       ?Cls@GG@@UAEJXZ            00408790 f groups.obj
 0001:000077c0       ??1GRPB@@UAE@XZ            004087c0 f groups.obj
 0001:00007830       ?_FEnsureSizes@GRPB@@IAEHJJK@Z 00408830 f groups.obj
 0001:00007a30       ?_FEnsureHqCb@GRPB@@AAEHPAPAXJJPAJ@Z 00408a30 f groups.obj
 0001:00007bf0       ?FWriteFlo@GRPB@@UAEHPAUFLO@@FF@Z 00408bf0 f groups.obj
 0001:00007c50       ?_FWrite@GRPB@@IAEHPAVBLCK@@PAXJJJ@Z 00408c50 f groups.obj
 0001:00007e20       ?_FReadData@GRPB@@IAEHPAVBLCK@@JJJ@Z 00408e20 f groups.obj
 0001:00007fa0       ?AssertValid@GRPB@@QAEXK@Z 00408fa0 f groups.obj
 0001:00008130       ?MarkMem@GRPB@@UAEXXZ      00409130 f groups.obj
 0001:000081a0       ??0GLB@@IAE@J@Z            004091a0 f groups.obj
 0001:00008230       ?QvGet@GLB@@QAEPAXJ@Z      00409230 f groups.obj
 0001:000082c0       ?Get@GLB@@QAEXJPAX@Z       004092c0 f groups.obj
 0001:00008350       ?Put@GLB@@QAEXJPAX@Z       00409350 f groups.obj
 0001:00008400       ?CbRoundToLong@@YGJJ@Z     00409400 f groups.obj
 0001:00008420       ?AssertValid@GLB@@QAEXK@Z  00409420 f groups.obj
 0001:000084c0       ?PglNew@GL@@SGPAV1@JJ@Z    004094c0 f groups.obj
 0001:000085f0       ?PglRead@GL@@SGPAV1@PAVBLCK@@PAF1@Z 004095f0 f groups.obj
 0001:000087b0       ?PglRead@GL@@SGPAV1@PAVFIL@@JJPAF1@Z 004097b0 f groups.obj
 0001:00008810       ??0GL@@IAE@J@Z             00409810 f groups.obj
 0001:00008870       ?FFree@GL@@UAEHJ@Z         00409870 f groups.obj
 0001:000088e0       ?CbOnFile@GL@@UAEJXZ       004098e0 f groups.obj
 0001:00008940       ?FWrite@GL@@UAEHPAVBLCK@@FF@Z 00409940 f groups.obj
 0001:00008b10       ?_FRead@GL@@IAEHPAVBLCK@@PAF1@Z 00409b10 f groups.obj
 0001:00008d60       ?FInsert@GL@@QAEHJPAXJ@Z   00409d60 f groups.obj
 0001:00008ee0       ?Delete@GL@@UAEXJ@Z        00409ee0 f groups.obj
 0001:00008f40       ?Delete@GL@@QAEXJJ@Z       00409f40 f groups.obj
 0001:000090b0       ?FAdd@GL@@UAEHPAXPAJ@Z     0040a0b0 f groups.obj
 0001:00009160       ?FPop@GL@@QAEHPAX@Z        0040a160 f groups.obj
 0001:00009270       ?FEnsureSpace@GL@@QAEHJK@Z 0040a270 f groups.obj
 0001:00009340       ?_Qb1@GRPB@@IAEPAEJ@Z      0040a340 f groups.obj
 0001:00009370       ?_Qb2@GRPB@@IAEPAEJ@Z      0040a370 f groups.obj
 0001:000093a0       ?_Cb1@GRPB@@IAEJXZ         0040a3a0 f groups.obj
 0001:000093d0       ??0GRPB@@IAE@XZ            0040a3d0 f groups.obj
 0001:00009410       ?_Cb2@GRPB@@IAEJXZ         0040a410 f groups.obj
 0001:00009440       ??0GGB@@IAE@JH@Z           0040a440 f groups.obj
 0001:00009500       ?CbOnFile@GGB@@UAEJXZ      0040a500 f groups.obj
 0001:00009560       ?FWrite@GGB@@UAEHPAVBLCK@@FF@Z 0040a560 f groups.obj
 0001:000097b0       ?FFree@GGB@@UAEHJ@Z        0040a7b0 f groups.obj
 0001:000098f0       ?_Qloc@GGB@@IAEPAULOC@1@J@Z 0040a8f0 f groups.obj
 0001:00009930       ?FEnsureSpace@GGB@@QAEHJJK@Z 0040a930 f groups.obj
 0001:00009a90       ?_RemoveRgb@GGB@@IAEXJJ@Z  0040aa90 f groups.obj
 0001:00009be0       ?_AdjustLocs@GGB@@IAEXJJJ@Z 0040abe0 f groups.obj
 0001:00009d50       ?QvFixedGet@GGB@@QAEPAXJPAJ@Z 0040ad50 f groups.obj
 0001:00009e60       ?GetFixed@GGB@@QAEXJPAX@Z  0040ae60 f groups.obj
 0001:00009f70       ?Cb@GGB@@QAEJJ@Z           0040af70 f groups.obj
 0001:0000a020       ?QvGet@GGB@@QAEPAXJPAJ@Z   0040b020 f groups.obj
 0001:0000a130       ?GetRgb@GGB@@QAEXJJJPAX@Z  0040b130 f groups.obj
 0001:0000a240       ?DeleteRgb@GGB@@QAEXJJJ@Z  0040b240 f groups.obj
 0001:0000a430       ?FInsertRgb@GGB@@QAEHJJJPAX@Z 0040b430 f groups.obj
 0001:0000a6f0       ?AssertValid@GGB@@QAEXK@Z  0040b6f0 f groups.obj
 0001:0000aa50       ?PggNew@GG@@SGPAV1@JJJ@Z   0040ba50 f groups.obj
 0001:0000aba0       ??0GG@@IAE@J@Z             0040bba0 f groups.obj
 0001:0000abe0       ?FInsert@GG@@QAEHJJPAX0@Z  0040bbe0 f groups.obj
 0001:0000ae90       ?FAdd@GG@@UAEHJPAJPAX1@Z   0040be90 f groups.obj
 0001:0000af50       ?Delete@GG@@UAEXJ@Z        0040bf50 f groups.obj
 0001:0000b090       ?AssertValid@GG@@QAEXK@Z   0040c090 f groups.obj
 0001:0000b120       ??_EGRPB@@UAEPAXI@Z        0040c120 f groups.obj
 0001:0000b120       ??_GGRPB@@UAEPAXI@Z        0040c120 f groups.obj
 0001:0000b160       ??_EGG@@UAEPAXI@Z          0040c160 f groups.obj
 0001:0000b160       ??_GGG@@UAEPAXI@Z          0040c160 f groups.obj
 0001:0000b1a0       ??_GGLB@@UAEPAXI@Z         0040c1a0 f groups.obj
 0001:0000b1a0       ??_EGLB@@UAEPAXI@Z         0040c1a0 f groups.obj
 0001:0000b1e0       ??_GGL@@UAEPAXI@Z          0040c1e0 f groups.obj
 0001:0000b1e0       ??_EGL@@UAEPAXI@Z          0040c1e0 f groups.obj
 0001:0000b220       ??1GLB@@UAE@XZ             0040c220 f groups.obj
 0001:0000b250       ??_EGGB@@UAEPAXI@Z         0040c250 f groups.obj
 0001:0000b250       ??_GGGB@@UAEPAXI@Z         0040c250 f groups.obj
 0001:0000b290       ??1GGB@@UAE@XZ             0040c290 f groups.obj
 0001:0000b2c0       ??1GG@@UAE@XZ              0040c2c0 f groups.obj
 0001:0000b2f0       ??1GL@@UAE@XZ              0040c2f0 f groups.obj
 0001:0000b380       ?FReadHq@FLO@@QAEHPAPAX@Z  0040c380 f stream.obj
 0001:0000b3c0       ?FWrite@BLCK@@QAEHPAXH@Z   0040c3c0 f stream.obj
 0001:0000b420       ?FWouldBe@CFL@@SGHJ@Z      0040c420 f chunk.obj
 0001:0000b460       ?FIs@CFL@@UAEHJ@Z          0040c460 f chunk.obj
 0001:0000b490       ?Cls@CFL@@UAEJXZ           0040c490 f chunk.obj
 0001:0000b4c0       ?FWouldBe@CGE@@SGHJ@Z      0040c4c0 f chunk.obj
 0001:0000b500       ?FIs@CGE@@UAEHJ@Z          0040c500 f chunk.obj
 0001:0000b530       ?Cls@CGE@@UAEJXZ           0040c530 f chunk.obj
 0001:0000b560       ??0CFL@@AAE@XZ             0040c560 f chunk.obj
 0001:0000b5d0       ??1CFL@@EAE@XZ             0040c5d0 f chunk.obj
 0001:0000b760       ?_GrffilFromGrfcfl@CFL@@CGKK@Z 0040c760 f chunk.obj
 0001:0000b7b0       ?PcflCreate@CFL@@SGPAV1@PAVFNI@@K@Z 0040c7b0 f chunk.obj
 0001:0000ba20       ?PcflFromFni@CFL@@SGPAV1@PAVFNI@@@Z 0040ca20 f chunk.obj
 0001:0000bb50       ?SetCb@CRPSM@@QAEXJ@Z      0040cb50 f chunk.obj
 0001:0000bb90       ?Grfcrp@CRPSM@@QAEKK@Z     0040cb90 f chunk.obj
 0001:0000bbc0       ?ClearGrfcrp@CRPSM@@QAEXK@Z 0040cbc0 f chunk.obj
 0001:0000bbf0       ?SetGrfcrp@CRPSM@@QAEXK@Z  0040cbf0 f chunk.obj
 0001:0000bc20       ?FSetGrfcfl@CFL@@QAEHKK@Z  0040cc20 f chunk.obj
 0001:0000bd70       ?Release@CFL@@UAEXXZ       0040cd70 f chunk.obj
 0001:0000be50       ?AssertValid@CFL@@QAEXK@Z  0040ce50 f chunk.obj
 0001:0000cc20       ?CbRgch@CRPSM@@QAEJJ@Z     0040dc20 f chunk.obj
 0001:0000cc50       ?BvRgch@CRPSM@@QAEJXZ      0040dc50 f chunk.obj
 0001:0000cc80       ?Cb@CRPSM@@QAEJXZ          0040dc80 f chunk.obj
 0001:0000ccb0       ?SuspendAssertValid@@YGXXZ 0040dcb0 f chunk.obj
 0001:0000cd00       ?ResumeAssertValid@@YGXXZ  0040dd00 f chunk.obj
 0001:0000cd30       ?ElError@FIL@@QAEJXZ       0040dd30 f chunk.obj
 0001:0000cd60       ?GrffilCur@FIL@@QAEKXZ     0040dd60 f chunk.obj
 0001:0000cd90       ?MarkMem@CFL@@UAEXXZ       0040dd90 f chunk.obj
 0001:0000ce60       ?_TValidIndex@CFL@@AAEHXZ  0040de60 f chunk.obj
 0001:0000d390       ?_ReadFreeMap@CFL@@AAEXXZ  0040e390 f chunk.obj
 0001:0000d580       ?FSave@CFL@@QAEHKPAVFNI@@@Z 0040e580 f chunk.obj
 0001:0000ddd0       ?FTemp@FIL@@QAEHXZ         0040edd0 f chunk.obj
 0001:0000de10       ?GetFni@CFL@@QAEXPAVFNI@@@Z 0040ee10 f chunk.obj
 0001:0000de40       ?GetFni@FIL@@QAEXPAVFNI@@@Z 0040ee40 f chunk.obj
 0001:0000de70       ?_FWriteIndex@CFL@@AAEHK@Z 0040ee70 f chunk.obj
 0001:0000e1d0       ?_FEnsureOnExtra@CFL@@AAEHJPAUFLO@@@Z 0040f1d0 f chunk.obj
 0001:0000e350       ?_GetFlo@CFL@@AAEXJPAUFLO@@@Z 0040f350 f chunk.obj
 0001:0000e4a0       ?_GetBlck@CFL@@AAEXJPAVBLCK@@@Z 0040f4a0 f chunk.obj
 0001:0000e580       ?FFind@CFL@@QAEHKKPAVBLCK@@@Z 0040f580 f chunk.obj
 0001:0000e650       ?SetPacked@CFL@@QAEXKKH@Z  0040f650 f chunk.obj
 0001:0000e790       ?FPacked@CFL@@QAEHKK@Z     0040f790 f chunk.obj
 0001:0000e8a0       ?FPackData@CFL@@QAEHKK@Z   0040f8a0 f chunk.obj
 0001:0000e9b0       ?_FCreateExtra@CFL@@AAEHXZ 0040f9b0 f chunk.obj
 0001:0000ea90       ?_FAllocFlo@CFL@@AAEHJPAUFLO@@H@Z 0040fa90 f chunk.obj
 0001:0000edd0       ?_FFindCtgCno@CFL@@AAEHKKPAJ@Z 0040fdd0 f chunk.obj
 0001:0000ef70       ?_GetUniqueCno@CFL@@AAEXKPAJPAK@Z 0040ff70 f chunk.obj
 0001:0000f080       ?FAdd@CFL@@QAEHJKPAKPAVBLCK@@@Z 00410080 f chunk.obj
 0001:0000f1d0       ?_FAdd@CFL@@AAEHJKKJPAVBLCK@@@Z 004101d0 f chunk.obj
 0001:0000f400       ?FPutPv@CFL@@QAEHPAXJKK@Z  00410400 f chunk.obj
 0001:0000f480       ?FPutBlck@CFL@@QAEHPAVBLCK@@KK@Z 00410480 f chunk.obj
 0001:0000f580       ?_FPut@CFL@@AAEHJKKPAVBLCK@@0PAX@Z 00410580 f chunk.obj
 0001:0000fa80       ?FWrite@FLO@@QAEHPAX@Z     00410a80 f chunk.obj
 0001:0000fac0       ?Delete@CFL@@QAEXKK@Z      00410ac0 f chunk.obj
 0001:0000fdd0       ?CckiRef@CFL@@QAEJKK@Z     00410dd0 f chunk.obj
 0001:0000fe90       ?TIsDescendent@CFL@@QAEHKKKK@Z 00410e90 f chunk.obj
 0001:0000ffb0       ?_FDecRefCount@CFL@@AAEHJ@Z 00410fb0 f chunk.obj
 0001:00010090       ?_DeleteCore@CFL@@AAEXJ@Z  00411090 f chunk.obj
 0001:00010150       ?_FreeFpCb@CFL@@AAEXHJJ@Z  00411150 f chunk.obj
 0001:00010710       ?FAdoptChild@CFL@@QAEHKKKKKH@Z 00411710 f chunk.obj
 0001:00010860       ?_FAdoptChild@CFL@@AAEHJJKKKH@Z 00411860 f chunk.obj
 0001:00010b00       ?Ckid@CFL@@QAEJKK@Z        00411b00 f chunk.obj
 0001:00010bc0       ?FGetKid@CFL@@QAEHKKJPAUKID@@@Z 00411bc0 f chunk.obj
 0001:00010da0       ?_FFindChild@CFL@@AAEHJKKKPAJ@Z 00411da0 f chunk.obj
 0001:00010f80       ?_FSetRti@CFL@@AAEHKKJ@Z   00411f80 f chunk.obj
 0001:000110a0       ?_FFindRtie@CFL@@AAEHKKPAURTIE@1@PAJ@Z 004120a0 f chunk.obj
 0001:00011260       ??0CGE@@QAE@XZ             00412260 f chunk.obj
 0001:000112e0       ??1CGE@@UAE@XZ             004122e0 f chunk.obj
 0001:00011370       ?AssertValid@CGE@@QAEXK@Z  00412370 f chunk.obj
 0001:000114a0       ?MarkMem@CGE@@UAEXXZ       004124a0 f chunk.obj
 0001:00011510       ?Init@CGE@@QAEXPAVCFL@@KK@Z 00412510 f chunk.obj
 0001:00011660       ?FNextKid@CGE@@QAEHPAUKID@@PAUCKI@@PAKK@Z 00412660 f chunk.obj
 0001:00011aa0       ??4FNI@@QAEAAV0@AAV0@@Z    00412aa0 f chunk.obj
 0001:00011af0       ??_ECFL@@EAEPAXI@Z         00412af0 f chunk.obj
 0001:00011af0       ??_GCFL@@EAEPAXI@Z         00412af0 f chunk.obj
 0001:00011b30       ??_ECGE@@UAEPAXI@Z         00412b30 f chunk.obj
 0001:00011b30       ??_GCGE@@UAEPAXI@Z         00412b30 f chunk.obj
 0001:00011b70       ??4BASE@@QAEAAV0@ABV0@@Z   00412b70 f chunk.obj
 0001:00011bb0       ?FWouldBe@CODM@@SGHJ@Z     00412bb0 f codec.obj
 0001:00011bf0       ?FIs@CODM@@UAEHJ@Z         00412bf0 f codec.obj
 0001:00011c20       ?Cls@CODM@@UAEJXZ          00412c20 f codec.obj
 0001:00011c50       ?FWouldBe@CODC@@SGHJ@Z     00412c50 f codec.obj
 0001:00011c90       ?FIs@CODC@@UAEHJ@Z         00412c90 f codec.obj
 0001:00011cc0       ?Cls@CODC@@UAEJXZ          00412cc0 f codec.obj
 0001:00011cf0       ??0CODM@@QAE@PAVCODC@@J@Z  00412cf0 f codec.obj
 0001:00011df0       ??1CODM@@UAE@XZ            00412df0 f codec.obj
 0001:00011f10       ?AssertValid@CODM@@QAEXK@Z 00412f10 f codec.obj
 0001:00011fe0       ?MarkMem@CODM@@UAEXXZ      00412fe0 f codec.obj
 0001:000120d0       ?FRegisterCodec@CODM@@UAEHPAVCODC@@@Z 004130d0 f codec.obj
 0001:000121e0       ?FCanDo@CODM@@UAEHJH@Z     004131e0 f codec.obj
 0001:00012250       ?FGetCfmtFromBlck@CODM@@UAEHPAVBLCK@@PAJ@Z 00413250 f codec.obj
 0001:00012380       ?_FFindCodec@CODM@@MAEHHJPAPAVCODC@@@Z 00413380 f codec.obj
 0001:000124c0       ?_FCodePhq@CODM@@MAEHJPAPAX@Z 004134c0 f codec.obj
 0001:000126b0       ?_FCode@CODM@@MAEHJPAXJ0JPAJ@Z 004136b0 f codec.obj
 0001:000129e0       ??_ECODM@@UAEPAXI@Z        004139e0 f codec.obj
 0001:000129e0       ??_GCODM@@UAEPAXI@Z        004139e0 f codec.obj
 0001:00012a20       ?FWouldBe@KCDC@@SGHJ@Z     00413a20 f codkauai.obj
 0001:00012a60       ?FIs@KCDC@@UAEHJ@Z         00413a60 f codkauai.obj
 0001:00012a90       ?Cls@KCDC@@UAEJXZ          00413a90 f codkauai.obj
 0001:00012ac0       ?FConvert@KCDC@@UAEHHJPAXJ0JPAJ@Z 00413ac0 f codkauai.obj
 0001:00012c20       ?Set@BITA@@QAEXPAXJ@Z      00413c20 f codkauai.obj
 0001:00012c80       ?FWriteBits@BITA@@QAEHKJ@Z 00413c80 f codkauai.obj
 0001:00012e20       ?FWriteLogEncoded@BITA@@QAEHK@Z 00413e20 f codkauai.obj
 0001:00012f10       ?_FEncode@KCDC@@IAEHPAXJ0JPAJ@Z 00413f10 f codkauai.obj
 0001:000136d0       ?Ibit@BITA@@QAEJXZ         004146d0 f codkauai.obj
 0001:00013700       ?Ib@BITA@@QAEJXZ           00414700 f codkauai.obj
 0001:00013730       ?_FDecode@KCDC@@IAEHPAXJ0JPAJ@Z 00414730 f codkauai.obj
 0001:00017410       ?_FEncode2@KCDC@@IAEHPAXJ0JPAJ@Z 00418410 f codkauai.obj
 0001:00017d30       ?_FDecode2@KCDC@@IAEHPAXJ0JPAJ@Z 00418d30 f codkauai.obj
 0001:0001a520       ?FWouldBe@BACO@@SGHJ@Z     0041b520 f crf.obj
 0001:0001a560       ?FIs@BACO@@UAEHJ@Z         0041b560 f crf.obj
 0001:0001a590       ?Cls@BACO@@UAEJXZ          0041b590 f crf.obj
 0001:0001a5c0       ?FWouldBe@RCA@@SGHJ@Z      0041b5c0 f crf.obj
 0001:0001a600       ?FIs@RCA@@UAEHJ@Z          0041b600 f crf.obj
 0001:0001a630       ?Cls@RCA@@UAEJXZ           0041b630 f crf.obj
 0001:0001a660       ?FWouldBe@CRF@@SGHJ@Z      0041b660 f crf.obj
 0001:0001a6a0       ?FIs@CRF@@UAEHJ@Z          0041b6a0 f crf.obj
 0001:0001a6d0       ?Cls@CRF@@UAEJXZ           0041b6d0 f crf.obj
 0001:0001a700       ??0BACO@@IAE@XZ            0041b700 f crf.obj
 0001:0001a780       ??1BACO@@MAE@XZ            0041b780 f crf.obj
 0001:0001a850       ?FWriteFlo@BACO@@UAEHPAUFLO@@@Z 0041b850 f crf.obj
 0001:0001a940       ?FWrite@BACO@@UAEHPAVBLCK@@@Z 0041b940 f crf.obj
 0001:0001a9b0       ?CbOnFile@BACO@@UAEJXZ     0041b9b0 f crf.obj
 0001:0001aa20       ?AssertValid@BACO@@QAEXK@Z 0041ba20 f crf.obj
 0001:0001aab0       ?MarkMem@BACO@@UAEXXZ      0041bab0 f crf.obj
 0001:0001ab20       ?Release@BACO@@UAEXXZ      0041bb20 f crf.obj
 0001:0001ac80       ?Detach@BACO@@UAEXXZ       0041bc80 f crf.obj
 0001:0001adb0       ?SetCrep@BACO@@UAEXJ@Z     0041bdb0 f crf.obj
 0001:0001ae30       ??0CRF@@IAE@PAVCFL@@J@Z    0041be30 f crf.obj
 0001:0001af20       ??1CRF@@UAE@XZ             0041bf20 f crf.obj
 0001:0001b080       ?PcrfNew@CRF@@SGPAV1@PAVCFL@@J@Z 0041c080 f crf.obj
 0001:0001b1d0       ?CactRef@BASE@@QAEJXZ      0041c1d0 f crf.obj
 0001:0001b200       ?TLoad@CRF@@UAEHKKP6GHPAV1@KKPAVBLCK@@PAPAVBACO@@PAJ@ZKJ@Z 0041c200 f crf.obj
 0001:0001b6a0       ?PbacoFetch@CRF@@UAEPAVBACO@@KKP6GHPAV1@KKPAVBLCK@@PAPAV2@PAJ@ZPAHK@Z 0041c6a0 f crf.obj
 0001:0001ba80       ?PbacoFind@CRF@@UAEPAVBACO@@KKP6GHPAV1@KKPAVBLCK@@PAPAV2@PAJ@ZK@Z 0041ca80 f crf.obj
 0001:0001bbd0       ?FSetCrep@CRF@@UAEHJKKP6GHPAV1@KKPAVBLCK@@PAPAVBACO@@PAJ@ZK@Z 0041cbd0 f crf.obj
 0001:0001bd20       ?PcrfFindChunk@CRF@@UAEPAV1@KKK@Z 0041cd20 f crf.obj
 0001:0001bdc0       ?BacoDetached@CRF@@QAEXPAVBACO@@@Z 0041cdc0 f crf.obj
 0001:0001bf80       ?BacoReleased@CRF@@QAEXPAVBACO@@@Z 0041cf80 f crf.obj
 0001:0001c170       ?_FFindCre@CRF@@IAEHKKP6GHPAV1@KKPAVBLCK@@PAPAVBACO@@PAJ@Z3@Z 0041d170 f crf.obj
 0001:0001c340       ?_FFindBaco@CRF@@IAEHPAVBACO@@PAJ@Z 0041d340 f crf.obj
 0001:0001c6c0       ?_FPurgeCb@CRF@@IAEHJJ@Z   0041d6c0 f crf.obj
 0001:0001c970       ?AssertValid@CRF@@QAEXK@Z  0041d970 f crf.obj
 0001:0001caa0       ?MarkMem@CRF@@UAEXXZ       0041daa0 f crf.obj
 0001:0001cc50       ??0RCA@@QAE@XZ             0041dc50 f crf.obj
 0001:0001cc90       ??1RCA@@UAE@XZ             0041dc90 f crf.obj
 0001:0001ccc0       ??_EBACO@@MAEPAXI@Z        0041dcc0 f crf.obj
 0001:0001ccc0       ??_GBACO@@MAEPAXI@Z        0041dcc0 f crf.obj
 0001:0001cd00       ??_GCRF@@UAEPAXI@Z         0041dd00 f crf.obj
 0001:0001cd00       ??_ECRF@@UAEPAXI@Z         0041dd00 f crf.obj
 0001:0001cd40       ??_ERCA@@UAEPAXI@Z         0041dd40 f crf.obj
 0001:0001cd40       ??_GRCA@@UAEPAXI@Z         0041dd40 f crf.obj
 0001:0001cda0       ?FWouldBe@FIL@@SGHJ@Z      0041dda0 f file.obj
 0001:0001cde0       ?FIs@FIL@@UAEHJ@Z          0041dde0 f file.obj
 0001:0001ce10       ?Cls@FIL@@UAEJXZ           0041de10 f file.obj
 0001:0001ce40       ?FWouldBe@BLCK@@SGHJ@Z     0041de40 f file.obj
 0001:0001ce80       ?FIs@BLCK@@UAEHJ@Z         0041de80 f file.obj
 0001:0001ceb0       ?Cls@BLCK@@UAEJXZ          0041deb0 f file.obj
 0001:0001cee0       ??0FIL@@IAE@PAVFNI@@K@Z    0041dee0 f file.obj
 0001:0001cfd0       ??1FIL@@MAE@XZ             0041dfd0 f file.obj
 0001:0001d060       ?PfilCreate@FIL@@SGPAV1@PAVFNI@@K@Z 0041e060 f file.obj
 0001:0001d230       ?PfilCreateTemp@FIL@@SGPAV1@PAVFNI@@@Z 0041e230 f file.obj
 0001:0001d350       ?PfilFromFni@FIL@@SGPAV1@PAVFNI@@@Z 0041e350 f file.obj
 0001:0001d4a0       ?FSetGrffil@FIL@@QAEHKK@Z  0041e4a0 f file.obj
 0001:0001d5b0       ?Release@FIL@@UAEXXZ       0041e5b0 f file.obj
 0001:0001d690       ?SetTemp@FIL@@QAEXH@Z      0041e690 f file.obj
 0001:0001d710       ?AssertValid@FIL@@QAEXK@Z  0041e710 f file.obj
 0001:0001d840       ?_FRangeIn@@YGHJJJ@Z       0041e840 f file.obj
 0001:0001d8a0       ?FReadRgb@FLO@@QAEHPAXJJ@Z 0041e8a0 f file.obj
 0001:0001d970       ?FWriteRgb@FLO@@QAEHPAXJJ@Z 0041e970 f file.obj
 0001:0001da40       ?FCopy@FLO@@QAEHPAU1@@Z    0041ea40 f file.obj
 0001:0001dcc0       ?FReadHq@FLO@@QAEHPAPAXJJ@Z 0041ecc0 f file.obj
 0001:0001ddd0       ?AssertValid@FLO@@QAEXK@Z  0041edd0 f file.obj
 0001:0001ded0       ??0BLCK@@QAE@PAUFLO@@H@Z   0041eed0 f file.obj
 0001:0001e010       ??0BLCK@@QAE@PAVFIL@@JJH@Z 0041f010 f file.obj
 0001:0001e150       ??0BLCK@@QAE@XZ            0041f150 f file.obj
 0001:0001e1f0       ??1BLCK@@UAE@XZ            0041f1f0 f file.obj
 0001:0001e250       ?Set@BLCK@@QAEXPAUFLO@@H@Z 0041f250 f file.obj
 0001:0001e370       ?Set@BLCK@@QAEXPAVFIL@@JJH@Z 0041f370 f file.obj
 0001:0001e4a0       ?SetHq@BLCK@@QAEXPAPAXH@Z  0041f4a0 f file.obj
 0001:0001e580       ?Free@BLCK@@QAEXXZ         0041f580 f file.obj
 0001:0001e630       ?HqFree@BLCK@@QAEPAXH@Z    0041f630 f file.obj
 0001:0001e7e0       ?Cb@BLCK@@QAEJH@Z          0041f7e0 f file.obj
 0001:0001e870       ?FMoveMin@BLCK@@QAEHJ@Z    0041f870 f file.obj
 0001:0001e960       ?FMoveLim@BLCK@@QAEHJ@Z    0041f960 f file.obj
 0001:0001ea50       ?FReadRgb@BLCK@@QAEHPAXJJH@Z 0041fa50 f file.obj
 0001:0001ebf0       ?FWriteRgb@BLCK@@QAEHPAXJJH@Z 0041fbf0 f file.obj
 0001:0001ed90       ?FWriteToFlo@BLCK@@QAEHPAUFLO@@H@Z 0041fd90 f file.obj
 0001:0001ef30       ?FWriteToBlck@BLCK@@QAEHPAV1@H@Z 0041ff30 f file.obj
 0001:0001f0e0       ?FPacked@BLCK@@QAEHPAJ@Z   004200e0 f file.obj
 0001:0001f180       ?FPackData@BLCK@@QAEHJ@Z   00420180 f file.obj
 0001:0001f3c0       ?FCompressPhq@CODM@@QAEHPAPAXJ@Z 004203c0 f file.obj
 0001:0001f410       ?FUnpackData@BLCK@@QAEHXZ  00420410 f file.obj
 0001:0001f640       ?FDecompressPhq@CODM@@QAEHPAPAX@Z 00420640 f file.obj
 0001:0001f670       ?AssertValid@BLCK@@QAEXK@Z 00420670 f file.obj
 0001:0001f8a0       ?MarkMem@BLCK@@UAEXXZ      004208a0 f file.obj
 0001:0001f940       ??_EFIL@@MAEPAXI@Z         00420940 f file.obj
 0001:0001f940       ??_GFIL@@MAEPAXI@Z         00420940 f file.obj
 0001:0001f980       ??_EBLCK@@UAEPAXI@Z        00420980 f file.obj
 0001:0001f980       ??_GBLCK@@UAEPAXI@Z        00420980 f file.obj
 0001:0001f9c0       ?_HfileOpen@@YGPAXPADHK@Z  004209c0 f filewin.obj
 0001:0001fa40       ?_FOpen@FIL@@IAEHHK@Z      00420a40 f filewin.obj
 0001:0001fc80       ?_Close@FIL@@IAEXH@Z       00420c80 f filewin.obj
 0001:0001fda0       ?Flush@FIL@@QAEXXZ         00420da0 f filewin.obj
 0001:0001fe30       ?_SetFpPos@FIL@@IAEXJ@Z    00420e30 f filewin.obj
 0001:0001ff30       ?FSetFpMac@FIL@@QAEHJ@Z    00420f30 f filewin.obj
 0001:00020070       ?FpMac@FIL@@QAEJXZ         00421070 f filewin.obj
 0001:00020180       ?FReadRgb@FIL@@QAEHPAXJJ@Z 00421180 f filewin.obj
 0001:00020340       ?FWriteRgb@FIL@@QAEHPAXJJ@Z 00421340 f filewin.obj
 0001:00020510       ?FSwapNames@FIL@@QAEHPAV1@@Z 00421510 f filewin.obj
 0001:000209a0       ?FRename@FIL@@QAEHPAVFNI@@@Z 004219a0 f filewin.obj
 0001:00020bd0       ?FWouldBe@FNI@@SGHJ@Z      00421bd0 f fniwin.obj
 0001:00020c10       ?FIs@FNI@@UAEHJ@Z          00421c10 f fniwin.obj
 0001:00020c40       ?Cls@FNI@@UAEJXZ           00421c40 f fniwin.obj
 0001:00020c70       ?FWouldBe@FNE@@SGHJ@Z      00421c70 f fniwin.obj
 0001:00020cb0       ?FIs@FNE@@UAEHJ@Z          00421cb0 f fniwin.obj
 0001:00020ce0       ?Cls@FNE@@UAEJXZ           00421ce0 f fniwin.obj
 0001:00020d10       ?SetNil@FNI@@QAEXXZ        00421d10 f fniwin.obj
 0001:00020d70       ??0FNI@@QAE@XZ             00421d70 f fniwin.obj
 0001:00020dc0       ?FBuildFromPath@FNI@@QAEHPAVSTN@@J@Z 00421dc0 f fniwin.obj
 0001:00021110       ?FGetUnique@FNI@@QAEHJ@Z   00422110 f fniwin.obj
 0001:000212c0       ?FGetTemp@FNI@@QAEHXZ      004222c0 f fniwin.obj
 0001:00021400       ?Ftg@FNI@@QAEJXZ           00422400 f fniwin.obj
 0001:00021450       ?FSetLeaf@FNI@@QAEHPAVSTN@@J@Z 00422450 f fniwin.obj
 0001:00021610       ?FChangeFtg@FNI@@QAEHJ@Z   00422610 f fniwin.obj
 0001:00021780       ?GetLeaf@FNI@@QAEXPAVSTN@@@Z 00422780 f fniwin.obj
 0001:000218c0       ?GetStnPath@FNI@@QAEXPAVSTN@@@Z 004228c0 f fniwin.obj
 0001:00021980       ?TExists@FNI@@QAEHXZ       00422980 f fniwin.obj
 0001:00021bc0       ?FDelete@FNI@@QAEHXZ       00422bc0 f fniwin.obj
 0001:00021c90       ?FRename@FNI@@QAEHPAV1@@Z  00422c90 f fniwin.obj
 0001:00021db0       ?FEqual@FNI@@QAEHPAV1@@Z   00422db0 f fniwin.obj
 0001:00021e70       ?FSameDir@FNI@@QAEHPAV1@@Z 00422e70 f fniwin.obj
 0001:00021fb0       ?FDownDir@FNI@@QAEHPAVSTN@@K@Z 00422fb0 f fniwin.obj
 0001:00022290       ?FUpDir@FNI@@QAEHPAVSTN@@K@Z 00423290 f fniwin.obj
 0001:00022560       ?AssertValid@FNI@@QAEXK@Z  00423560 f fniwin.obj
 0001:000228a0       ?_CchExt@FNI@@AAEJXZ       004238a0 f fniwin.obj
 0001:000229a0       ?_SetFtgFromName@FNI@@AAEXXZ 004239a0 f fniwin.obj
 0001:00022b10       ?ChsUpper@@YGDD@Z          00423b10 f fniwin.obj
 0001:00022b30       ?_FChangeLeaf@FNI@@AAEHPAVSTN@@@Z 00423b30 f fniwin.obj
 0001:00022d10       ?_CleanFtg@@YGXPAJPAVSTN@@@Z 00423d10 f fniwin.obj
 0001:00022e40       ?FInsertCh@STN@@QAEHJD@Z   00423e40 f fniwin.obj
 0001:00022e80       ?FEqual@STN@@QAEHPAV1@@Z   00423e80 f fniwin.obj
 0001:00022ec0       ??0FNE@@QAE@XZ             00423ec0 f fniwin.obj
 0001:00022f80       ?FEqualUser@STN@@QAEHPAV1@K@Z 00423f80 f fniwin.obj
 0001:00022fc0       ??1FNE@@UAE@XZ             00423fc0 f fniwin.obj
 0001:00023030       ?_Free@FNE@@AAEXXZ         00424030 f fniwin.obj
 0001:00023130       ?FInit@FNE@@QAEHPAVFNI@@PAJJK@Z 00424130 f fniwin.obj
 0001:00023470       ?FNextFni@FNE@@QAEHPAVFNI@@PAKK@Z 00424470 f fniwin.obj
 0001:00023cf0       ?_FPop@FNE@@AAEHXZ         00424cf0 f fniwin.obj
 0001:00023da0       ?AssertValid@FNE@@QAEXK@Z  00424da0 f fniwin.obj
 0001:00023ee0       ?MarkMem@FNE@@UAEXXZ       00424ee0 f fniwin.obj
 0001:00023fb0       ??_GFNI@@UAEPAXI@Z         00424fb0 f fniwin.obj
 0001:00023fb0       ??_EFNI@@UAEPAXI@Z         00424fb0 f fniwin.obj
 0001:00023ff0       ??_GFNE@@UAEPAXI@Z         00424ff0 f fniwin.obj
 0001:00023ff0       ??_EFNE@@UAEPAXI@Z         00424ff0 f fniwin.obj
 0001:00024030       ??0FES@FNE@@QAE@XZ         00425030 f fniwin.obj
 0001:00024060       ??1FES@FNE@@QAE@XZ         00425060 f fniwin.obj
 0001:00024086       _timeGetTime@0             00425086   winmm:WINMM.dll
 0001:00024090       _BrBegin                   00425090   brfwmxr:fwsetup.obj
 0001:00024194       _BrEnd                     00425194   brfwmxr:fwsetup.obj
 0001:000241b7       _BrDiagHandlerSet          004251b7   brfwmxr:fwsetup.obj
 0001:000241d6       _BrFilesystemSet           004251d6   brfwmxr:fwsetup.obj
 0001:000241f5       _BrAllocatorSet            004251f5   brfwmxr:fwsetup.obj
 0001:00024214       _BrFixedAbs                00425214   brfwmxr:fixed386.obj
 0001:00024224       _BrFixedMul                00425224   brfwmxr:fixed386.obj
 0001:00024235       _BrFixedMac2               00425235   brfwmxr:fixed386.obj
 0001:00024258       _BrFixedMac3               00425258   brfwmxr:fixed386.obj
 0001:00024285       _BrFixedMac4               00425285   brfwmxr:fixed386.obj
 0001:000242bc       _BrFixedLength2            004252bc   brfwmxr:fixed386.obj
 0001:000242e0       _BrFixedLength3            004252e0   brfwmxr:fixed386.obj
 0001:0002430d       _BrFixedLength4            0042530d   brfwmxr:fixed386.obj
 0001:00024343       _BrFixedRLength2           00425343   brfwmxr:fixed386.obj
 0001:00024367       _BrFixedRLength3           00425367   brfwmxr:fixed386.obj
 0001:00024394       _BrFixedRLength4           00425394   brfwmxr:fixed386.obj
 0001:000243ca       _BrFixedDiv                004253ca   brfwmxr:fixed386.obj
 0001:000243df       _BrFixedDivR               004253df   brfwmxr:fixed386.obj
 0001:000243f5       _BrFixedDivF               004253f5   brfwmxr:fixed386.obj
 0001:00024408       _BrFixedMulDiv             00425408   brfwmxr:fixed386.obj
 0001:00024418       _BrFixedMac2Div            00425418   brfwmxr:fixed386.obj
 0001:0002443a       _BrFixedMac3Div            0042543a f brfwmxr:fixed386.obj
 0001:00024466       _BrFixedMac4Div            00425466   brfwmxr:fixed386.obj
 0001:0002449c       _BrFixedFMac2              0042549c   brfwmxr:fixed386.obj
 0001:000244c1       _BrFixedFMac3              004254c1   brfwmxr:fixed386.obj
 0001:000244f1       _BrFixedFMac4              004254f1   brfwmxr:fixed386.obj
 0001:0002452c       _BrFixedRcp                0042552c   brfwmxr:fixed386.obj
 0001:0002453d       _BrFixedSqr                0042553d   brfwmxr:fixed386.obj
 0001:0002454d       _BrFixedSqr2               0042554d   brfwmxr:fixed386.obj
 0001:0002456e       _BrFixedSqr3               0042556e   brfwmxr:fixed386.obj
 0001:00024598       _BrFixedSqr4               00425598   brfwmxr:fixed386.obj
 0001:000245cb       _BrFixedSin                004255cb   brfwmxr:fixed386.obj
 0001:000245fc       _BrFixedCos                004255fc   brfwmxr:fixed386.obj
 0001:0002462d       _BrFixedASin               0042562d   brfwmxr:fixed386.obj
 0001:00024661       _BrFixedACos               00425661   brfwmxr:fixed386.obj
 0001:00024695       _BrFixedATan2              00425695   brfwmxr:fixed386.obj
 0001:00024899       _BrFixedATan2Fast          00425899   brfwmxr:fixed386.obj
 0001:000249a1       __Sqrt                     004259a1   brfwmxr:fixed386.obj
 0001:00024af9       __Sqrt64                   00425af9   brfwmxr:fixed386.obj
 0001:00024da0       __FastSqrt                 00425da0   brfwmxr:fixed386.obj
 0001:00024dcb       __FastRSqrt                00425dcb   brfwmxr:fixed386.obj
 0001:00024df4       __FastRSqrt64              00425df4   brfwmxr:fixed386.obj
 0001:00024e40       _BrModelAdd                00425e40   brfwmxr:regsupt.obj
 0001:00024e74       _BrModelRemove             00425e74   brfwmxr:regsupt.obj
 0001:00024e8c       _BrModelFind               00425e8c   brfwmxr:regsupt.obj
 0001:00024ea0       _BrModelFindHook           00425ea0   brfwmxr:regsupt.obj
 0001:00024eb4       _BrModelAddMany            00425eb4   brfwmxr:regsupt.obj
 0001:00024f10       _BrModelRemoveMany         00425f10   brfwmxr:regsupt.obj
 0001:00024f54       _BrModelFindMany           00425f54   brfwmxr:regsupt.obj
 0001:00024f73       _BrModelCount              00425f73   brfwmxr:regsupt.obj
 0001:00024f87       _BrModelEnum               00425f87   brfwmxr:regsupt.obj
 0001:00024fa6       _BrMaterialAdd             00425fa6   brfwmxr:regsupt.obj
 0001:00024fd6       _BrMaterialRemove          00425fd6   brfwmxr:regsupt.obj
 0001:00024fee       _BrMaterialFind            00425fee   brfwmxr:regsupt.obj
 0001:00025002       _BrMaterialFindHook        00426002   brfwmxr:regsupt.obj
 0001:00025016       _BrMaterialAddMany         00426016   brfwmxr:regsupt.obj
 0001:00025076       _BrMaterialRemoveMany      00426076   brfwmxr:regsupt.obj
 0001:000250ba       _BrMaterialFindMany        004260ba   brfwmxr:regsupt.obj
 0001:000250d9       _BrMaterialCount           004260d9   brfwmxr:regsupt.obj
 0001:000250ed       _BrMaterialEnum            004260ed   brfwmxr:regsupt.obj
 0001:0002510c       _BrMapAdd                  0042610c   brfwmxr:regsupt.obj
 0001:00025120       _BrMapRemove               00426120   brfwmxr:regsupt.obj
 0001:00025134       _BrMapFind                 00426134   brfwmxr:regsupt.obj
 0001:00025148       _BrMapFindHook             00426148   brfwmxr:regsupt.obj
 0001:0002515c       _BrMapAddMany              0042615c   brfwmxr:regsupt.obj
 0001:00025178       _BrMapRemoveMany           00426178   brfwmxr:regsupt.obj
 0001:00025194       _BrMapFindMany             00426194   brfwmxr:regsupt.obj
 0001:000251b3       _BrMapCount                004261b3   brfwmxr:regsupt.obj
 0001:000251c7       _BrMapEnum                 004261c7   brfwmxr:regsupt.obj
 0001:000251e6       _BrTableAdd                004261e6   brfwmxr:regsupt.obj
 0001:000251fa       _BrTableRemove             004261fa   brfwmxr:regsupt.obj
 0001:0002520e       _BrTableFind               0042620e   brfwmxr:regsupt.obj
 0001:00025222       _BrTableFindHook           00426222   brfwmxr:regsupt.obj
 0001:00025236       _BrTableAddMany            00426236   brfwmxr:regsupt.obj
 0001:00025252       _BrTableRemoveMany         00426252   brfwmxr:regsupt.obj
 0001:0002526e       _BrTableFindMany           0042626e   brfwmxr:regsupt.obj
 0001:0002528d       _BrTableCount              0042628d   brfwmxr:regsupt.obj
 0001:000252a1       _BrTableEnum               004262a1   brfwmxr:regsupt.obj
 0001:000252c0       _BrResClassAdd             004262c0   brfwmxr:regsupt.obj
 0001:000252f3       _BrResClassRemove          004262f3   brfwmxr:regsupt.obj
 0001:00025323       _BrResClassFind            00426323   brfwmxr:regsupt.obj
 0001:00025337       _BrResClassFindHook        00426337   brfwmxr:regsupt.obj
 0001:0002534b       _BrResClassAddMany         0042634b   brfwmxr:regsupt.obj
 0001:0002539e       _BrResClassRemoveMany      0042639e   brfwmxr:regsupt.obj
 0001:000253f6       _BrResClassFindMany        004263f6   brfwmxr:regsupt.obj
 0001:00025415       _BrResClassCount           00426415   brfwmxr:regsupt.obj
 0001:00025429       _BrResClassEnum            00426429   brfwmxr:regsupt.obj
 0001:0002545c       _BrModelApplyMap           0042645c   brfwmxr:regsupt.obj
 0001:00025628       _BrModelFitMap             00426628   brfwmxr:regsupt.obj
 0001:000257f8       _BrModelFree               004267f8   brfwmxr:regsupt.obj
 0001:0002580c       _BrModelAllocate           0042680c   brfwmxr:regsupt.obj
 0001:00025888       _BrMaterialAllocate        00426888   brfwmxr:regsupt.obj
 0001:000258dc       _BrMaterialFree            004268dc   brfwmxr:regsupt.obj
 0001:000258f0       NamePatternMatch_          004268f0   brfwmxr:register.obj
 0001:000259c3       RegistryNew_               004269c3   brfwmxr:register.obj
 0001:000259e7       RegistryClear_             004269e7   brfwmxr:register.obj
 0001:00025a1b       RegistryAdd_               00426a1b   brfwmxr:register.obj
 0001:00025a57       RegistryAddMany_           00426a57   brfwmxr:register.obj
 0001:00025ac2       RegistryRemove_            00426ac2   brfwmxr:register.obj
 0001:00025b0a       RegistryRemoveMany_        00426b0a   brfwmxr:register.obj
 0001:00025b4e       RegistryFind_              00426b4e   brfwmxr:register.obj
 0001:00025b99       RegistryFindMany_          00426b99   brfwmxr:register.obj
 0001:00025be9       RegistryCount_             00426be9   brfwmxr:register.obj
 0001:00025c24       RegistryEnum_              00426c24   brfwmxr:register.obj
 0001:000262f0       _BrImageFind               004272f0   brfwmxr:loader.obj
 0001:00026327       _BrImageReference          00427327   brfwmxr:loader.obj
 0001:0002638a       _BrImageLookupName         0042738a   brfwmxr:loader.obj
 0001:0002643a       _BrImageLookupOrdinal      0042743a   brfwmxr:loader.obj
 0001:00026466       _BrImageDereference        00427466   brfwmxr:loader.obj
 0001:00026496       _BrImageFree               00427496   brfwmxr:loader.obj
 0001:000264e1       __BrImageFree              004274e1   brfwmxr:loader.obj
 0001:00026530       _BrResAllocate             00427530   brfwmxr:resource.obj
 0001:00026654       _BrResFree                 00427654   brfwmxr:resource.obj
 0001:00026673       _BrResAdd                  00427673   brfwmxr:resource.obj
 0001:000266c3       _BrResRemove               004276c3   brfwmxr:resource.obj
 0001:000266eb       _BrResClass                004276eb   brfwmxr:resource.obj
 0001:0002670b       _BrResSize                 0042770b   brfwmxr:resource.obj
 0001:0002675f       _BrResSizeTotal            0042775f   brfwmxr:resource.obj
 0001:0002679f       _BrResChildEnum            0042779f   brfwmxr:resource.obj
 0001:000267eb       _BrResCheck                004277eb   brfwmxr:resource.obj
 0001:0002681f       _BrResStrDup               0042781f   brfwmxr:resource.obj
 0001:00026860       __BrPmMemFill              00427860   brfwmxr:pmmemops.obj
 0001:0002692f       __BrPmMemRectangleCopyTo   0042792f   brfwmxr:pmmemops.obj
 0001:00026a1f       __BrPmMemRectangleCopyFrom 00427a1f   brfwmxr:pmmemops.obj
 0001:00026aff       __BrPmMemRectangleFill     00427aff   brfwmxr:pmmemops.obj
 0001:00026b73       __BrPmMemDirtyRectangleCopy 00427b73   brfwmxr:pmmemops.obj
 0001:00026bb3       __BrPmMemDirtyRectangleFill 00427bb3   brfwmxr:pmmemops.obj
 0001:00026bef       __BrPmMemCopy              00427bef   brfwmxr:pmmemops.obj
 0001:00026d7a       __BrPmMemPixelSet          00427d7a   brfwmxr:pmmemops.obj
 0001:00026de2       __BrPmMemPixelGet          00427de2   brfwmxr:pmmemops.obj
 0001:00026e46       __BrPmMemLine              00427e46   brfwmxr:pmmemops.obj
 0001:0002851e       __BrPmMemCopyBits          0042951e   brfwmxr:pmmemops.obj
 0001:000285a4       __MemCopyBits_A            004295a4   brfwmxr:memloops.obj
 0001:00028994       __MemFill_A                00429994   brfwmxr:memloops.obj
 0001:00028a78       __MemRectFill_A            00429a78   brfwmxr:memloops.obj
 0001:00028ba1       __MemRectCopy_A            00429ba1   brfwmxr:memloops.obj
 0001:00028bf9       __MemCopy_A                00429bf9   brfwmxr:memloops.obj
 0001:00028c3e       __MemPixelSet              00429c3e   brfwmxr:memloops.obj
 0001:00028c9b       __MemPixelGet              00429c9b f brfwmxr:memloops.obj
 0001:00028cf7       __GetSysQual               00429cf7   brfwmxr:memloops.obj
 0001:00028d00       __BrFileFree               00429d00   brfwmxr:file.obj
 0001:00028d1c       _BrFileAttributes          00429d1c   brfwmxr:file.obj
 0001:00028d2c       _BrFileOpenRead            00429d2c   brfwmxr:file.obj
 0001:00028d98       _BrFileOpenWrite           00429d98   brfwmxr:file.obj
 0001:00028df8       _BrFileClose               00429df8   brfwmxr:file.obj
 0001:00028e14       _BrFileEof                 00429e14   brfwmxr:file.obj
 0001:00028e30       _BrFileGetChar             00429e30   brfwmxr:file.obj
 0001:00028e4c       _BrFilePutChar             00429e4c   brfwmxr:file.obj
 0001:00028e6c       _BrFileRead                00429e6c   brfwmxr:file.obj
 0001:00028e98       _BrFileWrite               00429e98   brfwmxr:file.obj
 0001:00028ec4       _BrFileGetLine             00429ec4   brfwmxr:file.obj
 0001:00028eeb       _BrFilePutLine             00429eeb   brfwmxr:file.obj
 0001:00028f0b       _BrFileAdvance             00429f0b   brfwmxr:file.obj
 0001:00028f2b       _BrFilePrintf              00429f2b   brfwmxr:file.obj
 0001:00028f70       _BrMaterialUpdate          00429f70   brfwmxr:prepmatl.obj
 0001:00029b99       PrepareVertices_           0042ab99   brfwmxr:prepmesh.obj
 0001:0002a0a1       PrepareVerticesFast_       0042b0a1   brfwmxr:prepmesh.obj
 0001:0002a3d9       PrepareEdges_              0042b3d9   brfwmxr:prepmesh.obj
 0001:0002a5b8       _BrModelUpdate             0042b5b8   brfwmxr:prepmesh.obj
 0001:0002a7f0       _BrMatrix34Copy            0042b7f0   brfwmxr:matrix34.obj
 0001:0002a844       _BrMatrix34Mul             0042b844   brfwmxr:matrix34.obj
 0001:0002abaf       _BrMatrix34Identity        0042bbaf   brfwmxr:matrix34.obj
 0001:0002ac0b       _BrMatrix34RotateX         0042bc0b   brfwmxr:matrix34.obj
 0001:0002ac82       _BrMatrix34RotateY         0042bc82   brfwmxr:matrix34.obj
 0001:0002acf9       _BrMatrix34RotateZ         0042bcf9   brfwmxr:matrix34.obj
 0001:0002ad70       _BrMatrix34Rotate          0042bd70   brfwmxr:matrix34.obj
 0001:0002aeb4       _BrMatrix34Translate       0042beb4   brfwmxr:matrix34.obj
 0001:0002af0c       _BrMatrix34Scale           0042bf0c   brfwmxr:matrix34.obj
 0001:0002af64       _BrMatrix34ShearX          0042bf64   brfwmxr:matrix34.obj
 0001:0002afbf       _BrMatrix34ShearY          0042bfbf   brfwmxr:matrix34.obj
 0001:0002b01a       _BrMatrix34ShearZ          0042c01a   brfwmxr:matrix34.obj
 0001:0002b075       _BrMatrix34Inverse         0042c075   brfwmxr:matrix34.obj
 0001:0002b4c1       _BrMatrix34LPInverse       0042c4c1   brfwmxr:matrix34.obj
 0001:0002b5fd       _BrMatrix34LPNormalise     0042c5fd   brfwmxr:matrix34.obj
 0001:0002b7a1       _BrMatrix34RollingBall     0042c7a1   brfwmxr:matrix34.obj
 0001:0002b8f9       _BrMatrix34Copy4           0042c8f9   brfwmxr:matrix34.obj
 0001:0002b94d       BrMatrix34TApplyFV_        0042c94d   brfwmxr:matrix34.obj
 0001:0002ba39       _BrMatrix34Apply           0042ca39   brfwmxr:matrix34.obj
 0001:0002bb19       _BrMatrix34ApplyP          0042cb19   brfwmxr:matrix34.obj
 0001:0002bc05       _BrMatrix34ApplyV          0042cc05   brfwmxr:matrix34.obj
 0001:0002bce1       _BrMatrix34TApply          0042cce1   brfwmxr:matrix34.obj
 0001:0002be14       _BrMatrix34TApplyP         0042ce14   brfwmxr:matrix34.obj
 0001:0002bef0       _BrMatrix34TApplyV         0042cef0   brfwmxr:matrix34.obj
 0001:0002bfcc       _BrMatrix34Pre             0042cfcc   brfwmxr:matrix34.obj
 0001:0002bffb       _BrMatrix34Post            0042cffb   brfwmxr:matrix34.obj
 0001:0002c02a       _BrMatrix34PreRotateX      0042d02a   brfwmxr:matrix34.obj
 0001:0002c06e       _BrMatrix34PostRotateX     0042d06e   brfwmxr:matrix34.obj
 0001:0002c0b2       _BrMatrix34PreRotateY      0042d0b2   brfwmxr:matrix34.obj
 0001:0002c0f6       _BrMatrix34PostRotateY     0042d0f6   brfwmxr:matrix34.obj
 0001:0002c13a       _BrMatrix34PreRotateZ      0042d13a   brfwmxr:matrix34.obj
 0001:0002c17e       _BrMatrix34PostRotateZ     0042d17e   brfwmxr:matrix34.obj
 0001:0002c1c2       _BrMatrix34PreRotate       0042d1c2   brfwmxr:matrix34.obj
 0001:0002c20a       _BrMatrix34PostRotate      0042d20a   brfwmxr:matrix34.obj
 0001:0002c252       _BrMatrix34PreTranslate    0042d252   brfwmxr:matrix34.obj
 0001:0002c29d       _BrMatrix34PostTranslate   0042d29d   brfwmxr:matrix34.obj
 0001:0002c2e8       _BrMatrix34PreScale        0042d2e8   brfwmxr:matrix34.obj
 0001:0002c333       _BrMatrix34PostScale       0042d333   brfwmxr:matrix34.obj
 0001:0002c37e       _BrMatrix34PreShearX       0042d37e   brfwmxr:matrix34.obj
 0001:0002c3c2       _BrMatrix34PostShearX      0042d3c2   brfwmxr:matrix34.obj
 0001:0002c406       _BrMatrix34PreShearY       0042d406   brfwmxr:matrix34.obj
 0001:0002c44a       _BrMatrix34PostShearY      0042d44a   brfwmxr:matrix34.obj
 0001:0002c48e       _BrMatrix34PreShearZ       0042d48e   brfwmxr:matrix34.obj
 0001:0002c4d2       _BrMatrix34PostShearZ      0042d4d2   brfwmxr:matrix34.obj
 0001:0002c520       _BrNewList                 0042d520   brfwmxr:brlists.obj
 0001:0002c538       _BrAddHead                 0042d538   brfwmxr:brlists.obj
 0001:0002c553       _BrAddTail                 0042d553   brfwmxr:brlists.obj
 0001:0002c572       _BrRemHead                 0042d572   brfwmxr:brlists.obj
 0001:0002c58e       _BrRemTail                 0042d58e   brfwmxr:brlists.obj
 0001:0002c5aa       _BrInsert                  0042d5aa   brfwmxr:brlists.obj
 0001:0002c5c6       _BrRemove                  0042d5c6   brfwmxr:brlists.obj
 0001:0002c5de       _BrSimpleNewList           0042d5de   brfwmxr:brlists.obj
 0001:0002c5ee       _BrSimpleAddHead           0042d5ee   brfwmxr:brlists.obj
 0001:0002c60e       _BrSimpleRemHead           0042d60e   brfwmxr:brlists.obj
 0001:0002c642       _BrSimpleInsert            0042d642   brfwmxr:brlists.obj
 0001:0002c662       _BrSimpleRemove            0042d662   brfwmxr:brlists.obj
 0001:0002c690       _BrMemAllocate             0042d690   brfwmxr:mem.obj
 0001:0002c6c3       _BrMemFree                 0042d6c3   brfwmxr:mem.obj
 0001:0002c6db       _BrMemInquire              0042d6db   brfwmxr:mem.obj
 0001:0002c6f3       _BrMemCalloc               0042d6f3   brfwmxr:mem.obj
 0001:0002c72a       _BrMemStrDup               0042d72a   brfwmxr:mem.obj
 0001:0002c770       __BrGenericLine            0042d770   brfwmxr:pmgenops.obj
 0001:0002d5ec       __BrGenericDoubleBuffer    0042e5ec   brfwmxr:pmgenops.obj
 0001:0002d608       __BrGenericMatch           0042e608   brfwmxr:pmgenops.obj
 0001:0002d6ec       __BrGenericClone           0042e6ec   brfwmxr:pmgenops.obj
 0001:0002d738       __BrGenericFree            0042e738   brfwmxr:pmgenops.obj
 0001:0002d74c       __BrGenericDirtyRectangleCopy 0042e74c   brfwmxr:pmgenops.obj
 0001:0002d788       __BrGenericDirtyRectangleFill 0042e788   brfwmxr:pmgenops.obj
 0001:0002d7c0       __BrGenericRectangle       0042e7c0   brfwmxr:pmgenops.obj
 0001:0002d860       __BrGenericRectangle2      0042e860   brfwmxr:pmgenops.obj
 0001:0002d8f8       __BrGenericRectangleCopy   0042e8f8   brfwmxr:pmgenops.obj
 0001:0002d8ff       __BrGenericCopy            0042e8ff   brfwmxr:pmgenops.obj
 0001:0002d910       _BrPixelmapAllocate        0042e910   brfwmxr:pixelmap.obj
 0001:0002da28       _BrPixelmapAllocateSub     0042ea28   brfwmxr:pixelmap.obj
 0001:0002daf0       _BrPixelmapFileSize        0042eaf0   brfwmxr:pixelmap.obj
 0001:0002db07       _BrPixelmapPixelSize       0042eb07   brfwmxr:pixelmap.obj
 0001:0002db1e       _BrPixelmapChannels        0042eb1e   brfwmxr:pixelmap.obj
 0001:0002db40       _BrScratchAllocate         0042eb40   brfwmxr:scratch.obj
 0001:0002dbbc       _BrScratchFree             0042ebbc   brfwmxr:scratch.obj
 0001:0002dbcb       _BrScratchFlush            0042ebcb   brfwmxr:scratch.obj
 0001:0002dc0f       _BrScratchInquire          0042ec0f   brfwmxr:scratch.obj
 0001:0002dc20       _BrFailure                 0042ec20   brfwmxr:diag.obj
 0001:0002dc60       _BrWarning                 0042ec60   brfwmxr:diag.obj
 0001:0002dca0       _BrFatal                   0042eca0   brfwmxr:diag.obj
 0001:0002dcf0       _BrQsort                   0042ecf0   brfwmxr:brqsort.obj
 0001:0002df00       _BrFixedSqrt               0042ef00   brfwmxr:fixed.obj
 0001:0002df34       _BrFixedPow                0042ef34   brfwmxr:fixed.obj
 0001:0002df80       __CHP                      0042ef80 f brfwmxr:magicsym.obj
 0001:0002dfa0       _BrPixelmapFree            0042efa0   brfwmxr:pmdsptch.obj
 0001:0002dfc8       _BrPixelmapMatch           0042efc8   brfwmxr:pmdsptch.obj
 0001:0002dff7       _BrPixelmapClone           0042eff7   brfwmxr:pmdsptch.obj
 0001:0002e01f       _BrPixelmapFill            0042f01f   brfwmxr:pmdsptch.obj
 0001:0002e04b       _BrPixelmapRectangle       0042f04b   brfwmxr:pmdsptch.obj
 0001:0002e0a3       _BrPixelmapRectangle2      0042f0a3   brfwmxr:pmdsptch.obj
 0001:0002e0fb       _BrPixelmapRectangleCopy   0042f0fb   brfwmxr:pmdsptch.obj
 0001:0002e456       _BrPixelmapRectangleFill   0042f456   brfwmxr:pmdsptch.obj
 0001:0002e58a       _BrPixelmapDirtyRectangleCopy 0042f58a   brfwmxr:pmdsptch.obj
 0001:0002e6c1       _BrPixelmapDirtyRectangleClear 0042f6c1   brfwmxr:pmdsptch.obj
 0001:0002e7f5       _BrPixelmapPixelSet        0042f7f5   brfwmxr:pmdsptch.obj
 0001:0002e86d       _BrPixelmapPixelGet        0042f86d   brfwmxr:pmdsptch.obj
 0001:0002e8f0       _BrPixelmapCopy            0042f8f0   brfwmxr:pmdsptch.obj
 0001:0002e970       _BrPixelmapLine            0042f970   brfwmxr:pmdsptch.obj
 0001:0002ec2c       _BrPixelmapDoubleBuffer    0042fc2c   brfwmxr:pmdsptch.obj
 0001:0002ec58       _BrPixelmapText            0042fc58   brfwmxr:pmdsptch.obj
 0001:0002eef3       _BrPixelmapTextF           0042fef3   brfwmxr:pmdsptch.obj
 0001:0002ef3b       _BrPixelmapTextWidth       0042ff3b   brfwmxr:pmdsptch.obj
 0001:0002efbb       _BrPixelmapTextHeight      0042ffbb   brfwmxr:pmdsptch.obj
 0001:0002efe3       _BrPixelmapCopyBits        0042ffe3   brfwmxr:pmdsptch.obj
 0001:0002f170       ?FCreate@TDF@@SGHPAVCRF@@PAVGL@@PAVSTN@@PAUCKI@@@Z 00430170 f engine:tdf.obj
 0001:0002f7e0       ?Dxr@MODL@@QAEJXZ          004307e0 f engine:tdf.obj
 0001:0002f810       ?Dyr@MODL@@QAEJXZ          00430810 f engine:tdf.obj
 0001:0002f890       ?FWouldBe@MODL@@SGHJ@Z     00430890 f engine:modl.obj
 0001:0002f8d0       ?FIs@MODL@@UAEHJ@Z         004308d0 f engine:modl.obj
 0001:0002f900       ?Cls@MODL@@UAEJXZ          00430900 f engine:modl.obj
 0001:0002f930       ?PmodlNew@MODL@@SGPAV1@JPAUbr_vertex@@JPAUbr_face@@@Z 00430930 f engine:modl.obj
 0001:0002fb10       ?FReadModl@MODL@@SGHPAVCRF@@KKPAVBLCK@@PAPAVBACO@@PAJ@Z 00430b10 f engine:modl.obj
 0001:0002fd90       ?_FInit@MODL@@IAEHPAVBLCK@@@Z 00430d90 f engine:modl.obj
 0001:000302e0       ?PmodlReadFromDat@MODL@@SGPAV1@PAVFNI@@@Z 004312e0 f engine:modl.obj
 0001:00030550       ??1MODL@@UAE@XZ            00431550 f engine:modl.obj
 0001:000305e0       ?FWrite@MODL@@QAEHPAVCFL@@KK@Z 004315e0 f engine:modl.obj
 0001:00030830       ?AdjustTdfCharacter@MODL@@QAEXXZ 00431830 f engine:modl.obj
 0001:000309b0       ?AssertValid@MODL@@QAEXK@Z 004319b0 f engine:modl.obj
 0001:00030a30       ?MarkMem@MODL@@UAEXXZ      00431a30 f engine:modl.obj
 0001:00030aa0       ??_EMODL@@UAEPAXI@Z        00431aa0 f engine:modl.obj
 0001:00030aa0       ??_GMODL@@UAEPAXI@Z        00431aa0 f engine:modl.obj
 0001:00030bf0       ?BrsHalf@@YGJJ@Z           00431bf0 f engine:modl.obj
 0001:00030c10       ??0MODL@@IAE@XZ            00431c10 f engine:modl.obj
 0001:00030c50       ?Dzr@MODL@@QAEJXZ          00431c50 f engine:modl.obj
 0001:00030cca       _fprintf                   00431cca f LIBC:fprintf.obj
 0001:00030d00       __alloca_probe             00431d00   LIBC:chkstk.obj
 0001:00030d00       __chkstk                   00431d00   LIBC:chkstk.obj
 0001:00030d2d       _printf                    00431d2d f LIBC:printf.obj
 0001:00030d69       __onexit                   00431d69 f LIBC:onexit.obj
 0001:00030ddf       _atexit                    00431ddf f LIBC:onexit.obj
 0001:00030df1       ___onexitinit              00431df1 f LIBC:onexit.obj
 0001:00030e27       __purecall                 00431e27 f LIBC:purevirt.obj
 0001:00030e34       __ftol                     00431e34 f LIBC:ftol.obj
 0001:00030e5c       _fdiv_main_routine         00431e5c f LIBC:adj_fdiv.obj
 0001:00030f73       __adj_fdiv_r               00431f73 f LIBC:adj_fdiv.obj
 0001:00031412       _fdivp_sti_st              00432412 f LIBC:adj_fdiv.obj
 0001:00031425       _fdivrp_sti_st             00432425 f LIBC:adj_fdiv.obj
 0001:00031438       __adj_fdiv_m32             00432438 f LIBC:adj_fdiv.obj
 0001:00031484       __adj_fdiv_m64             00432484 f LIBC:adj_fdiv.obj
 0001:000314d0       __adj_fdiv_m16i            004324d0 f LIBC:adj_fdiv.obj
 0001:00031504       __adj_fdiv_m32i            00432504 f LIBC:adj_fdiv.obj
 0001:00031538       __adj_fdivr_m32            00432538 f LIBC:adj_fdiv.obj
 0001:00031584       __adj_fdivr_m64            00432584 f LIBC:adj_fdiv.obj
 0001:000315d0       __adj_fdivr_m16i           004325d0 f LIBC:adj_fdiv.obj
 0001:00031604       __adj_fdivr_m32i           00432604 f LIBC:adj_fdiv.obj
 0001:00031638       __safe_fdiv                00432638 f LIBC:adj_fdiv.obj
 0001:0003164d       __safe_fdivr               0043264d f LIBC:adj_fdiv.obj
 0001:00031662       __fprem_common             00432662 f LIBC:adj_fdiv.obj
 0001:00031868       __adj_fprem                00432868 f LIBC:adj_fdiv.obj
 0001:0003191a       __fprem1_common            0043291a f LIBC:adj_fdiv.obj
 0001:00031b20       __adj_fprem1               00432b20 f LIBC:adj_fdiv.obj
 0001:00031bd5       __safe_fprem               00432bd5 f LIBC:adj_fdiv.obj
 0001:00031bdb       __safe_fprem1              00432bdb f LIBC:adj_fdiv.obj
 0001:00031be1       __adj_fpatan               00432be1 f LIBC:adj_fdiv.obj
 0001:00031be4       __adj_fptan                00432be4 f LIBC:adj_fdiv.obj
 0001:00031be7       __fpmath                   00432be7 f LIBC:fpinit.obj
 0001:00031bfb       __fpclear                  00432bfb f LIBC:fpinit.obj
 0001:00031bfc       __cfltcvt_init             00432bfc f LIBC:fpinit.obj
 0001:00031c34       _mainCRTStartup            00432c34 f LIBC:crt0.obj
 0001:00031d2d       __amsg_exit                00432d2d f LIBC:crt0.obj
 0001:00031d50       _strcmp                    00432d50 f LIBC:strcmp.obj
 0001:00031dd4       _strcat                    00432dd4 f LIBC:strcat.obj
 0001:00031dd8       _strcpy                    00432dd8   LIBC:strcat.obj
 0001:00031e68       _strlen                    00432e68 f LIBC:strlen.obj
 0001:00031eb5       _vsprintf                  00432eb5 f LIBC:vsprintf.obj
 0001:00031f10       _sqrt                      00432f10   LIBC:87csqrt.obj
 0001:00031f1a       __CIsqrt                   00432f1a   LIBC:87csqrt.obj
 0001:00031f24       _memset                    00432f24 f LIBC:memset.obj
 0001:00031f66       _sprintf                   00432f66 f LIBC:sprintf.obj
 0001:00031fc0       _pow                       00432fc0   LIBC:87ctran.obj
 0001:00031fca       _log                       00432fca   LIBC:87ctran.obj
 0001:00031fd4       _log10                     00432fd4   LIBC:87ctran.obj
 0001:00031fdb       _exp                       00432fdb   LIBC:87ctran.obj
 0001:00031fe2       __CIpow                    00432fe2   LIBC:87ctran.obj
 0001:00031fec       __CIlog                    00432fec   LIBC:87ctran.obj
 0001:00031ff6       __CIlog10                  00432ff6   LIBC:87ctran.obj
 0001:00031ffd       __CIexp                    00432ffd   LIBC:87ctran.obj
 0001:00032004       __stbuf                    00433004 f LIBC:_sftbuf.obj
 0001:00032085       __ftbuf                    00433085 f LIBC:_sftbuf.obj
 0001:000320cb       __output                   004330cb f LIBC:output.obj
 0001:000329f1       __cinit                    004339f1 f LIBC:crt0dat.obj
 0001:00032a21       _exit                      00433a21 f LIBC:crt0dat.obj
 0001:00032a32       __exit                     00433a32 f LIBC:crt0dat.obj
 0001:00032ae2       _realloc                   00433ae2 f LIBC:realloc.obj
 0001:00032c34       __msize                    00433c34 f LIBC:msize.obj
 0001:00032c45       _malloc                    00433c45 f LIBC:malloc.obj
 0001:00032c58       __nh_malloc                00433c58 f LIBC:malloc.obj
 0001:00032d17       __heap_split_block         00433d17 f LIBC:malloc.obj
 0001:00032d5c       __setdefaultprecision      00433d5c f LIBC:fp8.obj
 0001:00032d6f       _ms_p5_test_fdiv           00433d6f f LIBC:testfdiv.obj
 0001:00032db5       _ms_p5_mp_test_fdiv        00433db5 f LIBC:testfdiv.obj
 0001:00032e88       __forcdecpt                00433e88 f LIBC:cvt.obj
 0001:00032eed       __cropzeros                00433eed f LIBC:cvt.obj
 0001:00032f4c       __positive                 00433f4c f LIBC:cvt.obj
 0001:00032f61       __fassign                  00433f61 f LIBC:cvt.obj
 0001:00032fa4       __cftoe                    00433fa4 f LIBC:cvt.obj
 0001:000330f7       __cftof                    004340f7 f LIBC:cvt.obj
 0001:00033213       __cftog                    00434213 f LIBC:cvt.obj
 0001:000332bb       __cfltcvt                  004342bb f LIBC:cvt.obj
 0001:00033338       __global_unwind2           00434338 f LIBC:exsup.obj
 0001:0003337a       __local_unwind2            0043437a f LIBC:exsup.obj
 0001:000333d4       __abnormal_termination     004343d4 f LIBC:exsup.obj
 0001:000333f7       __XcptFilter               004343f7 f LIBC:winxfltr.obj
 0001:00033582       __setenvp                  00434582 f LIBC:stdenvp.obj
 0001:0003364d       __setargv                  0043464d f LIBC:stdargv.obj
 0001:0003394b       __setmbcp                  0043494b f LIBC:mbctype.obj
 0001:00033ad9       ___initmbctable            00434ad9 f LIBC:mbctype.obj
 0001:00033ae4       __ioinit                   00434ae4 f LIBC:ioinit.obj
 0001:00033bd2       __heap_init                00434bd2 f LIBC:heapinit.obj
 0001:00033c4f       ___getempty                00434c4f f LIBC:heapinit.obj
 0001:00033c7c       __except_handler3          00434c7c f LIBC:exsup3.obj
 0001:00033d2a       __seh_longjmp_unwind@4     00434d2a f LIBC:exsup3.obj
 0001:00033d45       __FF_MSGBANNER             00434d45 f LIBC:crt0msg.obj
 0001:00033d6b       __NMSG_WRITE               00434d6b f LIBC:crt0msg.obj
 0001:00033dc3       __flsbuf                   00434dc3 f LIBC:_flsbuf.obj
 0001:00033eec       __cintrindisp2             00434eec f LIBC:87cdisp.obj
 0001:00033f2a       __cintrindisp1             00434f2a f LIBC:87cdisp.obj
 0001:00033f60       __ctrandisp2               00434f60 f LIBC:87cdisp.obj
 0001:000340d1       __ctrandisp1               004350d1 f LIBC:87cdisp.obj
 0001:000340fd       __fload                    004350fd f LIBC:87cdisp.obj
 0001:0003414d       __fFEXP                    0043514d   LIBC:87tran.obj
 0001:000341b4       __rtinfpopse               004351b4   LIBC:87tran.obj
 0001:000341b6       __rtinfnpopse              004351b6   LIBC:87tran.obj
 0001:000341c6       __fFLN                     004351c6   LIBC:87tran.obj
 0001:0003427b       __rtinfpop                 0043527b   LIBC:87tran.obj
 0001:0003427d       __rtinfnpop                0043527d   LIBC:87tran.obj
 0001:0003429a       __ffexpm1                  0043529a   LIBC:87tran.obj
 0001:00034343       _fflush                    00435343 f LIBC:fflush.obj
 0001:0003438f       __flush                    0043538f f LIBC:fflush.obj
 0001:000343f1       __flushall                 004353f1 f LIBC:fflush.obj
 0001:00034466       ___endstdio                00435466 f LIBC:fflush.obj
 0001:0003447a       __isatty                   0043547a f LIBC:isatty.obj
 0001:00034494       _wctomb                    00435494 f LIBC:wctomb.obj
 0001:0003450c       __aulldiv                  0043550c f LIBC:ulldiv.obj
 0001:0003456c       __aullrem                  0043556c f LIBC:ullrem.obj
 0001:000345d6       _free                      004355d6 f LIBC:free.obj
 0001:0003463e       __heap_abort               0043563e f LIBC:hpabort.obj
 0001:00034649       __heap_grow                00435649 f LIBC:heapgrow.obj
 0001:00034732       __heap_grow_region         00435732 f LIBC:heapgrow.obj
 0001:000347df       __heap_free_region         004357df f LIBC:heapgrow.obj
 0001:00034819       __heap_search              00435819 f LIBC:heapsrch.obj
 0001:00034909       __control87                00435909 f LIBC:ieee87.obj
 0001:00034944       __controlfp                00435944 f LIBC:ieee87.obj
 0001:00034a7b       __fptrap                   00435a7b f LIBC:crt0fp.obj
 0001:00034a86       __isctype                  00435a86 f LIBC:isctype.obj
 0001:00034b01       _tolower                   00435b01 f LIBC:tolower.obj
 0001:00034bcd       __ZeroTail                 00435bcd f LIBC:intrncvt.obj
 0001:00034c2d       __IncMan                   00435c2d f LIBC:intrncvt.obj
 0001:00034c8e       __RoundMan                 00435c8e f LIBC:intrncvt.obj
 0001:00034d2b       __CopyMan                  00435d2b f LIBC:intrncvt.obj
 0001:00034d48       __FillZeroMan              00435d48 f LIBC:intrncvt.obj
 0001:00034d54       __IsZeroMan                00435d54 f LIBC:intrncvt.obj
 0001:00034d72       __ShrMan                   00435d72 f LIBC:intrncvt.obj
 0001:00034e1d       __ld12cvt                  00435e1d f LIBC:intrncvt.obj
 0001:00034fb9       __ld12tod                  00435fb9 f LIBC:intrncvt.obj
 0001:00034fcf       __ld12tof                  00435fcf f LIBC:intrncvt.obj
 0001:00034fe5       __atodbl                   00435fe5 f LIBC:intrncvt.obj
 0001:00035016       __atoflt                   00436016 f LIBC:intrncvt.obj
 0001:00035047       __fptostr                  00436047 f LIBC:_fptostr.obj
 0001:000350c5       __fltout                   004360c5 f LIBC:cfout.obj
 0001:00035128       ___dtold                   00436128 f LIBC:cfout.obj
 0001:000351e4       _memmove                   004361e4 f LIBC:memmove.obj
 0001:00035332       __write                    00436332 f LIBC:write.obj
 0001:000354cb       __lseek                    004364cb f LIBC:lseek.obj
 0001:00035540       __getbuf                   00436540 f LIBC:_getbuf.obj
 0001:0003558c       __trandisp1                0043658c f LIBC:87disp.obj
 0001:000355f3       __trandisp2                004365f3 f LIBC:87disp.obj
 0001:0003567f       __rttospopde               0043667f   LIBC:87disp.obj
 0001:00035684       __rttospop                 00436684   LIBC:87disp.obj
 0001:00035686       __rtnospop                 00436686   LIBC:87disp.obj
 0001:00035688       __rttosnpop                00436688   LIBC:87disp.obj
 0001:00035689       __rtnospopde               00436689   LIBC:87disp.obj
 0001:00035690       __rtzeropop                00436690   LIBC:87disp.obj
 0001:00035692       __rtzeronpop               00436692   LIBC:87disp.obj
 0001:00035697       __rtonepop                 00436697   LIBC:87disp.obj
 0001:00035699       __rtonenpop                00436699   LIBC:87disp.obj
 0001:0003569e       __tosnan1                  0043669e   LIBC:87disp.obj
 0001:000356c9       __nosnan2                  004366c9   LIBC:87disp.obj
 0001:000356cb       __tosnan2                  004366cb   LIBC:87disp.obj
 0001:000356f3       __nan2                     004366f3   LIBC:87disp.obj
 0001:00035732       __rtindfpop                00436732   LIBC:87disp.obj
 0001:00035734       __rtindfnpop               00436734   LIBC:87disp.obj
 0001:00035745       __rttosnpopde              00436745   LIBC:87disp.obj
 0001:0003574f       __rtchsifneg               0043674f   LIBC:87disp.obj
 0001:00035756       __87except                 00436756 f LIBC:87except.obj
 0001:00035860       __powhlp                   00436860 f LIBC:powhlp.obj
 0001:00035a4d       __d_inttype                00436a4d f LIBC:powhlp.obj
 0001:00035a9f       __commit                   00436a9f f LIBC:commit.obj
 0001:00035aec       __fcloseall                00436aec f LIBC:closeall.obj
 0001:00035b1d       __heap_addblock            00436b1d f LIBC:heapadd.obj
 0001:00035dd4       ___crtGetStringTypeA       00436dd4 f LIBC:aw_str.obj
 0001:00035f4b       ___crtLCMapStringA         00436f4b f LIBC:aw_map.obj
 0001:000361aa       ___addl                    004371aa f LIBC:mantold.obj
 0001:000361cd       ___add_12                  004371cd f LIBC:mantold.obj
 0001:0003622b       ___shl_12                  0043722b f LIBC:mantold.obj
 0001:00036269       ___shr_12                  00437269 f LIBC:mantold.obj
 0001:0003629c       ___mtold12                 0043729c f LIBC:mantold.obj
 0001:00036380       ___strgtold12              00437380 f LIBC:strgtold.obj
 0001:000369bf       _$I10_OUTPUT               004379bf f LIBC:x10fout.obj
 0001:00036cf5       __dosmaperr                00437cf5 f LIBC:dosmap.obj
 0001:00036d5e       __alloc_osfhnd             00437d5e f LIBC:osfinfo.obj
 0001:00036d94       __set_osfhnd               00437d94 f LIBC:osfinfo.obj
 0001:00036dfe       __free_osfhnd              00437dfe f LIBC:osfinfo.obj
 0001:00036e6b       __get_osfhandle            00437e6b f LIBC:osfinfo.obj
 0001:00036ea3       __handle_qnan1             00437ea3 f LIBC:fpexcept.obj
 0001:00036ef0       __except1                  00437ef0 f LIBC:fpexcept.obj
 0001:00036f87       __raise_exc                00437f87 f LIBC:fpexcept.obj
 0001:00037299       __handle_exc               00438299 f LIBC:fpexcept.obj
 0001:000374f1       __umatherr                 004384f1 f LIBC:fpexcept.obj
 0001:00037585       __set_errno                00438585 f LIBC:fpexcept.obj
 0001:000375d8       __errcode                  004385d8 f LIBC:fpexcept.obj
 0001:0003760e       __matherr                  0043860e f LIBC:matherr.obj
 0001:00037611       __statfp                   00438611 f LIBC:fpctrl.obj
 0001:00037622       __clrfp                    00438622 f LIBC:fpctrl.obj
 0001:00037634       __ctrlfp                   00438634 f LIBC:fpctrl.obj
 0001:00037664       __set_statfp               00438664 f LIBC:fpctrl.obj
 0001:000376be       __set_exp                  004386be f LIBC:util.obj
 0001:000376f3       __sptype                   004386f3 f LIBC:util.obj
 0001:00037758       __decomp                   00438758 f LIBC:util.obj
 0001:00037826       __frnd                     00438826 f LIBC:frnd.obj
 0001:0003783b       _fclose                    0043883b f LIBC:fclose.obj
 0001:00037897       __heap_findaddr            00438897 f LIBC:findaddr.obj
 0001:00037901       _calloc                    00438901 f LIBC:calloc.obj
 0001:0003793b       ___set_invalid_mb_chars    0043893b f LIBC:setmbval.obj
 0001:0003796c       _strncpy                   0043896c f LIBC:strncpy.obj
 0001:00037990       ___ld12mul                 00438990 f LIBC:tenpow.obj
 0001:00037bd0       ___multtenpow12            00438bd0 f LIBC:tenpow.obj
 0001:00037c45       __close                    00438c45 f LIBC:close.obj
 0001:00037cdb       __freebuf                  00438cdb f LIBC:_freebuf.obj
 0001:00037d14       _RtlUnwind@16              00438d14   kernel32:KERNEL32.dll
 0001:00037d40       _BrStdioOpenRead           00438d40 f bren:stdfile.obj
 0001:00038220       _BrStdioPutLine            00439220 f bren:stdfile.obj
 0001:000395b0       FopRead_BOUNDS_            0043a5b0   brfwmxr:fileops.obj
 0001:000397bc       _BrModelLoadMany           0043a7bc   brfwmxr:fileops.obj
 0001:000399bf       _BrModelSaveMany           0043a9bf   brfwmxr:fileops.obj
 0001:00039a36       _BrActorLoadMany           0043aa36   brfwmxr:fileops.obj
 0001:00039bae       _BrActorSaveMany           0043abae   brfwmxr:fileops.obj
 0001:00039c16       _BrMaterialLoadMany        0043ac16   brfwmxr:fileops.obj
 0001:00039cfd       _BrMaterialSaveMany        0043acfd   brfwmxr:fileops.obj
 0001:00039d74       _BrPixelmapLoadMany        0043ad74   brfwmxr:fileops.obj
 0001:00039e24       _BrPixelmapSaveMany        0043ae24   brfwmxr:fileops.obj
 0001:00039eb7       _BrModelLoad               0043aeb7   brfwmxr:fileops.obj
 0001:00039ee3       _BrModelSave               0043aee3   brfwmxr:fileops.obj
 0001:00039efe       _BrMaterialLoad            0043aefe   brfwmxr:fileops.obj
 0001:00039f2a       _BrMaterialSave            0043af2a   brfwmxr:fileops.obj
 0001:00039f45       _BrPixelmapLoad            0043af45   brfwmxr:fileops.obj
 0001:00039f71       _BrPixelmapSave            0043af71   brfwmxr:fileops.obj
 0001:00039f8c       _BrActorLoad               0043af8c   brfwmxr:fileops.obj
 0001:00039fb8       _BrActorSave               0043afb8   brfwmxr:fileops.obj
 0001:00039fe0       _BrActorEnum               0043afe0   brfwmxr:actsupt.obj
 0001:0003a00b       _BrActorSearchMany         0043b00b   brfwmxr:actsupt.obj
 0001:0003a0a7       _BrActorSearch             0043b0a7   brfwmxr:actsupt.obj
 0001:0003a107       _BrActorAdd                0043b107   brfwmxr:actsupt.obj
 0001:0003a16f       _BrActorRemove             0043b16f   brfwmxr:actsupt.obj
 0001:0003a1c7       _BrActorRelink             0043b1c7   brfwmxr:actsupt.obj
 0001:0003a24b       _BrActorAllocate           0043b24b   brfwmxr:actsupt.obj
 0001:0003a392       _BrActorFree               0043b392   brfwmxr:actsupt.obj
 0001:0003a3c1       BrActorToRoot_             0043b3c1   brfwmxr:actsupt.obj
 0001:0003a425       BrCameraToScreenMatrix4_   0043b425   brfwmxr:actsupt.obj
 0001:0003a4e5       BrVector3EyeInModel_       0043b4e5   brfwmxr:actsupt.obj
 0001:0003a535       _BrActorToActorMatrix34    0043b535   brfwmxr:actsupt.obj
 0001:0003a7cd       _BrActorToScreenMatrix4    0043b7cd   brfwmxr:actsupt.obj
 0001:0003a979       _BrActorToBounds           0043b979   brfwmxr:actsupt.obj
 0001:0003aa25       _BrBoundsToMatrix34        0043ba25   brfwmxr:actsupt.obj
 0001:0003aaf0       SurfacePerScene_           0043baf0   brfwmxr:surface.obj
[...]
FIXUPS: 52ef5 ffffffea ffffffeb ffffffed ffffffea fffffefa ffffffce 4f3
FIXUPS: 53234 fffd35b3 ffffffe8 fffffe67 ffffeb6c ffffffb2 ffffffe8 ffffffde
FIXUPS: 250f9 fffffff6 fffffff6 fffffff6 fffffff6 ffffffe4 32b51 ffffff8e
FIXUPS: 57ad3 fffffff5 ffffffb5 ffffff4c ffffffd2 ffffa6e5 ffffff88 ffffffd7
FIXUPS: 51f60 ffffff72 ffffff40 ffffffeb ffffffea ffffffeb ffffffed ffffffea
FIXUPS: 521e8 fffd3c9c ffffffd6 fffffff5 7b0 ffffffcc ffffffb5 ffffffbe
FIXUPS: 26531 ffffffcc ffffff97 ffffffdc ffffffcc ffffffe5 ffffffe8 ffffffbf
FIXUPS: 26375 ffffffba ffffffd3 ffffffcd ffffffe5 ffffffe5 ffffffe8 ffffffe1
FIXUPS: 26246 69e ffffffde ffffffdb ffffffd6 ffffffe5 ffffffe9 ffffffe0
FIXUPS: 26800 231 ffffffd2 fffffff7 ffffffd3 fffff84d ffffffec ffffffec
FIXUPS: 261da ffffffe5 ffffffe8 ffffffe1 ffffffe4 ffffffd4 ffffffec ffffffec
FIXUPS: 26100 ffffffe5 ffffffe8 ffffffd3 ffffffbc ffffffe8 ffffffb6 ffffffec
FIXUPS: 25fcc ffffffe8 ffffffe6 ffffffe5 ffffffe8 ffffffd3 ffffffb4 fffffff5
FIXUPS: 25e98 10e3 ffffff8e ffffffdd ffffffdf ffffffde ffffffdf ffffff6b
FIXUPS: 26db6 ffffffef ffffffb0 ffffffe2 ffffffed ffffffee ffffffec ffffffed
FIXUPS: 26cd9 ffffffec 72e ffffffb7 ffffffce ffffffcd ffffffca fffffe17
FIXUPS: 274c5 fffffff7 ffffffcd fffffff7 fffff66f fffffff4 ffffffb9 fffffff0
FIXUPS: 26a3e 250f ffffff97 ffffff20 ffffff9d ffffff88 ffffff81 75d ffffff9a
FIXUPS: 292c2 ffffff8c ffffff83 ffffff7c ffffff8e ffffff5d 55d ffffff93
FIXUPS: 2950f ffffff8b ffffe3ab ffffffe4 fffffeb3 ffffffd6 fffffff3 ffffff9e
FIXUPS: 275f3 ffffffea ffffffd9 ffffffd5 ffffffc6 fffffb17 ffffffbe ffffffd2
FIXUPS: 27e37 ffffffb4 ffffffe8 ffffffb0 ffffffe6 ffffff77 72d ffffff9d
FIXUPS: 28332 ffffff81 ffffff8b ffffff9d ffffff9a ffffff52 ffffff9d 7ce
FIXUPS: 287b9 ffffff83 ffffff9a ffffff68 ffffff8b ffffff8a ffffff9a 73f
FIXUPS: 28bb6 ffffff88 ffffff52 ffffff7c ffffff98 ffffff87 ffffff7b 71d
FIXUPS: 2b104 ffffffe2 ffffff92 ffffffdb ffffffc0 ffffffe7 728 ffffffc3
FIXUPS: 2b63b ffffffc0 ffffff12 ffffff8a ffffff92 ffffffd8 ffffeb3c fffffeaa
FIXUPS: 29dc9 fffffff2 ffffffca ffffffe0 fffffff2 ffffdebc ffffff52 ffffffa4
FIXUPS: 27af0 ffffff50 ffffffd0 ffffff40 ffffffce ffffffbe ffffff92 5e6
FIXUPS: 2a3eb 651 ffffffdb ffffff8c ffffffec ffffffd3 ffffffc8 ffffffe5
FIXUPS: 2a8a5 ffffffec ffffffe1 ffffffbc ffffffe3 ffffffd8 728 ffffff1b
FIXUPS: 2ade7 ffffffd0 ffffffd2 ffffff9c ffffff99 ffffff73 ffffffea 746
FIXUPS: 2b349 ffffff9e ffffffe1 ffffffc4 ffffffec ffffff9f ffffffea ffffffdc
FIXUPS: 2d784 fbc ffffffe6 fffffff4 ffffffa3 ffffffb8 fffffff3 ffffffdf
FIXUPS: 2d75e fffffff6 ffffffe1 ffffffe3 ffffff99 ffffe6e2 fffffff4 ffffff8e
FIXUPS: 2bd0a ffffff94 fffffff5 ffffff94 fffffff5 ba6 ffffff13 ffffff41
FIXUPS: 2c814 ffffdb9e ffffffc8 ffffff99 48e ffffff6f fffffe87 ffffffdb
FIXUPS: 3ad0f ffffff60 ffffffdf fffffff1 fffffff9 ffffffea ffffffe2 ffffffb9
FIXUPS: 2f445 51c 60c ffffff99 9e ffffefc1 fffffff2 ffffffcd fffffff2 fffffdb7
FIXUPS: 2ecb7 ffffffcc ffffffeb ffffffd5 ffffffeb ffffffc4 ffffffed ffffffba
FIXUPS: 2eb8b ffffffef ffffffdd fffffeeb ffffffa8 ffffff47 baf1 ffffffc7
FIXUPS: 3a3db ffffffc7 6ed ffffffdf fffffff1 fffffff9 ffffffea ffffffe4
FIXUPS: 3aa1a fffffff7 ffffffc0 ffffffdb fffffefc ffffffb9 ffffffb4 ffffffdf
FIXUPS: 3a7e5 fffffff9 ffffffea ffffffe6 6f5 ffffff93 ffffff97 ffffffdf
FIXUPS: 3ad9d fffffff9 ffffffea ffffffe4 fffffff4 fffffff7 fffff645 ffffffc7
FIXUPS: 3a34d ffffffc4 fffffff3 ffffffed ffffffc2 ffffffea ffffffa2 ffffffea
FIXUPS: 3a1ce ffffffcb ffffffa1 fffffff2 ffffff95 fffffff4 ffffff7b ffffffe1
FIXUPS: 39fe2 79d ffffff9b ffffffd1 ffffff9b ffffffd1 ffffff9b ffffffd1
FIXUPS: 3a55d ffffffc6 ffffff5b fffffff9 fffffff2 ffffffc7 fffff5af ffffff79
FIXUPS: 3993a ffffffed ffffffdc ffffff75 ffffffe2 ffffffed ffffffdd fffffff0
FIXUPS: 397ec fffffff2 748 ffffffea ffffffd6 ffffff7a ffffffd1 ffffffe9
FIXUPS: 39dee ffffffe2 ffffffe8 ffffffee ffffffec ffffffe9 ffffffd5 ffffffe0
FIXUPS: 39d01 ffffff7c ffffffc8 ffffffe1 fffffff4 ffffffc0 1c14 ffffdfba
FIXUPS: 39797 ffffffee ffffff51 ffffffd8 ffffffde ffffffc8 fffffff1 ffffffea
FIXUPS: 395ed ffffffea ffffffe7 ffffffdf ffffffa1 fffffff1 ffffffea ffffffba
FIXUPS: 394bc fffffff0 ffffffdb 715 fffffff5 fffffff1 ffffffda ffffff71
FIXUPS: 39a9e ffffffee ffffff9e ffffffea ffffffec ffffffee 1804 ffffff88
FIXUPS: 3b119 ffffff3f 74a ffffffec fffffff1 ffffffdf fffffff4 ffffffd8
FIXUPS: 3b6e7 ffffffc5 ffffffbd ffffffb8 ffffffb9 ffffffef ffffffe2 fffffff4
FIXUPS: 3b589 ffffffe0 ffffffe7 ffffff81 fffffff3 ffffffec ffffffb8 ffffff94
FIXUPS: 3b3e5 fffffff1 6fc ffffffeb fffffef1 ffffff3c 2ee ffffffea ffffffe3
FIXUPS: 3c231 ffffffa8 ffffff98 ffffffec ffffff6f ffffff72 ffffffec ffffff95
FIXUPS: 3bf97 ffffffe3 ffffffea ffffffea ffffffe3 ffffffe2 ffffffd6 717
FIXUPS: 3c588 ffffee2a fffffff0 ffffffe1 fffffff0 ffffffd9 ffffffe6 ffffffc7
FIXUPS: 3b2c1 ffffffcd ffffffe2 fffffff0 ffffff9d 32e2 ffffffe1 ffffffd6
FIXUPS: 3e481 fffffff4 ffffffea fffffff4 ffffffd2 fffffff3 ffffffec ffffffed
FIXUPS: 3e3de fffffff2 ffffffe6 568 fffffff7 ffffff3f ffffffe0 ffffffea
FIXUPS: 3e7e7 ffffffe5 ffffffe1 ffffdfa6 ffffffef ffffffbb fffffff6 fffffff1
FIXUPS: 3beda ffffffef fffffff2 fffffed6 ffffffee 2441 ffffffef ffffffcb
FIXUPS: 3e15a ffffffe6 ffffffe0 ffffffed ffffffec fffffff2 ffffffea ffffffb2
FIXUPS: 3e07b ffffffde ffffffea ffffffe3 fffffff0 ffffffef ffffffd4 6f2
FIXUPS: 3e694 ffffffe1 ffffffe6 fffffff3 fffffff4 ffffffc2 ffffffd2 ffffffd8
FIXUPS: 3e59b ffffffde ffffffef ffffff9e fffffff2 fffffa31 ffffffdc ffffffea
FIXUPS: 3dee6 ffffffea ffffffdf ffffffec ffffffe0 ffffffe4 ffffffdb ffffffb7
FIXUPS: 3dd94 ffffff04 ffffffc4 ffffffe0 ffffffeb ffffff9e 7d0 fffffff4
FIXUPS: 3e363 ffffffce ffffffdd ffffffec ffffffbf ffffffe4 ffffffd3 ffffffec
FIXUPS: 3e24c ffffffef ffffffe2 ffffffed ffffffef fffff8ce fffffff5 ffffffed
FIXUPS: 3da96 ffffffe5 ffffffe8 fffffff0 fffffff2 ffffffef ffffffeb ffffffdc
FIXUPS: 3d9e8 ffffffe1 ffffffed ffffffe2 ffffffe6 ffffffe8 ffffffe9 ffffffe9
FIXUPS: 3d90e ffffffeb ffffffe7 ffffff44 ffffffeb fffffff1 ffffffeb 7cb
FIXUPS: 3df94 fffffff5 ffffffea ffffffe2 fffffff5 fffff0b8 790 ffffffe3
FIXUPS: 3d753 ffffffee ffffffd4 fffffff3 ffffffe0 ffffffdd ffffffe2 ffffffba
FIXUPS: 3d626 ffffffd0 ffffffdd ffffffda ffffffdb ffffffd4 ffffffd4 ffffffdd
FIXUPS: 3d4f1 ffffffe3 ffffffc9 ffffffdd ffffffe8 ffffffe8 ffffffcd ffffffe5
FIXUPS: 3d3e3 7d0 fffffff4 ffffff4e fffffff5 fffff377 fffffff2 fffffff2
FIXUPS: 3ce33 fffffff2 fffffff2 fffffff2 ffffffee fffffff2 ffffff2f fffffff3
FIXUPS: 3ccfd ffffffd1 ffffffef ffffffef ffffffef ffffff68 ffffffef 7d7
FIXUPS: 3d390 ffffffd1 ffffff4b ffffffd7 ffffffbf ffffffdd ffffffa5 ffffff02
FIXUPS: 3d07b ffffffcb ffffffe6 fffffff2 fffffff2 fffffb5d ffffffef ffffffd7
FIXUPS: 3cb22 ffffffef fffffeaa fffffff5 ffffff7b ffffffc6 ffffffa3 ffffffce
FIXUPS: 3c80c 795 ffffffec fffffff2 fffffff2 fffffff2 ffffffe1 ffffffec
FIXUPS: 3cf22 fffffff2 fffffff2 ffffffee fffffff2 fffffff2 fffffff2 fffffff2
FIXUPS: 3ceae fffffff2 fffffff2 fffffff1 ffffffec 4c9d ffffff99 ffffffec
FIXUPS: 407f4 ffffffef fffffff2 3e5 314 364 3a7 ffffef3f ffffffdc ffffffee
FIXUPS: 40469 ffffffcc ffffffcc ffffffc7 fffffefe ffffff3c ffffffe4 ffffffd1
FIXUPS: 40193 42f ffffe95f 5bc fffffff5 ffffd70f ffffffef ffffffef ffffffef
FIXUPS: 3cb9d ffffffe1 6e7d fffffff4 fffffff4 ffffffec ffffffee ffffff56
FIXUPS: 438f3 ffffff81 ffffffec ffffffe4 ffffffe8 ffffffec ffffffd4 ffffffd8
FIXUPS: 437a5 ffffffe6 ffffffee ffffffdb 472 fffff0dd ffffffde fffff627
FIXUPS: 42031 ffffffef fffffff2 4be 4f8 fffffd81 fffff614 ffffff96 ffffffec
FIXUPS: 41bdf ffff73d9 51 2e 24 3e 3c 51 31 30 22 14 1b 57 33 1f 22f6b
FIXUPS: 43ed2 ffffffd6 ffffffe5 ffffffd5 fffffeca 593 ffffffe0 ffffff4a
FIXUPS: 440d9 fffff318 ffffffef fffffff1 fffffff4 ffffffed ffffffec 66b
FIXUPS: 21a9 19 67 53 17 14 22 26 b 15 11 40 f 11 26 36f43 70 ffffff73
FIXUPS: 38d49 1f 14 1b 16 16 1c c7 14 3e 15 5a 20 14 fffc8eb1 1d 2c 24
FIXUPS: 1ec7 13 1f 35 2b 23 2d 23 2d f d 24 12 1e 14 25 10 10 19 19 13
FIXUPS: 211a 13 16 16 16 e e fffff700 2d 71 1d 28 b 23 2d 71 1c 75 b 6e
FIXUPS: 1b4f cb 24 16 25 16 24 24 20 4c 27 21 30 1a 1a 28 5 5 18 fffff5ed
FIXUPS: 1431 b b 31 28 28 1d 17 d 17 1a 28 1a b 2a 42 25 14 26 14 79 28
FIXUPS: 1712 16 18 2d 26 85 1d 28 b fffff8a3 e 1e 14 4d b e 1a 29 13 14
FIXUPS: 123a b c 14 16 29 1b 12 15 b 10 13 18 b 22 2d 20 d 2c 20 d 11fd
FIXUPS: 261c 1d e 32 13 3d 13 1d e 13 1f e 32 e 13 1f 30 30 ffffe7f0 e
FIXUPS: 1022 b b 13 16 8 22 23 17 13 14 27bd 30 ffffef8e 42 e 22 30 e fffffb2b
FIXUPS: 2469 f 21 33 a c c a 14 a 26 a a a a a a 24 1b 5 5 18 13 e4b b
FIXUPS: 347a 1f 5 1b e 42 26 d 1d 23 1c 36 d 4f d 7b d 4a 20 12 1b 2d d
FIXUPS: 37b0 29 d 21 22 e 13 fffff8ba d 1e 17 33 10 19 25 b 13 10 2b d
FIXUPS: 325e d 34 d 2c d 13 2e d 20 35 d a 18 b b 19 35 5 fffff8ec a d
FIXUPS: 2d4b 42 3a 1e 9 90 5 46 c c 14 1f 39 1c 11 13 32 d 32 d 10 27 d
FIXUPS: 3059 9 e 5 24 23 aa6 d 43 d d 7b ffffed0b 27 f 21 30 30 70 30 29
FIXUPS: 2ae6 18 e 14 5 38 1f 20 1d 23 36 d 2a 23 3e 4f e 1585 16 90 27
FIXUPS: 4369 10 23 20 1b 5 5 18 16 8 12 e 13 fffff4e8 d 53 d 5a 13 d d
FIXUPS: 3a79 13 d d 6c d d 2ca e 5b 9 1a 6b 20 2c 23 16 b 27 10 37 1d 31
FIXUPS: 405c 16 15 22 23 2d 23 16 3f 1a 3e 23 16 12 2f 26 458 78 39 d 12
FIXUPS: 47cb d 36 d 9e e 14 5 39 3e 22 e 13 1d fffff2b5 36 27 f 21 30 e
FIXUPS: 3d42 37 29 16 15 15 1974 d 17 15 2c d f 22 37 d 10 c 33 d 20 18
FIXUPS: 58dc 2b ffffebb8 d 4a d 29 d 20 13 24 58 81 13 b a cd6 49 d 23
FIXUPS: 541d 1f d f 33 d 3b d 2f d 4b d 1e 27 1f b 2a d 1a 2d d 14 1b 2a
FIXUPS: 56d4 2b d 20 fffff8cb 35 d 2a 6 3f 2d 1e 14 42 d 17 55 6 28 6 30
FIXUPS: 522c 19 f 2b a 12 f 2f e 1e c d 11 14 3a fffff84e 17 1c 18 a 24
FIXUPS: 4c51 42 2d 1b 14 65 19 3b 9d a 9 f 12 50 e 10 10 f d c 27 d 2b
FIXUPS: 4fb4 d 29 10fd 27 2f 3c 23 1b 32 23 47 1f 1b 2a 22 e 13 1f e 13
FIXUPS: 49d9 17 3c 1d 10 58 28 10 31 1f 40 e 10 27 1134 c 10 1d d 2c d
FIXUPS: 5d99 10 8 c 3c 23 1b c 3e d 11 44 26 23 2d d 11 26 5c 23 1b 46
FIXUPS: 608a 3c d 1a34 d 75 c 22 ffffdd8b 27 f 21 49 27 f 21 30 e 18 e
FIXUPS: 5ac3 36 23 1b 58 d 2d 12 4e 30 2c 17 d 20 10 18b1 75 6a 23 2d 23
FIXUPS: 7719 14 1a 2b d 51 d 2c e 4a d 16 25 13 d 10 d 27 44 1d 17 42 52
FIXUPS: 7a2c d a0 fffff060 29 1b d b 2cd a 75 23 d d e 14 15 14e d 98 d6
FIXUPS: 724c d 71 d 55 6d 23 16 d 22 d 14 11e 25 fffff247 1b d f 13 7d
FIXUPS: 6880 3a 15 36 34 23 1b d 8 1b 32 23 1b d 14 9 6 22 23 19 8 10 32
FIXUPS: 6b03 d d 167a ffffe1c2 23 32 20 d d 11 1d 33 23 1b d 30 3c 29 23
FIXUPS: 6567 8 12 29 d 53 36 49 23 1b d f 45 36 2b 168a d 2e d 17 27 c
FIXUPS: 7eb0 2b 1e c b 2e d 2e c b 28 d 34 25 d 15 2d d 1d 12 4c b 6 63
FIXUPS: 8176 262 d 62 fffffd75 7d e 9 9 20 30 1b 25 30 2e 5 fffff88d e
FIXUPS: 7bf7 29 61 38 e b 10 14 25 d 4d 2c 23 25 e 42b4 2a d 25 22 e 13
FIXUPS: c169 e 13 1f e 13 1f e 13 1f 13 1d e 13 1f 13 1d 13 1d 13 ffffc17b
FIXUPS: 8389 f d 24 3952 c 22 22 24 16 1d 6 34 d 15 c 17 2f 29 23 16 30
FIXUPS: bf24 35 26 1d c 37 11 f 1e 6 18 d 20 31 fffff88b 2c d e 2d d 37
FIXUPS: b9e9 43 d 20 13 10 10 11 19 46 5a 23 d 23 14 2c 26 1b 13 33 14
FIXUPS: bc97 1b 23 11 fffff8cd 19 29 1a 17 13 a 14 20 6 17 2e 37 12 13
FIXUPS: b731 8 24 d d 10 20 d 56 d 18 40 3d d 27 d 25 fffff919 1e 23 1d
FIXUPS: b2b8 d 1a 1f 13 1e 1d 9 e 25 c 42 d 2b 2b 23 1d 2f d 15 15 20 1f
FIXUPS: b529 1f 13 18 23 fffff955 d 15 c 26 17 6 1d 23 1d 2f d 11 23 23
FIXUPS: b069 2f d 10 c 3e 12 28 23 1d 2f d 12 15 1f 13 17 fffff901 23 20
FIXUPS: ab84 21 20 6 1e 23 20 17 17 2d d 19 1b 46 24 27 23 1e 12 2f d 10
FIXUPS: ae04 3e c 1b 23 1e 12 fffff8c3 b 6 29 23 1b 12 1e 17 23 d 45 d
FIXUPS: a8f9 11 9 26 23 1b 10 29 72 d 21 14 14 21 23 1d 16 9 21 fffff872
FIXUPS: a3a9 30 e 32 30 e 19 3d 30 2c 26 19 21 26 32 23 d 39 d e 3e 1d
FIXUPS: a6c8 d 2d d 15 b 6 e 1a fffff8c3 9 1d 14 9 6 22 2e 23 16 2a 22
FIXUPS: a169 23 1b 2c 2a 19 9 27 9 6 24 23 1b 33 d 28 9 21 12 1e fffff8eb
FIXUPS: 9cad 30 27 29 3c 23 1e 10 10 a 16 13 13 b 19 1b 2c 1b 26 2d 23
FIXUPS: 9f25 24 23 1d 16 2c 9 19 15 b fffff844 28 23 1d 30 23 1e 1f 23
FIXUPS: 999e 23 d 39 d e 3d 28 d 2d d 1a 13 1e 23 32 23 d 10 b f 1c 29
FIXUPS: 947e 20 d 1e 13 10 11 19 38 57 23 d 24 2a 23 d 10 b 11 17 37 43
FIXUPS: 972f 33 23 d 27 19 11 b 2b 12 fffff90e 23 13 c c 22 e 19 3a 2f
FIXUPS: 925c 1e 24 9 22 23 1d 10 17 6 23 23 1d 10 13 a 1d 46 12 13 13 13
FIXUPS: 8d9d f 34 9 f 31 2d 23 d 15 10 30 2f 9 f 34 9 f 3b 17 13 13 36
FIXUPS: 9029 3b d 1e 24 d 1e 24 d fffff86f 3f 2c 50 11 10 b 12 29 17 25
FIXUPS: 8b0c 45 d 2c 3a 35 14 22 2a 2d 23 d 15 d 13 13 1a 20 d 20 2f fffff755
FIXUPS: 84f8 21 49 27 f 21 49 27 f 21 49 27 f 21 49 27 f 21 30 2c 17 c
FIXUPS: 8825 14 23 34 d 25 32 1f 32 9d73 36 6d 42 46 ab 1e 25 b9 1f 1f
FIXUPS: 12a22 30 35 22 12 1e 20 e 13 1f e 13 1f ffff9810 1b 25 18 d 19
FIXUPS: c347 ffffc17b 9da7 e 14 31 2d 2c 45 1f 10 10 10 35 23 d 32 35 d
FIXUPS: 124a9 23 13 18 22 23 32 23 d 76 22 33 23 16 b fffff5fa 22 1d 10
FIXUPS: 11d0f 20 d 3a d 26 23 16 b c 11 37 d 26 115 23 23 45 46 2f 20 23
FIXUPS: 120e2 b 3a 1e 31 cb fffff6a1 d 1d 19 1d 1c 2a 10 25 23 3a 29 17
FIXUPS: 11a6a 1d 2d 1d 38 23 1f 20 d 1d 34 23 16 10 14 20 d 1f 1d fffff822
FIXUPS: 114e1 1e 24 d 3b d 2d 36 d 31 21 24 d 3b d 24 23 1f 23 1f 20 d
FIXUPS: 117b0 32 25 2f 33 23 16 c 14 fffff71a 1c 2c d 2e 3a 23 1c 19 12
FIXUPS: 1110c 12 3b 23 3d d 66 d 44 55 23 d 2f d 32 25 3c d 35 2d 2e 36
FIXUPS: 10c2f 20 d 2a 3c 11 33 10 14 20 d 16 11 25 13 23 23 1f 20 d 1d
FIXUPS: 10e99 23 13 10 17 1c 14 2f 21 1c 27 fffff967 23 26 d 29 d d 12
FIXUPS: 109d4 11 18 19 f 12 1d 35 1b 25 23 13 14 20 d d 16 d 31 d f 19
FIXUPS: 10bef 1d fffff943 11 29 23 1b 27 32 1f 10 2c 17 31 d 13 2f 18 8
FIXUPS: 1074f 1a 25 1a 1a 25 45 d 1d 29 d 11 2f 25 12 fffff877 2f 30 23
FIXUPS: 10217 27 20 1a 19 3a 1d 3a d 16 e 26 19 a 18 1d 38 23 1b d 1c 19
FIXUPS: 104ac 32 23 d 1f 9 fffff6af 39 23 d 58 1a 93 25 22 3f 23 16 2d
FIXUPS: fe62 d 10 56 a4 23 16 b 12 21 3b 5e 23 1b b 27 1f 1e 22 fffff6cd
FIXUPS: f85a d f 33 23 13 10 17 1c 1d d f 17 1c b 20 23 2d d 27 d c 43
FIXUPS: fabc 1b b 25 d 5b 22 47 fffff8d1 23 32 23 d 15 11 d d 1b 23 32
FIXUPS: f5fd 1a 21 21 23 1f 20 d 1b 35 d f 29 f 12 1b 23 1f 20 d fffff888
FIXUPS: f0ad d 31 1d d 41 48 e 2d 23 16 11 d 10 31 25 15 1b 1a 18 d 54
FIXUPS: f37c 16 2e 19 d 37 31 23 d fffff6ec 24 10 12 33 a3 11 15 1b 4e
FIXUPS: ed35 1f 44 20 21 40 15 1b 15 1b 29 3e 23 d 38 23 d d 11 22 60 3c
FIXUPS: e5b5 35 16 43 d 1a 1a 17 19 23 74 d 14 27 17 24 27 3e 13 45 28
FIXUPS: e8c3 20 d 80 13 b 34 32 d 95 36 fffff726 1e 15 33 d 15 1c d 1e
FIXUPS: e2d9 30 d 22 15 12 a 15 1b 23 41 d 38 d 31 d 39 1e 47 18 20 6 20
FIXUPS: de69 11 1b 2c 21 17 1e 17 2a 20 d 14 30 46 14 17 15 1f d 15 1c
FIXUPS: e0c3 d 15 12 14 20 d f 18 30 46 fffff80f 1a 20 d 23 16 23 2d 20
FIXUPS: dae1 5c 2d 20 d 53 d f 23 11 1f 17 19 30 80 30 30 23 13 18 1d 1d
FIXUPS: de3e fffff6c9 d 50 13 17 22 d 35 d 6f d 50 d 2f d 32 d 2f 32 30
FIXUPS: d7f1 3b d 43 d 2f 41 34 d 4a d 46 fffff7de 23 d 2f d 38 22 15 32
FIXUPS: d2d4 f 18 10 a 20 d 2f 30 d 1a 18 6 8 10 1c 2c d 31 d 1d 6 8 fffff73d
FIXUPS: cc29 23 1a c e 3d 3f 7d 23 30 d 80 19 a7 d 38 23 d 38 23 d 48 23
FIXUPS: d06e 3e d 2f d 48 23 d fffff5be 3e 50 2d 23 d 12 c 25 d 20 15 2e
FIXUPS: c8e9 23 67 1d d 2f 23 d 2d 2d 23 d e 29 34 d 5b 40 30 6c07 f e
FIXUPS: 137fc f f f f f 46 24 33 ac d 2a 22 e 13 ffff8a38 27 f 21 49 27
FIXUPS: c518 21 30 e 16 1d 2f 2c 6dbd 22 d 60 29 4f 23 16 b b e 30 2c 1a
FIXUPS: 135b0 24 b 13 10 21 d e 1a 1d d e 29 16 d 10 d b fffff847 d 32
FIXUPS: 12fc2 27 10 8 18 1d 29 12 22 46 23 32 23 d 1b 70 23 4d 23 32 23
FIXUPS: 132de 10 1a f 22 24 2c 23 5a00 1a 27 d 58 d 3e d 2629 d 27 ffff76cb
FIXUPS: 12bf9 f 21 49 27 f 21 30 e 30 2a d 5c 2f 2c 50 29 60 1b 10 5a17
FIXUPS: 1896b 26 1d d 39 3c 49 23 ab d 2d 22 d 11 22 1f 15 10 1d d 2f e
FIXUPS: 18cad 17 1c 59 23 1b d 10 d fffff69b 1b d 10 d b 2e 3d a 2b a 1c
FIXUPS: 1856d a 90 10 c 1d d 68 d 44 7a d 50 36 d 1d 94 d 2a 1e ffffbc44
FIXUPS: 1457f 1e 1f 15 10 1d d 2f e 1f 17 1c 3f 30 30 23 1b d 10 d b 1a
FIXUPS: 147ed d 58 d 3e d 3b41 d 21 ffffbb73 2e 3d a 2b a 1c 1b a 90 10
FIXUPS: 14123 1d d 50 d 44 7a d 50 36 d 1d 94 d 24 2e 27 c2 d 2d 22 fffff4e5
FIXUPS: 13a69 f 21 30 23 1b d 10 d b 38 21 2b 21 48 13 4d 28 b6 d b5 32
FIXUPS: 13e68 47 22 48 23 1b d 10 d 9abd d 18 13 13 20 23 13 18 1d 10 29
FIXUPS: 1db74 23 d 3b d 28 23 22 e 32 13 1d e 13 1f e 13 1f e 13 fffff6e1
FIXUPS: 1d4a2 23 d 129 7e 2b 25 23 1b 1c 56 27 23 d d 49 d 17 1d b d 8
FIXUPS: 1d8e2 36 d 54 13 2d 23 d 32 fffff56e 23 32 23 d 2c d 2b 20 d 1a
FIXUPS: 1d0d9 d 1d 22 54 23 16 d 15 57 23 d ee 23 32 23 d 2c d 10 1f fffff717
FIXUPS: 1cb74 23 d 35 23 2d d 1d 28 22 27 23 d 35 23 20 28 35 23 32 23
FIXUPS: 1ce4e 2c d 3b d 1a 20 d 1d 20 fffff7a6 d 10 8 33 17 20 1b 27 23
FIXUPS: 1c7fa 1e 1f 17 6c 2f 23 d 15 62 20 d 1a 29 59 e 22 23 2d d 1d 28
FIXUPS: 1c259 d 27 d d 20 17 20 1b 16 2e f 1f 17 38 3a 17 3a 2f 23 d 15
FIXUPS: 1c50b 38 81 20 d 1a 38 47 1f 23 fffff636 23 d 2f 58 23 5d e 29
FIXUPS: 1bea2 23 d 15 42 2f 29 19 88 d 3f 1b 2a 23 d 15 11 1d 22 5b 36
FIXUPS: 1c209 23 fffff682 20 d 13 1a 41 23 20 d 20 23 20 d 20 13 40 d 13
FIXUPS: 1bab9 10 8 36 22 23 39 d 94 23 d 14 1f 23 4c60 1b 5 5 18 e 13 1f
FIXUPS: 20997 13 ffffab98 27 f 21 49 27 f 21 49 27 f 21 30 e 29 49 2f 3e
FIXUPS: 1b803 3f 17 23 4cd4 2c d 17 25 28 2d 2f 30 10 41 23 d 2a d 31 d
FIXUPS: 207b2 d 11 c 16 18 2f d 34 d 22 10 8 c 1f fffff7fd 23 16 67 23
FIXUPS: 201ea 22 11 1d 20 2a 19 16 11 19 21 d 1b 25 28 2d 29 50 23 3e 1e
FIXUPS: 204a9 1d 20 2a 19 16 fffff81c d 31 23 32 23 d 34 d 16 24 d 28 25
FIXUPS: 1fef9 9 f 28 23 32 23 d 34 d 16 d 21 d 2c 26 11 f fffff861 46 23
FIXUPS: 1f9c2 3b 18 44 23 18 2f d 1e 6 20 d 30 26 11 33 d 31 23 18 2f d
FIXUPS: 1fc8e 6 20 d 30 22 15 fffff6c9 d d 6c 32 23 16 b 8 2a 46 24 23
FIXUPS: 1f5f0 27 22 23 3a d 28 48 23 19 20 1d d 22 2e 2b 65 23 32 fffff60b
FIXUPS: 1eee7 26 32 23 d 79 31 e 26 32 23 d 7b 2f e 26 46 26 2c 13 d 14
FIXUPS: 1f27c 32 23 d d 6a 24 23 32 fffff67b 29 32 23 d 3c d 58 a9 37 48
FIXUPS: 1ecc9 23 16 14 20 d 27 22 9 e 13 23 31 23 d 18 13 a d 1c 28 fffff74c
FIXUPS: 1e619 80 23 16 2e 19 13 b 2f 23 d 10 a 15 2d 24 d 2f 1b 3c 23 1f
FIXUPS: 1e90b d 3c 25 23 1f 20 d 3c fffff7e2 d 26 2d 16 19 8 c 22 39 19
FIXUPS: 1e32e 2b 2d 23 d f 15 2a 23 d 10 f e 1e 2a 23 23 24 81 25 23 fffff8bc
FIXUPS: 1deb9 30 e b b 33 20 d 14 16 d a 2b 19 a a a 10 b 8 36 2d 20 d
FIXUPS: 1e0d1 22 d 21 1d 31 77 36c9 46 32 23 d 19 b 2e 29 35 23 d 10 15
FIXUPS: 21a6e 20 d 12 12 1f 1a 1d 46 1f 1d ffffc1f5 36 27 f 21 49 27 3764
FIXUPS: 215fa 1a b 19 b 15 20 d 17 b c 1f a 15 27 24 1d 20 d 1a 15 1f 20
FIXUPS: 21801 1a 1f 15 12 21 14 e fffff843 7e 24 23 1b 10 d 26 35 8 12
FIXUPS: 21297 d 7c 29 23 1b 10 d 26 28 d 3a c a6 2e 29 32 23 d 10 b fffff528
FIXUPS: 20af4 69 6 51 6 98 37 23 16 29 6d 20 b 26 23 16 3c 1b 23 40 9d
FIXUPS: 20f5c 1b b 28 d 11 94 1d 23 16 3d52 1e e d 41 d 2c d 25 10 8 1e
FIXUPS: 24f37 25 20 1b 5 5 18 e 13 1f e 13 1f e 22 13 ffffb94d 80 23 1d
FIXUPS: 24909 23 13 20 37 a 1d d 10 1d d 2f 23 d 25 3f 23 d 65 31 1a 10
FIXUPS: 24bcc 20 1d d 91 52 23 57 36 10 fffff4d2 51 41 32 10 15 32 20 85
FIXUPS: 24479 29 19 b b 39 d 21 dc 17 1d d 3c d9 12 23 18 17 1d d 16 1a
FIXUPS: 248fc fffff58d e 9 9 20 e b 26 52 2f 12 9 9 1c 2c 13 10 8 19 2d
FIXUPS: 240b1 66 22 29 19 10 b a b 27 37 59 fffff780 1d d 10 d 46 11 34
FIXUPS: 23aee 2f 1c 26 32 16 e 64 d 23 1c 34 1d d d 20 29 e 27 1d 82 2d
FIXUPS: 23e49 18 fffff6da 2e 16 32 23 d 4b d 13 20 d 2b 38 16 20 d 3f d
FIXUPS: 237b6 d 2a d 2c d 48 d 21 23 16 e b9 23 fffff7a7 23 d 10 28 18
FIXUPS: 23236 27 15 27 2c 32 16 15 10 2d 28 39 d 13 24 d 17 b 28 1d d 4c
FIXUPS: 234e2 d a 1f fffff92c 19 1c 2c 35 23 d 10 b 12 f d d 12 11 b 2b
FIXUPS: 22fe5 32 23 d 10 12 b a 43 1a 1d d 12 1d d fffff800 d 14 27 2c
FIXUPS: 229cb 34 14 1e 1f 29 d 1d 8 11e 26 14 20 d 10 59 26 35 23 d 10
FIXUPS: 22d4e c 5f 26 35 23 fffff6f9 d 11 38 32 1d 44 2c 3d d 10 10 2a
FIXUPS: 226e6 10 2f 17 18 15 20 23 32 23 d 10 e 64 d 12 1a 23 32 fffff730
FIXUPS: 2206a 13 49 53 2c 16 b b 16 17 c 6c 15 23 13 22 46 29 6d 39 23
FIXUPS: 223c8 15 11 1b 23 2d 26 32 16 12 fffff6e3 36 27 f 21 49 27 f 21
FIXUPS: 21d19 1b 20 25 e b 11 26 29 32 23 d 1a e 8e 59 d 1a 1b 11 39 2f
FIXUPS: 22043
