 3dmovie

 Timestamp is 3078ea2f (Mon Oct 09 02:23:59 1995)

 Preferred load address is 00400000

 Start         Length     Name                   Class
 0001:00000000 0018dc72H .text                   CODE
 0002:00000000 0000948cH .bss                    DATA
 0003:00000000 00006354H .rdata                  DATA
 0004:00000000 000140b8H .data                   DATA
 0004:000140b8 00000004H .CRT$XCA                DATA
 0004:000140bc 00000004H .CRT$XCC                DATA
 0004:000140c0 0000016cH .CRT$XCU                DATA
 0004:0001422c 00000004H .CRT$XCZ                DATA
 0004:00014230 00000004H .CRT$XIA                DATA
 0004:00014234 0000000cH .CRT$XIC                DATA
 0004:00014240 00000004H .CRT$XIZ                DATA
 0004:00014244 00000004H .CRT$XPA                DATA
 0004:00014248 00000004H .CRT$XPX                DATA
 0004:0001424c 00000004H .CRT$XPZ                DATA
 0004:00014250 00000004H .CRT$XTA                DATA
 0004:00014254 00000004H .CRT$XTZ                DATA
 0005:00000000 000000c8H .idata$2                DATA
 0005:000000c8 00000028H .idata$3                DATA
 0005:000000f0 00000564H .idata$4                DATA
 0005:00000654 00000564H .idata$5                DATA
 0005:00000bb8 00001722H .idata$6                DATA
 0006:00000000 0000150fH CONST                   DATA
 0007:00000000 000008acH .rsrc$01                DATA
 0007:000008b0 0000a010H .rsrc$02                DATA
 0009:00000000 00000000H .debug$C                DATA
 0009:00000000 00000110H .debug$E                DATA
 0009:00000110 00000ac0H .debug$F                DATA
 0009:00000e70 00000000H .debug$G                DATA
 0009:00000e70 00000032H .debug$H                DATA
 0009:ffe25000 00000000H .debug$P                DATA
 0009:ffe25000 00000000H .debug$S                DATA
 0009:ffe25000 00000000H .debug$T                DATA

  Address         Publics by Value              Rva+Base   Lib:Object

 0001:00000000       ?FWouldBe@SPLOT@@SGHJ@Z    00401000 f splot.obj
 0001:00000040       ?FIs@SPLOT@@UAEHJ@Z        00401040 f splot.obj
 0001:00000070       ?Cls@SPLOT@@UAEJXZ         00401070 f splot.obj
 0001:000000a0       ?PsplotNew@SPLOT@@SGPAV1@JJPAVRCA@@@Z 004010a0 f splot.obj
 0001:000002c0       ?FCmdInit@SPLOT@@QAEHPAUCMD@@@Z 004012c0 f splot.obj
 0001:00000530       ?FCmdSplot@SPLOT@@QAEHPAUCMD@@@Z 00401530 f splot.obj
 0001:00000b20       ?Debugger@@YGXXZ           00401b20 f splot.obj
 0001:00000b40       ?FCmdUpdate@SPLOT@@QAEHPAUCMD@@@Z 00401b40 f splot.obj
 0001:00001060       ??0RC@@QAE@XZ              00402060 f splot.obj
 0001:00001080       ?Set@RC@@QAEXJJJJ@Z        00402080 f splot.obj
 0001:000010d0       ?FCmdDismiss@SPLOT@@QAEHPAUCMD@@@Z 004020d0 f splot.obj
 0001:000011a0       ??1SPLOT@@UAE@XZ           004021a0 f splot.obj
 0001:00001450       ?AssertValid@SPLOT@@QAEXK@Z 00402450 f splot.obj
 0001:00001660       ?MarkMem@SPLOT@@UAEXXZ     00402660 f splot.obj
 0001:00001810       ??_GSPLOT@@UAEPAXI@Z       00402810 f splot.obj
 0001:00001810       ??_ESPLOT@@UAEPAXI@Z       00402810 f splot.obj
 0001:00001960       ??0ACR@@QAE@EEE@Z          00402960 f splot.obj
 0001:000019a0       ?LwFromBytes@@YGJEEEE@Z    004029a0 f splot.obj
 0001:000019e0       ??0ACR@@QAE@HH@Z           004029e0 f splot.obj
 0001:00001a30       ??0GCB@@QAE@XZ             00402a30 f splot.obj
 0001:00001a70       ?_NewRc@GOB@@MAEXXZ        00402a70 f splot.obj
 0001:00001a90       ?_ActivateHwnd@GOB@@MAEXH@Z 00402a90 f splot.obj
 0001:00001ab0       ?SndOff@MSQ@@QAEXXZ        00402ab0 f splot.obj
 0001:00001b00       ?SndOnShort@MSQ@@QAEXXZ    00402b00 f splot.obj
 0001:00001b50       ?SndOnLong@MSQ@@QAEXXZ     00402b50 f splot.obj
 0001:00001ba0       ?StopAll@MSQ@@QAEXXZ       00402ba0 f splot.obj
 0001:00001be0       ?StopAllMovieSounds@@YGXXZ 00402be0 f splot.obj
 0001:00001c80       ?BrsDiv@@YGJJJ@Z           00402c80 f splot.obj
 0001:00001db0       ?LwAbs@@YGJJ@Z             00402db0 f splot.obj
 0001:00001de0       ??0MCC@@QAE@JJJ@Z          00402de0 f splot.obj
 0001:00001e30       ??_GMCC@@UAEPAXI@Z         00402e30 f splot.obj
 0001:00001e30       ??_EMCC@@UAEPAXI@Z         00402e30 f splot.obj
 0001:00001e70       ??1MCC@@UAE@XZ             00402e70 f splot.obj
 0001:00001ea0       ??1BASE@@UAE@XZ            00402ea0 f splot.obj
 0001:00001ef0       ??_EBASE@@UAEPAXI@Z        00402ef0 f splot.obj
 0001:00001ef0       ??_GBASE@@UAEPAXI@Z        00402ef0 f splot.obj
 0001:00001f30       ?Dxp@MCC@@UAEJXZ           00402f30 f splot.obj
 0001:00001f60       ?Dyp@MCC@@UAEJXZ           00402f60 f splot.obj
 0001:00001f90       ?CbCache@MCC@@UAEJXZ       00402f90 f splot.obj
 0001:00001fc0       ?SetCurs@MCC@@UAEXJ@Z      00402fc0 f splot.obj
 0001:00001fe0       ?UpdateRollCall@MCC@@UAEXXZ 00402fe0 f splot.obj
 0001:00002000       ?UpdateAction@MCC@@UAEXXZ  00403000 f splot.obj
 0001:00002020       ?UpdateScrollbars@MCC@@UAEXXZ 00403020 f splot.obj
 0001:00002040       ?PlayStopped@MCC@@UAEXXZ   00403040 f splot.obj
 0001:00002060       ?ChangeTool@MCC@@UAEXJ@Z   00403060 f splot.obj
 0001:00002080       ?SceneNuked@MCC@@UAEXXZ    00403080 f splot.obj
 0001:000020a0       ?SceneUnnuked@MCC@@UAEXXZ  004030a0 f splot.obj
 0001:000020c0       ?ActorNuked@MCC@@UAEXXZ    004030c0 f splot.obj
 0001:000020e0       ?EnableActorTools@MCC@@UAEXXZ 004030e0 f splot.obj
 0001:00002100       ?EnableTboxTools@MCC@@UAEXXZ 00403100 f splot.obj
 0001:00002120       ?TboxSelected@MCC@@UAEXXZ  00403120 f splot.obj
 0001:00002140       ?ActorSelected@MCC@@UAEXJ@Z 00403140 f splot.obj
 0001:00002160       ?ActorEasel@MCC@@UAEXPAH@Z 00403160 f splot.obj
 0001:00002180       ?SetUndo@MCC@@UAEXJ@Z      00403180 f splot.obj
 0001:000021a0       ?SceneChange@MCC@@UAEXXZ   004031a0 f splot.obj
 0001:000021c0       ?PauseType@MCC@@UAEXW4WIT@@@Z 004031c0 f splot.obj
 0001:000021e0       ?Recording@MCC@@UAEXHH@Z   004031e0 f splot.obj
 0001:00002200       ?StartSoonerLater@MCC@@UAEXXZ 00403200 f splot.obj
 0001:00002220       ?EndSoonerLater@MCC@@UAEXXZ 00403220 f splot.obj
 0001:00002240       ?NewActor@MCC@@UAEXXZ      00403240 f splot.obj
 0001:00002260       ?StartActionBrowser@MCC@@UAEXXZ 00403260 f splot.obj
 0001:00002280       ?StartListenerEasel@MCC@@UAEXXZ 00403280 f splot.obj
 0001:000022a0       ?GetFniSave@MCC@@UAEHPAVFNI@@JJJPADPAVSTN@@@Z 004032a0 f splot.obj
 0001:000022d0       ?PlayUISound@MCC@@UAEXJJ@Z 004032d0 f splot.obj
 0001:000022f0       ?StopUISound@MCC@@UAEXXZ   004032f0 f splot.obj
 0001:00002310       ?UpdateTitle@MCC@@UAEXPAVSTN@@@Z 00403310 f splot.obj
 0001:00002330       ?EnableAccel@MCC@@UAEXXZ   00403330 f splot.obj
 0001:00002350       ?DisableAccel@MCC@@UAEXXZ  00403350 f splot.obj
 0001:00002370       ?GetStn@MCC@@UAEXJPAVSTN@@@Z 00403370 f splot.obj
 0001:00002390       ?DypTextDef@MCC@@UAEJXZ    00403390 f splot.obj
 0001:000023c0       ?DypTboxDef@MCC@@UAEJXZ    004033c0 f splot.obj
 0001:000023f0       ?SetSndFrame@MCC@@UAEXH@Z  004033f0 f splot.obj
 0001:00002410       ?FMinimized@MCC@@UAEHXZ    00403410 f splot.obj
 0001:00002430       ?FQueryPurgeSounds@MCC@@UAEHXZ 00403430 f splot.obj
 0001:00002450       ?Cscen@MVIE@@QAEJXZ        00403450 f splot.obj
 0001:00002480       ?SetFSoundsEnabled@MVIE@@QAEXH@Z 00403480 f splot.obj
 0001:000024d0       ?Pscen@MVIE@@QAEPAVSCEN@@XZ 004034d0 f splot.obj
 0001:00002500       ?Pmsq@MVIE@@QAEPAVMSQ@@XZ  00403500 f splot.obj
 0001:00002530       ?GetThd@BCL@@QAEXJPAUTHD@@@Z 00403530 f splot.obj
 0001:00002570       ?IthdMac@BCL@@QAEJXZ       00403570 f splot.obj
 0001:000025a0       ?IvMac@GRPB@@QAEJXZ        004035a0 f splot.obj
 0001:000025d0       ?Pkwa@APP@@QAEPAVKWA@@XZ   004035d0 f splot.obj
 0001:00002600       ?FSlowCPU@APP@@QAEHXZ      00403600 f splot.obj
 0001:00002630       ?Pcmm@SPLOT@@MAEPAUCMM@CMH@@XZ 00403630 f splot.obj
 0001:00002660       ??0SPLOT@@AAE@PAUGCB@@@Z   00403660 f splot.obj
 0001:00002750       ?FWouldBe@SCRT@@SGHJ@Z     00403750 f scnsort.obj
 0001:00002790       ?FIs@SCRT@@UAEHJ@Z         00403790 f scnsort.obj
 0001:000027c0       ?Cls@SCRT@@UAEJXZ          004037c0 f scnsort.obj
 0001:000027f0       ?AssertValid@SCRT@@QAEXK@Z 004037f0 f scnsort.obj
 0001:00002a80       ?MarkMem@SCRT@@UAEXXZ      00403a80 f scnsort.obj
 0001:00002b00       ??0SCRT@@QAE@PAUGCB@@@Z    00403b00 f scnsort.obj
 0001:00002d00       ??1SCRT@@UAE@XZ            00403d00 f scnsort.obj
 0001:00002e50       ?PscrtNew@SCRT@@SGPAV1@JPAVMVIE@@PAVSTDIO@@PAVRCA@@@Z 00403e50 f scnsort.obj
 0001:00003150       ?LwMax@@YGJJJ@Z            00404150 f scnsort.obj
 0001:00003180       ?_ErrorExit@SCRT@@IAEXXZ   00404180 f scnsort.obj
 0001:00003200       ?FCmdInit@SCRT@@QAEHPAUCMD@@@Z 00404200 f scnsort.obj
 0001:00003430       ?FCmdSelect@SCRT@@QAEHPAUCMD@@@Z 00404430 f scnsort.obj
 0001:00003570       ?FCmdInsert@SCRT@@QAEHPAUCMD@@@Z 00404570 f scnsort.obj
 0001:000036b0       ?FCmdScroll@SCRT@@QAEHPAUCMD@@@Z 004046b0 f scnsort.obj
 0001:000037b0       ?FIn@@YGHJJJ@Z             004047b0 f scnsort.obj
 0001:000037f0       ?_EnableScroll@SCRT@@IAEXXZ 004047f0 f scnsort.obj
 0001:000039e0       ?FCmdNuke@SCRT@@QAEHPAUCMD@@@Z 004049e0 f scnsort.obj
 0001:00003b70       ?FCmdDismiss@SCRT@@QAEHPAUCMD@@@Z 00404b70 f scnsort.obj
 0001:00003d60       ?FCmdPortfolio@SCRT@@QAEHPAUCMD@@@Z 00404d60 f scnsort.obj
 0001:00003ee0       ?FCmdTransition@SCRT@@QAEHPAUCMD@@@Z 00404ee0 f scnsort.obj
 0001:00004090       ?_SetSelectionVis@SCRT@@IAEXHH@Z 00405090 f scnsort.obj
 0001:000041f0       ?_FResetThumbnails@SCRT@@IAEHH@Z 004051f0 f scnsort.obj
 0001:000045d0       ?_FResetTransition@SCRT@@IAEHPAVGOK@@W4TRANS@@@Z 004055d0 f scnsort.obj
 0001:00004770       ?_TransFromLw@SCRT@@IAE?AW4TRANS@@J@Z 00405770 f scnsort.obj
 0001:000047b0       ?_LwFromTrans@SCRT@@IAEJW4TRANS@@@Z 004057b0 f scnsort.obj
 0001:00004850       ?FWouldBe@GOMP@@SGHJ@Z     00405850 f scnsort.obj
 0001:00004890       ?FIs@GOMP@@UAEHJ@Z         00405890 f scnsort.obj
 0001:000048c0       ?Cls@GOMP@@UAEJXZ          004058c0 f scnsort.obj
 0001:000048f0       ?AssertValid@GOMP@@QAEXK@Z 004058f0 f scnsort.obj
 0001:00004960       ?MarkMem@GOMP@@UAEXXZ      00405960 f scnsort.obj
 0001:000049d0       ??0GOMP@@QAE@PAUGCB@@@Z    004059d0 f scnsort.obj
 0001:00004a40       ?PgompNew@GOMP@@SGPAV1@PAVGOB@@J@Z 00405a40 f scnsort.obj
 0001:00004bb0       ??0PT@@QAE@XZ              00405bb0 f scnsort.obj
 0001:00004bd0       ??0RC@@QAE@JJJJ@Z          00405bd0 f scnsort.obj
 0001:00004c20       ?Draw@GOMP@@UAEXPAVGNV@@PAVRC@@@Z 00405c20 f scnsort.obj
 0001:00004d20       ?FSetMbmp@GOMP@@QAEHPAVMBMP@@@Z 00405d20 f scnsort.obj
 0001:00004df0       ?PgompFromHidScr@GOMP@@SGPAV1@J@Z 00405df0 f scnsort.obj
 0001:00004ea0       ??1FNI@@UAE@XZ             00405ea0 f scnsort.obj
 0001:00004ed0       ??_GGOMP@@UAEPAXI@Z        00405ed0 f scnsort.obj
 0001:00004ed0       ??_EGOMP@@UAEPAXI@Z        00405ed0 f scnsort.obj
 0001:00005020       ??_ESCRT@@UAEPAXI@Z        00406020 f scnsort.obj
 0001:00005020       ??_GSCRT@@UAEPAXI@Z        00406020 f scnsort.obj
 0001:00005060       ?Pcmm@GOB@@MAEPAUCMM@CMH@@XZ 00406060 f scnsort.obj
 0001:00005090       ?PgobFirstChild@GOB@@QAEPAV1@XZ 00406090 f scnsort.obj
 0001:000050c0       ?PgobNextSib@GOB@@QAEPAV1@XZ 004060c0 f scnsort.obj
 0001:000050f0       ?Sno@GOK@@QAEJXZ           004060f0 f scnsort.obj
 0001:00005170       ?Iscen@MVIE@@QAEJXZ        00406170 f scnsort.obj
 0001:000051a0       ?Pcmm@SCRT@@MAEPAUCMM@CMH@@XZ 004061a0 f scnsort.obj
 0001:000051d0       ?_IscenFromKid@SCRT@@IAEJJ@Z 004061d0 f scnsort.obj
 0001:00005260       ?LwMin@@YGJJJ@Z            00406260 f scnsort.obj
 0001:00005290       ?_KidFromIscen@SCRT@@IAEJJ@Z 00406290 f scnsort.obj
 0001:00005300       ??1GOMP@@UAE@XZ            00406300 f scnsort.obj
 0001:00005390       ?FPtIn@GOMP@@UAEHJJ@Z      00406390 f scnsort.obj
 0001:000053c0       ?FPtInBounds@GOMP@@UAEHJJ@Z 004063c0 f scnsort.obj
 0001:000053f0       ?FGetFniMovieOpen@STDIO@@QAEHPAVFNI@@@Z 004063f0 f scnsort.obj
 0001:00005430       ?FWouldBe@BRCN@@SGHJ@Z     00406430 f browser.obj
 0001:00005470       ?FIs@BRCN@@UAEHJ@Z         00406470 f browser.obj
 0001:000054a0       ?Cls@BRCN@@UAEJXZ          004064a0 f browser.obj
 0001:000054d0       ?FWouldBe@BRCNL@@SGHJ@Z    004064d0 f browser.obj
 0001:00005510       ?FIs@BRCNL@@UAEHJ@Z        00406510 f browser.obj
 0001:00005540       ?Cls@BRCNL@@UAEJXZ         00406540 f browser.obj
 0001:00005570       ?FWouldBe@BRWD@@SGHJ@Z     00406570 f browser.obj
 0001:000055b0       ?FIs@BRWD@@UAEHJ@Z         004065b0 f browser.obj
 0001:000055e0       ?Cls@BRWD@@UAEJXZ          004065e0 f browser.obj
 0001:00005610       ?FWouldBe@BRWL@@SGHJ@Z     00406610 f browser.obj
 0001:00005650       ?FIs@BRWL@@UAEHJ@Z         00406650 f browser.obj
 0001:00005680       ?Cls@BRWL@@UAEJXZ          00406680 f browser.obj
 0001:000056b0       ?FWouldBe@BRWT@@SGHJ@Z     004066b0 f browser.obj
 0001:000056f0       ?FIs@BRWT@@UAEHJ@Z         004066f0 f browser.obj
 0001:00005720       ?Cls@BRWT@@UAEJXZ          00406720 f browser.obj
 0001:00005750       ?FWouldBe@BRWA@@SGHJ@Z     00406750 f browser.obj
 0001:00005790       ?FIs@BRWA@@UAEHJ@Z         00406790 f browser.obj
 0001:000057c0       ?Cls@BRWA@@UAEJXZ          004067c0 f browser.obj
 0001:000057f0       ?FWouldBe@BRWP@@SGHJ@Z     004067f0 f browser.obj
 0001:00005830       ?FIs@BRWP@@UAEHJ@Z         00406830 f browser.obj
 0001:00005860       ?Cls@BRWP@@UAEJXZ          00406860 f browser.obj
 0001:00005890       ?FWouldBe@BRWB@@SGHJ@Z     00406890 f browser.obj
 0001:000058d0       ?FIs@BRWB@@UAEHJ@Z         004068d0 f browser.obj
 0001:00005900       ?Cls@BRWB@@UAEJXZ          00406900 f browser.obj
 0001:00005930       ?FWouldBe@BRWC@@SGHJ@Z     00406930 f browser.obj
 0001:00005970       ?FIs@BRWC@@UAEHJ@Z         00406970 f browser.obj
 0001:000059a0       ?Cls@BRWC@@UAEJXZ          004069a0 f browser.obj
 0001:000059d0       ?FWouldBe@BRWN@@SGHJ@Z     004069d0 f browser.obj
 0001:00005a10       ?FIs@BRWN@@UAEHJ@Z         00406a10 f browser.obj
 0001:00005a40       ?Cls@BRWN@@UAEJXZ          00406a40 f browser.obj
 0001:00005a70       ?FWouldBe@BRWM@@SGHJ@Z     00406a70 f browser.obj
 0001:00005ab0       ?FIs@BRWM@@UAEHJ@Z         00406ab0 f browser.obj
 0001:00005ae0       ?Cls@BRWM@@UAEJXZ          00406ae0 f browser.obj
 0001:00005b10       ?FWouldBe@BRWR@@SGHJ@Z     00406b10 f browser.obj
 0001:00005b70       ?FIs@BRWR@@UAEHJ@Z         00406b70 f browser.obj
 0001:00005ba0       ?Cls@BRWR@@UAEJXZ          00406ba0 f browser.obj
 0001:00005bd0       ?FWouldBe@BRWI@@SGHJ@Z     00406bd0 f browser.obj
 0001:00005c10       ?FIs@BRWI@@UAEHJ@Z         00406c10 f browser.obj
 0001:00005c40       ?Cls@BRWI@@UAEJXZ          00406c40 f browser.obj
 0001:00005c70       ?FWouldBe@BCL@@SGHJ@Z      00406c70 f browser.obj
 0001:00005cb0       ?FIs@BCL@@UAEHJ@Z          00406cb0 f browser.obj
 0001:00005ce0       ?Cls@BCL@@UAEJXZ           00406ce0 f browser.obj
 0001:00005d10       ?FWouldBe@BCLS@@SGHJ@Z     00406d10 f browser.obj
 0001:00005d50       ?FIs@BCLS@@UAEHJ@Z         00406d50 f browser.obj
 0001:00005d80       ?Cls@BCLS@@UAEJXZ          00406d80 f browser.obj
 0001:00005db0       ?FWouldBe@FNET@@SGHJ@Z     00406db0 f browser.obj
 0001:00005df0       ?FIs@FNET@@UAEHJ@Z         00406df0 f browser.obj
 0001:00005e20       ?Cls@FNET@@UAEJXZ          00406e20 f browser.obj
 0001:00005e50       ?_FBuildGcb@BRWD@@KGHPAUGCB@@JJ@Z 00406e50 f browser.obj
 0001:00005f90       ?_FInitGok@BRWD@@IAEHPAVRCA@@J@Z 00406f90 f browser.obj
 0001:00006090       ?Init@BRWD@@QAEXPAUCMD@@JJPAVSTDIO@@HJ@Z 00407090 f browser.obj
 0001:00006110       ?_InitStateVars@BRWD@@IAEXPAUCMD@@PAVSTDIO@@HJ@Z 00407110 f browser.obj
 0001:000061f0       ?SwHigh@@YGFJ@Z            004071f0 f browser.obj
 0001:00006210       ?SwLow@@YGFJ@Z             00407210 f browser.obj
 0001:00006230       ?_InitFromData@BRWD@@IAEXPAUCMD@@JJ@Z 00407230 f browser.obj
 0001:00006320       ?_SetVarForOverride@BRWD@@IAEXXZ 00407320 f browser.obj
 0001:00006440       ?_GetThumFromIthum@BRWD@@MAEXJPAXPAJ@Z 00407440 f browser.obj
 0001:000064d0       ?_CfrmCalc@BRWD@@IAEJXZ    004074d0 f browser.obj
 0001:000065c0       ?_CalcIthumPageFirst@BRWD@@IAEXXZ 004075c0 f browser.obj
 0001:000067b0       ?FDraw@BRWD@@QAEHXZ        004077b0 f browser.obj
 0001:00006ab0       ?_KidThumFromIfrm@BRWD@@IAEJJ@Z 00407ab0 f browser.obj
 0001:00006b30       ?_PgobFromIfrm@BRWD@@IAEPAVGOB@@J@Z 00407b30 f browser.obj
 0001:00006bc0       ?_SetScrollState@BRWD@@IAEXXZ 00407bc0 f browser.obj
 0001:00006d70       ?FCmdFwd@BRWD@@QAEHPAUCMD@@@Z 00407d70 f browser.obj
 0001:00006e70       ?FCmdSelectThum@BRWD@@QAEHPAUCMD@@@Z 00407e70 f browser.obj
 0001:00006f70       ?FCmdBack@BRWD@@QAEHPAUCMD@@@Z 00407f70 f browser.obj
 0001:00007070       ?FCmdSelect@BRWD@@QAEHPAUCMD@@@Z 00408070 f browser.obj
 0001:00007110       ?FCreateAllTgob@BRWD@@QAEHXZ 00408110 f browser.obj
 0001:00007250       ?_FHiliteFrm@BRWD@@IAEHJ@Z 00408250 f browser.obj
 0001:00007370       ??0STN@@QAE@XZ             00408370 f browser.obj
 0001:000073d0       ?_UnhiliteCurFrm@BRWD@@IAEXXZ 004083d0 f browser.obj
 0001:000074f0       ?FCmdCancel@BRWD@@UAEHPAUCMD@@@Z 004084f0 f browser.obj
 0001:00007570       ?Release@BRWD@@UAEXXZ      00408570 f browser.obj
 0001:000075c0       ?FCmdOk@BRWD@@UAEHPAUCMD@@@Z 004085c0 f browser.obj
 0001:00007690       ?_CacheContext@BRWD@@MAEXXZ 00408690 f browser.obj
 0001:000076e0       ?FInit@BRWL@@UAEHPAUCMD@@W4BWS@@JJUCKI@@KPAVSTDIO@@PAVBRCNL@@HJ@Z 004086e0 f browser.obj
 0001:00007b90       ?_FInitNew@BRWL@@IAEHPAUCMD@@W4BWS@@JUCKI@@K@Z 00408b90 f browser.obj
 0001:00007c70       ?_FCreateBuildThd@BRWL@@IAEHUCKI@@KH@Z 00408c70 f browser.obj
 0001:00007de0       ?_FGetContent@BRWL@@MAEHPAVCRM@@PAUCKI@@KH@Z 00408de0 f browser.obj
 0001:00007f30       ?CactRef@BASE@@QAEJXZ      00408f30 f browser.obj
 0001:00007f60       ?_GetThumFromIthum@BRWL@@MAEXJPAXPAJ@Z 00408f60 f browser.obj
 0001:000080c0       ?_CacheContext@BRWL@@MAEXXZ 004090c0 f browser.obj
 0001:000083e0       ?IstnMac@GSTB@@QAEJXZ      004093e0 f browser.obj
 0001:00008410       ?Ccrf@CRM@@QAEJXZ          00409410 f browser.obj
 0001:00008460       ?_SortThd@BRWL@@IAEXXZ     00409460 f browser.obj
 0001:00008800       ?_IthumFromThum@BRWL@@MAEJJJ@Z 00409800 f browser.obj
 0001:00008980       ?_FSetThumFrame@BRWL@@MAEHJPAVGOB@@@Z 00409980 f browser.obj
 0001:00008af0       ?_ReleaseThumFrame@BRWL@@MAEXJ@Z 00409af0 f browser.obj
 0001:00008b70       ?PbclNew@BCL@@SGPAV1@PAVCRM@@PAUCKI@@KPAVGL@@H@Z 00409b70 f browser.obj
 0001:00008c20       ?_FInit@BCLS@@IAEHPAVCRM@@PAUCKI@@KPAVGST@@PAVGL@@@Z 00409c20 f browser.obj
 0001:00008d00       ?_FInit@BCL@@IAEHPAVCRM@@PAUCKI@@KPAVGL@@@Z 00409d00 f browser.obj
 0001:00008fd0       ?PbclsNew@BCLS@@SGPAV1@PAVCRM@@PAUCKI@@KPAVGL@@PAVGST@@H@Z 00409fd0 f browser.obj
 0001:00009090       ?_FBuildThd@BCL@@IAEHPAVCRM@@@Z 0040a090 f browser.obj
 0001:00009320       ?_FAddFileToThd@BCL@@IAEHPAVCFL@@J@Z 0040a320 f browser.obj
 0001:00009560       ?_FAddGokdToThd@BCL@@IAEHPAVCFL@@JPAUCKI@@@Z 0040a560 f browser.obj
 0001:000095b0       ?_FAddGokdToThd@BCL@@MAEHPAVCFL@@JPAUKID@@@Z 0040a5b0 f browser.obj
 0001:00009880       ?_FAddGokdToThd@BCLS@@MAEHPAVCFL@@JPAUKID@@@Z 0040a880 f browser.obj
 0001:000099a0       ?_FSetNameGst@BCLS@@IAEHPAVCFL@@KK@Z 0040a9a0 f browser.obj
 0001:00009ab0       ?FInit@FNET@@QAEHXZ        0040aab0 f browser.obj
 0001:00009bb0       ?FNext@FNET@@QAEHPAVFNI@@PAJ@Z 0040abb0 f browser.obj
 0001:00009dd0       ?AssertNilOrPvCb@@YGXPAXJ@Z 0040add0 f browser.obj
 0001:00009e00       ?_FNextFni@FNET@@IAEHPAVFNI@@PAJ@Z 0040ae00 f browser.obj
 0001:00009f10       ?FInit@BRWN@@UAEHPAUCMD@@W4BWS@@JJUCKI@@KPAVSTDIO@@PAVBRCNL@@HJ@Z 0040af10 f browser.obj
 0001:00009fd0       ?_FGetContent@BRWN@@MAEHPAVCRM@@PAUCKI@@KH@Z 0040afd0 f browser.obj
 0001:0000a1a0       ?_ReleaseThumFrame@BRWN@@MAEXJ@Z 0040b1a0 f browser.obj
 0001:0000a250       ?SetNil@STN@@QAEXXZ        0040b250 f browser.obj
 0001:0000a2b0       ?_FSetThumFrame@BRWN@@MAEHJPAVGOB@@@Z 0040b2b0 f browser.obj
 0001:0000a420       ?FCmdOk@BRWN@@UAEHPAUCMD@@@Z 0040b420 f browser.obj
 0001:0000a4f0       ?PbrwmNew@BRWM@@SGPAV1@PAVRCA@@JJPAVSTDIO@@@Z 0040b4f0 f browser.obj
 0001:0000a700       ?_FUpdateLists@BRWM@@MAEHXZ 0040b700 f browser.obj
 0001:0000aa60       ?Pcfl@CRF@@QAEPAVCFL@@XZ   0040ba60 f browser.obj
 0001:0000aa90       ?_FSndListed@BRWM@@IAEHKPAJ@Z 0040ba90 f browser.obj
 0001:0000ab50       ?_FAddThd@BRWM@@IAEHPAVSTN@@PAUCKI@@@Z 0040bb50 f browser.obj
 0001:0000ac70       ?_ProcessSelection@BRWM@@MAEXXZ 0040bc70 f browser.obj
 0001:0000adb0       ?FCmdFile@BRWM@@UAEHPAUCMD@@@Z 0040bdb0 f browser.obj
 0001:0000b370       ?FCmdDel@BRWM@@UAEHPAUCMD@@@Z 0040c370 f browser.obj
 0001:0000b780       ?FValid@MSND@@QAEHXZ       0040c780 f browser.obj
 0001:0000b7f0       ?Sty@MSND@@QAEJXZ          0040c7f0 f browser.obj
 0001:0000b840       ?Vlm@MSND@@QAEJXZ          0040c840 f browser.obj
 0001:0000b890       ?SetGst@BRWT@@QAEXPAVGST@@@Z 0040c890 f browser.obj
 0001:0000b990       ?FInit@BRWT@@QAEHPAUCMD@@JJPAVSTDIO@@HJ@Z 0040c990 f browser.obj
 0001:0000ba40       ?_FSetThumFrame@BRWT@@MAEHJPAVGOB@@@Z 0040ca40 f browser.obj
 0001:0000bbf0       ?PbrwaNew@BRWA@@SGPAV1@PAVRCA@@@Z 0040cbf0 f browser.obj
 0001:0000be20       ?FBuildApe@BRWA@@QAEHPAVACTR@@@Z 0040ce20 f browser.obj
 0001:0000c000       ?FBuildGst@BRWA@@QAEHPAVSCEN@@@Z 0040d000 f browser.obj
 0001:0000c250       ?FIsTdt@TMPL@@QAEHXZ       0040d250 f browser.obj
 0001:0000c290       ?Cactn@TMPL@@QAEJXZ        0040d290 f browser.obj
 0001:0000c2c0       ?_ProcessSelection@BRWA@@MAEXXZ 0040d2c0 f browser.obj
 0001:0000c360       ?FCmdChangeCel@BRWA@@UAEHPAUCMD@@@Z 0040d360 f browser.obj
 0001:0000c530       ?Ptmpl@ACTR@@QAEPAVTMPL@@XZ 0040d530 f browser.obj
 0001:0000c580       ?PbrwiNew@BRWI@@SGPAV1@PAVRCA@@JJ@Z 0040d580 f browser.obj
 0001:0000c6e0       ?Pbody@ACTR@@QAEPAVBODY@@XZ 0040d6e0 f browser.obj
 0001:0000c730       ?AnidCur@ACTR@@QAEJXZ      0040d730 f browser.obj
 0001:0000c780       ?FInit@BRWI@@QAEHPAUCMD@@UCKI@@PAVSTDIO@@@Z 0040d780 f browser.obj
 0001:0000ca00       ?PbrwpNew@BRWP@@SGPAV1@PAVRCA@@J@Z 0040da00 f browser.obj
 0001:0000cb50       ?PbrwbNew@BRWB@@SGPAV1@PAVRCA@@@Z 0040db50 f browser.obj
 0001:0000cca0       ?FCmdCancel@BRWB@@UAEHPAUCMD@@@Z 0040dca0 f browser.obj
 0001:0000ce20       ?PactrSelected@SCEN@@QAEPAVACTR@@XZ 0040de20 f browser.obj
 0001:0000ce50       ?_SetCbPcrmMin@BRWL@@MAEXXZ 0040de50 f browser.obj
 0001:0000cf20       ?PbrwcNew@BRWC@@SGPAV1@PAVRCA@@@Z 0040df20 f browser.obj
 0001:0000d070       ?PtagTool@MVU@@QAEPAUTAG@@XZ 0040e070 f browser.obj
 0001:0000d0a0       ?FCmdCancel@BRWC@@UAEHPAUCMD@@@Z 0040e0a0 f browser.obj
 0001:0000d1c0       ?PbrwrNew@BRWR@@SGPAV1@PAVRCA@@J@Z 0040e1c0 f browser.obj
 0001:0000d300       ?FInit@BRWR@@QAEHPAUCMD@@KJPAVSTDIO@@@Z 0040e300 f browser.obj
 0001:0000d6f0       ?FUpdate@BRWR@@QAEHJPAVSTDIO@@@Z 0040e6f0 f browser.obj
 0001:0000d7d0       ?_ProcessSelection@BRWR@@MAEXXZ 0040e7d0 f browser.obj
 0001:0000d850       ?_Cthum@BRWR@@MAEJXZ       0040e850 f browser.obj
 0001:0000da10       ?_IaridFromIthum@BRWR@@IAEJJJ@Z 0040ea10 f browser.obj
 0001:0000db90       ?Pmcc@MVIE@@QAEPAVMCC@@XZ  0040eb90 f browser.obj
 0001:0000dbc0       ?_IthumFromArid@BRWR@@IAEJJ@Z 0040ebc0 f browser.obj
 0001:0000de00       ?_FSetThumFrame@BRWR@@MAEHJPAVGOB@@@Z 0040ee00 f browser.obj
 0001:0000e240       ?Dxp@RC@@QAEJXZ            0040f240 f browser.obj
 0001:0000e280       ?Dyp@RC@@QAEJXZ            0040f280 f browser.obj
 0001:0000e2c0       ?Cch@STN@@QAEJXZ           0040f2c0 f browser.obj
 0001:0000e310       ?Pstrg@WOKS@@QAEPAVSTRG@@XZ 0040f310 f browser.obj
 0001:0000e340       ?CmactrMac@MVIE@@QAEJXZ    0040f340 f browser.obj
 0001:0000e3a0       ?_FClearHelp@BRWR@@MAEHJ@Z 0040f3a0 f browser.obj
 0001:0000e480       ?_ReleaseThumFrame@BRWR@@MAEXJ@Z 0040f480 f browser.obj
 0001:0000e510       ??1BRWD@@UAE@XZ            0040f510 f browser.obj
 0001:0000e5e0       ??1BRWL@@UAE@XZ            0040f5e0 f browser.obj
 0001:0000e700       ??1BRWT@@UAE@XZ            0040f700 f browser.obj
 0001:0000e7b0       ??1BRWR@@UAE@XZ            0040f7b0 f browser.obj
 0001:0000e840       ??1BRWI@@UAE@XZ            0040f840 f browser.obj
 0001:0000e8d0       ??1BRCNL@@MAE@XZ           0040f8d0 f browser.obj
 0001:0000e9b0       ?SetText@TGOB@@QAEXPAVSTN@@@Z 0040f9b0 f browser.obj
 0001:0000ea20       ?MarkMem@BRCN@@UAEXXZ      0040fa20 f browser.obj
 0001:0000ea70       ?MarkMem@BRCNL@@UAEXXZ     0040fa70 f browser.obj
 0001:0000eb20       ?MarkMem@BRWR@@UAEXXZ      0040fb20 f browser.obj
 0001:0000eb90       ?MarkMem@BRWI@@UAEXXZ      0040fb90 f browser.obj
 0001:0000ec00       ?MarkMem@BRWD@@UAEXXZ      0040fc00 f browser.obj
 0001:0000ec70       ?Anid@APE@@QAEJXZ          0040fc70 f browser.obj
 0001:0000eca0       ?Celn@APE@@QAEJXZ          0040fca0 f browser.obj
 0001:0000ecd0       ?MarkMem@BRWL@@UAEXXZ      0040fcd0 f browser.obj
 0001:0000ed90       ?FIsCycleCels@APE@@QAEHXZ  0040fd90 f browser.obj
 0001:0000edc0       ?Pcmm@BRWD@@MAEPAUCMM@CMH@@XZ 0040fdc0 f browser.obj
 0001:0000edf0       ?_Cthum@BRWD@@MAEJXZ       0040fdf0 f browser.obj
 0001:0000ee40       ?MarkMem@BRWT@@UAEXXZ      0040fe40 f browser.obj
 0001:0000eeb0       ?_FSetThumFrame@BRWD@@MAEHJPAVGOB@@@Z 0040feb0 f browser.obj
 0001:0000ef00       ?_FClearHelp@BRWD@@MAEHJ@Z 0040ff00 f browser.obj
 0001:0000ef30       ?MarkMem@BRWA@@UAEXXZ      0040ff30 f browser.obj
 0001:0000efa0       ?_ReleaseThumFrame@BRWD@@MAEXJ@Z 0040ffa0 f browser.obj
 0001:0000efc0       ?_IthumFromThum@BRWD@@MAEJJJ@Z 0040ffc0 f browser.obj
 0001:0000eff0       ?_ApplySelection@BRWD@@MAEXJJ@Z 0040fff0 f browser.obj
 0001:0000f010       ?_ProcessSelection@BRWD@@MAEXXZ 00410010 f browser.obj
 0001:0000f030       ?MarkMem@BCL@@UAEXXZ       00410030 f browser.obj
 0001:0000f080       ?_FUpdateLists@BRWD@@MAEHXZ 00410080 f browser.obj
 0001:0000f0b0       ?_SetCbPcrmMin@BRWD@@MAEXXZ 004100b0 f browser.obj
 0001:0000f0d0       ?MarkMem@BCLS@@UAEXXZ      004100d0 f browser.obj
 0001:0000f120       ??0BRWD@@QAE@PAUGCB@@@Z    00410120 f browser.obj
 0001:0000f180       ?AssertValid@BRCN@@QAEXK@Z 00410180 f browser.obj
 0001:0000f1b0       ?FCmdDel@BRWD@@UAEHPAUCMD@@@Z 004101b0 f browser.obj
 0001:0000f1e0       ?AssertValid@BRCNL@@QAEXK@Z 004101e0 f browser.obj
 0001:0000f210       ?FCmdFile@BRWD@@UAEHPAUCMD@@@Z 00410210 f browser.obj
 0001:0000f240       ?AssertValid@BCLS@@QAEXK@Z 00410240 f browser.obj
 0001:0000f2d0       ?FCmdChangeCel@BRWD@@UAEHPAUCMD@@@Z 004102d0 f browser.obj
 0001:0000f300       ??0BCL@@IAE@XZ             00410300 f browser.obj
 0001:0000f340       ?AssertValid@BCL@@QAEXK@Z  00410340 f browser.obj
 0001:0000f3d0       ?AssertValid@BRWD@@QAEXK@Z 004103d0 f browser.obj
 0001:0000f440       ??0BCLS@@IAE@XZ            00410440 f browser.obj
 0001:0000f480       ?AssertValid@BRWL@@QAEXK@Z 00410480 f browser.obj
 0001:0000f570       ?_Cthum@BRWL@@MAEJXZ       00410570 f browser.obj
 0001:0000f5d0       ?AssertValid@BRWR@@QAEXK@Z 004105d0 f browser.obj
 0001:0000f640       ?_FUpdateLists@BRWL@@MAEHXZ 00410640 f browser.obj
 0001:0000f670       ??0BRWL@@QAE@PAUGCB@@@Z    00410670 f browser.obj
 0001:0000f6b0       ?AssertValid@BRWI@@QAEXK@Z 004106b0 f browser.obj
 0001:0000f720       ?_Cthum@BRWT@@MAEJXZ       00410720 f browser.obj
 0001:0000f780       ?AssertValid@BRWT@@QAEXK@Z 00410780 f browser.obj
 0001:0000f7f0       ?_ReleaseThumFrame@BRWT@@MAEXJ@Z 004107f0 f browser.obj
 0001:0000f810       ??0BRWT@@QAE@PAUGCB@@@Z    00410810 f browser.obj
 0001:0000f860       ?AssertValid@BRWA@@QAEXK@Z 00410860 f browser.obj
 0001:0000f8d0       ?_Cthum@BRWN@@MAEJXZ       004108d0 f browser.obj
 0001:0000f920       ??4FNI@@QAEAAV0@AAV0@@Z    00410920 f browser.obj
 0001:0000f970       ??0BRWA@@QAE@PAUGCB@@@Z    00410970 f browser.obj
 0001:0000f9d0       ??0BRWP@@QAE@PAUGCB@@@Z    004109d0 f browser.obj
 0001:0000fa10       ??0BRWB@@QAE@PAUGCB@@@Z    00410a10 f browser.obj
 0001:0000fa50       ??0BRWC@@QAE@PAUGCB@@@Z    00410a50 f browser.obj
 0001:0000fa90       ?_SetCbPcrmMin@BRWC@@MAEXXZ 00410a90 f browser.obj
 0001:0000fab0       ??0BRWM@@QAE@PAUGCB@@@Z    00410ab0 f browser.obj
 0001:0000fb00       ??0BRWN@@QAE@PAUGCB@@@Z    00410b00 f browser.obj
 0001:0000fb40       ??1BRWM@@UAE@XZ            00410b40 f browser.obj
 0001:0000fb70       ??1BRWN@@UAE@XZ            00410b70 f browser.obj
 0001:0000fba0       ??0BRWI@@QAE@PAUGCB@@@Z    00410ba0 f browser.obj
 0001:0000fbf0       ??0BRWR@@QAE@PAUGCB@@@Z    00410bf0 f browser.obj
 0001:0000fc50       ??0FNET@@QAE@XZ            00410c50 f browser.obj
 0001:0000fce0       ??1FNET@@UAE@XZ            00410ce0 f browser.obj
 0001:0000fd60       ??_EBRWD@@UAEPAXI@Z        00410d60 f browser.obj
 0001:0000fd60       ??_GBRWD@@UAEPAXI@Z        00410d60 f browser.obj
 0001:0000fda0       ??_EBCL@@MAEPAXI@Z         00410da0 f browser.obj
 0001:0000fda0       ??_GBCL@@MAEPAXI@Z         00410da0 f browser.obj
 0001:0000fde0       ??1BCL@@MAE@XZ             00410de0 f browser.obj
 0001:0000fe40       ??_GBCLS@@MAEPAXI@Z        00410e40 f browser.obj
 0001:0000fe40       ??_EBCLS@@MAEPAXI@Z        00410e40 f browser.obj
 0001:0000fe80       ??1BCLS@@MAE@XZ            00410e80 f browser.obj
 0001:0000fee0       ??_EBRWL@@UAEPAXI@Z        00410ee0 f browser.obj
 0001:0000fee0       ??_GBRWL@@UAEPAXI@Z        00410ee0 f browser.obj
 0001:0000ff20       ??_GBRWT@@UAEPAXI@Z        00410f20 f browser.obj
 0001:0000ff20       ??_EBRWT@@UAEPAXI@Z        00410f20 f browser.obj
 0001:0000ff60       ??_GBRWN@@UAEPAXI@Z        00410f60 f browser.obj
 0001:0000ff60       ??_EBRWN@@UAEPAXI@Z        00410f60 f browser.obj
 0001:0000ffa0       ??_EBRWA@@UAEPAXI@Z        00410fa0 f browser.obj
 0001:0000ffa0       ??_GBRWA@@UAEPAXI@Z        00410fa0 f browser.obj
 0001:0000ffe0       ??1BRWA@@UAE@XZ            00410fe0 f browser.obj
 0001:00010010       ??_GBRWP@@UAEPAXI@Z        00411010 f browser.obj
 0001:00010010       ??_EBRWP@@UAEPAXI@Z        00411010 f browser.obj
 0001:00010050       ??1BRWP@@UAE@XZ            00411050 f browser.obj
 0001:00010080       ??_GBRWB@@UAEPAXI@Z        00411080 f browser.obj
 0001:00010080       ??_EBRWB@@UAEPAXI@Z        00411080 f browser.obj
 0001:000100c0       ??1BRWB@@UAE@XZ            004110c0 f browser.obj
 0001:000100f0       ??_GBRWC@@UAEPAXI@Z        004110f0 f browser.obj
 0001:000100f0       ??_EBRWC@@UAEPAXI@Z        004110f0 f browser.obj
 0001:00010130       ??1BRWC@@UAE@XZ            00411130 f browser.obj
 0001:00010160       ??_EBRWM@@UAEPAXI@Z        00411160 f browser.obj
 0001:00010160       ??_GBRWM@@UAEPAXI@Z        00411160 f browser.obj
 0001:000101a0       ??_EBRWI@@UAEPAXI@Z        004111a0 f browser.obj
 0001:000101a0       ??_GBRWI@@UAEPAXI@Z        004111a0 f browser.obj
 0001:000101e0       ??_EBRWR@@UAEPAXI@Z        004111e0 f browser.obj
 0001:000101e0       ??_GBRWR@@UAEPAXI@Z        004111e0 f browser.obj
 0001:00010220       ??_GFNET@@UAEPAXI@Z        00411220 f browser.obj
 0001:00010220       ??_EFNET@@UAEPAXI@Z        00411220 f browser.obj
 0001:00010260       ?GetPortfolioDoc@APP@@QAEXPAVFNI@@@Z 00411260 f browser.obj
 0001:00010290       ?PcrmAll@APP@@QAEPAVCRM@@XZ 00411290 f browser.obj
 0001:000102c0       ?FGetStnApp@APP@@QAEHJPAVSTN@@@Z 004112c0 f browser.obj
 0001:00010300       ?GetFniProduct@APP@@QAEXPAVFNI@@@Z 00411300 f browser.obj
 0001:00010330       ?SidProduct@APP@@QAEJXZ    00411330 f browser.obj
 0001:00010360       ??_GBRCNL@@MAEPAXI@Z       00411360 f browser.obj
 0001:00010360       ??_EBRCNL@@MAEPAXI@Z       00411360 f browser.obj
 0001:000103a0       ??1BRCN@@UAE@XZ            004113a0 f browser.obj
 0001:000103d0       ??4BASE@@QAEAAV0@ABV0@@Z   004113d0 f browser.obj
 0001:00010410       ?SetDisplayCast@STDIO@@QAEXH@Z 00411410 f browser.obj
 0001:00010440       ?Pmvie@STDIO@@QAEPAVMVIE@@XZ 00411440 f browser.obj
 0001:00010470       ??_9@$BBCI@A               00411470 f browser.obj
 0001:00010480       ??_9@$BBCM@A               00411480 f browser.obj
 0001:00010490       ??_9@$BBDA@A               00411490 f browser.obj
 0001:000104a0       ??_9@$BBDE@A               004114a0 f browser.obj
 0001:000104b0       ??_9@$BBDI@A               004114b0 f browser.obj
 0001:000104e0       ?FWouldBe@APP@@SGHJ@Z      004114e0 f utest.obj
 0001:00010520       ?FIs@APP@@UAEHJ@Z          00411520 f utest.obj
 0001:00010550       ?Cls@APP@@UAEJXZ           00411550 f utest.obj
 0001:00010580       ?FWouldBe@KWA@@SGHJ@Z      00411580 f utest.obj
 0001:000105c0       ?FIs@KWA@@UAEHJ@Z          004115c0 f utest.obj
 0001:000105f0       ?Cls@KWA@@UAEJXZ           004115f0 f utest.obj
 0001:00010620       ?FrameMain@@YGXXZ          00411620 f utest.obj
 0001:00010650       ?Run@APP@@UAEXKKJ@Z        00411650 f utest.obj
 0001:00010750       ?GetStnAppName@APP@@UAEXPAVSTN@@@Z 00411750 f utest.obj
 0001:00010880       ?_FInit@APP@@MAEHKKJ@Z     00411880 f utest.obj
 0001:00010f00       ?_CleanupTemp@APP@@IAEXXZ  00411f00 f utest.obj
 0001:00011010       ?_FAppAlreadyRunning@APP@@IAEHXZ 00412010 f utest.obj
 0001:000110e0       ?_TryToActivateWindow@APP@@IAEXXZ 004120e0 f utest.obj
 0001:00011200       ?_FEnsureOS@APP@@IAEHXZ    00412200 f utest.obj
 0001:000112f0       ?_FEnsureAudio@APP@@IAEHXZ 004122f0 f utest.obj
 0001:00011580       ?_FEnsureVideo@APP@@IAEHXZ 00412580 f utest.obj
 0001:00011610       ?_FEnsureColorDepth@APP@@IAEHXZ 00412610 f utest.obj
 0001:000117d0       ?_FEnsureDisplayResolution@APP@@IAEHXZ 004127d0 f utest.obj
 0001:00011ae0       ?_FDisplayIs640480@APP@@IAEHXZ 00412ae0 f utest.obj
 0001:00011b30       ?_FInitOS@APP@@MAEHXZ      00412b30 f utest.obj
 0001:00011e00       ?_GetWindowProps@APP@@IAEXPAJ000PAK@Z 00412e00 f utest.obj
 0001:00011f80       ?_RebuildMainWindow@APP@@IAEXXZ 00412f80 f utest.obj
 0001:00012070       ?_FOpenResourceFile@APP@@IAEHXZ 00413070 f utest.obj
 0001:00012290       ?_FCantFindFileDialog@APP@@IAEHPAVSTN@@@Z 00413290 f utest.obj
 0001:000123d0       ?Psz@STN@@QAEPADXZ         004133d0 f utest.obj
 0001:00012420       ?_FGetUserDirectories@APP@@IAEHXZ 00413420 f utest.obj
 0001:000129c0       ?SetSz@STN@@QAEXPAD@Z      004139c0 f utest.obj
 0001:00012a00       ??4STN@@QAEAAV0@PAD@Z      00413a00 f utest.obj
 0001:00012a30       ?GetSz@STN@@QAEXPAD@Z      00413a30 f utest.obj
 0001:00012aa0       ?FAppendStn@STN@@QAEHPAV1@@Z 00413aa0 f utest.obj
 0001:00012ae0       ?Prgch@STN@@QAEPADXZ       00413ae0 f utest.obj
 0001:00012b30       ?_FGetUserName@APP@@IAEHXZ 00413b30 f utest.obj
 0001:00012da0       ?_FReadUserData@APP@@IAEHXZ 00413da0 f utest.obj
 0001:00012e70       ?_FWriteUserData@APP@@IAEHXZ 00413e70 f utest.obj
 0001:00012f30       ?FGetSetRegKey@APP@@QAEHPADPAXJKPAH@Z 00413f30 f utest.obj
 0001:00013250       ?_FDisplayHomeLogo@APP@@IAEHXZ 00414250 f utest.obj
 0001:00013460       ?_FInitProductNames@APP@@IAEHXZ 00414460 f utest.obj
 0001:000135f0       ?_FReadTitlesFromReg@APP@@IAEHPAPAVGST@@@Z 004145f0 f utest.obj
 0001:00013850       ?_FInitTdt@APP@@IAEHXZ     00414850 f utest.obj
 0001:000139c0       ?CbExtra@GSTB@@QAEJXZ      004149c0 f utest.obj
 0001:000139f0       ?_PgstRead@APP@@IAEPAVGST@@K@Z 004149f0 f utest.obj
 0001:00013be0       ?_FReadStringTables@APP@@IAEHXZ 00414be0 f utest.obj
 0001:00013d40       ?TsCurrent@@YGKXZ          00414d40 f utest.obj
 0001:00013d60       ?_FInitKidworld@APP@@IAEHXZ 00414d60 f utest.obj
 0001:00013e40       ?_FShowSplashScreen@APP@@IAEHXZ 00414e40 f utest.obj
 0001:00013f50       ?_FPlaySplashSound@APP@@IAEHXZ 00414f50 f utest.obj
 0001:00014010       ?_FInitCrm@APP@@IAEHXZ     00415010 f utest.obj
 0001:000145f0       ?_FAddToCrm@APP@@IAEHPAVGST@@PAVCRM@@PAVGL@@@Z 004155f0 f utest.obj
 0001:00014ac0       ?FAppendCh@STN@@QAEHD@Z    00415ac0 f utest.obj
 0001:00014af0       ?FAppendSz@STN@@QAEHPAD@Z  00415af0 f utest.obj
 0001:00014b30       ?_FInitBuilding@APP@@IAEHXZ 00415b30 f utest.obj
 0001:00014e00       ??0GCB@@QAE@JPAVGOB@@KJPAVRC@@1@Z 00415e00 f utest.obj
 0001:00014e60       ?PgobScreen@GOB@@SGPAV1@XZ 00415e60 f utest.obj
 0001:00014e80       ?_FInitStudio@APP@@IAEHPAVFNI@@H@Z 00415e80 f utest.obj
 0001:000150b0       ?_FDetermineIfSlowCPU@APP@@IAEHXZ 004160b0 f utest.obj
 0001:00015150       ?_ParseCommandLine@APP@@IAEXXZ 00416150 f utest.obj
 0001:00015640       ?ChUpper@@YGDD@Z           00416640 f utest.obj
 0001:00015660       ?_FEnsureProductNames@APP@@IAEHXZ 00416660 f utest.obj
 0001:00015790       ?_FFindMsKidsDir@APP@@IAEHXZ 00416790 f utest.obj
 0001:00015ad0       ?_FFindProductDir@APP@@IAEHPAVGST@@@Z 00416ad0 f utest.obj
 0001:00015cc0       ?_FQueryProductExists@APP@@IAEHPAVSTN@@0PAVFNI@@@Z 00416cc0 f utest.obj
 0001:00015f80       ?_SkipToSpace@APP@@IAEXPAPAD@Z 00416f80 f utest.obj
 0001:00016040       ?_SkipSpace@APP@@IAEXPAPAD@Z 00417040 f utest.obj
 0001:000160b0       ?_Activate@APP@@MAEXH@Z    004170b0 f utest.obj
 0001:000162e0       ?CactModal@APPB@@QAEJXZ    004172e0 f utest.obj
 0001:00016310       ?FCmdDeactivate@APP@@QAEHPAUCMD@@@Z 00417310 f utest.obj
 0001:000167b0       ?_CopyPixels@APP@@MAEXPAVGNV@@PAVRC@@01@Z 004177b0 f utest.obj
 0001:00016c50       ?FCmdLoadStudio@APP@@QAEHPAUCMD@@@Z 00417c50 f utest.obj
 0001:00016e70       ?FCmdLoadBuilding@APP@@QAEHPAUCMD@@@Z 00417e70 f utest.obj
 0001:00016fd0       ?FCmdExitStudio@APP@@QAEHPAUCMD@@@Z 00417fd0 f utest.obj
 0001:000171b0       ?FCmdTheaterOpen@APP@@QAEHPAUCMD@@@Z 004181b0 f utest.obj
 0001:00017300       ?FCmdTheaterClose@APP@@QAEHPAUCMD@@@Z 00418300 f utest.obj
 0001:00017400       ?FCmdPortfolioClear@APP@@QAEHPAUCMD@@@Z 00418400 f utest.obj
 0001:00017470       ?FCmdPortfolioOpen@APP@@QAEHPAUCMD@@@Z 00418470 f utest.obj
 0001:00017700       ?OnnDefVariable@APP@@UAEJXZ 00418700 f utest.obj
 0001:000177d0       ?FGetOnn@APP@@QAEHPAVSTN@@PAJ@Z 004187d0 f utest.obj
 0001:000178b0       ?MemStat@APP@@QAEXPAJ0@Z   004188b0 f utest.obj
 0001:00017910       ?DypTextDef@APP@@UAEJXZ    00418910 f utest.obj
 0001:00017a20       ?TQuerySaveDoc@APP@@UAEHPAVDOCB@@H@Z 00418a20 f utest.obj
 0001:00017bb0       ?Quit@APP@@UAEXH@Z         00418bb0 f utest.obj
 0001:00017d90       ?_Pmvie@APP@@IAEPAVMVIE@@XZ 00418d90 f utest.obj
 0001:00017ea0       ?LoadGenResource@@YGPADPAUHINSTANCE__@@PAD1@Z 00418ea0 f utest.obj
 0001:00017f00       ?FCmdInfo@APP@@QAEHPAUCMD@@@Z 00418f00 f utest.obj
 0001:00018510       ?_FDisplaySwitchSupported@APP@@IAEHXZ 00419510 f utest.obj
 0001:000185c0       ?_FSwitch640480@APP@@IAEHH@Z 004195c0 f utest.obj
 0001:000187a0       ?_CleanUp@APP@@MAEXXZ      004197a0 f utest.obj
 0001:00018ab0       ?TModal@APP@@QAEHPAVRCA@@JPAVSTN@@JJ1@Z 00419ab0 f utest.obj
 0001:00018d80       ?FInsertCD@APP@@SGHPAVSTN@@@Z 00419d80 f utest.obj
 0001:00018e70       ?DisplayErrors@APP@@QAEXXZ 00419e70 f utest.obj
 0001:00019610       ?Trans@MVIE@@QAE?AW4TRANS@@XZ 0041a610 f utest.obj
 0001:00019640       ?Pbwld@MVIE@@QAEPAVBWLD@@XZ 0041a640 f utest.obj
 0001:00019670       ?FCmdIdle@APP@@UAEHPAUCMD@@@Z 0041a670 f utest.obj
 0001:00019770       ?PbllNext@BLL@@QAEPAV1@XZ  0041a770 f utest.obj
 0001:000197a0       ?PcflFirst@CFL@@SGPAV1@XZ  0041a7a0 f utest.obj
 0001:000197c0       ?_FSendOpenDocCmd@APP@@IAEHPAUHWND__@@PAVFNI@@@Z 0041a7c0 f utest.obj
 0001:00019ad0       ?_FProcessOpenDocCmd@APP@@IAEHXZ 0041aad0 f utest.obj
 0001:00019e80       ?_FGetNextEvt@APP@@MAEHPAUtagMSG@@@Z 0041ae80 f utest.obj
 0001:00019f30       ?_FastUpdate@APP@@MAEXPAVGOB@@PAVREGN@@KPAVGPT@@@Z 0041af30 f utest.obj
 0001:0001a010       ?Nfrm@SCEN@@QAEJXZ         0041b010 f utest.obj
 0001:0001a040       ?NfrmFirst@SCEN@@QAEJXZ    0041b040 f utest.obj
 0001:0001a070       ?FPlaying@MVIE@@QAEHXZ     0041b070 f utest.obj
 0001:0001a0a0       ?UpdateHwnd@APP@@UAEXPAUHWND__@@PAVRC@@K@Z 0041b0a0 f utest.obj
 0001:0001a180       ?_FFrameWndProc@APP@@MAEHPAUHWND__@@IIJPAJ@Z 0041b180 f utest.obj
 0001:0001a610       ?FAllowScreenSaver@APP@@UAEHXZ 0041b610 f utest.obj
 0001:0001a6a0       ?DisableAccel@APP@@QAEXXZ  0041b6a0 f utest.obj
 0001:0001a720       ?EnableAccel@APP@@QAEXXZ   0041b720 f utest.obj
 0001:0001a7d0       ?FCmdDisableAccel@APP@@QAEHPAUCMD@@@Z 0041b7d0 f utest.obj
 0001:0001a830       ?FCmdEnableAccel@APP@@QAEHPAUCMD@@@Z 0041b830 f utest.obj
 0001:0001a890       ?FCmdInvokeSplot@APP@@QAEHPAUCMD@@@Z 0041b890 f utest.obj
 0001:0001a930       ?HandoffMovie@APP@@QAEXPAVMVIE@@@Z 0041b930 f utest.obj
 0001:0001aa30       ?PmvieRetrieve@APP@@QAEPAVMVIE@@XZ 0041ba30 f utest.obj
 0001:0001aaa0       ?AssertValid@APP@@QAEXK@Z  0041baa0 f utest.obj
 0001:0001afe0       ?MarkMem@APP@@UAEXXZ       0041bfe0 f utest.obj
 0001:0001b240       ??1KWA@@UAE@XZ             0041c240 f utest.obj
 0001:0001b2b0       ?PclokAnim@WOKS@@UAEPAVCLOK@@XZ 0041c2b0 f utest.obj
 0001:0001b2e0       ?PclokNoSlip@WOKS@@UAEPAVCLOK@@XZ 0041c2e0 f utest.obj
 0001:0001b310       ?PclokGen@WOKS@@UAEPAVCLOK@@XZ 0041c310 f utest.obj
 0001:0001b340       ?PclokReset@WOKS@@UAEPAVCLOK@@XZ 0041c340 f utest.obj
 0001:0001b370       ?SetMbmp@KWA@@QAEXPAVMBMP@@@Z 0041c370 f utest.obj
 0001:0001b480       ?Draw@KWA@@UAEXPAVGNV@@PAVRC@@@Z 0041c480 f utest.obj
 0001:0001b560       ?FFindFile@KWA@@UAEHPAVSTN@@PAVFNI@@@Z 0041c560 f utest.obj
 0001:0001b690       ?Pmvie@TATR@@QAEPAVMVIE@@XZ 0041c690 f utest.obj
 0001:0001b6c0       ??0KWA@@QAE@PAUGCB@@@Z     0041c6c0 f utest.obj
 0001:0001b710       ?FModalTopic@KWA@@UAEHPAVRCA@@KPAJ@Z 0041c710 f utest.obj
 0001:0001b800       ?SetCDPrompt@KWA@@QAEXH@Z  0041c800 f utest.obj
 0001:0001b830       ?FAskForCD@KWA@@QAEHXZ     0041c830 f utest.obj
 0001:0001b860       ??0APP@@QAE@XZ             0041c860 f utest.obj
 0001:0001b950       ?Pcmm@APP@@MAEPAUCMM@CMH@@XZ 0041c950 f utest.obj
 0001:0001b980       ?_FInitMenu@APP@@MAEHXZ    0041c980 f utest.obj
 0001:0001b9b0       ?AssertValid@KWA@@QAEXK@Z  0041c9b0 f utest.obj
 0001:0001ba20       ?MarkMem@KWA@@UAEXXZ       0041ca20 f utest.obj
 0001:0001bb00       ?SetPortfolioDoc@APP@@QAEXPAVFNI@@@Z 0041cb00 f utest.obj
 0001:0001bb40       ?FInPortfolio@APP@@QAEHXZ  0041cb40 f utest.obj
 0001:0001bb70       ?GetFniUsers@APP@@QAEXPAVFNI@@@Z 0041cb70 f utest.obj
 0001:0001bba0       ?EnsureInteractive@APP@@QAEXXZ 0041cba0 f utest.obj
 0001:0001bc10       ?Pmvie@SPLOT@@QAEPAVMVIE@@XZ 0041cc10 f utest.obj
 0001:0001bc40       ??_EKWA@@UAEPAXI@Z         0041cc40 f utest.obj
 0001:0001bc40       ??_GKWA@@UAEPAXI@Z         0041cc40 f utest.obj
 0001:0001bc80       ??_GAPP@@UAEPAXI@Z         0041cc80 f utest.obj
 0001:0001bc80       ??_EAPP@@UAEPAXI@Z         0041cc80 f utest.obj
 0001:0001bcc0       ??1APP@@UAE@XZ             0041ccc0 f utest.obj
 0001:0001bd60       ??1GTE@@UAE@XZ             0041cd60 f utest.obj
 0001:0001bd90       ?FWouldBe@SSCB@@SGHJ@Z     0041cd90 f stdioscb.obj
 0001:0001bdd0       ?FIs@SSCB@@UAEHJ@Z         0041cdd0 f stdioscb.obj
 0001:0001be00       ?Cls@SSCB@@UAEJXZ          0041ce00 f stdioscb.obj
 0001:0001be30       ??0SSCB@@IAE@PAVMVIE@@@Z   0041ce30 f stdioscb.obj
 0001:0001be70       ?PsscbNew@SSCB@@SGPAV1@PAVMVIE@@@Z 0041ce70 f stdioscb.obj
 0001:0001c1b0       ??1SSCB@@UAE@XZ            0041d1b0 f stdioscb.obj
 0001:0001c220       ?FCmdScroll@SSCB@@QAEHPAUCMD@@@Z 0041d220 f stdioscb.obj
 0001:0001c9d0       ?LwBound@@YGJJJJ@Z         0041d9d0 f stdioscb.obj
 0001:0001ca10       ?LwMulDiv@@YGJJJJ@Z        0041da10 f stdioscb.obj
 0001:0001ca60       ?_CxScrollbar@SSCB@@AAEJJJ@Z 0041da60 f stdioscb.obj
 0001:0001cb40       ?Update@SSCB@@UAEXXZ       0041db40 f stdioscb.obj
 0001:0001cef0       ?SetMvie@SSCB@@QAEXPAVMVIE@@@Z 0041def0 f stdioscb.obj
 0001:0001cf30       ?StartNoAutoadjust@SSCB@@QAEXXZ 0041df30 f stdioscb.obj
 0001:0001cfe0       ?SetSndFrame@SSCB@@QAEXH@Z 0041dfe0 f stdioscb.obj
 0001:0001d0b0       ?MarkMem@SSCB@@UAEXXZ      0041e0b0 f stdioscb.obj
 0001:0001d100       ?AssertValid@SSCB@@QAEXK@Z 0041e100 f stdioscb.obj
 0001:0001d150       ??_ESSCB@@UAEPAXI@Z        0041e150 f stdioscb.obj
 0001:0001d150       ??_GSSCB@@UAEPAXI@Z        0041e150 f stdioscb.obj
 0001:0001d2f0       ?NfrmLast@SCEN@@QAEJXZ     0041e2f0 f stdioscb.obj
 0001:0001d320       ?FSoundsEnabled@MVIE@@QAEHXZ 0041e320 f stdioscb.obj
 0001:0001d350       ?EndNoAutoadjust@SSCB@@QAEXXZ 0041e350 f stdioscb.obj
 0001:0001d3a0       ?FCmdBrowserReady@STDIO@@QAEHPAUCMD@@@Z 0041e3a0 f stdiobrw.obj
 0001:0001e2a0       ?ReleaseBrcn@STDIO@@QAEXXZ 0041f2a0 f stdiobrw.obj
 0001:0001e370       ?_PbrcnFromBrwdid@STDIO@@IAEPAVBRCN@@J@Z 0041f370 f stdiobrw.obj
 0001:0001e420       ?_ApplySelection@BRWC@@MAEXJJ@Z 0041f420 f stdiobrw.obj
 0001:0001e530       ?_ApplySelection@BRWB@@MAEXJJ@Z 0041f530 f stdiobrw.obj
 0001:0001e6a0       ?_ApplySelection@BRWP@@MAEXJJ@Z 0041f6a0 f stdiobrw.obj
 0001:0001e7e0       ?_ApplySelection@BRWA@@MAEXJJ@Z 0041f7e0 f stdiobrw.obj
 0001:0001ea20       ?_ApplySelection@BRWM@@MAEXJJ@Z 0041fa20 f stdiobrw.obj
 0001:0001eda0       ?_ApplySelection@BRWI@@MAEXJJ@Z 0041fda0 f stdiobrw.obj
 0001:0001efd0       ?_ApplySelection@BRWR@@MAEXJJ@Z 0041ffd0 f stdiobrw.obj
 0001:0001f120       ?Cno@BACO@@QAEKXZ          00420120 f stdiobrw.obj
 0001:0001f150       ??0BRCNL@@QAE@XZ           00420150 f stdiobrw.obj
 0001:0001f2f0       ?Pbkgd@SCEN@@QAEPAVBKGD@@XZ 004202f0 f stdiobrw.obj
 0001:0001f320       ?FActrMode@MVU@@QAEHXZ     00420320 f stdiobrw.obj
 0001:0001f370       ?Icam@BKGD@@QAEJXZ         00420370 f stdiobrw.obj
 0001:0001f3a0       ??0BRCN@@IAE@XZ            004203a0 f stdiobrw.obj
 0001:0001f3e0       ??_GBRCN@@UAEPAXI@Z        004203e0 f stdiobrw.obj
 0001:0001f3e0       ??_EBRCN@@UAEPAXI@Z        004203e0 f stdiobrw.obj
 0001:0001f420       ?FWouldBe@STDIO@@SGHJ@Z    00420420 f studio.obj
 0001:0001f460       ?FIs@STDIO@@UAEHJ@Z        00420460 f studio.obj
 0001:0001f490       ?Cls@STDIO@@UAEJXZ         00420490 f studio.obj
 0001:0001f4c0       ?FWouldBe@SMCC@@SGHJ@Z     004204c0 f studio.obj
 0001:0001f500       ?FIs@SMCC@@UAEHJ@Z         00420500 f studio.obj
 0001:0001f530       ?Cls@SMCC@@UAEJXZ          00420530 f studio.obj
 0001:0001f560       ?PstdioNew@STDIO@@SGPAV1@JPAVCRM@@PAVFNI@@H@Z 00420560 f studio.obj
 0001:0001f940       ??1STDIO@@UAE@XZ           00420940 f studio.obj
 0001:0001fb80       ?_FOpenStudio@STDIO@@IAEHH@Z 00420b80 f studio.obj
 0001:000200e0       ?FCmdLoadProjectMovie@STDIO@@QAEHPAUCMD@@@Z 004210e0 f studio.obj
 0001:00020350       ?FLoadMovie@STDIO@@QAEHPAVFNI@@K@Z 00421350 f studio.obj
 0001:000203d0       ?_FLoadMovie@STDIO@@IAEHPAVFNI@@KPAH@Z 004213d0 f studio.obj
 0001:00020880       ?FSetMovie@STDIO@@QAEHPAVMVIE@@@Z 00421880 f studio.obj
 0001:00020cc0       ?FCmdXYAxis@STDIO@@QAEHPAUCMD@@@Z 00421cc0 f studio.obj
 0001:00020e50       ?FCmdXZAxis@STDIO@@QAEHPAUCMD@@@Z 00421e50 f studio.obj
 0001:00020fd0       ?FCmdSetTool@STDIO@@QAEHPAUCMD@@@Z 00421fd0 f studio.obj
 0001:00021340       ?FCmdPlay@STDIO@@QAEHPAUCMD@@@Z 00422340 f studio.obj
 0001:00021680       ?FCmdNewScene@STDIO@@QAEHPAUCMD@@@Z 00422680 f studio.obj
 0001:000217d0       ?FCmdRespectGround@STDIO@@QAEHPAUCMD@@@Z 004227d0 f studio.obj
 0001:00021910       ?FCmdPause@STDIO@@QAEHPAUCMD@@@Z 00422910 f studio.obj
 0001:00021a30       ?FCmdOpen@STDIO@@QAEHPAUCMD@@@Z 00422a30 f studio.obj
 0001:00021c50       ?FCmdScroll@STDIO@@QAEHPAUCMD@@@Z 00422c50 f studio.obj
 0001:00021d10       ?FCmdSooner@STDIO@@QAEHPAUCMD@@@Z 00422d10 f studio.obj
 0001:00021e60       ?FCmdLater@STDIO@@QAEHPAUCMD@@@Z 00422e60 f studio.obj
 0001:00021fb0       ?FCmdNewSpletter@STDIO@@QAEHPAUCMD@@@Z 00422fb0 f studio.obj
 0001:00022190       ?FCmdOpenSoundRecord@STDIO@@QAEHPAUCMD@@@Z 00423190 f studio.obj
 0001:00022260       ?SceneChange@STDIO@@QAEXXZ 00423260 f studio.obj
 0001:00022280       ?FCmdCreatePopup@STDIO@@QAEHPAUCMD@@@Z 00423280 f studio.obj
 0001:00022670       ?FCmdTextSetBkgdColor@STDIO@@QAEHPAUCMD@@@Z 00423670 f studio.obj
 0001:00022740       ?FCmdTextSetColor@STDIO@@QAEHPAUCMD@@@Z 00423740 f studio.obj
 0001:00022810       ?FCmdTextSetSize@STDIO@@QAEHPAUCMD@@@Z 00423810 f studio.obj
 0001:000228a0       ?FCmdTextSetStyle@STDIO@@QAEHPAUCMD@@@Z 004238a0 f studio.obj
 0001:00022950       ?FCmdTextSetFont@STDIO@@QAEHPAUCMD@@@Z 00423950 f studio.obj
 0001:000229e0       ?SetCurs@STDIO@@QAEXJ@Z    004239e0 f studio.obj
 0001:00022d90       ?OnnSystem@NTL@@QAEJXZ     00423d90 f studio.obj
 0001:00022dc0       ??0ACR@@QAE@E@Z            00423dc0 f studio.obj
 0001:00022e00       ?SetToClear@ACR@@QAEXXZ    00423e00 f studio.obj
 0001:00022f40       ?PlayStopped@STDIO@@QAEXXZ 00423f40 f studio.obj
 0001:00023110       ?ChangeTool@STDIO@@QAEXJ@Z 00424110 f studio.obj
 0001:00023410       ?SceneNuked@STDIO@@QAEXXZ  00424410 f studio.obj
 0001:00023530       ?SceneUnnuked@STDIO@@QAEXXZ 00424530 f studio.obj
 0001:00023600       ?ActorNuked@STDIO@@QAEXXZ  00424600 f studio.obj
 0001:00023660       ?_SetToolStates@STDIO@@IAEXXZ 00424660 f studio.obj
 0001:00023c60       ?EnableActorTools@STDIO@@QAEXXZ 00424c60 f studio.obj
 0001:00023d60       ?EnableTboxTools@STDIO@@QAEXXZ 00424d60 f studio.obj
 0001:00023e60       ?TboxSelected@STDIO@@QAEXXZ 00424e60 f studio.obj
 0001:00023eb0       ?SetUndo@STDIO@@QAEXJ@Z    00424eb0 f studio.obj
 0001:00023fe0       ?ActorEasel@STDIO@@QAEXPAH@Z 00424fe0 f studio.obj
 0001:00024060       ?FCmdActorEaselOpen@STDIO@@QAEHPAUCMD@@@Z 00425060 f studio.obj
 0001:00024190       ?PauseType@STDIO@@QAEXW4WIT@@@Z 00425190 f studio.obj
 0001:000242f0       ?Recording@STDIO@@QAEXHH@Z 004252f0 f studio.obj
 0001:000243f0       ?StartSoonerLater@STDIO@@QAEXXZ 004253f0 f studio.obj
 0001:000245d0       ?EndSoonerLater@STDIO@@QAEXXZ 004255d0 f studio.obj
 0001:00024730       ?NewActor@STDIO@@QAEXXZ    00425730 f studio.obj
 0001:00024b40       ?FAddCmg@STDIO@@QAEHKK@Z   00425b40 f studio.obj
 0001:00024c20       ?CnoGokdFromCnoTmpl@STDIO@@QAEKK@Z 00425c20 f studio.obj
 0001:00024cd0       ?StartActionBrowser@STDIO@@QAEXXZ 00425cd0 f studio.obj
 0001:00024e60       ?StartListenerEasel@STDIO@@QAEXXZ 00425e60 f studio.obj
 0001:00024ed0       ?FCmdListenerEaselOpen@STDIO@@QAEHPAUCMD@@@Z 00425ed0 f studio.obj
 0001:00024f50       ?FShutdown@STDIO@@QAEHH@Z  00425f50 f studio.obj
 0001:00025050       ?PauseActionButton@STDIO@@SGXXZ 00426050 f studio.obj
 0001:00025120       ?ResumeActionButton@STDIO@@SGXXZ 00426120 f studio.obj
 0001:000251f0       ?PlayUISound@STDIO@@QAEXJJ@Z 004261f0 f studio.obj
 0001:00025610       ?StopUISound@STDIO@@QAEXXZ 00426610 f studio.obj
 0001:00025680       ?GetStnMisc@STDIO@@QAEXJPAVSTN@@@Z 00426680 f studio.obj
 0001:00025710       ?FCmdToggleXY@STDIO@@QAEHPAUCMD@@@Z 00426710 f studio.obj
 0001:00025880       ?FCmdHelpBook@STDIO@@QAEHPAUCMD@@@Z 00426880 f studio.obj
 0001:000259a0       ?FCmdMovieGoto@STDIO@@QAEHPAUCMD@@@Z 004269a0 f studio.obj
 0001:00025a10       ?FCmdSoundsEnabled@STDIO@@QAEHPAUCMD@@@Z 00426a10 f studio.obj
 0001:00025a80       ?FCmdCreateTbox@STDIO@@QAEHPAUCMD@@@Z 00426a80 f studio.obj
 0001:00025b30       ?UpdateTitle@STDIO@@QAEXPAVSTN@@@Z 00426b30 f studio.obj
 0001:00025cb0       ?FCmdWriteBmps@STDIO@@QAEHPAUCMD@@@Z 00426cb0 f studio.obj
 0001:00025d80       ?MarkMem@STDIO@@UAEXXZ     00426d80 f studio.obj
 0001:00025f90       ?AssertValid@STDIO@@QAEXK@Z 00426f90 f studio.obj
 0001:00026230       ??0SMCC@@QAE@JJJPAVSSCB@@PAVSTDIO@@@Z 00427230 f studio.obj
 0001:00026340       ?UpdateRollCall@SMCC@@UAEXXZ 00427340 f studio.obj
 0001:000264a0       ?DypTboxDef@SMCC@@UAEJXZ   004274a0 f studio.obj
 0001:00026540       ?FQueryPurgeSounds@SMCC@@UAEHXZ 00427540 f studio.obj
 0001:00026620       ?AssertValid@SMCC@@QAEXK@Z 00427620 f studio.obj
 0001:000266b0       ?Cactr@SCEN@@QAEJXZ        004276b0 f studio.obj
 0001:00026700       ?MarkMem@SMCC@@UAEXXZ      00427700 f studio.obj
 0001:00026770       ?PtboxSelected@SCEN@@QAEPAVTBOX@@XZ 00427770 f studio.obj
 0001:000267a0       ?Ctbox@SCEN@@QAEJXZ        004277a0 f studio.obj
 0001:00026810       ?Tool@MVU@@QAEJXZ          00427810 f studio.obj
 0001:00026840       ?SetAxis@MVU@@QAEXQAY02J@Z 00427840 f studio.obj
 0001:00026880       ?SetFRespectGround@MVU@@QAEXH@Z 00427880 f studio.obj
 0001:000268c0       ?FTextMode@MVU@@QAEHXZ     004278c0 f studio.obj
 0001:000268f0       ?GrfontStyleTextCur@MVU@@QAEKXZ 004278f0 f studio.obj
 0001:00026920       ?SetFWriteBmps@MVIE@@QAEXH@Z 00427920 f studio.obj
 0001:00026980       ?ForceSaveAs@MVIE@@QAEXXZ  00427980 f studio.obj
 0001:000269e0       ?SetMcc@MVIE@@QAEXPAVMCC@@@Z 004279e0 f studio.obj
 0001:00026a60       ?PstnTitle@MVIE@@QAEPAVSTN@@XZ 00427a60 f studio.obj
 0001:00026a90       ?SetThumbPalette@MVIE@@QAEXPAVGL@@@Z 00427a90 f studio.obj
 0001:00026b00       ?SetFLeaveLitesOn@BKGD@@QAEXH@Z 00427b00 f studio.obj
 0001:00026b30       ??_ESTDIO@@UAEPAXI@Z       00427b30 f studio.obj
 0001:00026b30       ??_GSTDIO@@UAEPAXI@Z       00427b30 f studio.obj
 0001:00026b70       ??_ESMCC@@UAEPAXI@Z        00427b70 f studio.obj
 0001:00026b70       ??_GSMCC@@UAEPAXI@Z        00427b70 f studio.obj
 0001:00026bb0       ??0CHP@@QAE@XZ             00427bb0 f studio.obj
 0001:00026bf0       ??0ACR@@QAE@XZ             00427bf0 f studio.obj
 0001:00026c20       ?SetFontSize@TGOB@@QAEXJ@Z 00427c20 f studio.obj
 0001:00026c70       ?FApplyingSel@BRWR@@QAEHXZ 00427c70 f studio.obj
 0001:00026cc0       ?GetStnProduct@APP@@QAEXPAVSTN@@@Z 00427cc0 f studio.obj
 0001:00026cf0       ?GetFniMelanie@APP@@QAEXPAVFNI@@@Z 00427cf0 f studio.obj
 0001:00026d20       ?Pcmm@STDIO@@MAEPAUCMM@CMH@@XZ 00427d20 f studio.obj
 0001:00026d50       ??0STDIO@@IAE@PAUGCB@@@Z   00427d50 f studio.obj
 0001:00026d90       ?AridSelected@STDIO@@QAEJXZ 00427d90 f studio.obj
 0001:00026dc0       ?PbrwrActr@STDIO@@QAEPAVBRWR@@XZ 00427dc0 f studio.obj
 0001:00026df0       ?PbrwrProp@STDIO@@QAEPAVBRWR@@XZ 00427df0 f studio.obj
 0001:00026e20       ?Psmcc@STDIO@@QAEPAVSMCC@@XZ 00427e20 f studio.obj
 0001:00026e50       ??1SMCC@@UAE@XZ            00427e50 f studio.obj
 0001:00026eb0       ?Dxp@SMCC@@UAEJXZ          00427eb0 f studio.obj
 0001:00026ee0       ?Dyp@SMCC@@UAEJXZ          00427ee0 f studio.obj
 0001:00026f10       ?CbCache@SMCC@@UAEJXZ      00427f10 f studio.obj
 0001:00026f40       ?Psscb@SMCC@@UAEPAVSSCB@@XZ 00427f40 f studio.obj
 0001:00026f70       ?SetCurs@SMCC@@UAEXJ@Z     00427f70 f studio.obj
 0001:00026fa0       ?ActorSelected@SMCC@@UAEXJ@Z 00427fa0 f studio.obj
 0001:00026fe0       ?SetAridSelected@STDIO@@QAEXJ@Z 00427fe0 f studio.obj
 0001:00027010       ?UpdateAction@SMCC@@UAEXXZ 00428010 f studio.obj
 0001:00027030       ?UpdateScrollbars@SMCC@@UAEXXZ 00428030 f studio.obj
 0001:00027070       ?SetSscb@SMCC@@UAEXPAVSSCB@@@Z 00428070 f studio.obj
 0001:00027120       ?PlayStopped@SMCC@@UAEXXZ  00428120 f studio.obj
 0001:00027150       ?ChangeTool@SMCC@@UAEXJ@Z  00428150 f studio.obj
 0001:00027180       ?SceneNuked@SMCC@@UAEXXZ   00428180 f studio.obj
 0001:000271b0       ?SceneUnnuked@SMCC@@UAEXXZ 004281b0 f studio.obj
 0001:000271e0       ?ActorNuked@SMCC@@UAEXXZ   004281e0 f studio.obj
 0001:00027210       ?EnableActorTools@SMCC@@UAEXXZ 00428210 f studio.obj
 0001:00027240       ?EnableTboxTools@SMCC@@UAEXXZ 00428240 f studio.obj
 0001:00027270       ?TboxSelected@SMCC@@UAEXXZ 00428270 f studio.obj
 0001:000272a0       ?ActorEasel@SMCC@@UAEXPAH@Z 004282a0 f studio.obj
 0001:000272d0       ?SetUndo@SMCC@@UAEXJ@Z     004282d0 f studio.obj
 0001:00027300       ?SceneChange@SMCC@@UAEXXZ  00428300 f studio.obj
 0001:00027330       ?PauseType@SMCC@@UAEXW4WIT@@@Z 00428330 f studio.obj
 0001:00027360       ?Recording@SMCC@@UAEXHH@Z  00428360 f studio.obj
 0001:000273a0       ?StartSoonerLater@SMCC@@UAEXXZ 004283a0 f studio.obj
 0001:000273d0       ?EndSoonerLater@SMCC@@UAEXXZ 004283d0 f studio.obj
 0001:00027400       ?NewActor@SMCC@@UAEXXZ     00428400 f studio.obj
 0001:00027430       ?StartActionBrowser@SMCC@@UAEXXZ 00428430 f studio.obj
 0001:00027460       ?StartListenerEasel@SMCC@@UAEXXZ 00428460 f studio.obj
 0001:00027490       ?GetFniSave@SMCC@@UAEHPAVFNI@@JJJPADPAVSTN@@@Z 00428490 f studio.obj
 0001:000274e0       ?PlayUISound@SMCC@@UAEXJJ@Z 004284e0 f studio.obj
 0001:00027520       ?StopUISound@SMCC@@UAEXXZ  00428520 f studio.obj
 0001:00027550       ?UpdateTitle@SMCC@@UAEXPAVSTN@@@Z 00428550 f studio.obj
 0001:00027580       ?EnableAccel@SMCC@@UAEXXZ  00428580 f studio.obj
 0001:000275b0       ?DisableAccel@SMCC@@UAEXXZ 004285b0 f studio.obj
 0001:000275e0       ?GetStn@SMCC@@UAEXJPAVSTN@@@Z 004285e0 f studio.obj
 0001:00027620       ?SetSndFrame@SMCC@@UAEXH@Z 00428620 f studio.obj
 0001:00027650       ?FMinimized@SMCC@@UAEHXZ   00428650 f studio.obj
 0001:00027680       ?FMinimized@APP@@QAEHXZ    00428680 f studio.obj
 0001:000276b0       ?FWouldBe@TGOB@@SGHJ@Z     004286b0 f tgob.obj
 0001:000276f0       ?FIs@TGOB@@UAEHJ@Z         004286f0 f tgob.obj
 0001:00027720       ?Cls@TGOB@@UAEJXZ          00428720 f tgob.obj
 0001:00027750       ??0TGOB@@QAE@PAUGCB@@@Z    00428750 f tgob.obj
 0001:00027810       ?Draw@TGOB@@UAEXPAVGNV@@PAVRC@@@Z 00428810 f tgob.obj
 0001:00027b40       ?PtgobCreate@TGOB@@SGPAV1@JJJJ@Z 00428b40 f tgob.obj
 0001:00027d60       ?SetAlign@TGOB@@QAEXJJ@Z   00428d60 f tgob.obj
 0001:00027db0       ?MarkMem@TGOB@@UAEXXZ      00428db0 f tgob.obj
 0001:00027e00       ?AssertValid@TGOB@@QAEXK@Z 00428e00 f tgob.obj
 0001:00027e50       ??_GTGOB@@MAEPAXI@Z        00428e50 f tgob.obj
 0001:00027e50       ??_ETGOB@@MAEPAXI@Z        00428e50 f tgob.obj
 0001:00027ff0       ??1TGOB@@MAE@XZ            00428ff0 f tgob.obj
 0001:00028020       ?SetFont@TGOB@@QAEXJ@Z     00429020 f tgob.obj
 0001:00028070       ?FWouldBe@ESL@@SGHJ@Z      00429070 f esl.obj
 0001:000280b0       ?FIs@ESL@@UAEHJ@Z          004290b0 f esl.obj
 0001:000280e0       ?Cls@ESL@@UAEJXZ           004290e0 f esl.obj
 0001:00028110       ?FWouldBe@ESLT@@SGHJ@Z     00429110 f esl.obj
 0001:00028150       ?FIs@ESLT@@UAEHJ@Z         00429150 f esl.obj
 0001:00028180       ?Cls@ESLT@@UAEJXZ          00429180 f esl.obj
 0001:000281b0       ?FWouldBe@ESLA@@SGHJ@Z     004291b0 f esl.obj
 0001:000281f0       ?FIs@ESLA@@UAEHJ@Z         004291f0 f esl.obj
 0001:00028220       ?Cls@ESLA@@UAEJXZ          00429220 f esl.obj
 0001:00028250       ?FWouldBe@SNE@@SGHJ@Z      00429250 f esl.obj
 0001:00028290       ?FIs@SNE@@UAEHJ@Z          00429290 f esl.obj
 0001:000282c0       ?Cls@SNE@@UAEJXZ           004292c0 f esl.obj
 0001:000282f0       ?FWouldBe@ESLL@@SGHJ@Z     004292f0 f esl.obj
 0001:00028330       ?FIs@ESLL@@UAEHJ@Z         00429330 f esl.obj
 0001:00028360       ?Cls@ESLL@@UAEJXZ          00429360 f esl.obj
 0001:00028390       ?FWouldBe@LSND@@SGHJ@Z     00429390 f esl.obj
 0001:000283d0       ?FIs@LSND@@UAEHJ@Z         004293d0 f esl.obj
 0001:00028400       ?Cls@LSND@@UAEJXZ          00429400 f esl.obj
 0001:00028430       ?FWouldBe@ESLR@@SGHJ@Z     00429430 f esl.obj
 0001:00028470       ?FIs@ESLR@@UAEHJ@Z         00429470 f esl.obj
 0001:000284a0       ?Cls@ESLR@@UAEJXZ          004294a0 f esl.obj
 0001:000284d0       ?FBuildGcb@@YGHPAUGCB@@JJ@Z 004294d0 f esl.obj
 0001:000285a0       ?SetGokState@@YGXJJ@Z      004295a0 f esl.obj
 0001:00028620       ?_FInit@ESL@@IAEHPAVRCA@@J@Z 00429620 f esl.obj
 0001:00028720       ??1ESL@@UAE@XZ             00429720 f esl.obj
 0001:00028790       ?FCmdDismiss@ESL@@QAEHPAUCMD@@@Z 00429790 f esl.obj
 0001:00028830       ?AssertValid@ESL@@QAEXK@Z  00429830 f esl.obj
 0001:00028860       ?MarkMem@ESL@@UAEXXZ       00429860 f esl.obj
 0001:000288b0       ?PesltNew@ESLT@@SGPAV1@PAVRCA@@PAVMVIE@@PAVACTR@@PAVSTN@@JPAUTAG@@@Z 004298b0 f esl.obj
 0001:00028b60       ?_FInit@ESLT@@IAEHPAVRCA@@JPAVMVIE@@PAVACTR@@PAVSTN@@JPAUTAG@@@Z 00429b60 f esl.obj
 0001:000293c0       ??1ESLT@@UAE@XZ            0042a3c0 f esl.obj
 0001:00029540       ?FCmdRotate@ESLT@@QAEHPAUCMD@@@Z 0042a540 f esl.obj
 0001:000295b0       ?FCmdTransmogrify@ESLT@@QAEHPAUCMD@@@Z 0042a5b0 f esl.obj
 0001:00029820       ?FCmdStartPopup@ESLT@@QAEHPAUCMD@@@Z 0042a820 f esl.obj
 0001:00029a00       ?FCmdSetFont@ESLT@@QAEHPAUCMD@@@Z 0042aa00 f esl.obj
 0001:00029ae0       ?FCmdSetShape@ESLT@@QAEHPAUCMD@@@Z 0042aae0 f esl.obj
 0001:00029b80       ?FCmdSetColor@ESLT@@QAEHPAUCMD@@@Z 0042ab80 f esl.obj
 0001:00029c30       ?FTextChanged@ESLT@@QAEHPAVSTN@@@Z 0042ac30 f esl.obj
 0001:00029cf0       ?_FAcceptChanges@ESLT@@MAEHPAH@Z 0042acf0 f esl.obj
 0001:0002a280       ?AssertValid@ESLT@@QAEXK@Z 0042b280 f esl.obj
 0001:0002a640       ?FEqual@STN@@QAEHPAV1@@Z   0042b640 f esl.obj
 0001:0002a680       ?MarkMem@ESLT@@UAEXXZ      0042b680 f esl.obj
 0001:0002a780       ?PsneNew@SNE@@SGPAV1@PAVEDPAR@@PAVESLT@@PAVSTN@@@Z 0042b780 f esl.obj
 0001:0002a910       ?FReplace@SNE@@UAEHPADJJJJ@Z 0042b910 f esl.obj
 0001:0002aba0       ?AssertValid@SNE@@QAEXK@Z  0042bba0 f esl.obj
 0001:0002ac40       ?MarkMem@SNE@@UAEXXZ       0042bc40 f esl.obj
 0001:0002ac90       ?PeslaNew@ESLA@@SGPAV1@PAVRCA@@PAVMVIE@@PAVACTR@@@Z 0042bc90 f esl.obj
 0001:0002af00       ?_FInit@ESLA@@IAEHPAVRCA@@JPAVMVIE@@PAVACTR@@@Z 0042bf00 f esl.obj
 0001:0002b380       ??1ESLA@@UAE@XZ            0042c380 f esl.obj
 0001:0002b3e0       ?FCmdRotate@ESLA@@QAEHPAUCMD@@@Z 0042c3e0 f esl.obj
 0001:0002b450       ?FCmdTool@ESLA@@QAEHPAUCMD@@@Z 0042c450 f esl.obj
 0001:0002b530       ?_FAcceptChanges@ESLA@@MAEHPAH@Z 0042c530 f esl.obj
 0001:0002b820       ?AssertValid@ESLA@@QAEXK@Z 0042c820 f esl.obj
 0001:0002b9f0       ?MarkMem@ESLA@@UAEXXZ      0042c9f0 f esl.obj
 0001:0002ba40       ?PesllNew@ESLL@@SGPAV1@PAVRCA@@PAVMVIE@@PAVACTR@@@Z 0042ca40 f esl.obj
 0001:0002bdc0       ?_FInit@ESLL@@IAEHPAVRCA@@JPAVMVIE@@PAVACTR@@@Z 0042cdc0 f esl.obj
 0001:0002c2a0       ?FValidSnd@LSND@@QAEHXZ    0042d2a0 f esl.obj
 0001:0002c3c0       ??1ESLL@@UAE@XZ            0042d3c0 f esl.obj
 0001:0002c460       ?FCmdVlm@ESLL@@QAEHPAUCMD@@@Z 0042d460 f esl.obj
 0001:0002c5b0       ?FCmdPlay@ESLL@@QAEHPAUCMD@@@Z 0042d5b0 f esl.obj
 0001:0002c730       ?_FAcceptChanges@ESLL@@MAEHPAH@Z 0042d730 f esl.obj
 0001:0002ca80       ?AssertValid@ESLL@@QAEXK@Z 0042da80 f esl.obj
 0001:0002cab0       ?MarkMem@ESLL@@UAEXXZ      0042dab0 f esl.obj
 0001:0002cbb0       ??0EDPAR@@QAE@XZ           0042dbb0 f esl.obj
 0001:0002cbf0       ?FInit@LSND@@QAEHJJJJPAPAVGL@@JHJH@Z 0042dbf0 f esl.obj
 0001:0002cf60       ?Play@LSND@@QAEXXZ         0042df60 f esl.obj
 0001:0002d0d0       ?FChanged@LSND@@QAEHPAJPAH@Z 0042e0d0 f esl.obj
 0001:0002d1a0       ??1LSND@@UAE@XZ            0042e1a0 f esl.obj
 0001:0002d230       ?AssertValid@LSND@@QAEXK@Z 0042e230 f esl.obj
 0001:0002d2a0       ?MarkMem@LSND@@UAEXXZ      0042e2a0 f esl.obj
 0001:0002d310       ?PeslrNew@ESLR@@SGPAV1@PAVRCA@@PAVMVIE@@HPAVSTN@@@Z 0042e310 f esl.obj
 0001:0002d590       ?_FInit@ESLR@@IAEHPAVRCA@@JPAVMVIE@@HPAVSTN@@@Z 0042e590 f esl.obj
 0001:0002d980       ??1ESLR@@UAE@XZ            0042e980 f esl.obj
 0001:0002da20       ?_UpdateMeter@ESLR@@IAEXXZ 0042ea20 f esl.obj
 0001:0002db30       ?FCmdRecord@ESLR@@QAEHPAUCMD@@@Z 0042eb30 f esl.obj
 0001:0002dc80       ?FCmdUpdateMeter@ESLR@@QAEHPAUCMD@@@Z 0042ec80 f esl.obj
 0001:0002ddc0       ?FCmdPlay@ESLR@@QAEHPAUCMD@@@Z 0042edc0 f esl.obj
 0001:0002df40       ?_FAcceptChanges@ESLR@@MAEHPAH@Z 0042ef40 f esl.obj
 0001:0002e340       ?Pstn@MSND@@QAEPAVSTN@@XZ  0042f340 f esl.obj
 0001:0002e390       ?AssertValid@ESLR@@QAEXK@Z 0042f390 f esl.obj
 0001:0002e430       ?MarkMem@ESLR@@UAEXXZ      0042f430 f esl.obj
 0001:0002e4c0       ?FHaveSound@SREC@@QAEHXZ   0042f4c0 f esl.obj
 0001:0002e540       ?Arid@ACTR@@QAEJXZ         0042f540 f esl.obj
 0001:0002e590       ??_EESL@@UAEPAXI@Z         0042f590 f esl.obj
 0001:0002e590       ??_GESL@@UAEPAXI@Z         0042f590 f esl.obj
 0001:0002e5d0       ??_EESLT@@UAEPAXI@Z        0042f5d0 f esl.obj
 0001:0002e5d0       ??_GESLT@@UAEPAXI@Z        0042f5d0 f esl.obj
 0001:0002e610       ??_EESLA@@UAEPAXI@Z        0042f610 f esl.obj
 0001:0002e610       ??_GESLA@@UAEPAXI@Z        0042f610 f esl.obj
 0001:0002e650       ??_GLSND@@UAEPAXI@Z        0042f650 f esl.obj
 0001:0002e650       ??_ELSND@@UAEPAXI@Z        0042f650 f esl.obj
 0001:0002e690       ??_EESLL@@UAEPAXI@Z        0042f690 f esl.obj
 0001:0002e690       ??_GESLL@@UAEPAXI@Z        0042f690 f esl.obj
 0001:0002e6d0       ??_EESLR@@UAEPAXI@Z        0042f6d0 f esl.obj
 0001:0002e6d0       ??_GESLR@@UAEPAXI@Z        0042f6d0 f esl.obj
 0001:0002e710       ?Cbset@APE@@QAEJXZ         0042f710 f esl.obj
 0001:0002e740       ?Cbset@BODY@@QAEJXZ        0042f740 f esl.obj
 0001:0002e770       ?Pcmm@ESL@@MAEPAUCMM@CMH@@XZ 0042f770 f esl.obj
 0001:0002e7a0       ??0ESL@@IAE@PAUGCB@@@Z     0042f7a0 f esl.obj
 0001:0002e7e0       ?_FAcceptChanges@ESL@@MAEHPAH@Z 0042f7e0 f esl.obj
 0001:0002e810       ??0SNE@@IAE@PAVEDPAR@@@Z   0042f810 f esl.obj
 0001:0002e850       ??_GSNE@@UAEPAXI@Z         0042f850 f esl.obj
 0001:0002e850       ??_ESNE@@UAEPAXI@Z         0042f850 f esl.obj
 0001:0002e890       ??1SNE@@UAE@XZ             0042f890 f esl.obj
 0001:0002e8c0       ??1EDSL@@UAE@XZ            0042f8c0 f esl.obj
 0001:0002e8f0       ??1EDPL@@UAE@XZ            0042f8f0 f esl.obj
 0001:0002e920       ?Pcmm@ESLT@@MAEPAUCMM@CMH@@XZ 0042f920 f esl.obj
 0001:0002e950       ??0ESLT@@IAE@PAUGCB@@@Z    0042f950 f esl.obj
 0001:0002e990       ?Pcmm@ESLA@@MAEPAUCMM@CMH@@XZ 0042f990 f esl.obj
 0001:0002e9c0       ??0ESLA@@IAE@PAUGCB@@@Z    0042f9c0 f esl.obj
 0001:0002ea00       ?SetVlmNew@LSND@@QAEXJ@Z   0042fa00 f esl.obj
 0001:0002ea30       ?Pcmm@ESLL@@MAEPAUCMM@CMH@@XZ 0042fa30 f esl.obj
 0001:0002ea60       ??0ESLL@@IAE@PAUGCB@@@Z    0042fa60 f esl.obj
 0001:0002eae0       ??0LSND@@QAE@XZ            0042fae0 f esl.obj
 0001:0002eb20       ?Pcmm@ESLR@@MAEPAUCMM@CMH@@XZ 0042fb20 f esl.obj
 0001:0002eb50       ??0ESLR@@IAE@PAUGCB@@@Z    0042fb50 f esl.obj
 0001:0002eba0       ?FWouldBe@APE@@SGHJ@Z      0042fba0 f ape.obj
 0001:0002ebe0       ?FIs@APE@@UAEHJ@Z          0042fbe0 f ape.obj
 0001:0002ec10       ?Cls@APE@@UAEJXZ           0042fc10 f ape.obj
 0001:0002ec40       ?PapeNew@APE@@SGPAV1@PAUGCB@@PAVTMPL@@PAVCOST@@JHPAVRCA@@@Z 0042fc40 f ape.obj
 0001:0002edc0       ?_FInit@APE@@IAEHPAVTMPL@@PAVCOST@@JHPAVRCA@@@Z 0042fdc0 f ape.obj
 0001:0002f1f0       ??1APE@@UAE@XZ             004301f0 f ape.obj
 0001:0002f360       ?SetToolIncCmtl@APE@@QAEXXZ 00430360 f ape.obj
 0001:0002f3f0       ?SetToolIncAccessory@APE@@QAEXXZ 004303f0 f ape.obj
 0001:0002f480       ?FSetAction@APE@@QAEHJ@Z   00430480 f ape.obj
 0001:0002f520       ?FCmdNextCel@APE@@QAEHPAUCMD@@@Z 00430520 f ape.obj
 0001:0002f5c0       ?FDisplayCel@APE@@QAEHJ@Z  004305c0 f ape.obj
 0001:0002f650       ?SetCycleCels@APE@@QAEXH@Z 00430650 f ape.obj
 0001:0002f6b0       ?_InitView@APE@@IAEXXZ     004306b0 f ape.obj
 0001:0002f780       ?SetCustomView@APE@@QAEXGGG@Z 00430780 f ape.obj
 0001:0002f880       ?ChangeView@APE@@QAEXXZ    00430880 f ape.obj
 0001:0002fa00       ?_SetScale@APE@@IAEXXZ     00430a00 f ape.obj
 0001:0002fc00       ?_UpdateView@APE@@IAEXXZ   00430c00 f ape.obj
 0001:0002fc70       ?Draw@APE@@UAEXPAVGNV@@PAVRC@@@Z 00430c70 f ape.obj
 0001:0002fd40       ?FCmdMouseMove@APE@@UAEHPAUCMD_MOUSE@@@Z 00430d40 f ape.obj
 0001:0002fec0       ?FCmdTrackMouse@APE@@UAEHPAUCMD_MOUSE@@@Z 00430ec0 f ape.obj
 0001:00030190       ?_FApplyGms@APE@@IAEHPAUGMS@@J@Z 00431190 f ape.obj
 0001:00030310       ?_FIncCmtl@APE@@IAEHPAUGMS@@JH@Z 00431310 f ape.obj
 0001:00030590       ?_CmidNext@APE@@IAEJJJH@Z  00431590 f ape.obj
 0001:000306a0       ?FChangeTdt@APE@@QAEHPAVSTN@@JPAUTAG@@@Z 004316a0 f ape.obj
 0001:00030910       ?FSetTdtMtrl@APE@@QAEHPAUTAG@@@Z 00431910 f ape.obj
 0001:00030ab0       ?FGetTdtMtrlCno@APE@@QAEHPAK@Z 00431ab0 f ape.obj
 0001:00030ba0       ?GetTdtInfo@APE@@QAEXPAVSTN@@PAJPAUTAG@@@Z 00431ba0 f ape.obj
 0001:00030c60       ?FGetMaterial@APE@@QAEHJPAHPAJPAUTAG@@@Z 00431c60 f ape.obj
 0001:00030d40       ?AssertValid@APE@@QAEXK@Z  00431d40 f ape.obj
 0001:00030f90       ?MarkMem@APE@@UAEXXZ       00431f90 f ape.obj
 0001:000310a0       ?Pcrf@BACO@@QAEPAVCRF@@XZ  004320a0 f ape.obj
 0001:000310d0       ??_GAPE@@UAEPAXI@Z         004320d0 f ape.obj
 0001:000310d0       ??_EAPE@@UAEPAXI@Z         004320d0 f ape.obj
 0001:00031220       ?BrsHalf@@YGJJ@Z           00432220 f ape.obj
 0001:00031240       ?SetBwld@BODY@@QAEXPAVBWLD@@@Z 00432240 f ape.obj
 0001:000312c0       ?Pcmm@APE@@MAEPAUCMM@CMH@@XZ 004322c0 f ape.obj
 0001:000312f0       ??0APE@@IAE@PAUGCB@@@Z     004322f0 f ape.obj
 0001:00031340       ?FWouldBe@MP@@SGHJ@Z       00432340 f popup.obj
 0001:00031380       ?FIs@MP@@UAEHJ@Z           00432380 f popup.obj
 0001:000313b0       ?Cls@MP@@UAEJXZ            004323b0 f popup.obj
 0001:000313e0       ?FWouldBe@MPFNT@@SGHJ@Z    004323e0 f popup.obj
 0001:00031420       ?FIs@MPFNT@@UAEHJ@Z        00432420 f popup.obj
 0001:00031450       ?Cls@MPFNT@@UAEJXZ         00432450 f popup.obj
 0001:00031480       ?PmpNew@MP@@SGPAV1@JJPAVRCA@@PAUCMD@@W4BWS@@JJUCKI@@KPAVCMH@@JH@Z 00432480 f popup.obj
 0001:000318e0       ?_ApplySelection@MP@@MAEXJJ@Z 004328e0 f popup.obj
 0001:000319c0       ?_IthumFromThum@MP@@MAEJJJ@Z 004329c0 f popup.obj
 0001:00031ad0       ?FCmdSelIdle@MP@@UAEHPAUCMD@@@Z 00432ad0 f popup.obj
 0001:00031b40       ?AssertValid@MP@@QAEXK@Z   00432b40 f popup.obj
 0001:00031be0       ?MarkMem@MP@@UAEXXZ        00432be0 f popup.obj
 0001:00031c50       ?PmpfntNew@MPFNT@@SGPAV1@PAVRCA@@JJPAUCMD@@JPAVGST@@@Z 00432c50 f popup.obj
 0001:00031fb0       ?_FSetThumFrame@MPFNT@@MAEHJPAVGOB@@@Z 00432fb0 f popup.obj
 0001:000320b0       ?_ApplySelection@MPFNT@@MAEXJJ@Z 004330b0 f popup.obj
 0001:00032140       ?_AdjustRc@MPFNT@@IAEXJJ@Z 00433140 f popup.obj
 0001:000322d0       ?FCmdSelIdle@MPFNT@@UAEHPAUCMD@@@Z 004332d0 f popup.obj
 0001:00032340       ?AssertValid@MPFNT@@QAEXK@Z 00433340 f popup.obj
 0001:00032370       ?MarkMem@MPFNT@@UAEXXZ     00433370 f popup.obj
 0001:000323e0       ??_9@$BHE@A                004333e0 f popup.obj
 0001:00032500       ?PgobPar@GOB@@QAEPAV1@XZ   00433500 f popup.obj
 0001:00032580       ??0MP@@IAE@PAUGCB@@@Z      00433580 f popup.obj
 0001:000325c0       ??_GMP@@UAEPAXI@Z          004335c0 f popup.obj
 0001:000325c0       ??_EMP@@UAEPAXI@Z          004335c0 f popup.obj
 0001:00032600       ??1MP@@UAE@XZ              00433600 f popup.obj
 0001:00032630       ?Pcmm@MP@@MAEPAUCMM@CMH@@XZ 00433630 f popup.obj
 0001:00032660       ??0MPFNT@@IAE@PAUGCB@@@Z   00433660 f popup.obj
 0001:000326a0       ??_EMPFNT@@UAEPAXI@Z       004336a0 f popup.obj
 0001:000326a0       ??_GMPFNT@@UAEPAXI@Z       004336a0 f popup.obj
 0001:000326e0       ??1MPFNT@@UAE@XZ           004336e0 f popup.obj
 0001:00032710       ?Pcmm@MPFNT@@MAEPAUCMM@CMH@@XZ 00433710 f popup.obj
 0001:00032740       ?Pstdio@APP@@QAEPAVSTDIO@@XZ 00433740 f popup.obj
 0001:00032770       ?FWouldBe@TATR@@SGHJ@Z     00433770 f tatr.obj
 0001:000327b0       ?FIs@TATR@@UAEHJ@Z         004337b0 f tatr.obj
 0001:000327e0       ?Cls@TATR@@UAEJXZ          004337e0 f tatr.obj
 0001:00032810       ?PtatrNew@TATR@@SGPAV1@J@Z 00433810 f tatr.obj
 0001:00032910       ?_FInit@TATR@@IAEHJ@Z      00433910 f tatr.obj
 0001:00032990       ??1TATR@@UAE@XZ            00433990 f tatr.obj
 0001:00032a30       ?FCmdLoad@TATR@@QAEHPAUCMD@@@Z 00433a30 f tatr.obj
 0001:00032e40       ?FCmdPlay@TATR@@QAEHPAUCMD@@@Z 00433e40 f tatr.obj
 0001:00032f20       ?FCmdStop@TATR@@QAEHPAUCMD@@@Z 00433f20 f tatr.obj
 0001:00032fb0       ?FCmdRewind@TATR@@QAEHPAUCMD@@@Z 00433fb0 f tatr.obj
 0001:00033070       ?AssertValid@TATR@@QAEXK@Z 00434070 f tatr.obj
 0001:00033110       ?MarkMem@TATR@@UAEXXZ      00434110 f tatr.obj
 0001:000331a0       ??_GTATR@@UAEPAXI@Z        004341a0 f tatr.obj
 0001:000331a0       ??_ETATR@@UAEPAXI@Z        004341a0 f tatr.obj
 0001:00033340       ?Pcmm@TATR@@MAEPAUCMM@CMH@@XZ 00434340 f tatr.obj
 0001:00033370       ??0TATR@@IAE@J@Z           00434370 f tatr.obj
 0001:000333b0       ?FPortDisplayWithIds@@YGHPAVFNI@@HJJJPADPAVSTN@@0KK@Z 004343b0 f portf.obj
 0001:00033630       ?FPortGetFniOpen@@YGHPAVFNI@@PAD10KK@Z 00434630 f portf.obj
 0001:00033930       ?FPortGetFniSave@@YGHPAVFNI@@PAD11PAVSTN@@KK@Z 00434930 f portf.obj
 0001:00033f60       ?OpenHookProc@@YGIPAUHWND__@@IIJ@Z 00434f60 f portf.obj
 0001:00035190       ??0RC@@QAE@AAUtagRECT@@@Z  00436190 f portf.obj
 0001:000351c0       ?RepaintPortfolio@@YGXPAUHWND__@@@Z 004361c0 f portf.obj
 0001:00035870       ?OpenPreview@@YGXPAUHWND__@@PAVGNV@@PAUtagRECT@@@Z 00436870 f portf.obj
 0001:00035be0       ?SubClassBtnProc@@YGJPAUHWND__@@IIJ@Z 00436be0 f portf.obj
 0001:00035c50       ?SubClassPreviewProc@@YGJPAUHWND__@@IIJ@Z 00436c50 f portf.obj
 0001:00035f50       ?SubClassDlgProc@@YGJPAUHWND__@@IIJ@Z 00436f50 f portf.obj
 0001:000361b0       ??1ERS@@UAE@XZ             004371b0 f portf.obj
 0001:000361e0       ??1MUTX@@QAE@XZ            004371e0 f portf.obj
 0001:00036260       ?SetFInPortfolio@APP@@QAEXH@Z 00437260 f portf.obj
 0001:000362b0       ?GetFniUser@APP@@QAEXPAVFNI@@@Z 004372b0 f portf.obj
 0001:000362e0       _wHaveWaveDevice@4         004372e0 f mminstal.obj
 0001:000363d0       _wHaveACM@0                004373d0 f mminstal.obj
 0001:00036430       _wHaveACMCodec@4           00437430 f mminstal.obj
 0001:000364b0       _wHaveICMCodec@4           004374b0 f mminstal.obj
 0001:00036500       _wHaveMCI@4                00437500 f mminstal.obj
 0001:00036580       ?fRunningWin95@@YGHXZ      00437580 f mminstal.obj
 0001:000365d0       _wInstallComp@4            004375d0 f mminstal.obj
 0001:00036960       ?FWouldBe@USAC@@SGHJ@Z     00437960 f utilglob.obj
 0001:000369a0       ?FIs@USAC@@UAEHJ@Z         004379a0 f utilglob.obj
 0001:000369d0       ?Cls@USAC@@UAEJXZ          004379d0 f utilglob.obj
 0001:00036b10       ??1RND@@UAE@XZ             00437b10 f utilglob.obj
 0001:00036b40       ??1KCDC@@UAE@XZ            00437b40 f utilglob.obj
 0001:00036b70       ??0KCDC@@QAE@XZ            00437b70 f utilglob.obj
 0001:00036bb0       ??1USAC@@UAE@XZ            00437bb0 f utilglob.obj
 0001:00036c00       ??1CODC@@UAE@XZ            00437c00 f utilglob.obj
 0001:00036c30       ??_EKCDC@@UAEPAXI@Z        00437c30 f utilglob.obj
 0001:00036c30       ??_GKCDC@@UAEPAXI@Z        00437c30 f utilglob.obj
 0001:00036c70       ??0CODC@@QAE@XZ            00437c70 f utilglob.obj
 0001:00036cb0       ??_ECODC@@UAEPAXI@Z        00437cb0 f utilglob.obj
 0001:00036cb0       ??_GCODC@@UAEPAXI@Z        00437cb0 f utilglob.obj
 0001:00036cf0       ??0MUTX@@QAE@XZ            00437cf0 f utilglob.obj
 0001:00036d20       ?FCanDo@KCDC@@UAEHHJ@Z     00437d20 f utilglob.obj
 0001:00036d70       ?MarkUtilMem@@YGXXZ        00437d70 f util.obj
 0001:00036ec0       ?PfilNext@FIL@@QAEPAV1@XZ  00437ec0 f util.obj
 0001:00036ef0       ?PfilFirst@FIL@@SGPAV1@XZ  00437ef0 f util.obj
 0001:00036f10       ?PcflNext@CFL@@QAEPAV1@XZ  00437f10 f util.obj
 0001:00036f40       ?FWouldBe@BLL@@SGHJ@Z      00437f40 f base.obj
 0001:00036f80       ?FIs@BLL@@UAEHJ@Z          00437f80 f base.obj
 0001:00036fb0       ?Cls@BLL@@UAEJXZ           00437fb0 f base.obj
 0001:00036fe0       ?Cls@BASE@@UAEJXZ          00437fe0 f base.obj
 0001:00037010       ?FIs@BASE@@UAEHJ@Z         00438010 f base.obj
 0001:00037050       ?FWouldBe@BASE@@SGHJ@Z     00438050 f base.obj
 0001:00037080       ??0BASE@@QAE@XZ            00438080 f base.obj
 0001:00037160       ?_PbaseFromDoi@@YGPAVBASE@@PAUDOI@@@Z 00438160 f base.obj
 0001:00037180       ?_Enter@@YGXXZ             00438180 f base.obj
 0001:000371a0       ?_Leave@@YGXXZ             004381a0 f base.obj
 0001:000371c0       ?AddRef@BASE@@UAEXXZ       004381c0 f base.obj
 0001:00037250       ?Release@BASE@@UAEXXZ      00438250 f base.obj
 0001:00037300       ??2BASE@@SGPAXIPADJ@Z      00438300 f base.obj
 0001:000374d0       ??3BASE@@SGXPAX@Z          004384d0 f base.obj
 0001:00037550       ?_PdoiFromBase@@YGPAUDOI@@PAX@Z 00438550 f base.obj
 0001:00037570       ?AssertValid@BASE@@QAEXK@Z 00438570 f base.obj
 0001:000376a0       ?MarkMemStub@BASE@@QAEXXZ  004386a0 f base.obj
 0001:00037780       ?MarkMem@BASE@@UAEXXZ      00438780 f base.obj
 0001:000377d0       ?_AssertDoi@@YGXPAUDOI@@H@Z 004387d0 f base.obj
 0001:000379c0       ?_LinkDoi@@YGXPAUDOI@@PAPAU1@@Z 004389c0 f base.obj
 0001:00037a40       ?_UnlinkDoi@@YGXPAUDOI@@@Z 00438a40 f base.obj
 0001:00037ac0       ?AssertUnmarkedObjs@@YGXXZ 00438ac0 f base.obj
 0001:00037d90       ?UnmarkAllObjs@@YGXXZ      00438d90 f base.obj
 0001:00037ea0       ??0BLL@@QAE@XZ             00438ea0 f base.obj
 0001:00037ef0       ??1BLL@@UAE@XZ             00438ef0 f base.obj
 0001:00037f40       ?_Attach@BLL@@IAEXPAX@Z    00438f40 f base.obj
 0001:000380e0       ?AssertValid@BLL@@QAEXK@Z  004390e0 f base.obj
 0001:000381e0       ??_GBLL@@UAEPAXI@Z         004391e0 f base.obj
 0001:000381e0       ??_EBLL@@UAEPAXI@Z         004391e0 f base.obj
 0001:00038220       ?PvAddBv@@YGPAXPAXJ@Z      00439220 f base.obj
 0001:00038240       ?PvSubBv@@YGPAXPAXJ@Z      00439240 f base.obj
 0001:00038260       ?Enter@MUTX@@QAEXXZ        00439260 f base.obj
 0001:00038290       ?Leave@MUTX@@QAEXXZ        00439290 f base.obj
 0001:000382c0       ?LwThreadCur@@YGJXZ        004392c0 f base.obj
 0001:000382e0       ?FillPb@@YGXPAXJE@Z        004392e0 f utilcopy.obj
 0001:00038340       ?ClearPb@@YGXPAXJ@Z        00439340 f utilcopy.obj
 0001:00038390       ?ReversePb@@YGXPAXJ@Z      00439390 f utilcopy.obj
 0001:000383f0       ?ReverseRglw@@YGXPAXJ@Z    004393f0 f utilcopy.obj
 0001:00038450       ?SwapBlocks@@YGXPAXJJ@Z    00439450 f utilcopy.obj
 0001:000384d0       ?SwapPb@@YGXPAX0J@Z        004394d0 f utilcopy.obj
 0001:00038570       ?MoveElement@@YGXPAXJJJ@Z  00439570 f utilcopy.obj
 0001:00038680       ?FEqualRgb@@YGHPAX0J@Z     00439680 f utilcopy.obj
 0001:00038700       ?CbEqualRgb@@YGJPAX0J@Z    00439700 f utilcopy.obj
 0001:00038790       ?FcmpCompareRgb@@YGKPAX0J@Z 00439790 f utilcopy.obj
 0001:00038840       ?CopyPb@@YGXPAX0J@Z        00439840 f utilcopy.obj
 0001:000388e0       ?BltPb@@YGXPAX0J@Z         004398e0 f utilcopy.obj
 0001:000389c0       ?FWouldBe@ERS@@SGHJ@Z      004399c0 f utilerro.obj
 0001:00038a00       ?FIs@ERS@@UAEHJ@Z          00439a00 f utilerro.obj
 0001:00038a30       ?Cls@ERS@@UAEJXZ           00439a30 f utilerro.obj
 0001:00038a60       ??0ERS@@QAE@XZ             00439a60 f utilerro.obj
 0001:00038ab0       ?Push@ERS@@UAEXJPADJ@Z     00439ab0 f utilerro.obj
 0001:00038c70       ?FPop@ERS@@UAEHPAJ@Z       00439c70 f utilerro.obj
 0001:00038d70       ?Clear@ERS@@UAEXXZ         00439d70 f utilerro.obj
 0001:00038de0       ?Cerc@ERS@@UAEJXZ          00439de0 f utilerro.obj
 0001:00038e30       ?FIn@ERS@@UAEHJ@Z          00439e30 f utilerro.obj
 0001:00038f00       ?ErcGet@ERS@@UAEJJ@Z       00439f00 f utilerro.obj
 0001:00038fa0       ?Flush@ERS@@UAEXJ@Z        00439fa0 f utilerro.obj
 0001:00039090       ?AssertValid@ERS@@QAEXK@Z  0043a090 f utilerro.obj
 0001:00039130       ??_EERS@@UAEPAXI@Z         0043a130 f utilerro.obj
 0001:00039130       ??_GERS@@UAEPAXI@Z         0043a130 f utilerro.obj
 0001:00039170       ?LwGcd@@YGJJJ@Z            0043a170 f utilint.obj
 0001:000391a0       ?LuGcd@@YGKKK@Z            0043a1a0 f utilint.obj
 0001:00039230       ?SortLw@@YGXPAJ0@Z         0043a230 f utilint.obj
 0001:00039280       ?LuMulDiv@@YGKKKK@Z        0043a280 f utilint.obj
 0001:000392e0       ?MulLu@@YGXKKPAK0@Z        0043a2e0 f utilint.obj
 0001:00039310       ?LwMulDivAway@@YGJJJJ@Z    0043a310 f utilint.obj
 0001:000393a0       ?LwDivAway@@YGJJJ@Z        0043a3a0 f utilint.obj
 0001:00039450       ?LwRoundAway@@YGJJJ@Z      0043a450 f utilint.obj
 0001:000394e0       ?LwRoundToward@@YGJJJ@Z    0043a4e0 f utilint.obj
 0001:00039550       ?LwRoundClosest@@YGJJJ@Z   0043a550 f utilint.obj
 0001:000395f0       ?FAdjustIv@@YGHPAJJJJ@Z    0043a5f0 f utilint.obj
 0001:000396a0       ?LwMul@@YGJJJ@Z            0043a6a0 f utilint.obj
[...]
FIXUPS: a99b7 45 d 3b d 11 2a d 48 d 1f 47 d 1a 2b 75 20 2e 25 1b 2c 34
FIXUPS: a9d59 30 30 15 1b 34 c 20 23 fffff66f 30 23 d 42 2c 26 4e d 55
FIXUPS: a9699 71 23 d 10 20 d 32 23 1a 23 26 1b 8 b 2d 2a d 1b 76 f 2b
FIXUPS: a8f75 4d 66 32 78 23 d 37 12 30 23 d 2e 26 13 26 13 12 43 12 27
FIXUPS: a92fc 18 b 4a 60 17 1d 74 23 d 28 fffff7e0 17 34 23 d 2e 10 10
FIXUPS: a8d8b 19 13 13 13 16 16 16 e e 1e 13 8 18 1d 2a 23 d 10 8 b d b
FIXUPS: a8f4f fffff54c af d d2 26 16 4a 53 1a 9d 30 20 30 3c 24 40 60 23
FIXUPS: a8999 20 40 120 30 e 24 31 a 34 1f 22 1e 30 fffff2e9 23 d 27 12
FIXUPS: a7ffb 23 d 55 29 3c 23 d 14 15 3d 1e 26 3a 13 1d 26 3e 2f 20 17
FIXUPS: a8307 55 2d 60 23 75 fffff51e 29 27 23 d 22 10 15 6 b 29 27 23
FIXUPS: a7af7 31 d 18 1c 26 13 18 2a 10 29 12 2a e 32 60 1a0 17 1d fffff65c
FIXUPS: a754f 1b 21 1e e 18 1d d 36 14 21 d 16 5f 33 23 2d 23 2d 25 2b
FIXUPS: a782c 32 23 d 2b 23 16 37 17 2d fffff640 b 12 1b 57 1e 25 15 25
FIXUPS: a70df 43 47 26 23 29 4e 26 38 30 1d 43 18 19 59 26 32 27 59 23
FIXUPS: a74b7 1d d fffff6e0 15 33 26 14 26 26 26 1a 15 6 2f 26 18 22 26
FIXUPS: a6dbf 1a 26 18 22 29 32 23 d 10 12 15 34 41 e 1b fffff7a0 26 32
FIXUPS: a67b4 d 1b 54 29 23 16 22 31 3d 27 26 1b 3d 32 16 22 d 25 26 23
FIXUPS: a6ac7 18 23 27 23 d 30 23 fffff5f4 36 1c 27 23 4d 1e 20 d 1a 29
FIXUPS: a633e 23 d d 4e 23 38 35 23 4d 30 14 26 d 1a 65 a2 3b 2d 30 19
FIXUPS: a5c19 30 80 24 d 6f 29 19 8 76 2f 41 d 2a d 1d 20 d 14 20 d d 8
FIXUPS: a5f8c 8a d 3f 17 70 e 29 12 fffff5b7 49 27 f 21 49 27 f 21 49 27
FIXUPS: a58a8 21 49 27 f 41 30 10 70 20 d 52 20 d 4d 27 26 2b 1d d 38 81a6
FIXUPS: addc2 10 19 19 13 13 13 16 16 16 e e ffff7577 27 f 21 49 27 f 21
FIXUPS: a5552 27 f 21 49 27 f 21 49 27 f 82af 36 d 14 17 74 23 36 27 23
FIXUPS: adb3a d 62 10 2d 5f d 27 10 8 18 23 20 1b 5 5 5 23 13 1d e 13 fffff3e2
FIXUPS: ad209 23 23 14 26 5a d 99 61 20 8f 23 3e d d0 25 5d 23 18 b b 33
FIXUPS: ad6ea 6d 46 8c 23 5f d 81 23 fffff34d f 21 33 1d e 2e 34 23 32
FIXUPS: ace0b 3e 23 13 8 18 13 37 23 32 5c d 58 d 1c 12 5d 43 3f 23 16
FIXUPS: ad15a a97f 12 2d 1e 13 32 d 21 26 13 18 1d 5 1d e 13 1f e 13 1f
FIXUPS: b7cc7 32 e 32 e 13 1f e 13 1f 13 ffff4eb6 a83c 5a 23 d d f 10 16
FIXUPS: b75aa d 20 1e 2e 86 29 117 23 3d 23 32 23 d a7 23 d 32 23 d 10
FIXUPS: b7a3c 1a 38 fffff690 d 2c 23 d 10 b b 1c 2a 23 d d d 8 d 10 d 8
FIXUPS: b7283 11 15 4e 2a 34 50 34 49 17 23 32 23 fffff92d 17 14 28 38
FIXUPS: b6e7d c 25 d 2c 23 d 10 b 1a 2d 23 13 c 27 23 d 10 b b 11 17 14
FIXUPS: b70a4 35 14 c fffff8af 48 11 35 14 23 20 d 41 5e 26 18 8 c 1b 9
FIXUPS: b6bc3 21 d 61 33 11 3c 47 23 13 c 27 23 d 10 b fffff899 b b 1d
FIXUPS: b66a2 19 1e 32 21 d 1b c 23 d 22 20 c 12 27 26 6 26 26 18 8 c 8
FIXUPS: b68d2 b 54 1c 32 fffff95f d c 8 c 8 10 8 10 28 9 1f 49 1e 19 1b
FIXUPS: b642f 25 ae 25 18 1b 11 1e 22 21 19 e 26 23 13 c fffff7b3 24 d
FIXUPS: b5e53 6b 4f d 31 d 97 2f 51 23 9 e 28 c 17 19 19 18 1a 11 11 23
FIXUPS: b61c0 14 33 52 23 32 23 fffff897 c 8 f 4e 23 32 23 d d d 8 10 8
FIXUPS: b5ca4 8 f b b 31 27 26 32 23 d d c 8 10 8 c 8 fffff8b3 2d 20 88
FIXUPS: b57f9 2e 62 26 32 23 d d d 8 10 8 c 8 f 8 81 31 2e 53 23 32 23
FIXUPS: b5b2e d d 8 10 fffff626 b b 8 7d 35 29 1f 13 1c 82 d a8 d 12 49
FIXUPS: b5495 2b 24 d 2f d 27 2e 77 26 32 23 d d c 8 fffff777 26 1b d 8
FIXUPS: b4e7b 8 f 8 7d 31 2e 53 23 1b d 8 c 8 f b b 2c 28 26 1b d 27 32
FIXUPS: b5163 c 8 fffff60f 22 18 22 b7 26 13 c 8 10 b b b b 1d 8c 33 18
FIXUPS: b4a44 2d 3c 5c 64 d 44 5b 80 6c 23 d 29 29 fffff54d 18 d 19 27
FIXUPS: b4354 b b b a8 6 72 72 75 2d 23 13 c b b b 1d 22 2c 42 19 16 24
FIXUPS: b471c 1f 12 12 fffff741 20 d 1e 14 19 14 9d 11 2f 26 13 d 8 f 59
FIXUPS: b40f2 18 2e 2a 3c 4b 11 b 8 e 8 13 4a 13 18 16 fffff79b 27 2b 30
FIXUPS: b3aff c 28 21 c 7b 5e 23 13 c b b b 1d 20 48 40 19 16 24 10 1f
FIXUPS: b3df9 15 32 17 1c 19 fffff7d3 29 c 19 14 37 30 50 1f 2c d 2d 21
FIXUPS: b383b d 1a 10 27 18 b b b b 39 19 34 1b 65 1e 15 18 23 fffff801
FIXUPS: b3297 1a 58 16 b a 3e 27 e c 8 10 4b d 4b 1f 29 21 1d d 22 3c 21
FIXUPS: b359d d 1c 1e d 2d c 27 fffff7db 53 1a 24 d 44 d 21 15 1a 3a 64
FIXUPS: b3022 14 23 19 14 23 11 b 9 a b 3d 45 1a 5a 11 b 9 a b fffff7a0
FIXUPS: b29c4 1f 21 15 13 32 16 4f 26 40 16 d b 1d 33 1a 54 25 1e 9 2f
FIXUPS: b2c9c 29 d 1b 65 37 24 d 44 d fffff804 c 8 f 10 58 1b 11 13 22
FIXUPS: b2732 16 30 24 13 65 20 11 24 13 29 d 24 f 15 16 24 15 13 1a b
FIXUPS: b2998 fffff890 c 18 34 71 2d c 54 26 d 17 13 1f c 1d 26 f 21 30
FIXUPS: b24bd c 25 16 2d 17 13 23 c 10 18 27 23 fffff7d1 36 8 1a 1f 2d
FIXUPS: b1e8a 1a 1c 1d d 19 5a 66 50 5a 1d d 13 18 33 8 20 31 8 23 26 18
FIXUPS: b21d9 23 16 b fffff6c4 d 2e 2d 23 1e 1f 2c 35 16 35 d 1a 2a 12
FIXUPS: b1b09 1e 5d 15 a3 2d 15 1b 2c 32 23 d 10 8 8 4f 14 fffff7d8 10
FIXUPS: b15a2 19 19 13 13 13 16 16 16 e e 1e 29 16 15 3b d 29 19 6 1b 20
FIXUPS: b17b5 16 18 15 26 4b 23 32 fffff83f 24 27 1c 22 17 2d 42 1d 38
FIXUPS: b12a5 1c 17 30 18 2a 6 1d 6 1b 1c 19 30 1b 1c 63 1a 19 11 33 33
FIXUPS: b1554 fffff6f8 32 20 49 9f 26 18 30 45 2d 33 30 23 d d 14 17 1c
FIXUPS: b0f5d 12 1b 17 25 21 18 18 20 d 14 35 19 19 fffff6bc 1e 16 e e
FIXUPS: b07f9 c7 19 30 12 33 23 d 38 21 12 6 1f 2c 24 d 3e 26 13 1e 23
FIXUPS: b0b49 2d 1f 19 2a 51 fffff819 23 d 10 b 1a 22 23 13 c 27 23 d 10
FIXUPS: b057d b 21 23 32 23 d 1d 1e 20 23 32 23 d d 1b 1b 22 fffff89f f
FIXUPS: b0055 4e 42 74 26 32 23 d d d 8 10 8 c 8 f 1f 49 53 2d 23 d d d
FIXUPS: b0378 10 51 23 13 c fffff7b0 59 25 23 28 23 d 12 20 d 14 62 23
FIXUPS: afdb7 40 42 26 1b d 8 c 8 f 1b 49 53 26 32 23 d d c fffff72f 23
FIXUPS: af776 37 22 3c 6e d 23 23 13 d 2f 35 33 3c 1e 1c 23 13 d 8 48 36
FIXUPS: afaf6 33 23 13 d 8 10 10 fffff665 f6 3a 23 13 d 17 56 23 13 d 8
FIXUPS: af434 d 18 39 37 23 34 28 17 c 2b 41 22 23 2b 11 21 19 c 2b fffff6c6
FIXUPS: aedd9 23 13 5a 23 13 2c 1e 23 13 d 8 f 13 2b 62 8 18 2f 20 32 d
FIXUPS: af0cc 8 1b 2c 1a a 18 38 2c fffff7fe 23 13 d 8 d 10 28 30 30 23
FIXUPS: aeb09 26 1b d 8 d b b 1e 17 34 9 c 1f 51 14 f 80 1f 27 23 fffff79d
FIXUPS: ae549 32 20 48 d 14 27 d 36 15 60 12 2f 35 2b 35 1d 14 5f 14 e
FIXUPS: ae876 2a d 10 1c 23 2d 23 33 d fffff74d f 21 49 27 f 21 30 12 2d
FIXUPS: ae238 d 10 33 d 15 13 13 1f 2d 2b 22 d 43 26 13 18 1f 16 b 3f 76
FIXUPS: c0599 10 c 13 10 1e 12 28f 5 1d e 13 1f e 22 e 13 1f 13 fffed556
FIXUPS: adef9 f 21 49 27 f 21 49 27 f 21 49 11d66 14 27 26 29 16 b b b
FIXUPS: bfee7 27 a6 18 10 c 25 122 1fa 23 16 1a 2d 23 16 1a 2d 14 b b 2a
FIXUPS: c048f ed fffff331 36 23 d d 60 1c 59 10 30 6e 26 23 16 b 25 1c
FIXUPS: bfb99 af 29 34 21 23 14 34 28 23 16 b 25 1c f fffff621 1d 1e 23
FIXUPS: bf4ac 2d 16 d e c e c 8 22 19 22 11 33 29 35 52 11 3a 26 1c 34
FIXUPS: bf7c9 34 1c 23 24 34 fffff745 33 2d 24 1c 24 1c 23 16 13 e 3b 1c
FIXUPS: bf180 2d 14 20 28 23 19 12 12 4d 31 52 23 16 d 2b 1c 15 16 fffff6f8
FIXUPS: beb0c 1b 42 23 13 8 44 8 39 16 2d 9 83 1a 24 23 2d 23 2d 23 16
FIXUPS: bee1d 42 2a 16 e 2c 30 17 1d 8c fffff44d 3a 3a 20 32 16 20 2d 15
FIXUPS: be565 25 d 46 d 1b a4 64 a4 70 23 49 12c e 18 28 b a 1d 14 1c 30
FIXUPS: beabc fffff292 24 15 36 24 15 2d 24 15 16 24 15 1e 30 16 8 1eb
FIXUPS: be14c 37 1b 14 17 54 51 4b 40 79 3e 18 10 c 25 fffff60c 24 23 32
FIXUPS: bdab1 d d 8 e 3a 18 24 15 29 24 23 32 23 d 13 c e c 8 8 8 8 8 1e
FIXUPS: bdcd9 1c e fffff83c 28 1c 2e 14 12 10 12 45 5f 10 17 1c 10 b 26
FIXUPS: bd768 22 1e a 25 12 1a 15 6 5b 23 3d 30 23 a0 16 fffff514 38 74
FIXUPS: bd00e 1d 5c 38 3c 3e 23 13 25 39 a 10 35 4d 23 16 b 3c 23 19 12
FIXUPS: bd349 b2 4c 2e 5 32 5d 23 fffff4c1 30 d 58 d 14 1d 16 31 3e 2b
FIXUPS: bcb7e 9 1a 88 30 30 30 30 20 23 16 8 52 d 8d d 2a d 13 11 38 fffff516
FIXUPS: bc428 6d 6a 12 78 23 13 8 8 e 2f 58 55 2d 23 d 10 67 2c 30 23 d
FIXUPS: bc829 8 b b 11 35 21 f 58 fffff65b 49 e e 1e 6 1b 6 15 1f 4a 9f
FIXUPS: bc150 c 19 46 12 14 2d d 4c d 1a 58 4f 18 27 d 14 a 19 27 fffff6a8
FIXUPS: bba94 e c e c 1b 64 22 23 19 d e 10 10 39 d 32 15 50 31 7b e 8
FIXUPS: bbd8f 20 e 52 91 f 40 14 fffff73c e e 1e 23 19 c b b b b 14 73
FIXUPS: bb7b9 29 1c c 11 e 8 b a2 30 d 54 d 14 1a 1f 50 30 23 fffff6bd
FIXUPS: bb134 8 b 97 9e c 47 30 d 55 d 14 b 13 35 8b d 14 4e d 46 50 10
FIXUPS: bb592 19 19 13 13 13 16 16 fffff5b3 3d d 2c d cf 36 19 38 94 30
FIXUPS: bae8a b 74 30 30 30 23 16 8 e f 2c 29 28 25 29 16 11 e b 11 fffff52d
FIXUPS: ba656 c 16 24 d6 23 26 5e 29 1c c b 8 b dd 30 d 5d 1c 19 39 d 71
FIXUPS: baaf8 11 d 11 13 77 d 11 fffff680 10 b b b 17 7 35 19 4a 1c 1b
FIXUPS: ba381 40 27 d 40 1f 48 2a 19 d 1f 12 1a 1f 40 e 17 3c c 25 fffff631
FIXUPS: b9c7c 1b b b 18 99 99 d 44 d 13 2d 7d 71 d 29 d 53 29 13 3a 10
FIXUPS: ba0dd d 40 63 5c 23 19 c e fffff36e 2c 1e d 28 18 46 3e 69 38 23
FIXUPS: b97a5 c b b 18 99 97 d 44 d 13 2d 7d 71 d 29 d 53 29 34 63 fffff4f8
FIXUPS: b90f9 8 1e 23 27 23 13 18 51 b 21 22 1d 63 58 1b 1d 33 23 17 16
FIXUPS: b9409 23 1b b b 13 6 3f c2 d fffff605 23 36 30 3c 3b 23 13 10 30
FIXUPS: b8d22 51 1c 40 1a 16 26 36 5e 2c 8a 1a 10 33 23 d 13 13 33 23 d
FIXUPS: b90bd fffff4a0 13 5a 5f 3b d 2c 10 86 8 2a d 94 16 32 39 32 23
FIXUPS: b88ef 56 8 5c 23 74 d d 54 1e 8 39 34 2f fffff45f c 8 10 21 d d
FIXUPS: b809e 32 2c 7e 7b 25 17 13 17 23 4b 23 13 1b 34 43 7b 1a 96 31
FIXUPS: b8502 10 d 17 17 952c 30 12 2e e 13 1f 13 1d 12 2e e 13 1f 13 ffff621d
FIXUPS: b7e1d 2d 20 d 32 20 d 23 11 b 27 20 d 2c 20 d 97a2 11 19 28 20
FIXUPS: c17e3 d 7 20 d d c 12 6d 4b 5 1d e 13 28 10 10 19 19 13 13 13 16
FIXUPS: c1a29 16 e e fffff79c d d 3a 25 d 18 8f 4a 2b 13 10 a 6d 18 15
FIXUPS: c1489 23 16 f b 4c 8 28 28 8 21 150 b 8 1e b fffff414 30 12 3e
FIXUPS: c0c1b 1e 28 d 9b e 1e 22 d 11 74 32 d d 31 11 1a 19 38 12f 4d 4f
FIXUPS: c10d0 84 f 26 40 e 2fbb 31 23 d 27 d 15 10 3d d 23 26 13 18 1d
FIXUPS: c4349 e 13 1f e 13 ffffc608 27 f 21 49 27 f 21 49 27 f 3350 e b
FIXUPS: c3eaa 1d d 38 d f 1d d 13 1d d 14 1d d f 1e d 10 22 12 37 d 37
FIXUPS: c40e9 d 26 29 f 31 fffffa1c 18 11 6 a 34 d 32 18 e 1d d 35 13 1d
FIXUPS: c3d0f 18 24 d 15 f 1d d f 1e d 1e 21 d 1c 6 9 fffff97d 1f 27 20
FIXUPS: c387c 1d d 1b 20 38 26 1e 16 d 12 2a 1c 24 d 15 1c 21 d 20 19 1c
FIXUPS: c3acf d 3d 26 32 23 fffff7b0 31 6c 1c 36 d 23 2e 20 d 1e 42 20
FIXUPS: c354b 21 20 3d 26 32 23 d 18 16 21 21 27 9 c 9 19 30 49 fffff75f
FIXUPS: c2f17 d 25 3b d 1b 20 3d 26 1e 16 10 d 2a 21 29 1a 36 18 20 39
FIXUPS: c31d7 d 2b 1d 39 19 4d d 1a 1c fffff74b 20 26 32 23 d 18 16 13
FIXUPS: c2b58 2e 2a 1a 69 58 45 1b 1f e 28 32 24 d 2b 36 d 26 1b 1b 24
FIXUPS: c2e9f 2d fffff679 b 2d 1c 80 23 1e b 18 2e 27 3b 21 d 40 22 34
FIXUPS: c2809 44 3c 23 1e 15 24 9 1a 1d 14 51 63 23 d fffff6df 25 4f 35
FIXUPS: c21d0 35 30 d 2e 39 12 13 13 19 c 10 1e 25 13 8 c 19 e 3d 25 2f
FIXUPS: c245b 29 60 15 23 1e fffff7df 30 e 47 2b 2f 17 d 1d 23 1b 22 23
FIXUPS: c1eda 16 d 22 6 6 1e 26 1b d 13 16 17 1b 47 1e 2c 56 26 32e9 15
FIXUPS: c5416 21 5 1d e 13 1f 13 26 10 10 19 19 13 13 13 16 16 16 e e 1e
FIXUPS: c55ef ffffc633 27 f 21 49 27 f 3393 22 d 19 26 23 13 c 10 22 d
FIXUPS: c5191 14 24 23 13 c 10 22 d 19 26 29 16 b b 16 b 4f 22 39 29 fffff985
FIXUPS: c4d64 d 28 29 16 c 27 23 d 18 f b 29 d 2d 29 19 c 20 d 14 e 24
FIXUPS: c4fbc 49 9 b 20 23 13 c fffff87f 1e 19 19 20 20 d 2a 47 25 d 2f
FIXUPS: c4a79 80 e 26 4c 38 58 23 13 c 27 23 d 15 2c d 11 15 1b 9 fffff780
FIXUPS: c44d3 3a 4c 29 16 f 25 d 17 a 3f 23 22 23 1e 19 71 29 16 25 d 15
FIXUPS: c47d9 3f 2e 19 22 19 1e 19 17 224a 25 d 27 d 2a d 34 34 5 26 10
FIXUPS: c6c82 19 19 13 13 13 16 16 16 e e 1e 16 ffffd663 27 f 21 30 10
FIXUPS: c44a9 22e0 23 32 23 d 15 b 25 d 31 d 2a d d 37 23 32 23 d 15 b
FIXUPS: c69e3 d 27 d 2a d 34 f 4b 23 1b fffff8a2 16 b 25 d 27 d 2a d 42
FIXUPS: c64df b 25 d 27 d 2a d 42 29 32 23 d 1b e 2b d 37 d 30 d 34 fffff73f
FIXUPS: c5ecb 1b 53 27 b 1c d2 60 1e 27 2c d 2f d 56 16 b 25 d 27 d 5d
FIXUPS: c62ba 2f 16 b 25 d 27 d 17 fffff5b7 2f ef d 2d 2e 6 2a d 13 75
FIXUPS: c5b94 8 96 23 d 5f 17 3b 40 b 1c 1a 1e 15 1c c 11 c a 9 53 4e17
FIXUPS: cacac 1b 1b d 1e 26 26 10 16 4d d 23 1c 1f 5 1d e 13 1f e 13 1f
FIXUPS: caee7 13 ffffa70f b8 25 d 1a 125 91 4f28 1e 23 1b d 1b 1b 16 19
FIXUPS: ca8ea 26 3c 44 74 19 46 1d 29 f 31 23 32 23 d 20 1b 23 32 23 d
FIXUPS: cac50 9 fffff717 19 7e 32 23 16 b 5c 23 34 d 2c 23 1b 42 23 4d
FIXUPS: ca67c 2d 23 36 10 10 19 19 13 13 13 16 16 16 e fffff74b 35 3c 2c
FIXUPS: c9ffc 1d 23 13 55 45 11 2f 10 14 1d d 1b 13 13 28 d 36 23 d 36
FIXUPS: ca2ac d 1b 25 12 26 28 fffff6e0 23 46 27 23 16 16 21 23 26 8 8
FIXUPS: c9bf6 15 35 18 25 15 28 3f 23 44 64 a 27 2c 1f 39 23 26 8 56 fffff6bc
FIXUPS: c95f2 2d 23 d 2a 10 8 18 20 19 e e 85 46 23 13 8 44 17 8 2f 23
FIXUPS: c98e2 8 36 42 11 29 1b 42 11 fffff737 6c 18 e 26 23 13 46 24 40
FIXUPS: c92fc 25 38 23 28 4d 6 29 6 27 6 36 23 26 4a 6 2a 6 28 6 39 10
FIXUPS: c8b9f 15 26 1f 23 32 23 d 20 1b 8 8 8 1e b3 3d 1b 3d 31 3d 32 3d
FIXUPS: c8f39 23 25 1e 10 10 8 8 143 f fffff49b 4d 23 b6 33 24 23 13 57
FIXUPS: c87d3 1f 1b 43 2e 4c 6 3b e 25 12 1a 3b 6 7e 20 23 32 23 d d 8
FIXUPS: c8b7b fffff39e f 96 f 5e 28 116 23 13 25 36 a 10 35 30 40 23 5e
FIXUPS: c8359 14 1c e 1e 24 12 1e 23 2c 13 f5 28 5 ffffef75 40 d 8d d 2a
FIXUPS: c7620 77 5e 17 18 35 32 20 16 c 3c 30 16 92 e 269 48 48 1a0 6f
FIXUPS: c7e0c 21 d 3c 8 1c fffff0df 26 b b 64 26 8a 12 26 33 55 2c 45 1f
FIXUPS: c723c 3c b 21 1f 1d 69 23 32 23 d 10 8 1e 14 8f 22 23 5596 10 10
FIXUPS: ccabb 19 13 13 13 16 16 16 e e 1e e 32 e 32 e 13 ffffa188 27 f
FIXUPS: c6e09 49 27 f 21 49 27 f 21 5660 23 5d 23 4d 23 32 23 d 10 8 8
FIXUPS: cc753 12 71 9 16 14 20 ff 12 4f 1e 5 1d e 13 1f 13 1d e 13 fffff66f
FIXUPS: cc0ec 78 25 23 48 25 23 32 23 d d 4e 23 32 23 d 2c 23 d 16 19 23
FIXUPS: cc447 32 23 32 23 d d 2e 23 fffff6b2 23 d 3b 23 32 52 d 1d 3c d
FIXUPS: cbde7 42 23 32 23 d 2c 23 d 16 21 28 23 32 32 23 d 10 47 d 25 fffff7ae
FIXUPS: cb866 26 32 48 10 10 10 23 4f e e e b 8 14 10 2c 23 d 24 10 8 17
FIXUPS: cbad9 23 32 23 d 12 49 23 fffff8eb 1d d 11 2f d 4b 10 8 c 1c 23
FIXUPS: cb619 23 16 34 d 6 7b 25 23 16 c 6b 12 b 9 f 9 f 9 f fffff8d9 19
FIXUPS: cb15c 20 d 1e 2c 27 d 16 19 1d 11 15 22 3e 6 9 35 d 75 d 6d 1b
FIXUPS: cb441 18 10 c 13 13 e 10 59e1 1f 30 e 13 1f e 13 1f 30 50 30 30
FIXUPS: d105c 1d 13 1d 13 ffff9e76 27 f 21 49 27 f 21 49 27 f 21 30 d 5947
FIXUPS: d0a61 19 ae 15 16 e 27 23 d 21 23 1b 10 2d 2f 13 83 23 16 8 b 38
FIXUPS: d0daa 17 56 5 1d e 13 1f e fffff8f2 e 8 8 14 e e 7 10 c 14 e c
FIXUPS: d0838 c 14 21 12 2e 2a 23 d 2c 2d d 2c 23 d d 8 32 d fffff8f9 32
FIXUPS: d0377 d 10 27 23 d d b b b 28 9 1a 39 12 31 22 12 31 f0 18 2b 10
FIXUPS: d0699 b 11 19 16 7 14 fffff86d 32 23 d 10 27 23 d 1b 52 10 10 19
FIXUPS: d00f4 13 13 13 16 16 16 e e 1e 23 32 23 d 10 27 23 d 64 fffff77a
FIXUPS: cfa9f 23 d 2c 23 d 2c 23 d 10 8 c b0 56 d 33 23 d 3e 14 19 28 7d
FIXUPS: cfe66 1d 2e 23 d 28 12 2e fffff5fc d 2c 23 d 19 88 5a 23 16 87
FIXUPS: cf78c 19 84 2a 23 d 2c 23 d 2c 23 d 10 34 12 a 1e 19 47 2a 23 fffff4f6
FIXUPS: cef72 67 d b3 d 2a d bc 23 16 26 91 23 16 b 16 29 7 26 23 65 7
FIXUPS: cf3d1 7 41 23 16 f b 22 94 fffff416 3d 1a 7 42 7 7f 23 50 20 1a
FIXUPS: ceb46 7 60 16 62 c 67 23 54 7 60 50 29 54 36 18 d 1b 23 1b 42 fffff5c4
FIXUPS: ce526 d e 2a 28 46 23 16 37 16 26 32 23 d 32 17 21 88 29 16 b b
FIXUPS: ce839 b 11 2e 32 15 34 1d 12 fffff831 7 4b 18 11 1b 1a 39 1e 8
FIXUPS: ce29c 16 c 25 12 c 13 65 23 13 c b b b b 27 27 9 37 44 d 13 fffff7b8
FIXUPS: cdca6 27 23 d 10 b 21 17 2e 93 7 4b 3a 2a 14 c 82 14 c 25 d 2c
FIXUPS: ce00a d 10 b b 8 30 2e aa fffff68c 1e 24 4a b 1a 30 1a 1a 34 44
FIXUPS: cd973 1f 97 23 32 23 d 10 8 43 36 16 26 33 18 15 2e 17 29 23 19
FIXUPS: cd1ff 1d aa 33 30 20 d 2c 16 b 1a 1a 30 50 13 15 16 1a 2f 3a 36
FIXUPS: cd581 1f c4 3a 1c 21 c 28 19 4b 43 fffff5a3 49 27 f 21 49 27 f
FIXUPS: cce99 30 16 30 20 d 7d 55 1b 10 33 20 d 40 10 8 1e 2a 2a 20 d 2c
FIXUPS: cd1dc d c3d0 e 13 1f e 32 e 13 1f 13 1d e 32 e 13 1f e 32 e 13
FIXUPS: d97a9 e 13 1f 13 ffff3466 27 f 21 49 27 f c429 33 35 23 3d 23 97
FIXUPS: d9319 23 6d 10 2d 23 d 23 10 8 18 1e 5 1d e 13 1f 11 1f e b b b
FIXUPS: d9579 e fffff72a d 1f 3c 23 1d 1a 36 23 1b 10 8 33 24 23 23 16
FIXUPS: d8ecc 1d 23 16 1a 1d 23 3d 23 3d 23 3d 23 7d 23 fffff763 d 2d 30
FIXUPS: d892c d 25 16 b b b 8 20 13 15 21 1e 1a 57 2d 15 b 34 14 52 b 22
FIXUPS: d8bd9 49 17 23 32 fffff6b4 1a 49 2c 23 d 11 52 21 14 20 23 16 9
FIXUPS: d8505 4c 6f 39 23 16 67 23 4d 2a 23 d 2c 23 d 16 15 92 fffff63b
FIXUPS: d7ecd 4c 23 16 9 a e4 23 1b 10 47 21 7a 23 16 b 9 a 26 29 24 19
FIXUPS: d826a 1c 24 19 e 28 23 16 8 fffff7c0 10 36 13 14 19 10 3b 23 14
FIXUPS: d7c1b 10 36 13 14 19 10 34 14 19 10 27 23 13 12 1a 58 31 23 d 26
FIXUPS: d7eab fffff824 2c 23 d 36 14 1e 36 21 3b 31 36 21 42 3a 23 32 23
FIXUPS: d79ae 2c 23 d 10 b 8 8 8 10 19 4e 19 14 fffff66b 8 17 10 12 17
FIXUPS: d71c0 f 22 171 f 23 1c f 19 15 28 1a 12 91 23 d 13 24 98 18 23
FIXUPS: d763e 23 d 10 8 fffff6b2 31 23 d 11 16 49 23 1b 10 22 23 16 52
FIXUPS: d6f27 d 11 3a 8 22 23 16 17 20 23 4d 2a 23 d 2c 23 d fffff74a 20
FIXUPS: d68d3 23 d 2c 23 d 16 15 73 23 d 2c 98 18 23 32 23 d 10 8 67 23
FIXUPS: d6c3d 11 8 10 3a 19 23 13 fffff7dd 23 d 13 2a 23 32 23 d 1f c 18
FIXUPS: d6619 29 27 23 1d 1a 36 23 1b 10 21 27 2a 23 16 1a f 1e 23 16 fffff8e7
FIXUPS: d6199 23 2d 23 2d 2a 23 d 2c 23 d d 8 8 17 10 12 17 1c f 25 21
FIXUPS: d63dc 19 15 28 17 f 12 27 e fffff843 3e 1e 13 2c 20 d 3b d 27 30
FIXUPS: d5e59 8 1e 23 23 23 23 1e 23 2d 23 2d 23 2d 23 2d 23 2d 23 2d 23
FIXUPS: d5738 d 24 23 cd 23 38 f f 7 23 f f 7 88 23 4d 23 4d 23 7d 10 33
FIXUPS: d5b8f d 38 3e 23 d 38 23 d fffff214 13 8 93 28 24 85 53 26 24 6f
FIXUPS: d516c a6 d 11 19 23 5d 23 5d 23 4d 23 7c 21 23 5d 23 5d 23 cd 23
FIXUPS: d4949 23 1b 32 23 96 10 10 19 19 13 13 13 16 16 16 e e 1e 23 13
FIXUPS: d4bba d 7c 2e 8d 37 13 21 23 dd 23 fffff596 8 12 15 38 23 16 3e
FIXUPS: d4519 23 2b 6 17 23 c 26 23 5d 23 16 1b f f 7 67 23 16 5c 23 d
FIXUPS: d480b ca fffff24b 34 b9 3c 23 16 77 d a3 23 67 96 23 16 f9 d b1
FIXUPS: d40dc 16 2b 3c 32 33 3e 7d 23 7d 23 3d 23 4d 23 fffff1d5 20 b 1c
FIXUPS: d364f 1c 2e 23 16 b 22 ba 23 30 f f 7 26 2a 3b 9a d 24 24 23 4a
FIXUPS: d3a79 23 37 d 10 b fffff654 39 1e 10 73 23 13 29 1e 10 23 23 32
FIXUPS: d3351 d 10 8 1e c 49 23 16 2a 2a 44 d 3c 46 23 16 33 10 fffff46d
FIXUPS: d2aa4 25 23 4d 23 32 25 d 36 23 d 1a 20 6b 9f 25 c7 16 24 36 35
FIXUPS: d2f29 23 1b 55 d 21 bc 46 2d 23 fffff181 49 d 29 d 20 20 23 18
FIXUPS: d23cf 19 77 6b 9f 23 3d 87 f 9 123 25 61 73 f 9 1e f 9 6a ca e
FIXUPS: d2a24 fffff2ad d 2c 23 d 2c 23 d 40 7 13b 3d 17 2d 14 31 2b 23
FIXUPS: d204f 5b d 4d d 39 d 73 1a 25 23 18 a 62 fffff2ff 1f d 24 11 19
FIXUPS: d16bc 2e 20 d 42 2a 20 d 14 10 65 12 38 36 21d 13 23 32 23 d 2c
FIXUPS: d1bbd d 8f 23 32 fffff47a 21 49 27 f 21 49 27 f 21 49 27 f 21 49
FIXUPS: d1399 f 21 49 27 f 21 30 2a 20 d 2c 20 d 2c 20 d bec6 1d 20 1d
FIXUPS: dd4d9 12 29 23 5 5 21 10 10 19 19 13 13 13 16 16 16 e e 1e e 13
FIXUPS: dd6a9 13 1d 30 ffff39e9 27 bd10 1e 15 11d 14 7b 25 3a 3d 19 1e
FIXUPS: dd0f1 c 3c 12 1d 41 7e 23 d 62 14 21 1c 12 15 24 19 54 1f 48 29
FIXUPS: dc62f 1a 13 e 7b 60 10 73 12 28 24 e 69 1a 13 e 2f 49 10 24 e 72
FIXUPS: dca36 253 14 b b eb 1d f 12 27 fffff2e8 f 10 55 e 59 51 10 e 55
FIXUPS: dc29a 55 e 59 55 e 59 e e 7f 12 10 51 11 25 c 10 c 1a 10 10 e fffff428
FIXUPS: dba60 26 72 10 1f 10 72 26 72 10 1f 10 72 10 1f 10 e 72 2a e e
FIXUPS: dbe05 72 3f 13 51 8 48 87 74 1d fffff5be 13 4f 10 e 56 e e e e
FIXUPS: db77d f 15 1e 59 10 10 10 10 10 10 2f 38 19 10 e e 5d 13 e 30 c
FIXUPS: db1d7 5b 10 10 16 49 c c 10 5b 10 27 11 49 10 11 49 10 72 10 d
FIXUPS: db4da 10 e 72 14 10 c 25 e e e fffff773 45 e e e 48 f 10 4d 24
FIXUPS: daeb7 24 38 10 4f e 5b 1a 13 30 1a 13 32 c 1a 10 10 e e 27 87 1d
FIXUPS: da8b2 2f e 72 13 2f e 72 13 2c 79 10 12 1a 10 67 18 10 27 24 18
FIXUPS: dac29 27 24 18 10 27 24 18 10 28 10 fffff6f2 22 11 36 11 1a 13
FIXUPS: da508 e 42 2f a 19 12 1e 14 6 d f 5a 1a 8f 1c f 10 e 6d 21 13 22
FIXUPS: da82d 72 fffff82b 18 10 e 58 4b 24 18 10 e e 4e 10 e b 13 16 1a
FIXUPS: da2d8 e e 4e 10 e 10 e 1a 13 e e 4e 13 fffff72d 24 e 10 22 23 45
FIXUPS: d9c41 d 10 21 d 22 4b 23 39 24 50 23 3d 50 30 30 2e 51 23 b 5f
FIXUPS: d9ff3 e 58 4d 3b40 15 12 1a ffffbc0b 27 f 21 33 1d e d 30 20 d
FIXUPS: d997d 20 d 2c 20 d 16 e 2d 35 10 1f d 32 20 d 24 411f fffffaf2
FIXUPS: dd76a 27 23 d d b e 57 27 27 3e d 18 30 23 26 1a 27 17 27 23 d
FIXUPS: ddac7 44 27 27 3b d 15 22
