 ched

 Timestamp is 3070b3b9 (Mon Oct 02 20:53:29 1995)

 Preferred load address is 00400000

 Start         Length     Name                   Class
 0001:00000000 00073668H .text                   CODE
 0002:00000000 000018dcH .bss                    DATA
 0003:00000000 000048b8H .rdata                  DATA
 0004:00000000 0000560cH .data                   DATA
 0004:0000560c 00000004H .CRT$XCA                DATA
 0004:00005610 00000004H .CRT$XCC                DATA
 0004:00005614 0000010cH .CRT$XCU                DATA
 0004:00005720 00000004H .CRT$XCZ                DATA
 0004:00005724 00000004H .CRT$XIA                DATA
 0004:00005728 00000008H .CRT$XIC                DATA
 0004:00005730 00000004H .CRT$XIZ                DATA
 0004:00005734 00000004H .CRT$XPA                DATA
 0004:00005738 00000004H .CRT$XPZ                DATA
 0004:0000573c 00000004H .CRT$XTA                DATA
 0004:00005740 00000004H .CRT$XTZ                DATA
 0005:00000000 000000a0H .idata$2                DATA
 0005:000000a0 00000028H .idata$3                DATA
 0005:000000c8 000004acH .idata$4                DATA
 0005:00000574 000004acH .idata$5                DATA
 0005:00000a20 000013eeH .idata$6                DATA
 0006:00000000 000002acH .rsrc$01                DATA
 0006:000002b0 000017d8H .rsrc$02                DATA
 0008:00000000 00000000H .debug$C                DATA
 0008:00000000 00000110H .debug$E                DATA
 0008:00000110 0000d640H .debug$F                DATA
 0008:0000ee40 00000000H .debug$G                DATA
 0008:0000ee40 00000031H .debug$H                DATA
 0008:fff74000 00000000H .debug$P                DATA
 0008:fff74000 00000000H .debug$S                DATA
 0008:fff74000 00000000H .debug$T                DATA

  Address         Publics by Value              Rva+Base   Lib:Object

 0001:00000000       ?FWouldBe@USAC@@SGHJ@Z     00401000 f utilglob.obj
 0001:00000020       ?FIs@USAC@@UAEHJ@Z         00401020 f utilglob.obj
 0001:00000030       ?Cls@USAC@@UAEJXZ          00401030 f utilglob.obj
 0001:00000100       ??_EBASE@@UAEPAXI@Z        00401100 f utilglob.obj
 0001:00000100       ??_GBASE@@UAEPAXI@Z        00401100 f utilglob.obj
 0001:00000130       ??_EKCDC@@UAEPAXI@Z        00401130 f utilglob.obj
 0001:00000130       ??_GKCDC@@UAEPAXI@Z        00401130 f utilglob.obj
 0001:00000150       ?FCanDo@KCDC@@UAEHHJ@Z     00401150 f utilglob.obj
 0001:00000190       ?FWouldBe@BLL@@SGHJ@Z      00401190 f base.obj
 0001:000001b0       ?FIs@BLL@@UAEHJ@Z          004011b0 f base.obj
 0001:000001c0       ?Cls@BLL@@UAEJXZ           004011c0 f base.obj
 0001:000001d0       ?Cls@BASE@@UAEJXZ          004011d0 f base.obj
 0001:000001e0       ?FIs@BASE@@UAEHJ@Z         004011e0 f base.obj
 0001:00000200       ?FWouldBe@BASE@@SGHJ@Z     00401200 f base.obj
 0001:00000220       ??0BASE@@QAE@XZ            00401220 f base.obj
 0001:00000230       ?AddRef@BASE@@UAEXXZ       00401230 f base.obj
 0001:00000240       ?Release@BASE@@UAEXXZ      00401240 f base.obj
 0001:00000260       ??2BASE@@SGPAXI@Z          00401260 f base.obj
 0001:00000290       ??3BASE@@SGXPAX@Z          00401290 f base.obj
 0001:000002a0       ??0BLL@@QAE@XZ             004012a0 f base.obj
 0001:000002c0       ??1BLL@@UAE@XZ             004012c0 f base.obj
 0001:000002e0       ?_Attach@BLL@@IAEXPAX@Z    004012e0 f base.obj
 0001:00000350       ??_GBLL@@UAEPAXI@Z         00401350 f base.obj
 0001:00000350       ??_EBLL@@UAEPAXI@Z         00401350 f base.obj
 0001:00000370       ?FillPb@@YGXPAXJE@Z        00401370 f utilcopy.obj
 0001:000003b0       ?ClearPb@@YGXPAXJ@Z        004013b0 f utilcopy.obj
 0001:000003d0       ?ReversePb@@YGXPAXJ@Z      004013d0 f utilcopy.obj
 0001:00000400       ?ReverseRglw@@YGXPAXJ@Z    00401400 f utilcopy.obj
 0001:00000430       ?SwapBlocks@@YGXPAXJJ@Z    00401430 f utilcopy.obj
 0001:00000460       ?SwapPb@@YGXPAX0J@Z        00401460 f utilcopy.obj
 0001:000004b0       ?MoveElement@@YGXPAXJJJ@Z  004014b0 f utilcopy.obj
 0001:00000520       ?FEqualRgb@@YGHPAX0J@Z     00401520 f utilcopy.obj
 0001:00000560       ?CbEqualRgb@@YGJPAX0J@Z    00401560 f utilcopy.obj
 0001:000005c0       ?CopyPb@@YGXPAX0J@Z        004015c0 f utilcopy.obj
 0001:000005f0       ?BltPb@@YGXPAX0J@Z         004015f0 f utilcopy.obj
 0001:00000660       ?FWouldBe@ERS@@SGHJ@Z      00401660 f utilerro.obj
 0001:00000680       ?FIs@ERS@@UAEHJ@Z          00401680 f utilerro.obj
 0001:00000690       ?Cls@ERS@@UAEJXZ           00401690 f utilerro.obj
 0001:000006a0       ??0ERS@@QAE@XZ             004016a0 f utilerro.obj
 0001:000006d0       ?Push@ERS@@UAEXJ@Z         004016d0 f utilerro.obj
 0001:00000720       ?FPop@ERS@@UAEHPAJ@Z       00401720 f utilerro.obj
 0001:00000770       ?Clear@ERS@@UAEXXZ         00401770 f utilerro.obj
 0001:00000790       ?Cerc@ERS@@UAEJXZ          00401790 f utilerro.obj
 0001:000007a0       ?FIn@ERS@@UAEHJ@Z          004017a0 f utilerro.obj
 0001:000007f0       ?ErcGet@ERS@@UAEJJ@Z       004017f0 f utilerro.obj
 0001:00000830       ?Flush@ERS@@UAEXJ@Z        00401830 f utilerro.obj
 0001:000008d0       ??_GERS@@UAEPAXI@Z         004018d0 f utilerro.obj
 0001:000008d0       ??_EERS@@UAEPAXI@Z         004018d0 f utilerro.obj
 0001:00000900       ?LwGcd@@YGJJJ@Z            00401900 f utilint.obj
 0001:00000920       ?LuGcd@@YGKKK@Z            00401920 f utilint.obj
 0001:00000970       ?SortLw@@YGXPAJ0@Z         00401970 f utilint.obj
 0001:00000990       ?MulLw@@YGXJJPAJPAK@Z      00401990 f utilint.obj
 0001:000009b0       ?LuMulDiv@@YGKKKK@Z        004019b0 f utilint.obj
 0001:000009d0       ?MulLu@@YGXKKPAK0@Z        004019d0 f utilint.obj
 0001:000009f0       ?LwMulDivAway@@YGJJJJ@Z    004019f0 f utilint.obj
 0001:00000a50       ?LwDivAway@@YGJJJ@Z        00401a50 f utilint.obj
 0001:00000a80       ?LwRoundAway@@YGJJJ@Z      00401a80 f utilint.obj
 0001:00000ab0       ?LwRoundToward@@YGJJJ@Z    00401ab0 f utilint.obj
 0001:00000ad0       ?LwRoundClosest@@YGJJJ@Z   00401ad0 f utilint.obj
 0001:00000b20       ?FcmpCompareFracs@@YGKJJJJ@Z 00401b20 f utilint.obj
 0001:00000bb0       ?FAdjustIv@@YGHPAJJJJ@Z    00401bb0 f utilint.obj
 0001:00000c00       ?SwapBytesBom@@YGXPAXK@Z   00401c00 f utilint.obj
 0001:00000c60       ?SwapBytesRgsw@@YGXPAXJ@Z  00401c60 f utilint.obj
 0001:00000c90       ?SwapBytesRglw@@YGXPAXJ@Z  00401c90 f utilint.obj
 0001:00000cc0       ??BPT@@QAE?AUtagPOINT@@XZ  00401cc0 f utilint.obj
 0001:00000d20       ??4PT@@QAEAAV0@AAUtagPOINT@@@Z 00401d20 f utilint.obj
 0001:00000d40       ?Map@PT@@QAEXPAVRC@@0@Z    00401d40 f utilint.obj
 0001:00000df0       ?Transform@PT@@QAEXK@Z     00401df0 f utilint.obj
 0001:00000e20       ??8RC@@QAEHAAV0@@Z         00401e20 f utilint.obj
 0001:00000e90       ??9RC@@QAEHAAV0@@Z         00401e90 f utilint.obj
 0001:00000f00       ?Union@RC@@QAEXPAV1@0@Z    00401f00 f utilint.obj
 0001:00000f30       ?Union@RC@@QAEXPAV1@@Z     00401f30 f utilint.obj
 0001:00000fb0       ?FIntersect@RC@@QAEHPAV1@0@Z 00401fb0 f utilint.obj
 0001:00001030       ?FIntersect@RC@@QAEHPAV1@@Z 00402030 f utilint.obj
 0001:000010b0       ?Inset@RC@@QAEXJJ@Z        004020b0 f utilint.obj
 0001:000010d0       ?Map@RC@@QAEXPAV1@0@Z      004020d0 f utilint.obj
 0001:000011f0       ?Transform@RC@@QAEXK@Z     004021f0 f utilint.obj
 0001:00001250       ?OffsetCopy@RC@@QAEXPAV1@JJ@Z 00402250 f utilint.obj
 0001:00001280       ?Offset@RC@@QAEXJJ@Z       00402280 f utilint.obj
 0001:000012a0       ?OffsetToOrigin@RC@@QAEXXZ 004022a0 f utilint.obj
 0001:000012c0       ?CenterOnRc@RC@@QAEXPAV1@@Z 004022c0 f utilint.obj
 0001:00001310       ?StretchToRc@RC@@QAEXPAV1@@Z 00402310 f utilint.obj
 0001:000013f0       ?FPtIn@RC@@QAEHJJ@Z        004023f0 f utilint.obj
 0001:00001420       ?PinPt@RC@@QAEXPAVPT@@@Z   00402420 f utilint.obj
 0001:00001460       ?PinToRc@RC@@QAEXPAV1@@Z   00402460 f utilint.obj
 0001:000014b0       ??4RC@@QAEAAV0@AAUtagRECT@@@Z 004024b0 f utilint.obj
 0001:000014d0       ??BRC@@QAE?AUtagRECT@@XZ   004024d0 f utilint.obj
 0001:000015a0       ?FContains@RC@@QAEHPAV1@@Z 004025a0 f utilint.obj
 0001:000015e0       ?SetToCell@RC@@QAEXPAV1@JJJJ@Z 004025e0 f utilint.obj
 0001:000016c0       ??0USAC@@QAE@XZ            004026c0 f utilint.obj
 0001:000016f0       ?TsCur@USAC@@QAEKXZ        004026f0 f utilint.obj
 0001:00001750       ?Scale@USAC@@QAEXK@Z       00402750 f utilint.obj
 0001:000017c0       ?Set@DVER@@QAEXFF@Z        004027c0 f utilint.obj
 0001:000017e0       ?FReadable@DVER@@QAEHFF@Z  004027e0 f utilint.obj
 0001:00001820       ??_GUSAC@@UAEPAXI@Z        00402820 f utilint.obj
 0001:00001820       ??_EUSAC@@UAEPAXI@Z        00402820 f utilint.obj
 0001:00001840       ?FAllocPv@@YGHPAPAXJKJ@Z   00402840 f utilmem.obj
 0001:00001910       ?_FResizePpv@@YGHPAPAXJJKJ@Z 00402910 f utilmem.obj
 0001:00001a00       ?FreePpv@@YGXPAPAX@Z       00402a00 f utilmem.obj
 0001:00001a40       ?FWouldBe@RND@@SGHJ@Z      00402a40 f utilrnd.obj
 0001:00001a60       ?FIs@RND@@UAEHJ@Z          00402a60 f utilrnd.obj
 0001:00001a70       ?Cls@RND@@UAEJXZ           00402a70 f utilrnd.obj
 0001:00001a80       ?FWouldBe@SFL@@SGHJ@Z      00402a80 f utilrnd.obj
 0001:00001aa0       ?FIs@SFL@@UAEHJ@Z          00402aa0 f utilrnd.obj
 0001:00001ab0       ?Cls@SFL@@UAEJXZ           00402ab0 f utilrnd.obj
 0001:00001ac0       ??0RND@@QAE@K@Z            00402ac0 f utilrnd.obj
 0001:00001b00       ?LwNext@RND@@UAEJJ@Z       00402b00 f utilrnd.obj
 0001:00001b30       ??0SFL@@QAE@K@Z            00402b30 f utilrnd.obj
 0001:00001b60       ??1SFL@@UAE@XZ             00402b60 f utilrnd.obj
 0001:00001b80       ?Shuffle@SFL@@QAEXJ@Z      00402b80 f utilrnd.obj
 0001:00001bc0       ?ShuffleRglw@SFL@@QAEXJPAJ@Z 00402bc0 f utilrnd.obj
 0001:00001c10       ?_ShuffleCore@SFL@@IAEXXZ  00402c10 f utilrnd.obj
 0001:00001c60       ?_FEnsureHq@SFL@@IAEHJ@Z   00402c60 f utilrnd.obj
 0001:00001cd0       ?LwNext@SFL@@UAEJJ@Z       00402cd0 f utilrnd.obj
 0001:00001d60       ??_GRND@@UAEPAXI@Z         00402d60 f utilrnd.obj
 0001:00001d60       ??_ERND@@UAEPAXI@Z         00402d60 f utilrnd.obj
 0001:00001d80       ??_ESFL@@UAEPAXI@Z         00402d80 f utilrnd.obj
 0001:00001d80       ??_GSFL@@UAEPAXI@Z         00402d80 f utilrnd.obj
 0001:00001da0       ??4STN@@QAEAAV0@AAV0@@Z    00402da0 f utilstr.obj
 0001:00001dc0       ?SetRgch@STN@@QAEXPADJ@Z   00402dc0 f utilstr.obj
 0001:00001e00       ?SetSzs@STN@@QAEXPAD@Z     00402e00 f utilstr.obj
 0001:00001e20       ?Delete@STN@@QAEXJJ@Z      00402e20 f utilstr.obj
 0001:00001e80       ?FAppendRgch@STN@@QAEHPADJ@Z 00402e80 f utilstr.obj
 0001:00001ed0       ?FInsertRgch@STN@@QAEHJPADJ@Z 00402ed0 f utilstr.obj
 0001:00001f90       ?FEqualRgch@STN@@QAEHPADJ@Z 00402f90 f utilstr.obj
 0001:00001fc0       ?FEqualUserRgch@STN@@QAEHPADJK@Z 00402fc0 f utilstr.obj
 0001:00001fe0       ?CbData@STN@@QAEJXZ        00402fe0 f utilstr.obj
 0001:00001ff0       ?GetData@STN@@QAEXPAX@Z    00402ff0 f utilstr.obj
 0001:00002030       ?FWrite@STN@@QAEHPAVBLCK@@J@Z 00403030 f utilstr.obj
 0001:000020c0       ?FSetData@STN@@QAEHPAXJPAJ@Z 004030c0 f utilstr.obj
 0001:000022f0       ?FRead@STN@@QAEHPAVBLCK@@JPAJ@Z 004032f0 f utilstr.obj
 0001:000025c0       ?FFormatSz@STN@@QAAHPADZZ  004035c0 f utilstr.obj
 0001:000025e0       ?FFormatRgch@STN@@QAEHPADJPAK@Z 004035e0 f utilstr.obj
 0001:00002960       ?FGetLw@STN@@QAEHPAJJ@Z    00403960 f utilstr.obj
 0001:00002a50       ?FExpandControls@STN@@QAEHXZ 00403a50 f utilstr.obj
 0001:00002b60       ?CchSz@@YGJPAD@Z           00403b60 f utilstr.obj
 0001:00002b80       ?FcmpCompareRgch@@YGKPADJ0J@Z 00403b80 f utilstr.obj
 0001:00002be0       ?FEqualUserRgch@@YGHPADJ0JK@Z 00403be0 f utilstr.obj
 0001:00002cd0       ?FcmpCompareUserRgch@@YGKPADJ0JK@Z 00403cd0 f utilstr.obj
 0001:00002d40       ?UpperRgchs@@YGXPADJ@Z     00403d40 f utilstr.obj
 0001:00002da0       ?LowerRgchs@@YGXPADJ@Z     00403da0 f utilstr.obj
 0001:00002e00       ?CchTranslateRgb@@YGJPAXJFPADJ@Z 00403e00 f utilstr.obj
 0001:00002f00       ?TranslateRgch@@YGXPADJFH@Z 00403f00 f utilstr.obj
 0001:00002f50       ?GrfchFromCh@@YGKD@Z       00403f50 f utilstr.obj
 0001:00003050       ?FAllocHq@@YGHPAPAXJKJ@Z   00404050 f memwin.obj
 0001:000030c0       ?FResizePhq@@YGHPAPAXJKJ@Z 004040c0 f memwin.obj
 0001:00003160       ?FreePhq@@YGXPAPAX@Z       00404160 f memwin.obj
 0001:00003190       ?CbOfHq@@YGJPAX@Z          00404190 f memwin.obj
 0001:000031a0       ?PvLockHq@@YGPAXPAX@Z      004041a0 f memwin.obj
 0001:000031b0       ?UnlockHq@@YGXPAX@Z        004041b0 f memwin.obj
 0001:000031f0       ?FWouldBe@CFL@@SGHJ@Z      004041f0 f chunk.obj
 0001:00003210       ?FIs@CFL@@UAEHJ@Z          00404210 f chunk.obj
 0001:00003220       ?Cls@CFL@@UAEJXZ           00404220 f chunk.obj
 0001:00003230       ?FWouldBe@CGE@@SGHJ@Z      00404230 f chunk.obj
 0001:00003250       ?FIs@CGE@@UAEHJ@Z          00404250 f chunk.obj
 0001:00003260       ?Cls@CGE@@UAEJXZ           00404260 f chunk.obj
 0001:00003270       ??0CFL@@AAE@XZ             00404270 f chunk.obj
 0001:00003290       ??1CFL@@EAE@XZ             00404290 f chunk.obj
 0001:00003330       ?PcflOpen@CFL@@SGPAV1@PAVFNI@@K@Z 00404330 f chunk.obj
 0001:00003400       ?FReopen@CFL@@QAEHXZ       00404400 f chunk.obj
 0001:000035d0       ?_GrffilFromGrfcfl@CFL@@CGKK@Z 004045d0 f chunk.obj
 0001:000035f0       ?PcflCreate@CFL@@SGPAV1@PAVFNI@@K@Z 004045f0 f chunk.obj
 0001:000036a0       ?PcflCreateTemp@CFL@@SGPAV1@PAVFNI@@@Z 004046a0 f chunk.obj
 0001:00003730       ?PcflFromFni@CFL@@SGPAV1@PAVFNI@@@Z 00404730 f chunk.obj
 0001:00003770       ?FWriteChunkTree@CFL@@QAEHKKPAVFIL@@JPAJ@Z 00404770 f chunk.obj
 0001:00003940       ?PcflReadForestFromFlo@CFL@@SGPAV1@PAUFLO@@H@Z 00404940 f chunk.obj
 0001:00003c30       ?FForest@CFL@@QAEHKK@Z     00404c30 f chunk.obj
 0001:00003c80       ?SetForest@CFL@@QAEXKKH@Z  00404c80 f chunk.obj
 0001:00003d00       ?PcflReadForest@CFL@@QAEPAV1@KKH@Z 00404d00 f chunk.obj
 0001:00003db0       ?FSetGrfcfl@CFL@@QAEHKK@Z  00404db0 f chunk.obj
 0001:00003e50       ?Release@CFL@@UAEXXZ       00404e50 f chunk.obj
 0001:00003e70       ?_TValidIndex@CFL@@AAEHXZ  00404e70 f chunk.obj
 0001:000041d0       ?_FReadIndex@CFL@@AAEHXZ   004051d0 f chunk.obj
 0001:00004840       ?_ReadFreeMap@CFL@@AAEXXZ  00405840 f chunk.obj
 0001:000048c0       ?FSave@CFL@@QAEHKPAVFNI@@@Z 004058c0 f chunk.obj
 0001:00004be0       ?_FWriteIndex@CFL@@AAEHK@Z 00405be0 f chunk.obj
 0001:00004d30       ?FSaveACopy@CFL@@QAEHKPAVFNI@@@Z 00405d30 f chunk.obj
 0001:00004ee0       ?_FEnsureOnExtra@CFL@@AAEHJPAUFLO@@@Z 00405ee0 f chunk.obj
 0001:00004fe0       ?_GetFlo@CFL@@AAEXJPAUFLO@@@Z 00405fe0 f chunk.obj
 0001:00005040       ?_GetBlck@CFL@@AAEXJPAVBLCK@@@Z 00406040 f chunk.obj
 0001:00005080       ?FFind@CFL@@QAEHKKPAVBLCK@@@Z 00406080 f chunk.obj
 0001:000050e0       ?FFindFlo@CFL@@QAEHKKPAUFLO@@@Z 004060e0 f chunk.obj
 0001:00005130       ?SetPacked@CFL@@QAEXKKH@Z  00406130 f chunk.obj
 0001:000051b0       ?FPacked@CFL@@QAEHKK@Z     004061b0 f chunk.obj
 0001:00005200       ?FUnpackData@CFL@@QAEHKK@Z 00406200 f chunk.obj
 0001:00005290       ?FPackData@CFL@@QAEHKK@Z   00406290 f chunk.obj
 0001:00005330       ?_FCreateExtra@CFL@@AAEHXZ 00406330 f chunk.obj
 0001:00005360       ?_FAllocFlo@CFL@@AAEHJPAUFLO@@H@Z 00406360 f chunk.obj
 0001:00005470       ?_FFindCtgCno@CFL@@AAEHKKPAJ@Z 00406470 f chunk.obj
 0001:00005510       ?_GetUniqueCno@CFL@@AAEXKPAJPAK@Z 00406510 f chunk.obj
 0001:00005590       ?FAdd@CFL@@QAEHJKPAKPAVBLCK@@@Z 00406590 f chunk.obj
 0001:000055e0       ?FAddBlck@CFL@@QAEHPAVBLCK@@KPAK@Z 004065e0 f chunk.obj
 0001:000056a0       ?FAddChild@CFL@@QAEHKKKJKPAKPAVBLCK@@@Z 004066a0 f chunk.obj
 0001:00005720       ?_FAdd@CFL@@AAEHJKKJPAVBLCK@@@Z 00406720 f chunk.obj
 0001:00005800       ?FPut@CFL@@QAEHJKKPAVBLCK@@@Z 00406800 f chunk.obj
 0001:00005820       ?FPutPv@CFL@@QAEHPAXJKK@Z  00406820 f chunk.obj
 0001:00005840       ?FPutBlck@CFL@@QAEHPAVBLCK@@KK@Z 00406840 f chunk.obj
 0001:000058a0       ?_FPut@CFL@@AAEHJKKPAVBLCK@@0PAX@Z 004068a0 f chunk.obj
 0001:00005ab0       ?SwapData@CFL@@QAEXKKKK@Z  00406ab0 f chunk.obj
 0001:00005ba0       ?SwapChildren@CFL@@QAEXKKKK@Z 00406ba0 f chunk.obj
 0001:00005c70       ?Move@CFL@@QAEXKKKK@Z      00406c70 f chunk.obj
 0001:00005e60       ?Delete@CFL@@QAEXKK@Z      00406e60 f chunk.obj
 0001:00006000       ?SetLoner@CFL@@QAEXKKH@Z   00407000 f chunk.obj
 0001:00006060       ?FLoner@CFL@@QAEHKK@Z      00407060 f chunk.obj
 0001:000060b0       ?CckiRef@CFL@@QAEJKK@Z     004070b0 f chunk.obj
 0001:00006100       ?TIsDescendent@CFL@@QAEHKKKK@Z 00407100 f chunk.obj
 0001:000061d0       ?DeleteChild@CFL@@QAEXKKKKK@Z 004071d0 f chunk.obj
 0001:00006280       ?_FDecRefCount@CFL@@AAEHJ@Z 00407280 f chunk.obj
 0001:000062c0       ?_DeleteCore@CFL@@AAEXJ@Z  004072c0 f chunk.obj
 0001:00006320       ?_FreeFpCb@CFL@@AAEXHJJ@Z  00407320 f chunk.obj
 0001:00006500       ?FSetName@CFL@@QAEHKKPAVSTN@@@Z 00407500 f chunk.obj
 0001:00006570       ?_FSetName@CFL@@AAEHJPAVSTN@@@Z 00407570 f chunk.obj
 0001:00006630       ?FGetName@CFL@@QAEHKKPAVSTN@@@Z 00407630 f chunk.obj
 0001:00006680       ?_FGetName@CFL@@AAEHJPAVSTN@@@Z 00407680 f chunk.obj
 0001:00006720       ?FAdoptChild@CFL@@QAEHKKKKKH@Z 00407720 f chunk.obj
 0001:000067b0       ?_FAdoptChild@CFL@@AAEHJJKKKH@Z 004077b0 f chunk.obj
 0001:000068d0       ?ChangeChid@CFL@@QAEXKKKKKK@Z 004078d0 f chunk.obj
 0001:00006970       ?Ccki@CFL@@QAEJXZ          00407970 f chunk.obj
 0001:00006980       ?FGetCki@CFL@@QAEHJPAUCKI@@PAJPAVBLCK@@@Z 00407980 f chunk.obj
 0001:000069f0       ?FGetIcki@CFL@@QAEHKKPAJ@Z 004079f0 f chunk.obj
 0001:00006a10       ?FGetCkiCtg@CFL@@QAEHKJPAUCKI@@PAJPAVBLCK@@@Z 00407a10 f chunk.obj
 0001:00006ac0       ?Ckid@CFL@@QAEJKK@Z        00407ac0 f chunk.obj
 0001:00006b10       ?FGetKid@CFL@@QAEHKKJPAUKID@@@Z 00407b10 f chunk.obj
 0001:00006b90       ?FGetKidChidCtg@CFL@@QAEHKKKKPAUKID@@@Z 00407b90 f chunk.obj
 0001:00006bd0       ?_FFindChidCtg@CFL@@AAEHKKKKPAUKID@@@Z 00407bd0 f chunk.obj
 0001:00006cb0       ?FGetIkid@CFL@@QAEHKKKKKPAJ@Z 00407cb0 f chunk.obj
 0001:00006d10       ?_FFindChild@CFL@@AAEHJKKKPAJ@Z 00407d10 f chunk.obj
 0001:00006dd0       ?_FFindCnom@@YGHPAVGL@@KKPAUCNOM@@PAJ@Z 00407dd0 f chunk.obj
 0001:00006ea0       ?_FAddCnom@@YGHPAPAVGL@@PAUCNOM@@@Z 00407ea0 f chunk.obj
 0001:00006f00       ?_FCopy@CFL@@AAEHKKPAV1@PAKH@Z 00407f00 f chunk.obj
 0001:00007310       ?_FFindMatch@CFL@@AAEHKKPAV1@PAK@Z 00408310 f chunk.obj
 0001:00007530       ?_FFindCtgRti@CFL@@AAEHKJKPAK@Z 00408530 f chunk.obj
 0001:000075c0       ?FCopy@CFL@@QAEHKKPAV1@PAK@Z 004085c0 f chunk.obj
 0001:000075e0       ?FClone@CFL@@QAEHKKPAV1@PAK@Z 004085e0 f chunk.obj
 0001:00007600       ?_Rti@CFL@@AAEJKK@Z        00408600 f chunk.obj
 0001:00007630       ?_FSetRti@CFL@@AAEHKKJ@Z   00408630 f chunk.obj
 0001:00007700       ?_FFindRtie@CFL@@AAEHKKPAURTIE@1@PAJ@Z 00408700 f chunk.obj
 0001:000077d0       ??0CGE@@QAE@XZ             004087d0 f chunk.obj
 0001:000077f0       ??1CGE@@UAE@XZ             004087f0 f chunk.obj
 0001:00007820       ?Init@CGE@@QAEXPAVCFL@@KK@Z 00408820 f chunk.obj
 0001:00007860       ?FNextKid@CGE@@QAEHPAUKID@@PAUCKI@@PAKK@Z 00408860 f chunk.obj
 0001:00007a40       ??_ECFL@@EAEPAXI@Z         00408a40 f chunk.obj
 0001:00007a40       ??_GCFL@@EAEPAXI@Z         00408a40 f chunk.obj
 0001:00007a60       ??_ECGE@@UAEPAXI@Z         00408a60 f chunk.obj
 0001:00007a60       ??_GCGE@@UAEPAXI@Z         00408a60 f chunk.obj
 0001:00007a80       ?FWouldBe@CODM@@SGHJ@Z     00408a80 f codec.obj
 0001:00007aa0       ?FIs@CODM@@UAEHJ@Z         00408aa0 f codec.obj
 0001:00007ab0       ?Cls@CODM@@UAEJXZ          00408ab0 f codec.obj
 0001:00007ac0       ?FWouldBe@CODC@@SGHJ@Z     00408ac0 f codec.obj
 0001:00007ae0       ??0CODM@@QAE@PAVCODC@@J@Z  00408ae0 f codec.obj
 0001:00007b20       ??1CODM@@UAE@XZ            00408b20 f codec.obj
 0001:00007ba0       ?SetCfmtDefault@CODM@@QAEXJ@Z 00408ba0 f codec.obj
 0001:00007bb0       ?FRegisterCodec@CODM@@UAEHPAVCODC@@@Z 00408bb0 f codec.obj
 0001:00007c00       ?FCanDo@CODM@@UAEHJH@Z     00408c00 f codec.obj
 0001:00007c30       ?FGetCfmtFromBlck@CODM@@UAEHPAVBLCK@@PAJ@Z 00408c30 f codec.obj
 0001:00007cb0       ?_FFindCodec@CODM@@MAEHHJPAPAVCODC@@@Z 00408cb0 f codec.obj
 0001:00007d60       ?_FCodePhq@CODM@@MAEHJPAPAX@Z 00408d60 f codec.obj
 0001:00007e80       ?_FCode@CODM@@MAEHJPAXJ0JPAJ@Z 00408e80 f codec.obj
 0001:00008090       ??_ECODM@@UAEPAXI@Z        00409090 f codec.obj
 0001:00008090       ??_GCODM@@UAEPAXI@Z        00409090 f codec.obj
 0001:000080b0       ?FWouldBe@KCDC@@SGHJ@Z     004090b0 f codkauai.obj
 0001:000080d0       ?FIs@KCDC@@UAEHJ@Z         004090d0 f codkauai.obj
 0001:000080e0       ?Cls@KCDC@@UAEJXZ          004090e0 f codkauai.obj
 0001:000080f0       ?FConvert@KCDC@@UAEHHJPAXJ0JPAJ@Z 004090f0 f codkauai.obj
 0001:00008170       ?Set@BITA@@QAEXPAXJ@Z      00409170 f codkauai.obj
 0001:00008190       ?FWriteBits@BITA@@QAEHKJ@Z 00409190 f codkauai.obj
 0001:00008250       ?FWriteLogEncoded@BITA@@QAEHK@Z 00409250 f codkauai.obj
 0001:000082a0       ?_FEncode@KCDC@@IAEHPAXJ0JPAJ@Z 004092a0 f codkauai.obj
 0001:000085b0       ?_FDecode@KCDC@@IAEHPAXJ0JPAJ@Z 004095b0 f codkauai.obj
 0001:0000bee0       ?_FEncode2@KCDC@@IAEHPAXJ0JPAJ@Z 0040cee0 f codkauai.obj
 0001:0000c2c0       ?_FDecode2@KCDC@@IAEHPAXJ0JPAJ@Z 0040d2c0 f codkauai.obj
 0001:0000e850       ?FWouldBe@BACO@@SGHJ@Z     0040f850 f crf.obj
 0001:0000e870       ?FIs@BACO@@UAEHJ@Z         0040f870 f crf.obj
 0001:0000e880       ?Cls@BACO@@UAEJXZ          0040f880 f crf.obj
 0001:0000e890       ?FWouldBe@RCA@@SGHJ@Z      0040f890 f crf.obj
 0001:0000e8b0       ?FWouldBe@CRF@@SGHJ@Z      0040f8b0 f crf.obj
 0001:0000e8d0       ?FIs@CRF@@UAEHJ@Z          0040f8d0 f crf.obj
 0001:0000e8e0       ?Cls@CRF@@UAEJXZ           0040f8e0 f crf.obj
 0001:0000e8f0       ?FWouldBe@CABO@@SGHJ@Z     0040f8f0 f crf.obj
 0001:0000e910       ?FIs@CABO@@UAEHJ@Z         0040f910 f crf.obj
 0001:0000e920       ?Cls@CABO@@UAEJXZ          0040f920 f crf.obj
 0001:0000e930       ??0BACO@@IAE@XZ            0040f930 f crf.obj
 0001:0000e960       ??1BACO@@MAE@XZ            0040f960 f crf.obj
 0001:0000e990       ?FWriteFlo@BACO@@UAEHPAUFLO@@@Z 0040f990 f crf.obj
 0001:0000e9d0       ?FWrite@BACO@@UAEHPAVBLCK@@@Z 0040f9d0 f crf.obj
 0001:0000e9e0       ?CbOnFile@BACO@@UAEJXZ     0040f9e0 f crf.obj
 0001:0000e9f0       ?Release@BACO@@UAEXXZ      0040f9f0 f crf.obj
 0001:0000ea40       ?Detach@BACO@@UAEXXZ       0040fa40 f crf.obj
 0001:0000ea80       ?SetCrep@BACO@@UAEXJ@Z     0040fa80 f crf.obj
 0001:0000eab0       ??0CRF@@IAE@PAVCFL@@J@Z    0040fab0 f crf.obj
 0001:0000eae0       ??1CRF@@UAE@XZ             0040fae0 f crf.obj
 0001:0000eb70       ?PcrfNew@CRF@@SGPAV1@PAVCFL@@J@Z 0040fb70 f crf.obj
 0001:0000ebc0       ?TLoad@CRF@@UAEHKKP6GHPAV1@KKPAVBLCK@@PAPAVBACO@@PAJ@ZKJ@Z 0040fbc0 f crf.obj
 0001:0000eea0       ?PbacoFetch@CRF@@UAEPAVBACO@@KKP6GHPAV1@KKPAVBLCK@@PAPAV2@PAJ@ZPAHK@Z 0040fea0 f crf.obj
 0001:0000f090       ?PbacoFind@CRF@@UAEPAVBACO@@KKP6GHPAV1@KKPAVBLCK@@PAPAV2@PAJ@ZK@Z 00410090 f crf.obj
 0001:0000f100       ?FSetCrep@CRF@@UAEHJKKP6GHPAV1@KKPAVBLCK@@PAPAVBACO@@PAJ@ZK@Z 00410100 f crf.obj
 0001:0000f180       ?PcrfFindChunk@CRF@@UAEPAV1@KKK@Z 00410180 f crf.obj
 0001:0000f1d0       ?BacoDetached@CRF@@QAEXPAVBACO@@@Z 004101d0 f crf.obj
 0001:0000f220       ?BacoReleased@CRF@@QAEXPAVBACO@@@Z 00410220 f crf.obj
 0001:0000f2a0       ?_FFindCre@CRF@@IAEHKKP6GHPAV1@KKPAVBLCK@@PAPAVBACO@@PAJ@Z3@Z 004102a0 f crf.obj
 0001:0000f350       ?_FFindBaco@CRF@@IAEHPAVBACO@@PAJ@Z 00410350 f crf.obj
 0001:0000f480       ?_FPurgeCb@CRF@@IAEHJJ@Z   00410480 f crf.obj
 0001:0000f5a0       ??_EBACO@@MAEPAXI@Z        004105a0 f crf.obj
 0001:0000f5a0       ??_GBACO@@MAEPAXI@Z        004105a0 f crf.obj
 0001:0000f5c0       ??_GCRF@@UAEPAXI@Z         004105c0 f crf.obj
 0001:0000f5c0       ??_ECRF@@UAEPAXI@Z         004105c0 f crf.obj
 0001:0000f5f0       ?FWouldBe@FIL@@SGHJ@Z      004105f0 f file.obj
 0001:0000f610       ?FIs@FIL@@UAEHJ@Z          00410610 f file.obj
 0001:0000f620       ?Cls@FIL@@UAEJXZ           00410620 f file.obj
 0001:0000f630       ?FWouldBe@BLCK@@SGHJ@Z     00410630 f file.obj
 0001:0000f650       ?FIs@BLCK@@UAEHJ@Z         00410650 f file.obj
 0001:0000f660       ?Cls@BLCK@@UAEJXZ          00410660 f file.obj
 0001:0000f670       ?FWouldBe@MSFIL@@SGHJ@Z    00410670 f file.obj
 0001:0000f6a0       ?FIs@MSFIL@@UAEHJ@Z        004106a0 f file.obj
 0001:0000f6b0       ?Cls@MSFIL@@UAEJXZ         004106b0 f file.obj
 0001:0000f6c0       ??0FIL@@IAE@PAVFNI@@K@Z    004106c0 f file.obj
 0001:0000f730       ??1FIL@@MAE@XZ             00410730 f file.obj
 0001:0000f780       ?PfilOpen@FIL@@SGPAV1@PAVFNI@@K@Z 00410780 f file.obj
 0001:0000f820       ?PfilCreate@FIL@@SGPAV1@PAVFNI@@K@Z 00410820 f file.obj
 0001:0000f8b0       ?PfilCreateTemp@FIL@@SGPAV1@PAVFNI@@@Z 004108b0 f file.obj
 0001:0000f940       ?PfilFromFni@FIL@@SGPAV1@PAVFNI@@@Z 00410940 f file.obj
 0001:0000f9a0       ?FSetGrffil@FIL@@QAEHKK@Z  004109a0 f file.obj
 0001:0000fa30       ?Release@FIL@@UAEXXZ       00410a30 f file.obj
 0001:0000fa60       ?GetStnPath@FIL@@QAEXPAVSTN@@@Z 00410a60 f file.obj
 0001:0000fa90       ?SetTemp@FIL@@QAEXH@Z      00410a90 f file.obj
 0001:0000fad0       ?FSetFni@FIL@@QAEHPAVFNI@@@Z 00410ad0 f file.obj
 0001:0000fb40       ?ShutDown@FIL@@SGXXZ       00410b40 f file.obj
 0001:0000fbb0       ?FReadRgb@FLO@@QAEHPAXJJ@Z 00410bb0 f file.obj
 0001:0000fc00       ?FWriteRgb@FLO@@QAEHPAXJJ@Z 00410c00 f file.obj
 0001:0000fc50       ?FCopy@FLO@@QAEHPAU1@@Z    00410c50 f file.obj
 0001:0000fd20       ?FReadHq@FLO@@QAEHPAPAXJJ@Z 00410d20 f file.obj
 0001:0000fda0       ?FWriteHq@FLO@@QAEHPAXJ@Z  00410da0 f file.obj
 0001:0000fdf0       ?FTranslate@FLO@@QAEHF@Z   00410df0 f file.obj
 0001:00010100       ??0BLCK@@QAE@PAUFLO@@H@Z   00411100 f file.obj
 0001:00010150       ??0BLCK@@QAE@PAVFIL@@JJH@Z 00411150 f file.obj
 0001:00010190       ??0BLCK@@QAE@XZ            00411190 f file.obj
 0001:000101b0       ??1BLCK@@UAE@XZ            004111b0 f file.obj
 0001:000101d0       ?Set@BLCK@@QAEXPAUFLO@@H@Z 004111d0 f file.obj
 0001:00010210       ?Set@BLCK@@QAEXPAVFIL@@JJH@Z 00411210 f file.obj
 0001:00010250       ?SetHq@BLCK@@QAEXPAPAXH@Z  00411250 f file.obj
 0001:00010290       ?Free@BLCK@@QAEXXZ         00411290 f file.obj
 0001:000102c0       ?HqFree@BLCK@@QAEPAXH@Z    004112c0 f file.obj
 0001:00010370       ?Cb@BLCK@@QAEJH@Z          00411370 f file.obj
 0001:00010390       ?FSetTemp@BLCK@@QAEHJH@Z   00411390 f file.obj
 0001:00010420       ?FMoveMin@BLCK@@QAEHJ@Z    00411420 f file.obj
 0001:00010490       ?FMoveLim@BLCK@@QAEHJ@Z    00411490 f file.obj
 0001:00010500       ?FReadRgb@BLCK@@QAEHPAXJJH@Z 00411500 f file.obj
 0001:00010590       ?FWriteRgb@BLCK@@QAEHPAXJJH@Z 00411590 f file.obj
 0001:00010620       ?FReadHq@BLCK@@QAEHPAPAXJJH@Z 00411620 f file.obj
 0001:000106d0       ?FWriteHq@BLCK@@QAEHPAXJH@Z 004116d0 f file.obj
 0001:00010760       ?FWriteToFlo@BLCK@@QAEHPAUFLO@@H@Z 00411760 f file.obj
 0001:000107e0       ?FWriteToBlck@BLCK@@QAEHPAV1@H@Z 004117e0 f file.obj
 0001:00010880       ?FGetFlo@BLCK@@QAEHPAUFLO@@H@Z 00411880 f file.obj
 0001:00010960       ?FPacked@BLCK@@QAEHPAJ@Z   00411960 f file.obj
 0001:000109a0       ?FPackData@BLCK@@QAEHJ@Z   004119a0 f file.obj
 0001:00010ac0       ?FUnpackData@BLCK@@QAEHXZ  00411ac0 f file.obj
 0001:00010bc0       ?CbMem@BLCK@@QAEJXZ        00411bc0 f file.obj
 0001:00010be0       ??0MSFIL@@QAE@PAVFIL@@@Z   00411be0 f file.obj
 0001:00010c10       ??1MSFIL@@UAE@XZ           00411c10 f file.obj
 0001:00010c40       ?SetFile@MSFIL@@QAEXPAVFIL@@@Z 00411c40 f file.obj
 0001:00010ca0       ?PfilRelease@MSFIL@@QAEPAVFIL@@XZ 00411ca0 f file.obj
 0001:00010cb0       ?ReportLine@MSFIL@@UAEXPAD@Z 00411cb0 f file.obj
 0001:00010d00       ?Report@MSFIL@@UAEXPAD@Z   00411d00 f file.obj
 0001:00010d60       ?FError@MSFIL@@UAEHXZ      00411d60 f file.obj
 0001:00010da0       ??_EFIL@@MAEPAXI@Z         00411da0 f file.obj
 0001:00010da0       ??_GFIL@@MAEPAXI@Z         00411da0 f file.obj
 0001:00010dc0       ??_GBLCK@@UAEPAXI@Z        00411dc0 f file.obj
 0001:00010dc0       ??_EBLCK@@UAEPAXI@Z        00411dc0 f file.obj
 0001:00010de0       ??_GMSFIL@@UAEPAXI@Z       00411de0 f file.obj
 0001:00010de0       ??_EMSFIL@@UAEPAXI@Z       00411de0 f file.obj
 0001:00010e50       ?_FOpen@FIL@@IAEHHK@Z      00411e50 f filewin.obj
 0001:00010f50       ?_Close@FIL@@IAEXH@Z       00411f50 f filewin.obj
 0001:00010fc0       ?Flush@FIL@@QAEXXZ         00411fc0 f filewin.obj
 0001:00010ff0       ?_SetFpPos@FIL@@IAEXJ@Z    00411ff0 f filewin.obj
 0001:00011050       ?FSetFpMac@FIL@@QAEHJ@Z    00412050 f filewin.obj
 0001:000110e0       ?FpMac@FIL@@QAEJXZ         004120e0 f filewin.obj
 0001:00011170       ?FReadRgb@FIL@@QAEHPAXJJ@Z 00412170 f filewin.obj
 0001:00011220       ?FWriteRgb@FIL@@QAEHPAXJJ@Z 00412220 f filewin.obj
 0001:000112e0       ?FSwapNames@FIL@@QAEHPAV1@@Z 004122e0 f filewin.obj
 0001:000114c0       ?FRename@FIL@@QAEHPAVFNI@@@Z 004124c0 f filewin.obj
 0001:00011580       ?FWouldBe@FNI@@SGHJ@Z      00412580 f fniwin.obj
 0001:000115a0       ?FIs@FNI@@UAEHJ@Z          004125a0 f fniwin.obj
 0001:000115b0       ?Cls@FNI@@UAEJXZ           004125b0 f fniwin.obj
 0001:000115c0       ?SetNil@FNI@@QAEXXZ        004125c0 f fniwin.obj
 0001:000115d0       ??0FNI@@QAE@XZ             004125d0 f fniwin.obj
 0001:00011600       ?FGetOpen@FNI@@QAEHPADPAUHWND__@@@Z 00412600 f fniwin.obj
 0001:000116c0       ?FGetSave@FNI@@QAEHPADPAUHWND__@@@Z 004126c0 f fniwin.obj
 0001:00011780       ?FBuildFromPath@FNI@@QAEHPAVSTN@@J@Z 00412780 f fniwin.obj
 0001:000118d0       ?FGetUnique@FNI@@QAEHJ@Z   004128d0 f fniwin.obj
 0001:000119e0       ?FGetTemp@FNI@@QAEHXZ      004129e0 f fniwin.obj
 0001:00011a80       ?Ftg@FNI@@QAEJXZ           00412a80 f fniwin.obj
 0001:00011a90       ?Grfvk@FNI@@QAEKXZ         00412a90 f fniwin.obj
 0001:00011ba0       ?FSetLeaf@FNI@@QAEHPAVSTN@@J@Z 00412ba0 f fniwin.obj
 0001:00011c10       ?FChangeFtg@FNI@@QAEHJ@Z   00412c10 f fniwin.obj
 0001:00011cc0       ?GetLeaf@FNI@@QAEXPAVSTN@@@Z 00412cc0 f fniwin.obj
 0001:00011d00       ?GetStnPath@FNI@@QAEXPAVSTN@@@Z 00412d00 f fniwin.obj
 0001:00011d10       ?TExists@FNI@@QAEHXZ       00412d10 f fniwin.obj
 0001:00011e10       ?FDelete@FNI@@QAEHXZ       00412e10 f fniwin.obj
 0001:00011e40       ?FRename@FNI@@QAEHPAV1@@Z  00412e40 f fniwin.obj
 0001:00011e90       ?FEqual@FNI@@QAEHPAV1@@Z   00412e90 f fniwin.obj
 0001:00011eb0       ?_CchExt@FNI@@AAEJXZ       00412eb0 f fniwin.obj
 0001:00011ef0       ?_SetFtgFromName@FNI@@AAEXXZ 00412ef0 f fniwin.obj
 0001:00011f70       ?_FChangeLeaf@FNI@@AAEHPAVSTN@@@Z 00412f70 f fniwin.obj
 0001:000120c0       ??_EFNI@@UAEPAXI@Z         004130c0 f fniwin.obj
 0001:000120c0       ??_GFNI@@UAEPAXI@Z         004130c0 f fniwin.obj
 0001:000120e0       ?FWouldBe@APPB@@SGHJ@Z     004130e0 f appb.obj
 0001:00012100       ?FIs@APPB@@UAEHJ@Z         00413100 f appb.obj
 0001:00012110       ?Cls@APPB@@UAEJXZ          00413110 f appb.obj
 0001:00012120       ??0APPB@@QAE@XZ            00413120 f appb.obj
 0001:00012150       ??1APPB@@UAE@XZ            00413150 f appb.obj
 0001:00012170       ?Run@APPB@@UAEXKKJ@Z       00413170 f appb.obj
 0001:000121a0       ?Quit@APPB@@UAEXH@Z        004131a0 f appb.obj
 0001:000121e0       ?GetStnAppName@APPB@@UAEXPAVSTN@@@Z 004131e0 f appb.obj
 0001:00012200       ?SetCurs@APPB@@UAEXPAVCURS@@H@Z 00413200 f appb.obj
 0001:00012260       ?SetCursCno@APPB@@UAEXPAVRCA@@KH@Z 00413260 f appb.obj
 0001:000122b0       ?RefreshCurs@APPB@@UAEXXZ  004132b0 f appb.obj
 0001:000122f0       ?BeginLongOp@APPB@@UAEXXZ  004132f0 f appb.obj
 0001:00012320       ?EndLongOp@APPB@@UAEXH@Z   00413320 f appb.obj
 0001:00012350       ?GrfcustCur@APPB@@UAEKH@Z  00413350 f appb.obj
 0001:000123b0       ?ModifyGrfcust@APPB@@UAEXKK@Z 004133b0 f appb.obj
 0001:000123d0       ?HideCurs@APPB@@UAEXXZ     004133d0 f appb.obj
 0001:000123e0       ?ShowCurs@APPB@@UAEXXZ     004133e0 f appb.obj
 0001:000123f0       ?PositionCurs@APPB@@UAEXJJ@Z 004133f0 f appb.obj
 0001:00012410       ?OnnDefVariable@APPB@@UAEJXZ 00413410 f appb.obj
 0001:00012470       ?OnnDefFixed@APPB@@UAEJXZ  00413470 f appb.obj
 0001:000124f0       ?DypTextDef@APPB@@UAEJXZ   004134f0 f appb.obj
 0001:00012500       ?FCmdQuit@APPB@@UAEHPAUCMD@@@Z 00413500 f appb.obj
 0001:00012510       ?FCmdShowClipboard@APPB@@UAEHPAUCMD@@@Z 00413510 f appb.obj
 0001:00012530       ?FCmdIdle@APPB@@UAEHPAUCMD@@@Z 00413530 f appb.obj
 0001:000126e0       ?_TakeDownToolTip@APPB@@IAEXXZ 004136e0 f appb.obj
 0001:00012710       ?_EnsureToolTip@APPB@@IAEXXZ 00413710 f appb.obj
 0001:00012790       ?ResetToolTip@APPB@@UAEXXZ 00413790 f appb.obj
 0001:000127b0       ?FEnableAppCmd@APPB@@UAEHPAUCMD@@PAK@Z 004137b0 f appb.obj
 0001:00012820       ?FCmdChooseWnd@APPB@@UAEHPAUCMD@@@Z 00413820 f appb.obj
 0001:00012840       ?_FInit@APPB@@MAEHKKJ@Z    00413840 f appb.obj
 0001:00012910       ?_FInitSound@APPB@@MAEHJ@Z 00413910 f appb.obj
 0001:000129a0       ?_FInitMenu@APPB@@MAEHXZ   004139a0 f appb.obj
 0001:000129c0       ?_Loop@APPB@@MAEXXZ        004139c0 f appb.obj
 0001:00012a60       ?_CleanUp@APPB@@MAEXXZ     00413a60 f appb.obj
 0001:00012ab0       ?_Activate@APPB@@MAEXH@Z   00413ab0 f appb.obj
 0001:00012af0       ?TopOfLoop@APPB@@UAEXXZ    00413af0 f appb.obj
 0001:00012b10       ?UpdateHwnd@APPB@@UAEXPAUHWND__@@PAVRC@@K@Z 00413b10 f appb.obj
 0001:00012bc0       ?PcmhFromHid@APPB@@UAEPAVCMH@@J@Z 00413bc0 f appb.obj
 0001:00012bf0       ?BuryCmh@APPB@@UAEXPAVCMH@@@Z 00413bf0 f appb.obj
 0001:00012c70       ?MarkRc@APPB@@UAEXPAVRC@@PAVGOB@@@Z 00413c70 f appb.obj
 0001:00012c90       ?MarkRegn@APPB@@UAEXPAVREGN@@PAVGOB@@@Z 00413c90 f appb.obj
 0001:00012cb0       ?_MarkRegnRc@APPB@@IAEXPAVREGN@@PAVRC@@PAVGOB@@@Z 00413cb0 f appb.obj
 0001:00012e90       ?UnmarkRc@APPB@@UAEXPAVRC@@PAVGOB@@@Z 00413e90 f appb.obj
 0001:00012eb0       ?UnmarkRegn@APPB@@UAEXPAVREGN@@PAVGOB@@@Z 00413eb0 f appb.obj
 0001:00012ed0       ?_UnmarkRegnRc@APPB@@IAEXPAVREGN@@PAVRC@@PAVGOB@@@Z 00413ed0 f appb.obj
 0001:00013050       ?FGetMarkedRc@APPB@@UAEHPAUHWND__@@PAVRC@@@Z 00414050 f appb.obj
 0001:000130c0       ?InvalMarked@APPB@@UAEXPAUHWND__@@@Z 004140c0 f appb.obj
 0001:00013180       ?UpdateMarked@APPB@@UAEXXZ 00414180 f appb.obj
 0001:000131f0       ?_FastUpdate@APPB@@MAEXPAVGOB@@PAVREGN@@KPAVGPT@@@Z 004141f0 f appb.obj
 0001:00013320       ?SetGft@APPB@@UAEXJJKPAVGL@@VACR@@@Z 00414320 f appb.obj
 0001:00013370       ?_CopyPixels@APPB@@MAEXPAVGNV@@PAVRC@@01@Z 00414370 f appb.obj
 0001:000134d0       ?_PgptEnsure@APPB@@MAEPAVGPT@@PAVRC@@@Z 004144d0 f appb.obj
 0001:000135a0       ?_FFindProp@APPB@@IAEHJPAUPROP@1@PAJ@Z 004145a0 f appb.obj
 0001:00013650       ?_FSetProp@APPB@@IAEHJJ@Z  00414650 f appb.obj
 0001:000136e0       ?FSetProp@APPB@@UAEHJJ@Z   004146e0 f appb.obj
 0001:000138b0       ?FGetProp@APPB@@UAEHJPAJ@Z 004148b0 f appb.obj
 0001:00013960       ?FImportClip@APPB@@UAEHJPAXJPAPAVDOCB@@PAH@Z 00414960 f appb.obj
 0001:00013a50       ?FPushModal@APPB@@UAEHPAVCEX@@@Z 00414a50 f appb.obj
 0001:00013b90       ?FModalLoop@APPB@@UAEHPAJ@Z 00414b90 f appb.obj
 0001:00013bd0       ?EndModal@APPB@@UAEXJ@Z    00414bd0 f appb.obj
 0001:00013be0       ?PopModal@APPB@@UAEXXZ     00414be0 f appb.obj
 0001:00013c90       ?FCmdEndModal@APPB@@UAEHPAUCMD@@@Z 00414c90 f appb.obj
 0001:00013cc0       ?BadModalCmd@APPB@@UAEXPAUCMD@@@Z 00414cc0 f appb.obj
 0001:00013d10       ?TQuerySaveDoc@APPB@@UAEHPAVDOCB@@H@Z 00414d10 f appb.obj
 0001:00013d90       ?FAllowScreenSaver@APPB@@UAEHXZ 00414d90 f appb.obj
 0001:00013db0       ??_GAPPB@@UAEPAXI@Z        00414db0 f appb.obj
 0001:00013db0       ??_EAPPB@@UAEPAXI@Z        00414db0 f appb.obj
 0001:00013e60       ??_9@$BMA@A                00414e60 f appb.obj
 0001:00013e70       ??_9@$BME@A                00414e70 f appb.obj
 0001:00013e80       ??_9@$BMI@A                00414e80 f appb.obj
 0001:00013e90       ??_9@$BBBE@A               00414e90 f appb.obj
 0001:00013ea0       ??_9@$BLI@A                00414ea0 f appb.obj
 0001:00013eb0       ??_9@$BLM@A                00414eb0 f appb.obj
 0001:00013ec0       ?Pcmm@APPB@@MAEPAUCMM@CMH@@XZ 00414ec0 f appb.obj
 0001:00013ed0       ?FWouldBe@CLOK@@SGHJ@Z     00414ed0 f clok.obj
 0001:00013ef0       ?FIs@CLOK@@UAEHJ@Z         00414ef0 f clok.obj
 0001:00013f00       ?Cls@CLOK@@UAEJXZ          00414f00 f clok.obj
 0001:00013f20       ??0CLOK@@QAE@JK@Z          00414f20 f clok.obj
 0001:00013f70       ??1CLOK@@UAE@XZ            00414f70 f clok.obj
 0001:00013fc0       ?PclokFromHid@CLOK@@SGPAV1@J@Z 00414fc0 f clok.obj
 0001:00013fe0       ?BuryCmh@CLOK@@SGXPAVCMH@@@Z 00414fe0 f clok.obj
 0001:00014010       ?RemoveCmh@CLOK@@QAEXPAVCMH@@@Z 00415010 f clok.obj
 0001:00014050       ?Start@CLOK@@QAEXK@Z       00415050 f clok.obj
 0001:000140a0       ?Stop@CLOK@@QAEXXZ         004150a0 f clok.obj
 0001:000140d0       ?TimCur@CLOK@@QAEKH@Z      004150d0 f clok.obj
 0001:00014110       ?FSetAlarm@CLOK@@QAEHJPAVCMH@@JH@Z 00415110 f clok.obj
 0001:000141e0       ?FCmdAll@CLOK@@UAEHPAUCMD@@@Z 004151e0 f clok.obj
 0001:00014390       ??_ECLOK@@UAEPAXI@Z        00415390 f clok.obj
 0001:00014390       ??_GCLOK@@UAEPAXI@Z        00415390 f clok.obj
 0001:000143b0       ??_9@$BCE@A                004153b0 f clok.obj
 0001:00014450       ?Pcmm@CLOK@@MAEPAUCMM@CMH@@XZ 00415450 f clok.obj
 0001:00014460       ?FWouldBe@CMH@@SGHJ@Z      00415460 f cmd.obj
 0001:00014480       ?FIs@CMH@@UAEHJ@Z          00415480 f cmd.obj
 0001:00014490       ?Cls@CMH@@UAEJXZ           00415490 f cmd.obj
 0001:000144a0       ?FWouldBe@CEX@@SGHJ@Z      004154a0 f cmd.obj
 0001:000144c0       ?FIs@CEX@@UAEHJ@Z          004154c0 f cmd.obj
 0001:000144d0       ?Cls@CEX@@UAEJXZ           004154d0 f cmd.obj
 0001:000144e0       ?HidUnique@CMH@@SGJJ@Z     004154e0 f cmd.obj
 0001:00014540       ??0CMH@@QAE@J@Z            00415540 f cmd.obj
 0001:00014560       ??1CMH@@UAE@XZ             00415560 f cmd.obj
 0001:00014590       ?_FGetCmme@CMH@@MAEHJKPAUCMME@1@@Z 00415590 f cmd.obj
 0001:00014630       ?FDoCmd@CMH@@UAEHPAUCMD@@@Z 00415630 f cmd.obj
 0001:000146a0       ?FEnableCmd@CMH@@UAEHPAUCMD@@PAK@Z 004156a0 f cmd.obj
 0001:00014740       ??0CEX@@IAE@XZ             00415740 f cmd.obj
 0001:00014760       ??1CEX@@UAE@XZ             00415760 f cmd.obj
 0001:00014820       ?PcexNew@CEX@@SGPAV1@JJ@Z  00415820 f cmd.obj
 0001:00014870       ?_FInit@CEX@@MAEHJJ@Z      00415870 f cmd.obj
 0001:000148b0       ?StopRecording@CEX@@QAEXXZ 004158b0 f cmd.obj
 0001:00014a00       ?RecordCmd@CEX@@QAEXPAUCMD@@@Z 00415a00 f cmd.obj
 0001:00014bd0       ?StopPlaying@CEX@@QAEXXZ   00415bd0 f cmd.obj
 0001:00014c40       ?_FReadCmd@CEX@@IAEHPAUCMD@@@Z 00415c40 f cmd.obj
 0001:00014dc0       ?_FCmhOk@CEX@@MAEHPAVCMH@@@Z 00415dc0 f cmd.obj
 0001:00014e10       ?FAddCmh@CEX@@UAEHPAVCMH@@JK@Z 00415e10 f cmd.obj
 0001:00014eb0       ?RemoveCmh@CEX@@UAEXPAVCMH@@J@Z 00415eb0 f cmd.obj
 0001:00014f40       ?BuryCmh@CEX@@UAEXPAVCMH@@@Z 00415f40 f cmd.obj
 0001:00015040       ?_FFindCmhl@CEX@@MAEHJPAJ@Z 00416040 f cmd.obj
 0001:000150b0       ?EnqueueCid@CEX@@UAEXJPAVCMH@@PAVGG@@JJJJ@Z 004160b0 f cmd.obj
 0001:00015100       ?PushCid@CEX@@UAEXJPAVCMH@@PAVGG@@JJJJ@Z 00416100 f cmd.obj
 0001:00015150       ?EnqueueCmd@CEX@@UAEXPAUCMD@@@Z 00416150 f cmd.obj
 0001:00015180       ?PushCmd@CEX@@UAEXPAUCMD@@@Z 00416180 f cmd.obj
 0001:000151b0       ?FCidIn@CEX@@UAEHJ@Z       004161b0 f cmd.obj
 0001:00015200       ?FlushCid@CEX@@UAEXJ@Z     00416200 f cmd.obj
 0001:00015270       ?_TGetNextCmd@CEX@@MAEHXZ  00416270 f cmd.obj
 0001:00015390       ?_FSendCmd@CEX@@MAEHPAVCMH@@@Z 00416390 f cmd.obj
 0001:000153c0       ?_CleanUpCmd@CEX@@MAEXXZ   004163c0 f cmd.obj
 0001:00015440       ?FDispatchNextCmd@CEX@@UAEHXZ 00416440 f cmd.obj
 0001:00015520       ?_FEnableCmd@CEX@@MAEHPAVCMH@@PAUCMD@@PAK@Z 00416520 f cmd.obj
 0001:00015550       ?GrfedsForCmd@CEX@@UAEHPAUCMD@@@Z 00416550 f cmd.obj
 0001:00015610       ?GrfedsForCid@CEX@@UAEHJPAVCMH@@PAVGG@@JJJJ@Z 00416610 f cmd.obj
 0001:00015660       ?FGetNextKey@CEX@@UAEHPAUCMD@@@Z 00416660 f cmd.obj
 0001:000156c0       ?TrackMouse@CEX@@UAEXPAVGOB@@@Z 004166c0 f cmd.obj
 0001:000156e0       ?EndMouseTracking@CEX@@UAEXXZ 004166e0 f cmd.obj
 0001:00015720       ?PgobTracking@CEX@@UAEPAVGOB@@XZ 00416720 f cmd.obj
 0001:00015730       ?Suspend@CEX@@UAEXH@Z      00416730 f cmd.obj
 0001:00015780       ?SetModalGob@CEX@@UAEXPAVGOB@@@Z 00416780 f cmd.obj
 0001:000157a0       ??_GCMH@@UAEPAXI@Z         004167a0 f cmd.obj
 0001:000157a0       ??_ECMH@@UAEPAXI@Z         004167a0 f cmd.obj
 0001:000157c0       ??_GCEX@@UAEPAXI@Z         004167c0 f cmd.obj
 0001:000157c0       ??_ECEX@@UAEPAXI@Z         004167c0 f cmd.obj
 0001:00015870       ?Pcmm@CMH@@MAEPAUCMM@1@XZ  00416870 f cmd.obj
 0001:00015880       ?FWouldBe@CURS@@SGHJ@Z     00416880 f cursor.obj
 0001:000158a0       ?FIs@CURS@@UAEHJ@Z         004168a0 f cursor.obj
 0001:000158b0       ?Cls@CURS@@UAEJXZ          004168b0 f cursor.obj
 0001:000158c0       ??1CURS@@MAE@XZ            004168c0 f cursor.obj
 0001:000158e0       ?FReadCurs@CURS@@SGHPAVCRF@@KKPAVBLCK@@PAPAVBACO@@PAJ@Z 004168e0 f cursor.obj
 0001:00015c20       ?Set@CURS@@QAEXXZ          00416c20 f cursor.obj
 0001:00015c40       ??_GCURS@@MAEPAXI@Z        00416c40 f cursor.obj
 0001:00015c40       ??_ECURS@@MAEPAXI@Z        00416c40 f cursor.obj
 0001:00015d00       ?FWouldBe@GNV@@SGHJ@Z      00416d00 f gfx.obj
 0001:00015d20       ?FIs@GNV@@UAEHJ@Z          00416d20 f gfx.obj
 0001:00015d30       ?Cls@GNV@@UAEJXZ           00416d30 f gfx.obj
 0001:00015d40       ?FWouldBe@GPT@@SGHJ@Z      00416d40 f gfx.obj
 0001:00015d60       ?FIs@GPT@@UAEHJ@Z          00416d60 f gfx.obj
 0001:00015d70       ?Cls@GPT@@UAEJXZ           00416d70 f gfx.obj
 0001:00015d80       ?FWouldBe@NTL@@SGHJ@Z      00416d80 f gfx.obj
 0001:00015da0       ?FIs@NTL@@UAEHJ@Z          00416da0 f gfx.obj
 0001:00015db0       ?Cls@NTL@@UAEJXZ           00416db0 f gfx.obj
 0001:00015dc0       ?SetFromLw@ACR@@QAEXJ@Z    00416dc0 f gfx.obj
 0001:00015dd0       ?LwGet@ACR@@QBEJXZ         00416dd0 f gfx.obj
 0001:00015de0       ?GetClr@ACR@@QAEXPAUCLR@@@Z 00416de0 f gfx.obj
 0001:00015e00       ?MoveOrigin@APT@@QAEXJJ@Z  00416e00 f gfx.obj
 0001:00015e70       ??0GNV@@QAE@PAVGPT@@@Z     00416e70 f gfx.obj
 0001:00015eb0       ??0GNV@@QAE@PAVGOB@@@Z     00416eb0 f gfx.obj
 0001:00015ef0       ??0GNV@@QAE@PAVGOB@@PAVGPT@@@Z 00416ef0 f gfx.obj
 0001:00015f30       ??1GNV@@UAE@XZ             00416f30 f gfx.obj
 0001:00015f60       ?_Init@GNV@@AAEXPAVGPT@@@Z 00416f60 f gfx.obj
 0001:00016010       ?SetGobRc@GNV@@QAEXPAVGOB@@@Z 00417010 f gfx.obj
 0001:00016080       ?FillRcApt@GNV@@QAEXPAVRC@@PAUAPT@@VACR@@2@Z 00417080 f gfx.obj
 0001:000160f0       ?FillRc@GNV@@QAEXPAVRC@@VACR@@@Z 004170f0 f gfx.obj
 0001:00016130       ?FrameRcApt@GNV@@QAEXPAVRC@@PAUAPT@@VACR@@2@Z 00417130 f gfx.obj
 0001:000161b0       ?FrameRc@GNV@@QAEXPAVRC@@VACR@@@Z 004171b0 f gfx.obj
 0001:00016200       ?HiliteRc@GNV@@QAEXPAVRC@@VACR@@@Z 00417200 f gfx.obj
 0001:00016240       ?ScrollRc@GNV@@QAEXPAVRC@@JJ00@Z 00417240 f gfx.obj
 0001:00016310       ?GetBadRcForScroll@GNV@@SGXPAVRC@@JJ00@Z 00417310 f gfx.obj
 0001:00016410       ?GetRcSrc@GNV@@QAEXPAVRC@@@Z 00417410 f gfx.obj
 0001:00016440       ?SetRcSrc@GNV@@QAEXPAVRC@@@Z 00417440 f gfx.obj
 0001:00016480       ?SetRcDst@GNV@@QAEXPAVRC@@@Z 00417480 f gfx.obj
 0001:00016540       ?SetRcVis@GNV@@QAEXPAVRC@@@Z 00417540 f gfx.obj
 0001:000165e0       ?IntersectRcVis@GNV@@QAEXPAVRC@@@Z 004175e0 f gfx.obj
 0001:00016660       ?ClipRc@GNV@@QAEXPAVRC@@@Z 00417660 f gfx.obj
 0001:00016740       ?SetPenSize@GNV@@QAEXJJ@Z  00417740 f gfx.obj
 0001:00016780       ?SetFont@GNV@@QAEXJKJJJ@Z  00417780 f gfx.obj
 0001:000167c0       ?SetOnn@GNV@@QAEXJ@Z       004177c0 f gfx.obj
 0001:000167d0       ?SetFontAlign@GNV@@QAEXJJ@Z 004177d0 f gfx.obj
 0001:000167f0       ?DrawRgch@GNV@@QAEXPADJJJVACR@@1@Z 004177f0 f gfx.obj
 0001:00016850       ?DrawStn@GNV@@QAEXPAVSTN@@JJVACR@@1@Z 00417850 f gfx.obj
 0001:00016880       ?GetRcFromRgch@GNV@@QAEXPAVRC@@PADJJJ@Z 00417880 f gfx.obj
 0001:000168f0       ?CopyPixels@GNV@@QAEXPAV1@PAVRC@@1@Z 004178f0 f gfx.obj
 0001:00016950       ?_FInitPaletteTrans@GNV@@AAEHPAVGL@@PAPAV2@1J@Z 00417950 f gfx.obj
 0001:00016a00       ?_PaletteTrans@GNV@@AAEXPAVGL@@0JJ0PAUCLR@@@Z 00417a00 f gfx.obj
 0001:00016b60       ?_FEnsureTempGnv@GNV@@AAEHPAPAV1@PAVRC@@@Z 00417b60 f gfx.obj
 0001:00016bf0       ?Wipe@GNV@@QAEXJVACR@@PAV1@PAVRC@@2KPAVGL@@@Z 00417bf0 f gfx.obj
 0001:00016ea0       ?Slide@GNV@@QAEXJVACR@@PAV1@PAVRC@@2KPAVGL@@@Z 00417ea0 f gfx.obj
 0001:00017250       ?Dissolve@GNV@@QAEXJJVACR@@PAV1@PAVRC@@2KPAVGL@@@Z 00418250 f gfx.obj
 0001:00017a50       ?Fade@GNV@@QAEXJVACR@@PAV1@PAVRC@@2KPAVGL@@@Z 00418a50 f gfx.obj
 0001:00017c50       ?Iris@GNV@@QAEXJJJVACR@@PAV1@PAVRC@@2KPAVGL@@@Z 00418c50 f gfx.obj
 0001:00018180       ?DrawPic@GNV@@QAEXPAVPIC@@PAVRC@@@Z 00419180 f gfx.obj
 0001:000181c0       ?DrawMbmp@GNV@@QAEXPAVMBMP@@PAVRC@@@Z 004191c0 f gfx.obj
 0001:00018200       ?_FMapRcRcs@GNV@@AAEHPAVRC@@PAUtagRECT@@@Z 00419200 f gfx.obj
 0001:00018280       ?_MapPtPts@GNV@@AAEXJJPAUtagPOINT@@@Z 00419280 f gfx.obj
 0001:000182d0       ?ClipToRegn@GPT@@QAEXPAPAVREGN@@@Z 004192d0 f gfx.obj
 0001:00018330       ?SetPtBase@GPT@@QAEXPAVPT@@@Z 00419330 f gfx.obj
 0001:00018350       ?GetPtBase@GPT@@QAEXPAVPT@@@Z 00419350 f gfx.obj
 0001:00018370       ?FInitGfx@@YGHXZ           00419370 f gfx.obj
 0001:00018380       ??0NTL@@QAE@XZ             00419380 f gfx.obj
 0001:000183a0       ??1NTL@@UAE@XZ             004193a0 f gfx.obj
 0001:000183d0       ?GetStn@NTL@@QAEXJPAVSTN@@@Z 004193d0 f gfx.obj
 0001:000183f0       ?FGetOnn@NTL@@QAEHPAVSTN@@PAJ@Z 004193f0 f gfx.obj
 0001:00018410       ?OnnMapStn@NTL@@QAEJPAVSTN@@F@Z 00419410 f gfx.obj
 0001:00018440       ?OnnMac@NTL@@QAEJXZ        00419440 f gfx.obj
 0001:00018450       ?DoubleStretch@@YGXPAEJJPAVRC@@0JJJJ1PAVREGN@@@Z 00419450 f gfx.obj
 0001:00018910       ?DoubleVertStretch@@YGXPAEJJPAVRC@@0JJJJ1PAVREGN@@@Z 00419910 f gfx.obj
 0001:00018dd0       ??_GGNV@@UAEPAXI@Z         00419dd0 f gfx.obj
 0001:00018dd0       ??_EGNV@@UAEPAXI@Z         00419dd0 f gfx.obj
 0001:00018df0       ??_ENTL@@UAEPAXI@Z         00419df0 f gfx.obj
 0001:00018df0       ??_GNTL@@UAEPAXI@Z         00419df0 f gfx.obj
 0001:00018e10       ?FWouldBe@GOB@@SGHJ@Z      00419e10 f gob.obj
 0001:00018e30       ?FIs@GOB@@UAEHJ@Z          00419e30 f gob.obj
 0001:00018e40       ?Cls@GOB@@UAEJXZ           00419e40 f gob.obj
 0001:00018e50       ?FWouldBe@GTE@@SGHJ@Z      00419e50 f gob.obj
 0001:00018e70       ?FIs@GTE@@UAEHJ@Z          00419e70 f gob.obj
 0001:00018e80       ?Cls@GTE@@UAEJXZ           00419e80 f gob.obj
 0001:00018e90       ?Set@GCB@@QAEXJPAVGOB@@KJPAVRC@@1@Z 00419e90 f gob.obj
 0001:00018f20       ?ShutDown@GOB@@SGXXZ       00419f20 f gob.obj
 0001:00018f60       ??0GOB@@QAE@PAUGCB@@@Z     00419f60 f gob.obj
 0001:00018f90       ?_Init@GOB@@IAEXPAUGCB@@@Z 00419f90 f gob.obj
 0001:00019030       ??0GOB@@QAE@J@Z            0041a030 f gob.obj
 0001:00019090       ?Release@GOB@@UAEXXZ       0041a090 f gob.obj
 0001:000190e0       ??1GOB@@MAE@XZ             0041a0e0 f gob.obj
 0001:00019180       ?ActivateHwnd@GOB@@SGXPAUHWND__@@H@Z 0041a180 f gob.obj
 0001:00019220       ?BringToFront@GOB@@QAEXXZ  0041a220 f gob.obj
 0001:00019230       ?SendBehind@GOB@@QAEXPAV1@@Z 0041a230 f gob.obj
 0001:00019290       ?InvalRc@GOB@@QAEXPAVRC@@J@Z 0041a290 f gob.obj
 0001:000193d0       ?ValidRc@GOB@@QAEXPAVRC@@J@Z 0041a3d0 f gob.obj
 0001:000194c0       ?FGetRcInval@GOB@@QAEHPAVRC@@J@Z 0041a4c0 f gob.obj
 0001:00019630       ?Scroll@GOB@@QAEXPAVRC@@JJJ00@Z 0041a630 f gob.obj
 0001:00019a30       ?DrawTree@GOB@@UAEXPAVGPT@@PAVRC@@1K@Z 0041aa30 f gob.obj
 0001:00019e00       ?DrawTreeRgn@GOB@@UAEXPAVGPT@@PAVRC@@PAVREGN@@K@Z 0041ae00 f gob.obj
 0001:0001a240       ?Draw@GOB@@UAEXPAVGNV@@PAVRC@@@Z 0041b240 f gob.obj
 0001:0001a250       ?Maximize@GOB@@UAEXXZ      0041b250 f gob.obj
 0001:0001a280       ?SetPos@GOB@@QAEXPAVRC@@0@Z 0041b280 f gob.obj
 0001:0001a300       ?GetPos@GOB@@QAEXPAVRC@@0@Z 0041b300 f gob.obj
 0001:0001a350       ?SetRcFromHwnd@GOB@@QAEXXZ 0041b350 f gob.obj
 0001:0001a360       ?GetRc@GOB@@QAEXPAVRC@@J@Z 0041b360 f gob.obj
 0001:0001a3c0       ?GetRcVis@GOB@@QAEXPAVRC@@J@Z 0041b3c0 f gob.obj
 0001:0001a420       ?_HwndGetRc@GOB@@IAEPAUHWND__@@PAVRC@@@Z 0041b420 f gob.obj
 0001:0001a480       ?HwndContainer@GOB@@QAEPAUHWND__@@XZ 0041b480 f gob.obj
 0001:0001a4a0       ?MapPt@GOB@@QAEXPAVPT@@JJ@Z 0041b4a0 f gob.obj
 0001:0001a4f0       ?_HwndGetDptFromCoo@GOB@@AAEPAUHWND__@@PAVPT@@J@Z 0041b4f0 f gob.obj
 0001:0001a630       ?GetMinMax@GOB@@UAEXPAVRC@@@Z 0041b630 f gob.obj
 0001:0001a650       ?PgobFromPtGlobal@GOB@@SGPAV1@JJPAVPT@@@Z 0041b650 f gob.obj
 0001:0001a6d0       ?PgobFromPt@GOB@@UAEPAV1@JJPAVPT@@@Z 0041b6d0 f gob.obj
 0001:0001a760       ?FPtIn@GOB@@UAEHJJ@Z       0041b760 f gob.obj
 0001:0001a7a0       ?FPtInBounds@GOB@@UAEHJJ@Z 0041b7a0 f gob.obj
 0001:0001a7e0       ?MouseDown@GOB@@UAEXJJJK@Z 0041b7e0 f gob.obj
 0001:0001a880       ?_SetRcCur@GOB@@AAEXXZ     0041b880 f gob.obj
 0001:0001aae0       ?PgobPrevSib@GOB@@QAEPAV1@XZ 0041bae0 f gob.obj
 0001:0001ab20       ?PgobLastChild@GOB@@QAEPAV1@XZ 0041bb20 f gob.obj
 0001:0001ab40       ?FCreateAndAttachMdi@GOB@@QAEHPAVSTN@@@Z 0041bb40 f gob.obj
 0001:0001ab80       ?PgobMdiActive@GOB@@SGPAV1@XZ 0041bb80 f gob.obj
 0001:0001aba0       ?PgobFromCls@GOB@@QAEPAV1@J@Z 0041bba0 f gob.obj
 0001:0001ac00       ?PgobParFromCls@GOB@@QAEPAV1@J@Z 0041bc00 f gob.obj
 0001:0001ac30       ?PgobFromHidScr@GOB@@SGPAV1@J@Z 0041bc30 f gob.obj
 0001:0001ac60       ?PgobFromHid@GOB@@QAEPAV1@J@Z 0041bc60 f gob.obj
 0001:0001acc0       ?PgobFromGrid@GOB@@QAEPAV1@J@Z 0041bcc0 f gob.obj
 0001:0001ad20       ?FCmdCloseWnd@GOB@@UAEHPAUCMD@@@Z 0041bd20 f gob.obj
 0001:0001ad30       ?FCmdTrackMouse@GOB@@UAEHPAUCMD_MOUSE@@@Z 0041bd30 f gob.obj
 0001:0001ad40       ?FCmdKey@GOB@@UAEHPAUCMD_KEY@@@Z 0041bd40 f gob.obj
 0001:0001ad50       ?FCmdBadKey@GOB@@UAEHPAUCMD_BADKEY@@@Z 0041bd50 f gob.obj
 0001:0001ad60       ?FCmdSelIdle@GOB@@UAEHPAUCMD@@@Z 0041bd60 f gob.obj
 0001:0001ad70       ?FCmdActivateSel@GOB@@UAEHPAUCMD@@@Z 0041bd70 f gob.obj
 0001:0001ad80       ?FCmdMouseMove@GOB@@UAEHPAUCMD_MOUSE@@@Z 0041bd80 f gob.obj
 0001:0001ada0       ?ZpDragRc@GOB@@UAEJPAVRC@@HJJJJJ@Z 0041bda0 f gob.obj
 0001:0001b1c0       ?Ppglrtvm@GOB@@UAEPAPAVGL@@XZ 0041c1c0 f gob.obj
 0001:0001b1d0       ?FEnsureToolTip@GOB@@UAEHPAPAV1@JJ@Z 0041c1d0 f gob.obj
 0001:0001b1e0       ?LwState@GOB@@UAEJXZ       0041c1e0 f gob.obj
 0001:0001b1f0       ??0GTE@@QAE@XZ             0041c1f0 f gob.obj
 0001:0001b210       ?Init@GTE@@QAEXPAVGOB@@K@Z 0041c210 f gob.obj
 0001:0001b240       ?FNextGob@GTE@@QAEHPAPAVGOB@@PAKK@Z 0041c240 f gob.obj
 0001:0001b350       ?Pcmm@GOB@@MAEPAUCMM@CMH@@XZ 0041c350 f gob.obj
 0001:0001b360       ?_NewRc@GOB@@MAEXXZ        0041c360 f gob.obj
 0001:0001b370       ?_ActivateHwnd@GOB@@MAEXH@Z 0041c370 f gob.obj
 0001:0001b380       ?FCmdTrackMouseCore@GOB@@QAEHPAUCMD@@@Z 0041c380 f gob.obj
 0001:0001b390       ?FCmdMouseMoveCore@GOB@@QAEHPAUCMD@@@Z 0041c390 f gob.obj
 0001:0001b3a0       ?FCmdKeyCore@GOB@@QAEHPAUCMD@@@Z 0041c3a0 f gob.obj
 0001:0001b3b0       ?FCmdBadKeyCore@GOB@@QAEHPAUCMD@@@Z 0041c3b0 f gob.obj
 0001:0001b3c0       ??_EGOB@@MAEPAXI@Z         0041c3c0 f gob.obj
 0001:0001b3c0       ??_GGOB@@MAEPAXI@Z         0041c3c0 f gob.obj
 0001:0001b3e0       ??_GGTE@@UAEPAXI@Z         0041c3e0 f gob.obj
 0001:0001b3e0       ??_EGTE@@UAEPAXI@Z         0041c3e0 f gob.obj
 0001:0001b400       ??_9@$BHA@A                0041c400 f gob.obj
 0001:0001b410       ??_9@$BHE@A                0041c410 f gob.obj
 0001:0001b420       ??_9@$BFM@A                0041c420 f gob.obj
 0001:0001b430       ?Draw@MBMP@@QAEXPAEJJJJPAVRC@@PAVREGN@@@Z 0041c430 f mbmpgui.obj
 0001:0001b980       ?DrawMask@MBMP@@QAEXPAEJJJJPAVRC@@@Z 0041c980 f mbmpgui.obj
 0001:0001bcc0       ?FWouldBe@REGN@@SGHJ@Z     0041ccc0 f region.obj
 0001:0001bce0       ?FIs@REGN@@UAEHJ@Z         0041cce0 f region.obj
 0001:0001bcf0       ?Cls@REGN@@UAEJXZ          0041ccf0 f region.obj
 0001:0001bd00       ?FWouldBe@REGSC@@SGHJ@Z    0041cd00 f region.obj
 0001:0001bd20       ?FIs@REGSC@@UAEHJ@Z        0041cd20 f region.obj
 0001:0001bd30       ?Cls@REGSC@@UAEJXZ         0041cd30 f region.obj
 0001:0001bd40       ?FInit@REGBL@@QAEHPAVRC@@PAVGL@@@Z 0041cd40 f region.obj
 0001:0001bdf0       ?FStartRow@REGBL@@QAEHJJ@Z 0041cdf0 f region.obj
 0001:0001bea0       ?EndRow@REGBL@@QAEXXZ      0041cea0 f region.obj
 0001:0001bf60       ?PglxpFree@REGBL@@QAEPAVGL@@PAVRC@@PAJ@Z 0041cf60 f region.obj
 0001:0001c020       ??0REGSC@@QAE@XZ           0041d020 f region.obj
 0001:0001c040       ??1REGSC@@UAE@XZ           0041d040 f region.obj
 0001:0001c060       ?Free@REGSC@@QAEXXZ        0041d060 f region.obj
 0001:0001c090       ?Init@REGSC@@QAEXPAVREGN@@PAVRC@@@Z 0041d090 f region.obj
 0001:0001c0f0       ?InitRc@REGSC@@QAEXPAVRC@@0@Z 0041d0f0 f region.obj
 0001:0001c110       ?_InitCore@REGSC@@IAEXPAVGL@@PAVRC@@1@Z 0041d110 f region.obj
 0001:0001c210       ?_ScanNextCore@REGSC@@IAEXXZ 0041d210 f region.obj
 0001:0001c350       ?PregnNew@REGN@@SGPAV1@PAVRC@@@Z 0041d350 f region.obj
 0001:0001c3a0       ??1REGN@@UAE@XZ            0041d3a0 f region.obj
 0001:0001c3d0       ?SetRc@REGN@@QAEXPAVRC@@@Z 0041d3d0 f region.obj
 0001:0001c430       ?Offset@REGN@@QAEXJJ@Z     0041d430 f region.obj
 0001:0001c460       ?FEmpty@REGN@@QAEHPAVRC@@@Z 0041d460 f region.obj
 0001:0001c4b0       ?FIsRc@REGN@@QAEHPAVRC@@@Z 0041d4b0 f region.obj
 0001:0001c4e0       ?FUnion@REGN@@QAEHPAV1@0@Z 0041d4e0 f region.obj
 0001:0001c600       ?FUnionRc@REGN@@QAEHPAVRC@@PAV1@@Z 0041d600 f region.obj
 0001:0001c730       ?_FUnionCore@REGN@@IAEHPAVRC@@PAVREGSC@@1@Z 0041d730 f region.obj
 0001:0001ca50       ?FIntersect@REGN@@QAEHPAV1@0@Z 0041da50 f region.obj
 0001:0001cb80       ?_FIntersectCore@REGN@@IAEHPAVRC@@PAVREGSC@@1@Z 0041db80 f region.obj
 0001:0001ce80       ?FDiff@REGN@@QAEHPAV1@0@Z  0041de80 f region.obj
 0001:0001cf80       ?FDiffRc@REGN@@QAEHPAVRC@@PAV1@@Z 0041df80 f region.obj
 0001:0001d090       ?_FDiffCore@REGN@@IAEHPAVRC@@PAVREGSC@@1@Z 0041e090 f region.obj
 0001:0001d3c0       ?HrgnCreate@REGN@@QAEPAUHRGN__@@XZ 0041e3c0 f region.obj
 0001:0001d630       ?HrgnEnsure@REGN@@QAEPAUHRGN__@@XZ 0041e630 f region.obj
 0001:0001d690       ??_GREGN@@UAEPAXI@Z        0041e690 f region.obj
 0001:0001d690       ??_EREGN@@UAEPAXI@Z        0041e690 f region.obj
 0001:0001d6b0       ?XpFetch@REGSC@@QAEJXZ     0041e6b0 f region.obj
 0001:0001d730       ??_EREGBL@@UAEPAXI@Z       0041e730 f region.obj
 0001:0001d730       ??_GREGBL@@UAEPAXI@Z       0041e730 f region.obj
 0001:0001d770       ??_EREGSC@@UAEPAXI@Z       0041e770 f region.obj
 0001:0001d770       ??_GREGSC@@UAEPAXI@Z       0041e770 f region.obj
 0001:0001d820       ?FWouldBe@PIC@@SGHJ@Z      0041e820 f pic.obj
 0001:0001d840       ?FIs@PIC@@UAEHJ@Z          0041e840 f pic.obj
 0001:0001d850       ?Cls@PIC@@UAEJXZ           0041e850 f pic.obj
 0001:0001d860       ?GetRc@PIC@@QAEXPAVRC@@@Z  0041e860 f pic.obj
 0001:0001d940       _WinMain@16                0041e940 f appbwin.obj
 0001:0001d980       ?Abort@APPB@@UAEXXZ        0041e980 f appbwin.obj
 0001:0001d9a0       ?_FInitOS@APPB@@MAEHXZ     0041e9a0 f appbwin.obj
 0001:0001db30       ?_FGetNextEvt@APPB@@MAEHPAUtagMSG@@@Z 0041eb30 f appbwin.obj
 0001:0001db80       ?TrackMouse@APPB@@QAEXPAVGOB@@PAVPT@@@Z 0041eb80 f appbwin.obj
 0001:0001dc20       ?_DispatchEvt@APPB@@MAEXPAUtagMSG@@@Z 0041ec20 f appbwin.obj
 0001:0001dd10       ?_FTranslateKeyEvt@APPB@@MAEHPAUtagMSG@@PAUCMD_KEY@@@Z 0041ed10 f appbwin.obj
 0001:0001ddd0       ?FGetNextKeyFromOsQueue@APPB@@UAEHPAUCMD_KEY@@@Z 0041edd0 f appbwin.obj
 0001:0001dee0       ?FlushUserEvents@APPB@@UAEXK@Z 0041eee0 f appbwin.obj
 0001:0001df40       ?_ShutDownViewer@APPB@@IAEXXZ 0041ef40 f appbwin.obj
 0001:0001df70       ?_LuWndProc@APPB@@KGJPAUHWND__@@IIJ@Z 0041ef70 f appbwin.obj
 0001:0001dff0       ?_FFrameWndProc@APPB@@MAEHPAUHWND__@@IIJPAJ@Z 0041eff0 f appbwin.obj
 0001:0001e7c0       ?_LuMdiWndProc@APPB@@KGJPAUHWND__@@IIJ@Z 0041f7c0 f appbwin.obj
 0001:0001e830       ?_FMdiWndProc@APPB@@MAEHPAUHWND__@@IIJPAJ@Z 0041f830 f appbwin.obj
 0001:0001e920       ?_FCommonWndProc@APPB@@MAEHPAUHWND__@@IIJPAJ@Z 0041f920 f appbwin.obj
 0001:0001ede0       ?TGiveAlertSz@APPB@@UAEHPADJJ@Z 0041fde0 f appbwin.obj
 0001:0001ef30       ?_HrgnNew@@YGPAUHRGN__@@PAUtagRECT@@JJH@Z 0041ff30 f gfxwin.obj
 0001:0001ef90       ?_Scr@ACR@@AAEKXZ          0041ff90 f gfxwin.obj
 0001:0001efd0       ?DrawDib@GNV@@QAEXPAXPAUtagBITMAPINFOHEADER@@PAVRC@@@Z 0041ffd0 f gfxwin.obj
 0001:0001f010       ?Flush@GPT@@SGXXZ          00420010 f gfxwin.obj
 0001:0001f020       ?SetActiveColors@GPT@@SGXPAVGL@@K@Z 00420020 f gfxwin.obj
 0001:0001f4d0       ?PglclrGetPalette@GPT@@SGPAVGL@@XZ 004204d0 f gfxwin.obj
 0001:0001f520       ?CclrSetPalette@GPT@@SGJPAUHWND__@@H@Z 00420520 f gfxwin.obj
 0001:0001f5f0       ?PgptNew@GPT@@SGPAV1@PAUHDC__@@@Z 004205f0 f gfxwin.obj
 0001:0001f650       ?PgptNewHwnd@GPT@@SGPAV1@PAUHWND__@@@Z 00420650 f gfxwin.obj
 0001:0001f6a0       ?_FInit@GPT@@AAEHPAUHDC__@@@Z 004206a0 f gfxwin.obj
 0001:0001f750       ??1GPT@@EAE@XZ             00420750 f gfxwin.obj
 0001:0001f7f0       ?_Scr@GPT@@AAEKVACR@@@Z    004207f0 f gfxwin.obj
 0001:0001f870       ?PgptNewOffscreen@GPT@@SGPAV1@PAVRC@@J@Z 00420870 f gfxwin.obj
 0001:0001fbd0       ?PrgbLockPixels@GPT@@QAEPAEPAVRC@@@Z 00420bd0 f gfxwin.obj
 0001:0001fc20       ?CbRow@GPT@@QAEJXZ         00420c20 f gfxwin.obj
 0001:0001fc30       ?CbitPixel@GPT@@QAEJXZ     00420c30 f gfxwin.obj
 0001:0001fc80       ?Lock@GPT@@QAEXXZ          00420c80 f gfxwin.obj
 0001:0001fc90       ?Unlock@GPT@@QAEXXZ        00420c90 f gfxwin.obj
 0001:0001fcb0       ?HiliteRcs@GPT@@QAEXPAUtagRECT@@PAUGDD@@@Z 00420cb0 f gfxwin.obj
 0001:0001fce0       ?DrawRcs@GPT@@QAEXPAUtagRECT@@PAUGDD@@@Z 00420ce0 f gfxwin.obj
 0001:0001fd30       ?_FrameRcsOval@GPT@@AAEXPAUtagRECT@@PAUGDD@@H@Z 00420d30 f gfxwin.obj
 0001:0001fdf0       ?_FillRcs@GPT@@AAEXPAUtagRECT@@@Z 00420df0 f gfxwin.obj
 0001:0001fe20       ?_FillRgn@GPT@@AAEXPAPAUHRGN__@@@Z 00420e20 f gfxwin.obj
 0001:0001fe50       ?_SetClip@GPT@@AAEXPAUtagRECT@@@Z 00420e50 f gfxwin.obj
 0001:00020000       ?_EnsurePalette@GPT@@AAEXXZ 00421000 f gfxwin.obj
 0001:000200c0       ?_Fill@GPT@@AAEXPAXPAUGDD@@P81@EX0@Z@Z 004210c0 f gfxwin.obj
 0001:000202e0       ?ScrollRcs@GPT@@QAEXPAUtagRECT@@JJPAUGDD@@@Z 004212e0 f gfxwin.obj
 0001:00020320       ?DrawRgch@GPT@@QAEXPADJUtagPOINT@@PAUGDD@@PAUDSF@@@Z 00421320 f gfxwin.obj
 0001:00020500       ?GetRcsFromRgch@GPT@@QAEXPAUtagRECT@@PADJUtagPOINT@@PAUDSF@@@Z 00421500 f gfxwin.obj
 0001:000205c0       ?_SetAptBrush@GPT@@AAEXPAUAPT@@@Z 004215c0 f gfxwin.obj
 0001:00020690       ?_SetAcrBrush@GPT@@AAEXVACR@@@Z 00421690 f gfxwin.obj
 0001:00020710       ?_SetStockBrush@GPT@@AAEXH@Z 00421710 f gfxwin.obj
 0001:00020780       ?_SetTextProps@GPT@@AAEXPAUDSF@@@Z 00421780 f gfxwin.obj
 0001:00020850       ?CopyPixels@GPT@@QAEXPAV1@PAUtagRECT@@1PAUGDD@@@Z 00421850 f gfxwin.obj
 0001:00020c30       ?DrawPic@GPT@@QAEXPAVPIC@@PAUtagRECT@@PAUGDD@@@Z 00421c30 f gfxwin.obj
 0001:00020ca0       ?DrawMbmp@GPT@@QAEXPAVMBMP@@PAUtagRECT@@PAUGDD@@@Z 00421ca0 f gfxwin.obj
 0001:00021000       ?DrawDib@GPT@@QAEXPAXPAUtagBITMAPINFOHEADER@@PAUtagRECT@@PAUGDD@@@Z 00422000 f gfxwin.obj
 0001:00021080       ?FInit@NTL@@QAEHXZ         00422080 f gfxwin.obj
 0001:00021140       ?_FEnumFont@@YGHPAUtagLOGFONTA@@PAUtagTEXTMETRICA@@KJ@Z 00422140 f gfxwin.obj
 0001:000211a0       ?HfntCreate@NTL@@QAEPAUHFONT__@@PAUDSF@@@Z 004221a0 f gfxwin.obj
 0001:00021230       ?FFixedPitch@NTL@@QAEHJ@Z  00422230 f gfxwin.obj
 0001:00021260       ?FCreateRgn@@YGHPAPAUHRGN__@@PAVRC@@@Z 00422260 f gfxwin.obj
 0001:000212c0       ?FreePhrgn@@YGXPAPAUHRGN__@@@Z 004222c0 f gfxwin.obj
 0001:000212f0       ??_GGPT@@EAEPAXI@Z         004222f0 f gfxwin.obj
 0001:000212f0       ??_EGPT@@EAEPAXI@Z         004222f0 f gfxwin.obj
 0001:00021310       ?FInitScreen@GOB@@SGHKJ@Z  00422310 f gobwin.obj
 0001:00021380       ?FAttachHwnd@GOB@@QAEHPAUHWND__@@@Z 00422380 f gobwin.obj
 0001:000213e0       ?PgobFromHwnd@GOB@@SGPAV1@PAUHWND__@@@Z 004223e0 f gobwin.obj
 0001:00021440       ?HwndMdiActive@GOB@@SGPAUHWND__@@XZ 00422440 f gobwin.obj
 0001:00021470       ?_HwndNewMdi@GOB@@KGPAUHWND__@@PAVSTN@@@Z 00422470 f gobwin.obj
 0001:00021570       ?_DestroyHwnd@GOB@@KGXPAUHWND__@@@Z 00422570 f gobwin.obj
 0001:000215f0       ?GetPtMouse@GOB@@QAEXPAVPT@@PAH@Z 004225f0 f gobwin.obj
 0001:00021690       ?Clean@GOB@@UAEXXZ         00422690 f gobwin.obj
 0001:00021710       ?SetHwndName@GOB@@QAEXPAVSTN@@@Z 00422710 f gobwin.obj
 0001:00021750       ?MakeHwndActive@GOB@@SGXPAUHWND__@@@Z 00422750 f gobwin.obj
 0001:00021830       ?FWouldBe@MUB@@SGHJ@Z      00422830 f menuwin.obj
 0001:00021850       ?FIs@MUB@@UAEHJ@Z          00422850 f menuwin.obj
 0001:00021860       ?Cls@MUB@@UAEJXZ           00422860 f menuwin.obj
 0001:00021870       ??1MUB@@UAE@XZ             00422870 f menuwin.obj
 0001:00021890       ?PmubNew@MUB@@SGPAV1@K@Z   00422890 f menuwin.obj
 0001:00021920       ?Set@MUB@@UAEXXZ           00422920 f menuwin.obj
 0001:00021970       ?Clean@MUB@@UAEXXZ         00422970 f menuwin.obj
 0001:00021ab0       ?EnqueueWcid@MUB@@UAEXJ@Z  00422ab0 f menuwin.obj
 0001:00021af0       ?FAddListCid@MUB@@UAEHJJPAVSTN@@@Z 00422af0 f menuwin.obj
 0001:00021cf0       ?FRemoveListCid@MUB@@UAEHJJPAVSTN@@@Z 00422cf0 f menuwin.obj
 0001:00021f80       ?FRemoveAllListCid@MUB@@UAEHJ@Z 00422f80 f menuwin.obj
 0001:00022130       ?FChangeListCid@MUB@@UAEHJJPAVSTN@@J0@Z 00423130 f menuwin.obj
 0001:00022290       ?_FGetCmdForWcid@MUB@@AAEHJPAUCMD@@@Z 00423290 f menuwin.obj
 0001:000223d0       ?_FFindMlst@MUB@@AAEHJPAUMLST@1@PAJ@Z 004233d0 f menuwin.obj
 0001:00022460       ?_FInitLists@MUB@@AAEHXZ   00423460 f menuwin.obj
 0001:00022760       ??_EMUB@@UAEPAXI@Z         00423760 f menuwin.obj
 0001:00022760       ??_GMUB@@UAEPAXI@Z         00423760 f menuwin.obj
 0001:00022810       ??0PIC@@IAE@XZ             00423810 f picwin.obj
 0001:00022840       ??1PIC@@UAE@XZ             00423840 f picwin.obj
 0001:00022860       ?PpicRead@PIC@@SGPAV1@PAVBLCK@@@Z 00423860 f picwin.obj
 0001:00022980       ?CbOnFile@PIC@@UAEJXZ      00423980 f picwin.obj
 0001:000229a0       ?FWrite@PIC@@UAEHPAVBLCK@@@Z 004239a0 f picwin.obj
 0001:00022a80       ?PpicReadNative@PIC@@SGPAV1@PAVFNI@@@Z 00423a80 f picwin.obj
 0001:00022c40       ?_HpicReadWmf@PIC@@KGPAUHENHMETAFILE__@@PAVFNI@@@Z 00423c40 f picwin.obj
 0001:00022dd0       ??_EPIC@@UAEPAXI@Z         00423dd0 f picwin.obj
 0001:00022dd0       ??_GPIC@@UAEPAXI@Z         00423dd0 f picwin.obj
 0001:00022e80       ?FWouldBe@GOKD@@SGHJ@Z     00423e80 f kidworld.obj
 0001:00022ea0       ?FWouldBe@GKDS@@SGHJ@Z     00423ea0 f kidworld.obj
 0001:00022ec0       ?FIs@GKDS@@UAEHJ@Z         00423ec0 f kidworld.obj
 0001:00022ed0       ?Cls@GKDS@@UAEJXZ          00423ed0 f kidworld.obj
 0001:00022ee0       ?FWouldBe@WOKS@@SGHJ@Z     00423ee0 f kidworld.obj
 0001:00022f00       ?FIs@WOKS@@UAEHJ@Z         00423f00 f kidworld.obj
 0001:00022f10       ?Cls@WOKS@@UAEJXZ          00423f10 f kidworld.obj
 0001:00022f20       ?FReadGkds@GKDS@@SGHPAVCRF@@KKPAVBLCK@@PAPAVBACO@@PAJ@Z 00423f20 f kidworld.obj
 0001:00023100       ??1GKDS@@UAE@XZ            00424100 f kidworld.obj
 0001:00023120       ?Gokk@GKDS@@UAEJXZ         00424120 f kidworld.obj
 0001:00023130       ?FGetCume@GKDS@@UAEHKJPAUCUME@@@Z 00424130 f kidworld.obj
 0001:000231b0       ?GetLop@GKDS@@UAEXJPAULOP@@@Z 004241b0 f kidworld.obj
 0001:000231f0       ??0WOKS@@QAE@PAUGCB@@PAVSTRG@@@Z 004241f0 f kidworld.obj
 0001:000232b0       ??1WOKS@@UAE@XZ            004242b0 f kidworld.obj
 0001:00023310       ?FGobIn@WOKS@@UAEHPAVGOB@@@Z 00424310 f kidworld.obj
 0001:00023330       ?PgokdFetch@WOKS@@UAEPAVGOKD@@KKPAVRCA@@@Z 00424330 f kidworld.obj
 0001:00023350       ?PgokNew@WOKS@@UAEPAVGOK@@PAVGOB@@JKPAVRCA@@@Z 00424350 f kidworld.obj
 0001:000233f0       ?PscegNew@WOKS@@UAEPAVSCEG@@PAVRCA@@PAVGOB@@@Z 004243f0 f kidworld.obj
 0001:00023420       ?PhbalNew@WOKS@@UAEPAVHBAL@@PAVGOB@@PAVRCA@@KPAUHTOP@@@Z 00424420 f kidworld.obj
 0001:00023460       ?PcmhFromHid@WOKS@@UAEPAVCMH@@J@Z 00424460 f kidworld.obj
 0001:000234a0       ?PclokFromHid@WOKS@@UAEPAVCLOK@@J@Z 004244a0 f kidworld.obj
 0001:000234d0       ?PgobParGob@WOKS@@UAEPAVGOB@@PAV2@@Z 004244d0 f kidworld.obj
 0001:00023500       ?FFindFile@WOKS@@UAEHPAVSTN@@PAVFNI@@@Z 00424500 f kidworld.obj
 0001:00023520       ?TGiveAlert@WOKS@@UAEHPAVSTN@@JJ@Z 00424520 f kidworld.obj
 0001:00023550       ?Print@WOKS@@UAEXPAVSTN@@@Z 00424550 f kidworld.obj
 0001:00023570       ?GrfcustCur@WOKS@@UAEKH@Z  00424570 f kidworld.obj
 0001:000235a0       ?ModifyGrfcust@WOKS@@UAEXKK@Z 004245a0 f kidworld.obj
 0001:000235e0       ?GrfcustAdjust@WOKS@@UAEKK@Z 004245e0 f kidworld.obj
 0001:00023600       ?FModalTopic@WOKS@@UAEHPAVRCA@@KPAJ@Z 00424600 f kidworld.obj
 0001:00023810       ??_EGKDS@@UAEPAXI@Z        00424810 f kidworld.obj
 0001:00023810       ??_GGKDS@@UAEPAXI@Z        00424810 f kidworld.obj
 0001:00023830       ??_EWOKS@@UAEPAXI@Z        00424830 f kidworld.obj
 0001:00023830       ??_GWOKS@@UAEPAXI@Z        00424830 f kidworld.obj
 0001:000238e0       ?PclokAnim@WOKS@@UAEPAVCLOK@@XZ 004248e0 f kidworld.obj
 0001:000238f0       ?PclokNoSlip@WOKS@@UAEPAVCLOK@@XZ 004248f0 f kidworld.obj
 0001:00023900       ?PclokGen@WOKS@@UAEPAVCLOK@@XZ 00424900 f kidworld.obj
 0001:00023910       ?PclokReset@WOKS@@UAEPAVCLOK@@XZ 00424910 f kidworld.obj
 0001:00023920       ?FWouldBe@TXHD@@SGHJ@Z     00424920 f kidhelp.obj
 0001:00023940       ?FIs@TXHD@@UAEHJ@Z         00424940 f kidhelp.obj
 0001:00023950       ?Cls@TXHD@@UAEJXZ          00424950 f kidhelp.obj
 0001:00023960       ?FWouldBe@TXHG@@SGHJ@Z     00424960 f kidhelp.obj
 0001:00023980       ?FIs@TXHG@@UAEHJ@Z         00424980 f kidhelp.obj
 0001:00023990       ?Cls@TXHG@@UAEJXZ          00424990 f kidhelp.obj
 0001:000239a0       ?FWouldBe@HBAL@@SGHJ@Z     004249a0 f kidhelp.obj
 0001:000239c0       ?FIs@HBAL@@UAEHJ@Z         004249c0 f kidhelp.obj
 0001:000239d0       ?Cls@HBAL@@UAEJXZ          004249d0 f kidhelp.obj
 0001:000239e0       ?FWouldBe@HBTN@@SGHJ@Z     004249e0 f kidhelp.obj
 0001:00023a00       ?FIs@HBTN@@UAEHJ@Z         00424a00 f kidhelp.obj
 0001:00023a10       ?Cls@HBTN@@UAEJXZ          00424a10 f kidhelp.obj
 0001:00023a20       ??0TXHD@@IAE@PAVRCA@@PAVDOCB@@K@Z 00424a20 f kidhelp.obj
 0001:00023a70       ??1TXHD@@MAE@XZ            00424a70 f kidhelp.obj
 0001:00023aa0       ?PtxhdReadChunk@TXHD@@SGPAV1@PAVRCA@@PAVCFL@@KKPAVSTRG@@K@Z 00424aa0 f kidhelp.obj
 0001:00023b20       ?_FReadChunk@TXHD@@MAEHPAVCFL@@KKPAVSTRG@@K@Z 00424b20 f kidhelp.obj
 0001:00023e00       ?_FOpenArg@TXHD@@MAEHJEFF@Z 00424e00 f kidhelp.obj
 0001:00023fa0       ?FSaveToChunk@TXHD@@UAEHPAVCFL@@PAUCKI@@H@Z 00424fa0 f kidhelp.obj
 0001:000240e0       ?_FGetObjectRc@TXHD@@MAEHJEPAVGNV@@PAUCHP@@PAVRC@@@Z 004250e0 f kidhelp.obj
 0001:00024280       ?_FDrawObject@TXHD@@MAEHJEPAVGNV@@PAJJPAUCHP@@PAVRC@@@Z 00425280 f kidhelp.obj
 0001:00024510       ?FGrouped@TXHD@@QAEHJPAJ0PAEPAKPAVSTN@@@Z 00425510 f kidhelp.obj
 0001:00024630       ?GetHtop@TXHD@@QAEXPAUHTOP@@@Z 00425630 f kidhelp.obj
 0001:00024650       ??0TXHG@@IAE@PAVWOKS@@PAVTXHD@@PAUGCB@@@Z 00425650 f kidhelp.obj
 0001:00024680       ?PtxhgNew@TXHG@@SGPAV1@PAVWOKS@@PAVTXHD@@PAUGCB@@@Z 00425680 f kidhelp.obj
 0001:000246e0       ?_FInit@TXHG@@MAEHXZ       004256e0 f kidhelp.obj
 0001:00024ad0       ?FPtIn@TXHG@@UAEHJJ@Z      00425ad0 f kidhelp.obj
 0001:00024b10       ?FCmdTrackMouse@TXHG@@UAEHPAUCMD_MOUSE@@@Z 00425b10 f kidhelp.obj
 0001:00024c10       ?FCmdBadKey@TXHG@@UAEHPAUCMD_BADKEY@@@Z 00425c10 f kidhelp.obj
 0001:00024c80       ?FGroupFromPt@TXHG@@UAEHJJPAEPAK@Z 00425c80 f kidhelp.obj
 0001:00024cd0       ?DoHit@TXHG@@UAEXEKKJ@Z    00425cd0 f kidhelp.obj
 0001:00024d50       ?_FRunScript@TXHG@@MAEHEKJDKPAJ@Z 00425d50 f kidhelp.obj
 0001:00024e80       ?FCmdMouseMove@TXHG@@UAEHPAUCMD_MOUSE@@@Z 00425e80 f kidhelp.obj
 0001:00024ee0       ?SetCursor@TXHG@@UAEXK@Z   00425ee0 f kidhelp.obj
 0001:00024f30       ?PhbalCreate@HBAL@@SGPAV1@PAVWOKS@@PAVGOB@@PAVRCA@@KPAUHTOP@@@Z 00425f30 f kidhelp.obj
 0001:00024fb0       ?PhbalNew@HBAL@@SGPAV1@PAVWOKS@@PAVGOB@@PAVRCA@@PAVTXHD@@PAUHTOP@@@Z 00425fb0 f kidhelp.obj
 0001:00025150       ??0HBAL@@IAE@PAUGCB@@@Z    00426150 f kidhelp.obj
 0001:00025170       ?_FInit@HBAL@@MAEHPAVWOKS@@PAVTXHD@@PAUHTOP@@PAVRCA@@@Z 00426170 f kidhelp.obj
 0001:000251b0       ?FSetTopic@HBAL@@UAEHPAVTXHD@@PAUHTOP@@PAVRCA@@@Z 004261b0 f kidhelp.obj
 0001:000251f0       ?_FSetTopic@HBAL@@MAEHPAVTXHD@@PAUHTOP@@PAVRCA@@@Z 004261f0 f kidhelp.obj
 0001:00025400       ?_SetGorp@HBAL@@MAEXPAVGORP@@JJ@Z 00426400 f kidhelp.obj
 0001:000254d0       ??0HBTN@@IAE@PAUGCB@@@Z    004264d0 f kidhelp.obj
 0001:000254f0       ?PhbtnNew@HBTN@@SGPAV1@PAVWOKS@@PAVGOB@@JKPAVRCA@@EKJJ@Z 004264f0 f kidhelp.obj
 0001:00025600       ?FPtIn@HBTN@@UAEHJJ@Z      00426600 f kidhelp.obj
 0001:000256c0       ?FCmdClicked@HBTN@@UAEHPAUCMD_MOUSE@@@Z 004266c0 f kidhelp.obj
 0001:000257b0       ??_GTXHD@@MAEPAXI@Z        004267b0 f kidhelp.obj
 0001:000257b0       ??_ETXHD@@MAEPAXI@Z        004267b0 f kidhelp.obj
 0001:000257d0       ??_ETXHG@@UAEPAXI@Z        004267d0 f kidhelp.obj
 0001:000257d0       ??_GTXHG@@UAEPAXI@Z        004267d0 f kidhelp.obj
 0001:000257f0       ??_GHBAL@@UAEPAXI@Z        004267f0 f kidhelp.obj
 0001:000257f0       ??_EHBAL@@UAEPAXI@Z        004267f0 f kidhelp.obj
 0001:00025810       ??_EHBTN@@UAEPAXI@Z        00426810 f kidhelp.obj
 0001:00025810       ??_GHBTN@@UAEPAXI@Z        00426810 f kidhelp.obj
 0001:00025830       ?FDirty@DOCB@@UAEHXZ       00426830 f kidhelp.obj
 0001:00025850       ?SetDirty@DOCB@@UAEXH@Z    00426850 f kidhelp.obj
 0001:00025870       ?Pcmm@GOK@@MAEPAUCMM@CMH@@XZ 00426870 f kidhelp.obj
 0001:00025880       ?Pcmm@TXHG@@MAEPAUCMM@CMH@@XZ 00426880 f kidhelp.obj
 0001:00025890       ?FWouldBe@GOK@@SGHJ@Z      00426890 f kidspace.obj
 0001:000258b0       ?FIs@GOK@@UAEHJ@Z          004268b0 f kidspace.obj
 0001:000258c0       ?Cls@GOK@@UAEJXZ           004268c0 f kidspace.obj
 0001:000258d0       ?FWouldBe@GORP@@SGHJ@Z     004268d0 f kidspace.obj
 0001:000258f0       ?FIs@GORP@@UAEHJ@Z         004268f0 f kidspace.obj
 0001:00025900       ?Cls@GORP@@UAEJXZ          00426900 f kidspace.obj
 0001:00025910       ?FWouldBe@GORF@@SGHJ@Z     00426910 f kidspace.obj
 0001:00025930       ?FIs@GORF@@UAEHJ@Z         00426930 f kidspace.obj
 0001:00025940       ?Cls@GORF@@UAEJXZ          00426940 f kidspace.obj
 0001:00025950       ?FWouldBe@GORB@@SGHJ@Z     00426950 f kidspace.obj
 0001:00025970       ?FIs@GORB@@UAEHJ@Z         00426970 f kidspace.obj
 0001:00025980       ?Cls@GORB@@UAEJXZ          00426980 f kidspace.obj
 0001:00025990       ?FWouldBe@GORT@@SGHJ@Z     00426990 f kidspace.obj
 0001:000259b0       ?FIs@GORT@@UAEHJ@Z         004269b0 f kidspace.obj
 0001:000259c0       ?Cls@GORT@@UAEJXZ          004269c0 f kidspace.obj
 0001:000259d0       ?FWouldBe@GORV@@SGHJ@Z     004269d0 f kidspace.obj
 0001:000259f0       ?FIs@GORV@@UAEHJ@Z         004269f0 f kidspace.obj
 0001:00025a00       ?Cls@GORV@@UAEJXZ          00426a00 f kidspace.obj
 0001:00025a10       ?PgokNew@GOK@@SGPAV1@PAVWOKS@@PAVGOB@@JPAVGOKD@@PAVRCA@@@Z 00426a10 f kidspace.obj
 0001:00025ac0       ?_PgobBefore@GOK@@KGPAVGOB@@PAV2@J@Z 00426ac0 f kidspace.obj
 0001:00025b10       ??0GOK@@IAE@PAUGCB@@@Z     00426b10 f kidspace.obj
 0001:00025b50       ??1GOK@@MAE@XZ             00426b50 f kidspace.obj
 0001:00025c60       ?_FInit@GOK@@MAEHPAVWOKS@@KPAVRCA@@@Z 00426c60 f kidspace.obj
 0001:00025cc0       ?_FInit@GOK@@MAEHPAVWOKS@@PAVGOKD@@PAVRCA@@@Z 00426cc0 f kidspace.obj
 0001:00025dc0       ?_ChidMouse@GOK@@IAEKXZ    00426dc0 f kidspace.obj
 0001:00025df0       ?_FAdjustGms@GOK@@MAEHPAUGMSE@@@Z 00426df0 f kidspace.obj
 0001:00025e80       ?_FSetGms@GOK@@MAEHJK@Z    00426e80 f kidspace.obj
 0001:00025f00       ?_FSetGmsCore@GOK@@MAEHJKPAH@Z 00426f00 f kidspace.obj
 0001:00026010       ?_FSetRep@GOK@@MAEHKKKJJPAH@Z 00427010 f kidspace.obj
 0001:000263c0       ?_FAdvanceFrame@GOK@@MAEHXZ 004273c0 f kidspace.obj
 0001:00026570       ?_FEnterState@GOK@@MAEHJ@Z 00427570 f kidspace.obj
 0001:00026660       ?FPtIn@GOK@@UAEHJJ@Z       00427660 f kidspace.obj
 0001:000266f0       ?FPtInBounds@GOK@@UAEHJJ@Z 004276f0 f kidspace.obj
 0001:00026730       ?Draw@GOK@@UAEXPAVGNV@@PAVRC@@@Z 00427730 f kidspace.obj
 0001:00026780       ?FCmdAlarm@GOK@@UAEHPAUCMD@@@Z 00427780 f kidspace.obj
 0001:00026810       ?FCmdAll@GOK@@UAEHPAUCMD@@@Z 00427810 f kidspace.obj
 0001:000268f0       ?_FFilterCmd@GOK@@IAEHPAUCMD@@KPAH@Z 004278f0 f kidspace.obj
 0001:00026990       ?FFilterCidHid@GOK@@UAEHJJK@Z 00427990 f kidspace.obj
 0001:00026b60       ?_FFindCmflt@GOK@@IAEHJJPAUCMFLT@1@PAJ@Z 00427b60 f kidspace.obj
 0001:00026c20       ?FCmdMouseMove@GOK@@UAEHPAUCMD_MOUSE@@@Z 00427c20 f kidspace.obj
 0001:00026cc0       ?SetCursor@GOK@@UAEXK@Z    00427cc0 f kidspace.obj
 0001:00026d60       ?FCmdTrackMouse@GOK@@UAEHPAUCMD_MOUSE@@@Z 00427d60 f kidspace.obj
 0001:00026e60       ?FEnsureToolTip@GOK@@UAEHPAPAVGOB@@JJ@Z 00427e60 f kidspace.obj
 0001:00026f50       ?_CnoToolTip@GOK@@IAEKXZ   00427f50 f kidspace.obj
 0001:00026fa0       ?SetHidToolTip@GOK@@QAEXJ@Z 00427fa0 f kidspace.obj
 0001:00026fb0       ?LwState@GOK@@UAEJXZ       00427fb0 f kidspace.obj
 0001:00026fd0       ?GetPtReg@GOK@@QAEXPAVPT@@J@Z 00427fd0 f kidspace.obj
 0001:00027020       ?GetRcContent@GOK@@QAEXPAVRC@@@Z 00428020 f kidspace.obj
 0001:00027050       ?SetZPlane@GOK@@QAEXJ@Z    00428050 f kidspace.obj
 0001:000270a0       ?SetNoSlip@GOK@@QAEXH@Z    004280a0 f kidspace.obj
 0001:000270d0       ?FRunScript@GOK@@UAEHKPAJJ0PAH@Z 004280d0 f kidspace.obj
 0001:00027150       ?FRunScriptCno@GOK@@UAEHKPAJJ0PAH@Z 00428150 f kidspace.obj
 0001:00027240       ?FChangeState@GOK@@UAEHJ@Z 00428240 f kidspace.obj
 0001:00027250       ?FSetRep@GOK@@UAEHKKKJJK@Z 00428250 f kidspace.obj
 0001:000272c0       ?FCmdClicked@GOK@@UAEHPAUCMD_MOUSE@@@Z 004282c0 f kidspace.obj
 0001:00027410       ?_PgorpNew@GOK@@MAEPAVGORP@@PAVCRF@@KK@Z 00428410 f kidspace.obj
 0001:00027480       ?_SetGorp@GOK@@MAEXPAVGORP@@JJ@Z 00428480 f kidspace.obj
 0001:00027630       ?_DeferGorp@GOK@@IAEXH@Z   00428630 f kidspace.obj
 0001:00027690       ?FPlay@GOK@@UAEHXZ         00428690 f kidspace.obj
 0001:000276b0       ?FPlaying@GOK@@UAEHXZ      004286b0 f kidspace.obj
 0001:000276d0       ?Stop@GOK@@UAEXXZ          004286d0 f kidspace.obj
 0001:000276e0       ?GotoNfr@GOK@@UAEXJ@Z      004286e0 f kidspace.obj
 0001:00027730       ?NfrMac@GOK@@UAEJXZ        00428730 f kidspace.obj
 0001:00027750       ?NfrCur@GOK@@UAEJXZ        00428750 f kidspace.obj
 0001:00027770       ?SiiPlaySound@GOK@@UAEJKKJJJKJJ@Z 00428770 f kidspace.obj
 0001:00027810       ?_DeferSnd@GOK@@IAEXH@Z    00428810 f kidspace.obj
 0001:00027860       ?SiiPlayMouseSound@GOK@@UAEJKK@Z 00428860 f kidspace.obj
 0001:00027980       ?_PlayMouseSound@GOK@@IAEXK@Z 00428980 f kidspace.obj
 0001:00027a40       ?Suspend@GOK@@UAEXXZ       00428a40 f kidspace.obj
 0001:00027a50       ?Resume@GOK@@UAEXXZ        00428a50 f kidspace.obj
 0001:00027a60       ?Stream@GOK@@UAEXH@Z       00428a60 f kidspace.obj
 0001:00027aa0       ?NfrMac@GORP@@UAEJXZ       00428aa0 f kidspace.obj
 0001:00027ab0       ?NfrCur@GORP@@UAEJXZ       00428ab0 f kidspace.obj
 0001:00027ac0       ?GotoNfr@GORP@@UAEXJ@Z     00428ac0 f kidspace.obj
 0001:00027ad0       ?FPlaying@GORP@@UAEHXZ     00428ad0 f kidspace.obj
 0001:00027ae0       ?FPlay@GORP@@UAEHXZ        00428ae0 f kidspace.obj
 0001:00027af0       ?Stop@GORP@@UAEXXZ         00428af0 f kidspace.obj
 0001:00027b00       ?Suspend@GORP@@UAEXXZ      00428b00 f kidspace.obj
 0001:00027b10       ?Resume@GORP@@UAEXXZ       00428b10 f kidspace.obj
 0001:00027b20       ?Stream@GORP@@UAEXH@Z      00428b20 f kidspace.obj
 0001:00027b30       ?PgorfNew@GORF@@SGPAV1@PAVGOK@@PAVCRF@@KK@Z 00428b30 f kidspace.obj
 0001:00027cb0       ?Draw@GORF@@UAEXPAVGNV@@PAVRC@@@Z 00428cb0 f kidspace.obj
 0001:00027d10       ?FPtIn@GORF@@UAEHJJ@Z      00428d10 f kidspace.obj
 0001:00027d40       ?SetDxpDyp@GORF@@UAEXJJ@Z  00428d40 f kidspace.obj
 0001:00027d70       ?GetRc@GORF@@UAEXPAVRC@@@Z 00428d70 f kidspace.obj
 0001:00027da0       ?GetRcContent@GORF@@UAEXPAVRC@@@Z 00428da0 f kidspace.obj
 0001:00027dc0       ?PgorbNew@GORB@@SGPAV1@PAVGOK@@PAVCRF@@KK@Z 00428dc0 f kidspace.obj
 0001:00027e10       ??1GORB@@MAE@XZ            00428e10 f kidspace.obj
 0001:00027e60       ?Draw@GORB@@UAEXPAVGNV@@PAVRC@@@Z 00428e60 f kidspace.obj
 0001:00027ed0       ?FPtIn@GORB@@UAEHJJ@Z      00428ed0 f kidspace.obj
 0001:00027f40       ?SetDxpDyp@GORB@@UAEXJJ@Z  00428f40 f kidspace.obj
 0001:00027f50       ?GetRc@GORB@@UAEXPAVRC@@@Z 00428f50 f kidspace.obj
 0001:00027fa0       ?GetRcContent@GORB@@UAEXPAVRC@@@Z 00428fa0 f kidspace.obj
 0001:00027fc0       ?Stream@GORB@@UAEXH@Z      00428fc0 f kidspace.obj
 0001:00027fd0       ?PgortNew@GORT@@SGPAV1@PAVGOK@@PAVCRF@@KK@Z 00428fd0 f kidspace.obj
 0001:000282e0       ??1GORT@@MAE@XZ            004292e0 f kidspace.obj
 0001:00028330       ?Draw@GORT@@UAEXPAVGNV@@PAVRC@@@Z 00429330 f kidspace.obj
 0001:000284c0       ?_DrawRow@GORT@@IAEXPAVGNV@@PAVMBMP@@PAVRC@@2JJ@Z 004294c0 f kidspace.obj
 0001:00028780       ?FCmdClickedCore@GOK@@QAEHPAUCMD@@@Z 00429780 f kidspace.obj
 0001:00028790       ?FPtIn@GORT@@UAEHJJ@Z      00429790 f kidspace.obj
 0001:00028870       ?_MapZpToMbmp@GORT@@IAEXPAJPAFJJ@Z 00429870 f kidspace.obj
 0001:000288f0       ?SetDxpDyp@GORT@@UAEXJJ@Z  004298f0 f kidspace.obj
 0001:00028980       ?_ComputeFlexZp@GORT@@IAEXPAJ0JPAF@Z 00429980 f kidspace.obj
 0001:00028a50       ?GetRc@GORT@@UAEXPAVRC@@@Z 00429a50 f kidspace.obj
 0001:00028b10       ?_MapZpFlex@GORT@@IAEXPAJPAFJJ@Z 00429b10 f kidspace.obj
 0001:00028be0       ?GetRcContent@GORT@@UAEXPAVRC@@@Z 00429be0 f kidspace.obj
 0001:00028c10       ?Stream@GORT@@UAEXH@Z      00429c10 f kidspace.obj
 0001:00028c20       ?PgorvNew@GORV@@SGPAV1@PAVGOK@@PAVCRF@@KK@Z 00429c20 f kidspace.obj
 0001:00028c90       ?_FInit@GORV@@MAEHPAVGOK@@PAVCRF@@KK@Z 00429c90 f kidspace.obj
 0001:00028e00       ??1GORV@@MAE@XZ            00429e00 f kidspace.obj
 0001:00028e30       ?Draw@GORV@@UAEXPAVGNV@@PAVRC@@@Z 00429e30 f kidspace.obj
 0001:00028e70       ?FPtIn@GORV@@UAEHJJ@Z      00429e70 f kidspace.obj
 0001:00028ea0       ?SetDxpDyp@GORV@@UAEXJJ@Z  00429ea0 f kidspace.obj
 0001:00028ef0       ?GetRc@GORV@@UAEXPAVRC@@@Z 00429ef0 f kidspace.obj
 0001:00028f10       ?GetRcContent@GORV@@UAEXPAVRC@@@Z 00429f10 f kidspace.obj
 0001:00028f30       ?NfrMac@GORV@@UAEJXZ       00429f30 f kidspace.obj
 0001:00028f40       ?NfrCur@GORV@@UAEJXZ       00429f40 f kidspace.obj
 0001:00028f50       ?GotoNfr@GORV@@UAEXJ@Z     00429f50 f kidspace.obj
 0001:00028f60       ?FPlaying@GORV@@UAEHXZ     00429f60 f kidspace.obj
 0001:00028f90       ?FPlay@GORV@@UAEHXZ        00429f90 f kidspace.obj
 0001:00028fd0       ?Stop@GORV@@UAEXXZ         00429fd0 f kidspace.obj
 0001:00028fe0       ?Suspend@GORV@@UAEXXZ      00429fe0 f kidspace.obj
 0001:00029050       ?Resume@GORV@@UAEXXZ       0042a050 f kidspace.obj
 0001:00029080       ??_EGORP@@UAEPAXI@Z        0042a080 f kidspace.obj
 0001:00029080       ??_GGORP@@UAEPAXI@Z        0042a080 f kidspace.obj
 0001:000290a0       ??_GGOK@@MAEPAXI@Z         0042a0a0 f kidspace.obj
 0001:000290a0       ??_EGOK@@MAEPAXI@Z         0042a0a0 f kidspace.obj
[...]
FIXUPS: 1b7cc c5 b c 18 3a 109 4c 54 23 84 fffff1a7 14 12 1c 19 77 1f 74
FIXUPS: 1ae9f 3e c a 13 1f 13 1b 18 5f 4b e 13 10 16 13 11 59 11 12 20
FIXUPS: 1b12e 14 2c fffff5b0 14 1b 30 e 2b 14 f e 12 19 e 12 e 67 25 21
FIXUPS: 1a919 14 25 5f 47 f0 40 15 c 13 18 63 4b 54 19 fffff386 28 1e c
FIXUPS: 1a0b9 87 2d 1e 1b 9 10 15 32 1d 24 80 12 3c 76 7c 12 34 37 84 4a
FIXUPS: 1a5a4 2d 10 d 59 91 15 3f88 c 5 e d ba 19 d ffffdcc0 5e 21 e 22
FIXUPS: 1c505 43 9 97 329 43 89 1b e 185 96 5 ffffd1ff 11 2f 11 be 38 e
FIXUPS: 1e018 16 b 9 22 9 9 2f 1c 64 b8 9 13 2d 9 2c 9 2d 9 10 31 2d 66
FIXUPS: 1e387 49 30 d 2d 152 4e 3e 9 fffff532 b 9 2e 1c 64 cb 31 9 31 9
FIXUPS: 1dd69 31 2d 66 19 4a 9 23 3f f 16 b 9 22 9 9 29 9 20 25 2a fffff73c
FIXUPS: 1d761 5c 30 f 28 9 2b 6d 2b 9 36 9 b 27 29 66 19 4e 9 25 10 9 9
FIXUPS: 1dad1 d 9 1f 9 9 16 f fffff9bd 1b d 9 26 10 17 10 9 9 16 f 16 b
FIXUPS: 1d5e9 27 9 2e 9 18 a 10 9 9 1e d 9 16 f 16 b 9 118a 5 ffffe42f
FIXUPS: 1cce6 2f 11 4e 16 83 d 53 3e 4e d0 b 17 39 28 27 50 15 25 1c 3b
FIXUPS: 1d178 72 16a d 60 5b 27 ae 1c17 286 86 34 24 33 52 4f df 33 11
FIXUPS: 1f689 2d 2d 2d 2a 30 11c 86 98 f 23 28 1f 34 9e a5 55 2a8 5 ffffe99f
FIXUPS: 1e846 3523 17 33 39 c 2f f 5c 18 37 26 126 39 28 35 40 6c 10 e
FIXUPS: 221b7 17 73 32 c 62 5 e d ffffc673 d 292 10e 263c 23 47 32 43 91
FIXUPS: 214e8 25 19f 101 12e a d 6b e 41 42 2f 70 a d 51 e 41 38 37 7 83
FIXUPS: 21cb3 15 e 3c ffffecf0 e 5d 13 31 56 e 75 60 28 aa 55 11 25 4d
FIXUPS: 20dc4 bc 34 16 44 c 5f 72 ee 64 58 64 17 6f 30 3d 46 107c 18 23
FIXUPS: 223fa 19 dc 158 53 36 28 99 5 ffffd84b 1f 4f 139 8f 14 9f 210 17
FIXUPS: 20503 d f0 d 1d 3f 1a1 f a7 73 6 288b 3b 4b 5c 22 2d 2f 12 10 a
FIXUPS: 23369 a c d 10 6a 17f 8 1e 1f 14 3e 5c 26 b3 5 e d ffffebb3 1a
FIXUPS: 22353 19 1a21 34 5 e d ffffea64 11 3e d 54 116 b3 78 1c 2a 20 b
FIXUPS: 22bbf 49 76 4c 6a 1c 58 42 11b 4c 75 1c d8 4c 7a 1686 e d 13 d
FIXUPS: 23814 46 12 17 1a 1c 51 a 15 10 94 17 5a b 15 44 2a 16 1f b 142
FIXUPS: 23c6f 23 1c 57 42 1f 4f0 8 25 d 9 9 31 b b b 8 7 68 6b 20 16 34
FIXUPS: 24484 42 49 100 b 14 49 2f a 24 14 a5 15 45 1a 1ff3 d 13 d 16 ffffd65e
FIXUPS: 23eb5 11 2f 11 29 23 18 2b 27 9 2b 1d 9 d 18 38 9b 7 ea 7 9 c f
FIXUPS: 24236 f 8 208a 40 26 e 34 11 e 79 e f 13 e 12 e c 2f 12 17 57 a
FIXUPS: 2654a 79 1b e 2e 3d ba 5 9e d 13 d fffff1da a 38 1c 44 2d 2a 2c
FIXUPS: 25c98 2d bc cd 11e 2a 2b 6c 67 a 10 80 2b 2e 8e a 19 18 f e 21
FIXUPS: 262a0 f e fffff1de 13 1e 1d 4c 2d 23 1f 1c 15 89 2f 1a 74 1e 20
FIXUPS: 2576e 1a 11 12 11 1a 3b 34 23 2c 1c 36 18 14 31 2d fffff61b 23
FIXUPS: 24ff2 1e 1b f 16 1f 15 d 19 15 45 24 48 14 b 5e 60 1d 43 26 4c
FIXUPS: 25338 d 23 15 d 12 60 61 1d fffff58c 28 67 17 14 73 28 13 24 3f
FIXUPS: 24be2 13 10 18 f 20 28 2e 2b 13 68 41 48 4d 1f 53 c 34 15 15 6f
FIXUPS: 24f77 4b89 125 d 6e 16 24 11 13 1d 1a 45 52 1b 28a 5 1c 12 d 13
FIXUPS: 2a0d1 13 d 13 d 21 ffffa803 11 2f 11 2f 11 2f 4b6b 1f f 37 12 1f
FIXUPS: 29605 46 12 1f f 37 12 1f f 30 12 1f f 95 18 c 19 e1 14 af 11 29
FIXUPS: 29a33 69 37 18 fffff3aa 9 f 5e 19 56 34 2e 1d 11 13 18 f 1d 189
FIXUPS: 291f7 13 d 17 1c 10 47 15 15 d0 40 4e 40 35 3a 18 5e ffffef91 29
FIXUPS: 28524 88 26 20 87 a2 2a0 2b 154 1b 11 13 18 f 20 11 11 d 2b 17
FIXUPS: 28c3e 10 3c 13 3b 2d 90 19 16 d ffffe8cc 6d 13 2d e ee 16 26 16
FIXUPS: 278bc 16 f7 37 1d 21 39 5f c8 2f6 24 13b 4e 23 d c b 75 fe dd fd
FIXUPS: 283e2 18 ffffe65f c0 132 15a 60 4e 3b 50 88 4d fa 9f 16 87 21 49
FIXUPS: 272a1 6b 13 e 3d 16 1d 5e 24 79 71 16 3c 44 a6 45 4e5c 21 e 8a
FIXUPS: 2c5c1 d d 13 d 5f 1f 1b 3d 5 29 d a8 d ffffa0e4 11 2f 11 2f 11
FIXUPS: 26965 11 2f 11 2f 11 49 a 5325 11 2a 11 29 11 2a 11 2a 11 2a 11
FIXUPS: 2bebc 3d 21 11 2a 11 2e 11 2a 11 225 43 26 11 12 13 1b 18e 31 50
FIXUPS: 2b991 20 1c 9 39 c 9 9 24 9 5b d 9 19 9 67 d 3b d c 48 28 11 2a
FIXUPS: 2bc71 2a 11 2a 11 11 3b 11 fffff827 9 49 11 c 30 9 34 30 9 34 9
FIXUPS: 2b6c6 63 11 c 2a 41 11 c 9 39 c 9 69 11 2a 11 c 5f 11 2a fffff715
FIXUPS: 2b09e 31 19 21 11 c 45 5a 11 c 45 5a 11 c 5a 11 c 9 47 9 9 b 53
FIXUPS: 2b421 42 39 30 9 34 45 11 fffff869 9 39 c 8 10 9 9 b 6b 11 c 9
FIXUPS: 2af03 9 46 9 b 9 b 1a 10 13 30 b 9 c b 9 c 51 11 fffff885 19 9
FIXUPS: 2a94a 22 e 18 6 b 8 97 25 11 c 44 9 62 9 5b 9 5b 9 58 2d 28 21
FIXUPS: 2ace3 c 3f 28 55 11 fffff865 c 3b 11 c 2f 11 c 2a 9 e 2b 11 f 26
FIXUPS: 2a78c 28 f 1a f 18 21 11 2a 11 e f 21 b b b 32 fffff9d4 11 9 9
FIXUPS: 2a344 49 9 9 36 2a c 9 9 36 b e c 9 9 36 1d 1b e 26 11 c 30 3b
FIXUPS: 2a5c5 c 13 2c 50e1 21 12 d 13 d 13 d 13 d 13 d 13 d ffffd2a0 5
FIXUPS: 2c7e5 11 29 c 2a 18 42 2a 48 5 ffffd84f 11 2c 40 20 24 4fce 13
FIXUPS: 2f243 b 15 10 3d 13 42 36 2e 1d a3 2e 1a b 1d 10 1f 15 16 d 26
FIXUPS: 2f55a 42 12 14 e2 24 9 5 e fffff51b 142 6c 59 10 f 29 17 39 7 10
FIXUPS: 2ef19 25 7 1c 23 14 5 1c 10 24 5 1c 10 26 35 4d 7 14 19 af 3d fffff300
FIXUPS: 2e53a 2f c 56 2e 2d 1a 2f 15 49 15 18 3b 4b 15 9 3c 36 25 10 2d
FIXUPS: 2e98d 17 38 33 e 12 10 bf df 19 fffff17b 13 b2 92 104 22 9 22 2e
FIXUPS: 2e096 7 18 2d 37 1d 3c 37 22 12 19 41 73 15 3a 54 58 1c 47 3d 21
FIXUPS: 2e484 23 fffff022 2c b 10 17 35 50 5b 30 39 19 5b 2a 43 69 37 b3
FIXUPS: 2d9bd 15 58 44 d 1e 16 27 2e 20 13 10 ca 13 107 fffff205 1d ce
FIXUPS: 2d024 4a 3f 2b 58 b0 1e 59 4a 30 1a 2f 19 1f 18 10 e 6 19 1e 12
FIXUPS: 2d3ee c e 12 2b 34 27 14 2937 5 22 ffffcc93 11 2f 11 2f 11 2f 11
FIXUPS: 2cba5 11 2f 11 2f 11 2f 11 2f 21 91 2a 2c 5d 9 4e b 7 f 45 56 65f4
FIXUPS: 33516 e d 13 d 13 d ffffc2a4 11 20 e 2b 25 7 19 56 79 13 f 79 7f
FIXUPS: 2fae8 21 d3 1b 12d 16 42 5a b 5 302a 14 1c f 20 a1 65 20 18 a 1a
FIXUPS: 32fdf e 6a 22 72 26 42 3c 5c 12 19 39 35 20 19 13 14 51 40 24 ed
FIXUPS: 32a30 19 9 19 a e a 94 13 3b f 16 f 18 f 25 f 13 2b 1b 3b 65 34
FIXUPS: 32d3e 11 9 9 9 2d 18 d 2b fffff9e2 1b b 1a 1c 1a 13 23 10 9 11
FIXUPS: 328a9 11 19 11 19 11 19 11 19 11 19 11 a 11 a 13 c 19 13 13 f fffffa30
FIXUPS: 32459 11 12 30 29 16 1f 1f 14 18 20 21 16 1d 1b 1a b 18 d 15 1a
FIXUPS: 3268f d 23 13 31 12 11 25 14 33 fffff8c5 1a 9 2e 4c 38 f 13 9 27
FIXUPS: 32191 9 9 b9 20 11 9 22 f 14 2a 14 9 1e 14 30 9 36 e 16 9 21 fffff874
FIXUPS: 31c96 17 9 2e 3e 3b f 29 9 9 42 10 13 50 c 22 15 11 4b 23 11 33
FIXUPS: 31f89 11 23 f 22 f 14 1e 15 fffff8d8 3e 3b f 29 9 9 2c c 13 3f
FIXUPS: 31a79 1a e 1a 40 23 e 22 14 14 2b e 14 19 d 24 1a c 26 f 11 fffff805
FIXUPS: 314e5 a 34 e e 1c 25 20 a 56 fb c 13 3f e 18 e 1a 31 23 e 22 14
FIXUPS: 31853 2c 11 14 19 11 17 9 fffff626 9 27 9 34 41 2a f 19 16 9 9
FIXUPS: 31068 9 3f 1d 21 6b 31 14 15f 16 4e 2c 2b a 38 2c 11 1b 18 b fffff6c8
FIXUPS: 30b71 11 37 2a f 19 16 9 9 31 9 1c 13 f 52 21 3e 2a f 1c 19 9 9
FIXUPS: 30e06 9 40 43 2c f 28 16 fffff8ab 2b 13 2b f 1e f 27 f 15 40 1c
FIXUPS: 3093f 22 11 f 2b 11 21 1c 9 14 13 19 19 f 34 e 1c 2b 13 2d fffff841
FIXUPS: 303f3 34 24 d 14 66 9 42 1b 37 1c 24 f d 9 43 e 24 20 f 29 1d f
FIXUPS: 306f1 13 2b f 1e f 27 f 3a41 1a 6f 6e 7f 57 88 3a 29 a7 13 d ffffb964
FIXUPS: 2fed6 2f 11 1e 8 3d 2b 58 42 45 4a 5f 2a 1d 30 12 ac 12 18 3851
FIXUPS: 33b10 3d 12 42 8f e 2d 2c 3d 12 1c 93 44 36 61 52 2b 57 54 16 24
FIXUPS: 33ff7 e 48 38 4a 2e 2c 44 36 e 132c 10 d 11 1a e 14 1a 13 d 13
FIXUPS: 355a1 ffffefe0 fffff014 11 b6 26 1d 5d 29 b4 5d 5a 2c 25 51 58
FIXUPS: 339cf 19 42 3d 1e 1677 16 46 23 2f 40 16 24 e 1f 1b 28 8 c a 36
FIXUPS: 35315 29 12 10 32 11 b 24 4a 1a e 2d 16 16 13 11 fffff7bb 1a 18
FIXUPS: 34cc4 27 1b 2a 44 1b 1a 1b 16 28 2a 43 23 26 18 1d 11 31 1f 16
FIXUPS: 34f86 1c 38 21 1b 5c 21 2b 16 fffff522 1e 2a 39 22 3c 13 3e 30
FIXUPS: 3477d 18 26 14 25 49 6b 7d 28 2e 2c 2c 42 54 2d e 2d 3b 57 2a 24
FIXUPS: 34bff 34 36e3 23 33 2b 62 42 9 8a 12 12 12 12 12 f 1c 1c 46 35
FIXUPS: 3861d 1a ee 182 2e 16 16 13 d 13 d ffffbc64 11 2f 3868 21 67 9
FIXUPS: 37f31 11 c 33 11 c 33 c 31 1f 60 15 16 63 1e 1c 4c 26 37 12 a 1e
FIXUPS: 38246 22 12 a f 71 fffff63d 34 1d c 1d f c d 10 d 26 13 46 3a 3a
FIXUPS: 37b11 15 11 5d 11 aa c 17 37 9 82 1e 38 12 35 3a 36 fffff7f5 34
FIXUPS: 3767d 27 18 b 6 c c 13 e c 13 4f 11 c b 34 3b c c 1e 16 b 16 b
FIXUPS: 378af 22 a c 3a b fffff994 c f f c 8 f 8 1e 11 36 12 1e 16 20 11
FIXUPS: 37405 ac 11 c b 1f b 1f b 32 47 1e 18 36 c c fffffa25 22 c c 11
FIXUPS: 370bb 17 17 d 18 22 12 44 1a f 10 c c 12 10 c 8 1a f 10 c c 12
FIXUPS: 37280 c 8 19 fffff66c 11 5d 11 12 19 3b 11 11 88 11 2d 11 44 11
FIXUPS: 36b5d 28 27 27 43 2c9 48 1d 2e 21 c 11 17 1c 11 1c 22 fffff253
FIXUPS: 362b5 25 bd 3d 16 11 49 a 35 f5 97 91 56 1b 1f 11 16 11 11 27 23
FIXUPS: 367ef 30 45 29 11 12 11 e 16 26 fffff318 3c 2e 4a 44 1f 2e 12 40
FIXUPS: 35dd0 34 30 4d 3b 24 28 4e f 41 f 26 2e 9 3e 43 b 65 25 11 2f d9
FIXUPS: 3624e fffff388 1e 38 1e 37 10 10 11 a 7 10 11 24 13 55 c9 2a 6d
FIXUPS: 35924 11 26 15 18 27 12 4b f5 31 54 1c 3d 22 4f17 15 d 9 21 f d
FIXUPS: 3ab89 18 23 53 1e 16 1e 28 26 34 1d 29 38 18 1e 31 12 6c 59 1a
FIXUPS: 3aed4 d 13 d ffffa6c4 511d ba 18 1b 15 15 1f 2e 2a 18 18 2a 1c
FIXUPS: 3a8f6 d d 24 6 f 2b 4e 1c 14 36 17 16 d 1e d 28 2e 16 fffff766
FIXUPS: 3a282 18 f 30 c d e d 6c 15 4e f 12 51 1d 18 26 d 37 1b 20 30 d
FIXUPS: 3a5a6 25 d 28 d 29 14 d fffff893 28 e 17 9 10 2c 25 10 9 34 1f
FIXUPS: 3a024 20 15 25 d 28 d 3c 1f 18 1b 15 25 d 28 d 33 15 23 d fffff8d1
FIXUPS: 39b1c 9 9 a 9 9 a a 9 9 9 b b 33 1d d 144 d b 43 c 39 27 19 40
FIXUPS: 39e62 d 14 11 34 c fffff998 16 9 d d d d c 9 c 10 33 11 14 14 17
FIXUPS: 399d4 1d 8 10 14 d c 10 16 c 25 34 20 c 9 11 fffff928 23 32 16
FIXUPS: 394cf 37 16 2a 16 29 16 2c 16 2c 16 2c 16 2c 36 22 21 16 9 2d 3c
FIXUPS: 397af 2c d 21 16 1f d fffff74c f 57 41 1d 2b 22 10 1e 11 83 19
FIXUPS: 391a6 16 23 16 24 1e 24 1e 24 32 31 31 16 25 16 25 16 23 16 23
FIXUPS: 3d031 ffffb934 11 2f 11 2f 11 1e 58 7e 11 c6 14 32 12 15 bd 50
FIXUPS: 38d62 81 19 10 6 3a f e 24 f e 74 31 12 3c36 1d 58 13 42 44 17
FIXUPS: 3cce1 13 14 2f 2d 11 24 93 5d 18 96 1a 13 d 13 d 13 d 13 d 13 d
FIXUPS: 3d004 d 13 fffff657 13 2d 1f aa 18 70 20 14 1d 12 19 29 a 1b e
FIXUPS: 3c8fb 30 19 14 2f 2d 11 24 41 14 b 51 31 2e 18 6d fffff21a dc 98
FIXUPS: 3bf41 1e 3e 23 12 1d 43 b8 42 b9 74 e b5 11 37 31 77 11 40 1f 18
FIXUPS: 3c4af 17 7 42 40 55 23 85 fffff0da 2c 10 1b 3c 41 45 34 14 31 38
FIXUPS: 3b913 26 35 45 4d 19 10 1e 32 d 1c 37 77 2a 28 10 1b 40 6f 99 4d
FIXUPS: 3b35b a b 28 a b 4c 22 a b 24 a b 2b 5b 6 15 b 17 c 22 1f 10 1e
FIXUPS: 3b5d9 d 1c 48 14 b 20 80 28fb d ffffcf14 11 2f 11 2f 11 2f 11 2f
FIXUPS: 3b036 2f 11 2f 11 28 9 32 1c 14 1c 21 24 6e 1e 2f 22 3b 23 38 20
FIXUPS: 3db07 2d 11 24 48 38 30 1c 19 60 31 23 10 34 36 8 1f 11 14 2f 2d
FIXUPS: 3de35 24 7a 55 d 66 16 13 d 13 d fffff40b 7c 63 27 20 1c 18 2b
FIXUPS: 3d596 21 f 10 62 55 30 4d 3e 4c 19 aa af 3f 20 45 18 59 1a 12 26
FIXUPS: 3da77 4d 14 4c10 10 21 38 5 e d 13 d 13 d 13 d ffffa884 11 2f 11
FIXUPS: 3d0d5 11 1e e3 7 11 1f 13 e 21 12 1d 43 101 14 4c15 d 1a 6 85 20
FIXUPS: 420e7 2c 11 2f 15 1f 60 61 2d d 70 80 7a 7 d 3a 10 2c 7f 1a 20
FIXUPS: 4254a 20 61 1b e7 fffff422 2f 47 27 2c 57 1a e 15 19 1f 10 8d 18
FIXUPS: 41d6c 18 1b 1d 24 8a 1c 17 17 17 20 20 9 24 42 1e 2d 19 fffff08f
FIXUPS: 41194 85 2b 15 28 84 b0 21 41 5d 21 67 1e 71 31 2c 3e c3 26 25
FIXUPS: 4175a 8d f 52 52 3d 62 21 98 20 5a ffffedf9 15a 14 12 11 9 23 49
FIXUPS: 40aa5 c 6a 54 35 8f 20 12 1f 12 ba 2c 15 1d 6f c 16 e 10 10 9 e
FIXUPS: 41013 28 fffff1ba 15 2c a4 37 49 15 53 c 24 c 3f 54 4c 54 40 35
FIXUPS: 40635 20 1b 51 1b 20 1c 28 30 3d 19 1e 3e 17 1f fffff329 f 33 5c
FIXUPS: 3fc58 16 1b 9 1d 19 9 26 4c 3f 41 1c 5b 43 18 75 5d 44 31 2f 28
FIXUPS: 4003c 15 30 28 c e7 4b fffff56a 2f 15 15 15 35 3b e 10 17 e 17
FIXUPS: 3f8a2 48 26 21 3c 13 2d d e 86 9 46 b 1e 1e 9 20 16 2f 1c fffff7d0
FIXUPS: 3f34e d 24 11 13 1d 24 56 10 2f 31 1d 20 25 2f 23 12 39 20 19 3a
FIXUPS: 3f622 17 20 1c 4c 13 11 2a 15 15 fffff585 7b 31 79 c5 1e 12 e 10
FIXUPS: 3eefd 21 1f 15 73 1b 36 13 2b 1e a f 83 89 15 f 17 35 38 68 17
FIXUPS: 3f2db 30 fffff268 30 3f 1c 31 59 10 4c 1b 4e a7 a5 34 1f 1e 5b
FIXUPS: 3e970 16 27 4f 43 22 74 2b 24 23 32 29 20 48 43 37 880d 13 d 13
FIXUPS: 474d1 ffff6b64 11 2f 11 2f 11 2f 11 2f 11 2f 11 2f 11 28 64 31
FIXUPS: 3e2ee 15 b 57 28 1d c3 20 2a 46 8732 84 b 20 47 9b 81 21 f 33 50
FIXUPS: 46f1c f 21 41 26 5f c a 1c 200 25 45 c a 18 f 19 18 155 5 e fffff181
FIXUPS: 4663e 3f 15 69 30 26 27 4e 31 f 15 22 4e 7a 12 e f 12 17 37 44
FIXUPS: 46a0b 28 2c 2b 72 50 56 30 2f 15 fffff0fd 30 26 1c 85 db 24 db
FIXUPS: 45ff9 2a a 43 15 70 34 15 1f 19 61 26 29 9f 8 3f 5d 23 40 5b ab
FIXUPS: 46502 2f 19 fffff1f5 1f e 47 25 15 2f 21 f 2f 1d f 1b 1d 15 f6
FIXUPS: 459fb 1d 4c 1c 55 2b 7f 18 1d 20 96 18 23 1d 21 19 fffff38c 33
FIXUPS: 450da 33 13 2e 6f 29 47 66 29 1c 1b b 5b 1a 1c 105 38 1f 5f 69
FIXUPS: 45607 f 20 28 2b 1d 21 14 1a 2b ffffee1f 38 9f e 4b 96 45 29 125
FIXUPS: 448ad 2b 62 13 22 66 24 3a 2b 27 129 18 40 6b 4a 27 22 4d b8 b
FIXUPS: 44e7e 3d 128 ffffe905 18 16 6d 85 4f 13 15 1f a7 17f 1f 1f3 f 9a
FIXUPS: 43fa6 20 2f a9 9e b 56 2f 55 b 9c 4f d7 b a1 4f 49 ffffeadd 3f
FIXUPS: 43077 d 32 31 d 26 f 5c 61 3a 11 35 26 92 3f 4a ed 28 26 ac 3e
FIXUPS: 43617 ed 28 15 28 17 2a dc 1c fffff233 6a f 11 11 b 13 3d 24 11
FIXUPS: 42c11 b 39 79 f 3f 87 34 22 32 20 27 23 b 1c 15 32 1a e 25 8e 1b
FIXUPS: 48611 23 62 2a 61 1f 66 2e 6d 1f 66 28 63 70 71 25 3a 5 e d 13
FIXUPS: 48ad1 13 d ffff9d82 13 72 26 15 7c c8 22 537f 50 5d 1a 23 16 185
FIXUPS: 480d1 a 3a 15 47 a 3a 15 47 a 3a 15 46 a 5b 15 5d 9 b 49 2d 21
FIXUPS: 4846a 1e 60 fffff07e 2f 11 3e 44 51 b 11 23 14 34 86 2c 50 3e 36
FIXUPS: 478ff 5e 44 4d 43 80 55 4b 55 4b 55 4a 65 57 40 40 188c 9f 65 5
FIXUPS: 49779 5b 33 16 27 47 1f b 42 2f 42 46 6a a9 78 35 b3 5 e d 13 d
FIXUPS: 49c74 d ffffd874 20 11 2f 1b74 c 11 b 9 1a 50 51 1e b 1a c 10 14
FIXUPS: 4927a b 1d 11e 21 13 12 2e 25 11 b 31 3f 98 15 30 39 47 fffff738
FIXUPS: 48e06 6 23 22 68 4a 41 7 e f 29 7 f 6 c e 18 c 8 14 e 13 e 25 9
FIXUPS: 49076 b 18 10 d d 34d1 d ffffd785 1f 11 1e 55 31 20 2b 1a 1c 43
FIXUPS: 49ec9 8 16 b 54 10 b 5 5 5 14 d ffffec14 11 2f 11 2f 11 37 33f4
FIXUPS: 4c08b 17 9e 1e 7 56 b 9 e6 9d 1a 29 2c 1c 1f 21 40 24 40 5 e d
FIXUPS: 4c4f4 d 13 d 13 d 21 12 d fffff08b 8 1f 5b ab 15 13 16a 1b e0 7
FIXUPS: 4ba28 b 47 8b 5c 22 46 9f 7d 26 10e 23 38 31 42 7 38 4e 2a 9b 15
FIXUPS: 4b0ad d7 c 15 10 c 6e 31 10 16 3f 1f 15 1c 4e 32 46 40 39 47 11
FIXUPS: 4b4be 2f 31 1c 12 12 12 f 12 42 17 fffff630 30 2e c 3c 16 1a 43
FIXUPS: 4ad4b 19 8 49 46 12 26 23 28 1a 2a a 31 39 6 2d 12 13 1d 11 10
FIXUPS: 4b06c 16 1f fffff4ee 10 c 3d 14 18 3d 24 15 b 3f a2 2f 2b 15 47
FIXUPS: 4a831 18 5e 3d c5 b 11 26 17 b 12 7b 32 8c a3 11 fffff58a 2f 11
FIXUPS: 4a1f4 3b 2b b 2f d 44 14 10 b 10 3b 1d 20 a 42 19 b e 47 9 10 16
FIXUPS: 4a4b6 10 3d 14 b 3c 2b65 1c 2e 26 1c 56 c b 32 10 17 8 4e 22 18
FIXUPS: 4d2b1 5 e d 13 d ffffcd54 11 2f 11 2f 11 2f 11 2f 11 2f 2980 15
FIXUPS: 4cb25 18 11 c 37 13 14 16 1e 17 30 39 17 3a b 2b 15 b 28 25 84
FIXUPS: 4ce17 8e 27 1b 4e 5c 28 1f 84 844 11 17 a 8 d 25 26 2c 2d 4d 3e
FIXUPS: 4da2d 14 5 e d ffffeb64 11 2f 11 1e 31 43 2d f 4d 3c 8b 61 27b
FIXUPS: 4cafe 9b7 15 f d 90 28 f 18 f 14 f f a 1f 11 12 17 20 17 15 6a
FIXUPS: 4d774 39 2f a d 27 8 12 28 2e a 652 1c 50 e e 6f 1e 40 67 1e 16
FIXUPS: 4e19d 56 5e 40 40 43 26 12 25 40 60 40 5 ffffef4f 11 22 21 10 21
FIXUPS: 4d492 19 14be 1e 6d 3b c0 1b6 b 37 7 12 27 10 61 29 5 e d 13 d
FIXUPS: 4ee14 d ffffed73 163 2c 58 15 6 19 e8 d 1d 15 1a8f 3e 3e 5 5 11
FIXUPS: 4fa09 1b d 13 d ffffeab4 11 2f 11 2f 11 23 47 84 e 8c 10 14 e 30
FIXUPS: 4e838 1b 34 2a 5b 1c a8e 37 9 c 57 3a 38 3e c 20 1a 46 20 17 21
FIXUPS: 4f610 27 43 44 28 28 1d 30 28 62 18 77 15 39 33 c 44 fffff5d0 11
FIXUPS: 4ef55 11 41 8 1a 20 b 1e d d d 5 d 44 f 3c 16 16 1a f 10 4e 9 c
FIXUPS: 4f282 12 99 d 34 31 1d70 10 1f 5a 4d 23 9d 2b 2d 27 31 94 24 10
FIXUPS: 51574 23 2e 7b 17 27 18 56 a5 5 e d 13 d 13 d ffffd6e4 11 1a0c
FIXUPS: 50977 3a 25 2e 30 2a 31 32 124 43 a 5c a5 6 1f 6 19 6 54 6 1d 6
FIXUPS: 50e0f 6 29 99 31 15 144 19 6d ffffedcf 22 b 10 12 b 154 7 b0 55
FIXUPS: 50191 147 b e4 29 77 11 22 1b 9b 16 12 b 72 20 5a 128 57 7e 21
FIXUPS: 508a4 1d 19a4 17 63 28 3c 1e 49 22 78 a 2e 1e 57 5 e d ffffd614
FIXUPS: 4fb36 2f 11 2f 11 3c 68 65 41 26 d 4d 14 55 b8 1d50 52 17 7c 65
FIXUPS: 51d47 2f 19 14 2e 79 d 26 16 22 29 10 1c 5d 95 20 d 8 50 1d 1d
FIXUPS: 521ce 1a d 11 19 2a 4fd2 9 33 30 24 30 23 2f 28 4c 5 e d 13 d 13
FIXUPS: 57401 13 d 19 7 d 16 d ffffa3a4 11 28 7 10 d ac 1f7 51d8 5f cd
FIXUPS: 56e25 16 20 27 1e 10 d 65 12 1d 23 12 17 b 64 e 25 22 e 76 3d 13
FIXUPS: 5717e 1d 1d a 9 26 9 fffff6d6 15 1a 1a 9 11 8 9 8 11 7 62 2d 3a
FIXUPS: 56a4a 3d 9 34 12 23 14 41 10 7 50 6d 12 3c 1c 18 22 e fffff7d2
FIXUPS: 564d3 24 3b 15 61 37 26 17 f 15 2b 7 23 18 55 7 42 12 e 23 d 17
FIXUPS: 567c6 14 4f 11 c 27 18 25 19 fffff74a 14 5d 57 24 2d 7 52 17 48
FIXUPS: 561e8 13 46 f 1c c2 11 b b 12 e 9 11 22 27 9 11 23 31 14 9 11 fffff5c6
FIXUPS: 55a41 33 22 55 f d9 b2 1a 1a 34 d4 13 b 11 14 32 31 a 1b 1e 20
FIXUPS: 55f05 25 10 7 9 11 35 25 2e 21 fffff5d6 21 25 1d 2c 33 2c 25 6e
FIXUPS: 55784 12 13 12 d 13 8 15 18 15 18 1b 47 1f 2a 18 13 7 3e 2c 1e
FIXUPS: 559e7 3f fffff70a 9 28 17 7 40 28 25 30 2a 8c 1f 9 14 39 63 13
FIXUPS: 553ee 10 28 13 7 4d 24 25 1a 25 25 25 17 25 1a fffff762 32 16 10
FIXUPS: 54d76 11 46 24 25 1d 25 26 36 70 15 d 17 e 9 15 18 12 3a 27 41
FIXUPS: 5506d c 10 28 10 7 2c fffff7c5 38 c0 9 2c 14 18 14 a a 9 17 37
FIXUPS: 54ab0 3d 46 2a 2f 10 7 1e 4e 11 30 9 13 14 14 1a d 1e 1e fffff79f
FIXUPS: 544ae 1b 27 27 25 2a 22 5e 13 1b 21 10 7 27 9 11 14 12 2a 2a 2f
FIXUPS: 54746 7 1e 3d 11 44 27 31 25 1a fffff656 25 e 41 21 9 5c 15 b 10
FIXUPS: 54032 28 7 11 54 48 19 19 18 1d 18 37 11 11 7e 7 86 b 80 19 cf
FIXUPS: 54482 fffff659 9 6c c 4b 13 15 6b 19 18 13 7 16 18 10 7 31 1a 7
FIXUPS: 53d74 14 3a 12 a 10 28 2e 14 21 15 19 20 fffff7e7 a 40 46 46 28
FIXUPS: 537ce 1d 15 19 1d 1b 18 22 1f 27 f 5f 41 15 9 9 38 44 23 1f 13
FIXUPS: 53a8d 15 12 c 12 fffff52f 22d 22 2c 20 63 10 4e 1a 58 a c 9 33
FIXUPS: 5344c 39 11 d 23 e 44 e 16 43 10 19 13 50 b 13 27 47 fffff459 c
FIXUPS: 52b9d b 3e 26 82 16 9 15 1b 3d 3f 3f 21 35 20 18 d 20 d 32 9 22
FIXUPS: 52ecb 2a 9 36 10 28 1e 25 fffff696 11 2f 11 2f 11 2f 11 47 24 25
FIXUPS: 527c3 30 40 3f 36 37 2d 8 12 13 10 32 41 30 1b 15 44 1b 30 15 d
FIXUPS: 57756 1b 14 18 b 12 4c f 25 28 3b 22 60 1e b 24 1e b 16 10 4b 10
FIXUPS: 57a21 5 5 5 14 d ffffab74 11 2f 11 7919 4f 7 e 1a e a ac 5 e d
FIXUPS: 5a0a4 d 13 d 13 d 13 d 16 7 d ffffd45b 2f 11 26 34 1e 61 57 d 10
FIXUPS: 59a95 9 2e 13 7 25 8 36 24 13 45 13 9 c 11 21 33 26 92 39 1a 13
FIXUPS: 59dc5 11 10 24 12 a a 8d 33 26 fffff72d 32 e 56 76 30 1c 2c 28
FIXUPS: 597fb f 24 27 1e 14 f c f 26 14 f 32 43 23 a 17 71 15 2d e d a
FIXUPS: 591f2 6 a f 27 27 1e 14 f 2c 11 f 27 14 f 28 55 21 69 38 14 6 9
FIXUPS: 594c6 13 7 50 2d 1f 85 11 1a fffff73f f c f 27 14 f 29 2f 35 1e
FIXUPS: 58ec1 1b a 1b 2e 13 7 43 21 1f 6c 11 1b 17 48 68 2b 44 38 6 10
FIXUPS: 5882e 11 20 22 15 1b 25 10 21 11 d1 36 29 3f 31 1c 16 7 29 23 1f
FIXUPS: 58bc8 1b 17 5f 61 18 6 12 28 27 1e fffff349 10 6e 13 13 4a a3 30
FIXUPS: 582c0 66 e 18 23 a c 9 1e c3 12 1e 9 72 62 48 96 2a 11 7a 7 86
FIXUPS: 587bd 55 fffff364 2f 11 2f 11 2f 11 2f 11 32 47 1a 24 13 5d 2a
FIXUPS: 57e14 2c 8a 10 11 1b 88 e 10 e 13 13 80 10 10 10 3c94 74 f 43 37
FIXUPS: 5be34 7 5d 8 19 1f 13 33 15 23 12 35 30 32 32 5 a1 7 d 19 d 16
FIXUPS: 5c12e d ffffb9ea 11 2f 3bf7 c 9 88 2a 4c 13 2e f 85 2f 72 24 2f
FIXUPS: 5ba4b 11 20 22 15 1b 2d 19 11 28 57 82 5 27 43 33 12 35 fffff539
FIXUPS: 5b267 18 19 1c 83 c 11 10 11 e 2d 1c 1b 17 18 c 25 18 27 18 48
FIXUPS: 5b4fb 15 3d 10 2e f2 16 e 5b 10 fffff60b 34 27 40 d 36 e 8 42 12
FIXUPS: 5ae71 45 42 c 1e 78 6c 48 38 22 25 18 10 25 1c 3e 14 29 37 18 24
FIXUPS: 5b23c fffff3bc 13 f 27 28 33 72 18 40 c 38 19 23 2e 16 29 17 20
FIXUPS: 5a8cd 1be 78 2b 7 69 7 4e 74 f 51 21 17 11 1771 ffffdcf4 11 2f
FIXUPS: 5a1c6 2f 11 1e 11 8 30 21 5f 1f 51 e 18 8 4b 11 13 21 3e 15 16
FIXUPS: 5a4bc 2f 4c 16 28 27 1e 223a d 5 e d 13 d fffff924 11 2f 11 32
FIXUPS: 5c21f 1a 1f 13 30 3e 25 4f 1a 68 10 e 16 1e 13 d 5 e d 13 8f8 32
FIXUPS: 5cdaa d 2c 21 a 33 5 e d 13 d fffff6b4 11 2f 11 32 37 1a 1f 13
FIXUPS: 5c66b 3e 25 4f 1a 6c 13 10 d e 10d 1f 15 7a 36 2b 29 5c 14 9 c
FIXUPS: 5cab8 9 45 36 9 9 1d c 3e 9 29 9 42 12 35 2e 2a 9 1a 66 9
