 sitobren

 Timestamp is 3078e430 (Mon Oct 09 01:58:24 1995)

 Preferred load address is 00400000

 Start         Length     Name                   Class
 0001:00000000 0003b71dH .text                   CODE
 0002:00000000 00003540H .bss                    DATA
 0003:00000000 000010e0H .rdata                  DATA
 0004:00000000 0000a350H .data                   DATA
 0004:0000a350 00000004H .CRT$XCA                DATA
 0004:0000a354 00000070H .CRT$XCU                DATA
 0004:0000a3c4 00000004H .CRT$XCZ                DATA
 0004:0000a3c8 00000004H .CRT$XIA                DATA
 0004:0000a3cc 0000000cH .CRT$XIC                DATA
 0004:0000a3d8 00000004H .CRT$XIZ                DATA
 0004:0000a3dc 00000004H .CRT$XPA                DATA
 0004:0000a3e0 00000004H .CRT$XPX                DATA
 0004:0000a3e4 00000004H .CRT$XPZ                DATA
 0004:0000a3e8 00000004H .CRT$XTA                DATA
 0004:0000a3ec 00000004H .CRT$XTZ                DATA
 0005:00000000 00000050H .idata$2                DATA
 0005:00000050 00000014H .idata$3                DATA
 0005:00000064 000000c8H .idata$4                DATA
 0005:0000012c 000000c8H .idata$5                DATA
 0005:000001f4 00000352H .idata$6                DATA
 0006:00000000 00000258H CONST                   DATA
 0008:00000000 00000000H .debug$C                DATA
 0008:00000000 00000110H .debug$E                DATA
 0008:00000110 00003090H .debug$F                DATA
 0008:00003800 00000000H .debug$G                DATA
 0008:00003800 00000033H .debug$H                DATA
 0008:fffab000 00000000H .debug$P                DATA
 0008:fffab000 00000000H .debug$S                DATA
 0008:fffab000 00000000H .debug$T                DATA

  Address         Publics by Value              Rva+Base   Lib:Object

 0001:00000000       _main                      00401000 f sitobren.obj
 0001:00000730       ?FWouldBe@S2B@@SGHJ@Z      00401730 f sitobren.obj
 0001:00000750       ?FIs@S2B@@UAEHJ@Z          00401750 f sitobren.obj
 0001:00000760       ?Cls@S2B@@UAEJXZ           00401760 f sitobren.obj
 0001:00000770       ?FWouldBe@S2BLX@@SGHJ@Z    00401770 f sitobren.obj
 0001:00000790       ?FIs@S2BLX@@UAEHJ@Z        00401790 f sitobren.obj
 0001:000007a0       ?Cls@S2BLX@@UAEJXZ         004017a0 f sitobren.obj
 0001:000007b0       ?Ps2bNew@S2B@@SGPAV1@PAVFIL@@HIHHPAD@Z 004017b0 f sitobren.obj
 0001:00000840       ??0S2B@@IAE@HIHHPAD@Z      00401840 f sitobren.obj
 0001:00000b30       ??1S2B@@MAE@XZ             00401b30 f sitobren.obj
 0001:00000b90       ?_DumpHeader@S2B@@IAEXKKPAVSTN@@H@Z 00401b90 f sitobren.obj
 0001:00000ce0       ?FConvertSI@S2B@@QAEHPAVMSNK@@0PAVFNI@@K@Z 00401ce0 f sitobren.obj
 0001:00000f50       ?_FReadCmdline@S2B@@IAAHPADPAHQBU_scrp@@ZZ 00401f50 f sitobren.obj
 0001:000011c0       ?_FDoTtActor@S2B@@IAEHPAH@Z 004021c0 f sitobren.obj
 0001:00001460       ?_FDoTtActionS2B@S2B@@IAEHXZ 00402460 f sitobren.obj
 0001:00001c60       ?_FInitGlpiCost@S2B@@IAEHH@Z 00402c60 f sitobren.obj
 0001:00001d80       ?_FDoTtBackgroundS2B@S2B@@IAEHXZ 00402d80 f sitobren.obj
 0001:00001f10       ?_FDoTtCostume@S2B@@IAEHXZ 00402f10 f sitobren.obj
 0001:00002230       ?_FDumpLites@S2B@@IAEHHPAVSTN@@@Z 00403230 f sitobren.obj
 0001:000023a0       ?_FDumpCameras@S2B@@IAEHHPAVSTN@@HH@Z 004033a0 f sitobren.obj
 0001:00002860       ?_FZbmpFromZpic@S2B@@IAEHPAVSTN@@KHJJPAUCAM@@@Z 00403860 f sitobren.obj
 0001:00002da0       ?_FBvec3Read@S2B@@IAEHPAVS2BLX@@PAUbr_vector3@@PAU_s2btk@@@Z 00403da0 f sitobren.obj
 0001:00002e10       ?_Bmat34FromVec3@S2B@@IAEXPAUbr_vector3@@PAUbr_matrix34@@@Z 00403e10 f sitobren.obj
 0001:00002f10       ?_ReadLite@S2B@@IAEXPAVSTN@@PAULITE@@@Z 00403f10 f sitobren.obj
 0001:000031c0       ?_ReadCam@S2B@@IAEXPAVSTN@@PAUCAM@@PAPAVGL@@@Z 004041c0 f sitobren.obj
 0001:00003760       ?_FProcessModel@S2B@@IAEHPAUDK_model@@Ubr_matrix34@@PAPAU_bmhr@@PAVSTN@@PAU4@H@Z 00404760 f sitobren.obj
 0001:00003c60       ?_PbmhrFromModel@S2B@@IAEPAU_bmhr@@PAUDK_model@@PAUbr_matrix34@@PAPAU2@PAU2@HH@Z 00404c60 f sitobren.obj
 0001:000040a0       ?_TextureFileFromModel@S2B@@IAEXPAUDK_model@@PAU_bmhr@@H@Z 004050a0 f sitobren.obj
 0001:000041f0       ?_FTmapFromBmp@S2B@@IAEHPAU_bmhr@@KPAVSTN@@@Z 004051f0 f sitobren.obj
 0001:00004560       ?_FFlushTmaps@S2B@@IAEHXZ  00405560 f sitobren.obj
 0001:000046d0       ?_BrsdwrFromModel@S2B@@IAEJPAUDK_model@@QAJ@Z 004056d0 f sitobren.obj
 0001:00004760       ?_CopyVertices@S2B@@IAEXPAUDK_Vertex@@PAXJ@Z 00405760 f sitobren.obj
 0001:00004a10       ?_CopyFaces@S2B@@IAEXPAUDK_Polygon@@PAXJQAUbr_vertex@@J@Z 00405a10 f sitobren.obj
 0001:00004b20       ?_FDoBodyPart@S2B@@IAEHPAU_bmhr@@J@Z 00405b20 f sitobren.obj
 0001:00004f70       ?_ApplyBmdlXF@S2B@@IAEXPAU_bmhr@@@Z 00405f70 f sitobren.obj
 0001:00004fb0       ?_FProcessBmhr@S2B@@IAEHPAPAU_bmhr@@F@Z 00405fb0 f sitobren.obj
 0001:00005190       ?_FEnsureOneRoot@S2B@@IAEHPAPAU_bmhr@@@Z 00406190 f sitobren.obj
 0001:000051a0       ?_InitBmhr@S2B@@IAEXPAU_bmhr@@@Z 004061a0 f sitobren.obj
 0001:00005260       ?FModelFixWrapping@@YGHPAUbr_model@@PAH@Z 00406260 f sitobren.obj
 0001:00005780       ?_FlushTmplKids@S2B@@IAEXXZ 00406780 f sitobren.obj
 0001:00005d10       ?_FModlfToBmdl@S2B@@IAEHPAUMODLF@@PAPAUbr_model@@@Z 00406d10 f sitobren.obj
 0001:00005d80       ?_FBmdlToModlf@S2B@@IAEHPAUbr_model@@PAPAUMODLF@@PAJ@Z 00406d80 f sitobren.obj
 0001:00005ea0       ?_FSetCps@S2B@@IAEHPAU_bmhr@@PAUCPS@@@Z 00406ea0 f sitobren.obj
 0001:00005f40       ?_FChidFromModlf@S2B@@IAEHPAU_bmhr@@PAKPAPAU_bmdb@@@Z 00406f40 f sitobren.obj
 0001:00006100       ?_FAddBmdlParent@S2B@@IAEHPAU_bmdb@@PAUKID@@@Z 00407100 f sitobren.obj
 0001:00006140       ?_FInsertPhshdb@S2B@@IAEHPAU_hshdb@@PAVGL@@@Z 00407140 f sitobren.obj
 0001:000061c0       ?_FIphshdbFromLuHash@S2B@@IAEHIPAJPAVGL@@@Z 004071c0 f sitobren.obj
 0001:00006260       ?_PbmdbFindModlf@S2B@@IAEPAU_bmdb@@PAUMODLF@@JPAI@Z 00407260 f sitobren.obj
 0001:00006300       ?_InitCrcTable@S2B@@IAEXXZ 00407300 f sitobren.obj
 0001:00006340       ?_LuHashBytesNoTable@S2B@@IAEIIPAXJ@Z 00407340 f sitobren.obj
 0001:00006390       ?_LuHashBytes@S2B@@IAEIIPAXJ@Z 00407390 f sitobren.obj
 0001:000063d0       ?_FImat34GetBmat34@S2B@@IAEHPAUbr_matrix34@@PAJ@Z 004073d0 f sitobren.obj
 0001:00006510       ?_DisposeBmhr@S2B@@IAEXPAPAU_bmhr@@@Z 00407510 f sitobren.obj
 0001:00006570       ?PglcrngFromPal@@YGPAVGL@@PAV1@@Z 00407570 f sitobren.obj
 0001:00006700       ?LwcrngNearestBrclr@@YGJKPAVGL@@0@Z 00407700 f sitobren.obj
 0001:00006840       ?_ReadNumTok@S2BLX@@MAEXPAUTOK@@DJJ@Z 00407840 f sitobren.obj
 0001:000069b0       ?FGetS2btk@S2BLX@@QAEHPAU_s2btk@@@Z 004079b0 f sitobren.obj
 0001:00006ab0       ?FGetTok@S2BLX@@UAEHPAUTOK@@@Z 00407ab0 f sitobren.obj
 0001:00006b20       ?FTextFromTt@S2BLX@@UAEHJPAVSTN@@@Z 00407b20 f sitobren.obj
 0001:00006b70       ?FTextFromS2btk@S2BLX@@QAEHPAU_s2btk@@PAVSTN@@@Z 00407b70 f sitobren.obj
 0001:00006c90       ??_EBASE@@UAEPAXI@Z        00407c90 f sitobren.obj
 0001:00006c90       ??_GBASE@@UAEPAXI@Z        00407c90 f sitobren.obj
 0001:00006cb0       ??_GS2BLX@@UAEPAXI@Z       00407cb0 f sitobren.obj
 0001:00006cb0       ??_ES2BLX@@UAEPAXI@Z       00407cb0 f sitobren.obj
 0001:00006ce0       ??_GS2B@@MAEPAXI@Z         00407ce0 f sitobren.obj
 0001:00006ce0       ??_ES2B@@MAEPAXI@Z         00407ce0 f sitobren.obj
 0001:00006cfb       _SI_swap2byte              00407cfb f byteswap.obj
 0001:00006d16       _SI_swap4byte              00407d16 f byteswap.obj
 0001:00006d47       _SI_swap8byte              00407d47 f byteswap.obj
 0001:00006da5       _SI_fix_SI_FileChunk       00407da5 f byteswap.obj
 0001:00006dc1       _SI_byteswap_fread         00407dc1 f byteswap.obj
 0001:00006e3e       _SI_Vector_fread           00407e3e f byteswap.obj
 0001:00006e8e       _SI_3doubles_fread         00407e8e f byteswap.obj
 0001:00006ec9       _SI_RGBA_fread             00407ec9 f byteswap.obj
 0001:00006f25       _SI_RGB_fread              00407f25 f byteswap.obj
 0001:00006f75       _SI_Matrix_fread           00407f75 f byteswap.obj
 0001:00006fb7       _SI_FileChunk_fread        00407fb7 f byteswap.obj
 0001:00006ff0       ?FWouldBe@USAC@@SGHJ@Z     00407ff0 f utilglob.obj
 0001:00007010       ?FIs@USAC@@UAEHJ@Z         00408010 f utilglob.obj
 0001:00007020       ?Cls@USAC@@UAEJXZ          00408020 f utilglob.obj
 0001:00007100       ??_GKCDC@@UAEPAXI@Z        00408100 f utilglob.obj
 0001:00007100       ??_EKCDC@@UAEPAXI@Z        00408100 f utilglob.obj
 0001:00007120       ?FCanDo@KCDC@@UAEHHJ@Z     00408120 f utilglob.obj
 0001:00007160       ?FWouldBe@BLL@@SGHJ@Z      00408160 f base.obj
 0001:00007180       ?FIs@BLL@@UAEHJ@Z          00408180 f base.obj
 0001:00007190       ?Cls@BLL@@UAEJXZ           00408190 f base.obj
 0001:000071a0       ?Cls@BASE@@UAEJXZ          004081a0 f base.obj
 0001:000071b0       ?FIs@BASE@@UAEHJ@Z         004081b0 f base.obj
 0001:000071d0       ?FWouldBe@BASE@@SGHJ@Z     004081d0 f base.obj
 0001:000071f0       ??0BASE@@QAE@XZ            004081f0 f base.obj
 0001:00007200       ?AddRef@BASE@@UAEXXZ       00408200 f base.obj
 0001:00007210       ?Release@BASE@@UAEXXZ      00408210 f base.obj
 0001:00007230       ??2BASE@@SGPAXI@Z          00408230 f base.obj
 0001:00007260       ??3BASE@@SGXPAX@Z          00408260 f base.obj
 0001:00007270       ??0BLL@@QAE@XZ             00408270 f base.obj
 0001:00007290       ??1BLL@@UAE@XZ             00408290 f base.obj
 0001:000072b0       ?_Attach@BLL@@IAEXPAX@Z    004082b0 f base.obj
 0001:00007320       ??_EBLL@@UAEPAXI@Z         00408320 f base.obj
 0001:00007320       ??_GBLL@@UAEPAXI@Z         00408320 f base.obj
 0001:00007340       ?FillPb@@YGXPAXJE@Z        00408340 f utilcopy.obj
 0001:00007380       ?ClearPb@@YGXPAXJ@Z        00408380 f utilcopy.obj
 0001:000073a0       ?ReversePb@@YGXPAXJ@Z      004083a0 f utilcopy.obj
 0001:000073d0       ?SwapBlocks@@YGXPAXJJ@Z    004083d0 f utilcopy.obj
 0001:00007400       ?SwapPb@@YGXPAX0J@Z        00408400 f utilcopy.obj
 0001:00007460       ?FEqualRgb@@YGHPAX0J@Z     00408460 f utilcopy.obj
 0001:000074a0       ?CbEqualRgb@@YGJPAX0J@Z    004084a0 f utilcopy.obj
 0001:00007500       ?FcmpCompareRgb@@YGKPAX0J@Z 00408500 f utilcopy.obj
 0001:00007540       ?CopyPb@@YGXPAX0J@Z        00408540 f utilcopy.obj
 0001:00007570       ?BltPb@@YGXPAX0J@Z         00408570 f utilcopy.obj
 0001:000075e0       ?FWouldBe@ERS@@SGHJ@Z      004085e0 f utilerro.obj
 0001:00007600       ?FIs@ERS@@UAEHJ@Z          00408600 f utilerro.obj
 0001:00007610       ?Cls@ERS@@UAEJXZ           00408610 f utilerro.obj
 0001:00007620       ??0ERS@@QAE@XZ             00408620 f utilerro.obj
 0001:00007650       ?Push@ERS@@UAEXJ@Z         00408650 f utilerro.obj
 0001:000076a0       ?FPop@ERS@@UAEHPAJ@Z       004086a0 f utilerro.obj
 0001:000076f0       ?Clear@ERS@@UAEXXZ         004086f0 f utilerro.obj
 0001:00007710       ?Cerc@ERS@@UAEJXZ          00408710 f utilerro.obj
 0001:00007720       ?FIn@ERS@@UAEHJ@Z          00408720 f utilerro.obj
 0001:00007770       ?ErcGet@ERS@@UAEJJ@Z       00408770 f utilerro.obj
 0001:000077b0       ?Flush@ERS@@UAEXJ@Z        004087b0 f utilerro.obj
 0001:00007850       ??_EERS@@UAEPAXI@Z         00408850 f utilerro.obj
 0001:00007850       ??_GERS@@UAEPAXI@Z         00408850 f utilerro.obj
 0001:00007880       ?LwRoundAway@@YGJJJ@Z      00408880 f utilint.obj
 0001:000078b0       ?LwRoundToward@@YGJJJ@Z    004088b0 f utilint.obj
 0001:000078e0       ?SwapBytesBom@@YGXPAXK@Z   004088e0 f utilint.obj
 0001:00007940       ?SwapBytesRglw@@YGXPAXJ@Z  00408940 f utilint.obj
 0001:00007970       ??0USAC@@QAE@XZ            00408970 f utilint.obj
 0001:000079a0       ?FReadable@DVER@@QAEHFF@Z  004089a0 f utilint.obj
 0001:000079e0       ??_GUSAC@@UAEPAXI@Z        004089e0 f utilint.obj
 0001:000079e0       ??_EUSAC@@UAEPAXI@Z        004089e0 f utilint.obj
 0001:00007a00       ?FAllocPv@@YGHPAPAXJKJ@Z   00408a00 f utilmem.obj
 0001:00007ad0       ?_FResizePpv@@YGHPAPAXJJKJ@Z 00408ad0 f utilmem.obj
 0001:00007bc0       ?FreePpv@@YGXPAPAX@Z       00408bc0 f utilmem.obj
 0001:00007c00       ?FWouldBe@RND@@SGHJ@Z      00408c00 f utilrnd.obj
 0001:00007c20       ?FIs@RND@@UAEHJ@Z          00408c20 f utilrnd.obj
 0001:00007c30       ?Cls@RND@@UAEJXZ           00408c30 f utilrnd.obj
 0001:00007c40       ?FWouldBe@SFL@@SGHJ@Z      00408c40 f utilrnd.obj
 0001:00007c60       ?FIs@SFL@@UAEHJ@Z          00408c60 f utilrnd.obj
 0001:00007c70       ?Cls@SFL@@UAEJXZ           00408c70 f utilrnd.obj
 0001:00007c80       ??0RND@@QAE@K@Z            00408c80 f utilrnd.obj
 0001:00007cc0       ?LwNext@RND@@UAEJJ@Z       00408cc0 f utilrnd.obj
 0001:00007cf0       ??0SFL@@QAE@K@Z            00408cf0 f utilrnd.obj
 0001:00007d20       ??1SFL@@UAE@XZ             00408d20 f utilrnd.obj
 0001:00007d40       ?Shuffle@SFL@@QAEXJ@Z      00408d40 f utilrnd.obj
 0001:00007d80       ?_ShuffleCore@SFL@@IAEXXZ  00408d80 f utilrnd.obj
 0001:00007dd0       ?_FEnsureHq@SFL@@IAEHJ@Z   00408dd0 f utilrnd.obj
 0001:00007e40       ?LwNext@SFL@@UAEJJ@Z       00408e40 f utilrnd.obj
 0001:00007ed0       ??_ERND@@UAEPAXI@Z         00408ed0 f utilrnd.obj
 0001:00007ed0       ??_GRND@@UAEPAXI@Z         00408ed0 f utilrnd.obj
 0001:00007ef0       ??_GSFL@@UAEPAXI@Z         00408ef0 f utilrnd.obj
 0001:00007ef0       ??_ESFL@@UAEPAXI@Z         00408ef0 f utilrnd.obj
 0001:00007f10       ??4STN@@QAEAAV0@AAV0@@Z    00408f10 f utilstr.obj
 0001:00007f30       ?SetRgch@STN@@QAEXPADJ@Z   00408f30 f utilstr.obj
 0001:00007f70       ?SetSzs@STN@@QAEXPAD@Z     00408f70 f utilstr.obj
 0001:00007f90       ?Delete@STN@@QAEXJJ@Z      00408f90 f utilstr.obj
 0001:00007ff0       ?FAppendRgch@STN@@QAEHPADJ@Z 00408ff0 f utilstr.obj
 0001:00008040       ?FInsertRgch@STN@@QAEHJPADJ@Z 00409040 f utilstr.obj
 0001:00008100       ?FEqualRgch@STN@@QAEHPADJ@Z 00409100 f utilstr.obj
 0001:00008130       ?FEqualUserRgch@STN@@QAEHPADJK@Z 00409130 f utilstr.obj
 0001:00008150       ?CbData@STN@@QAEJXZ        00409150 f utilstr.obj
 0001:00008160       ?GetData@STN@@QAEXPAX@Z    00409160 f utilstr.obj
 0001:000081a0       ?FFormatSz@STN@@QAAHPADZZ  004091a0 f utilstr.obj
 0001:000081c0       ?FFormatRgch@STN@@QAEHPADJPAK@Z 004091c0 f utilstr.obj
 0001:00008540       ?FExpandControls@STN@@QAEHXZ 00409540 f utilstr.obj
 0001:00008650       ?CchSz@@YGJPAD@Z           00409650 f utilstr.obj
 0001:00008670       ?FEqualUserRgch@@YGHPADJ0JK@Z 00409670 f utilstr.obj
 0001:00008760       ?UpperRgchs@@YGXPADJ@Z     00409760 f utilstr.obj
 0001:000087d0       ?FAllocHq@@YGHPAPAXJKJ@Z   004097d0 f memwin.obj
 0001:00008840       ?FResizePhq@@YGHPAPAXJKJ@Z 00409840 f memwin.obj
 0001:000088e0       ?FreePhq@@YGXPAPAX@Z       004098e0 f memwin.obj
 0001:00008910       ?CbOfHq@@YGJPAX@Z          00409910 f memwin.obj
 0001:00008920       ?PvLockHq@@YGPAXPAX@Z      00409920 f memwin.obj
 0001:00008930       ?UnlockHq@@YGXPAX@Z        00409930 f memwin.obj
 0001:00008970       ?FWouldBe@CFL@@SGHJ@Z      00409970 f chunk.obj
 0001:00008990       ?FIs@CFL@@UAEHJ@Z          00409990 f chunk.obj
 0001:000089a0       ?Cls@CFL@@UAEJXZ           004099a0 f chunk.obj
 0001:000089b0       ?FWouldBe@CGE@@SGHJ@Z      004099b0 f chunk.obj
 0001:000089d0       ?FIs@CGE@@UAEHJ@Z          004099d0 f chunk.obj
 0001:000089e0       ?Cls@CGE@@UAEJXZ           004099e0 f chunk.obj
 0001:000089f0       ??0CFL@@AAE@XZ             004099f0 f chunk.obj
 0001:00008a10       ??1CFL@@EAE@XZ             00409a10 f chunk.obj
 0001:00008ab0       ?PcflOpen@CFL@@SGPAV1@PAVFNI@@K@Z 00409ab0 f chunk.obj
 0001:00008b80       ?_GrffilFromGrfcfl@CFL@@CGKK@Z 00409b80 f chunk.obj
 0001:00008ba0       ?PcflFromFni@CFL@@SGPAV1@PAVFNI@@@Z 00409ba0 f chunk.obj
 0001:00008be0       ?FSetGrfcfl@CFL@@QAEHKK@Z  00409be0 f chunk.obj
 0001:00008c80       ?Release@CFL@@UAEXXZ       00409c80 f chunk.obj
 0001:00008ca0       ?_TValidIndex@CFL@@AAEHXZ  00409ca0 f chunk.obj
 0001:00009000       ?_FReadIndex@CFL@@AAEHXZ   0040a000 f chunk.obj
 0001:00009670       ?_ReadFreeMap@CFL@@AAEXXZ  0040a670 f chunk.obj
 0001:000096f0       ?_FEnsureOnExtra@CFL@@AAEHJPAUFLO@@@Z 0040a6f0 f chunk.obj
 0001:000097f0       ?_GetFlo@CFL@@AAEXJPAUFLO@@@Z 0040a7f0 f chunk.obj
 0001:00009850       ?_GetBlck@CFL@@AAEXJPAVBLCK@@@Z 0040a850 f chunk.obj
 0001:00009890       ?FFind@CFL@@QAEHKKPAVBLCK@@@Z 0040a890 f chunk.obj
 0001:000098f0       ?_FCreateExtra@CFL@@AAEHXZ 0040a8f0 f chunk.obj
 0001:00009920       ?_FAllocFlo@CFL@@AAEHJPAUFLO@@H@Z 0040a920 f chunk.obj
 0001:00009a30       ?_FFindCtgCno@CFL@@AAEHKKPAJ@Z 0040aa30 f chunk.obj
 0001:00009ad0       ?_FreeFpCb@CFL@@AAEXHJJ@Z  0040aad0 f chunk.obj
 0001:00009cb0       ?Ckid@CFL@@QAEJKK@Z        0040acb0 f chunk.obj
 0001:00009d00       ?FGetKid@CFL@@QAEHKKJPAUKID@@@Z 0040ad00 f chunk.obj
 0001:00009d80       ?FGetKidChidCtg@CFL@@QAEHKKKKPAUKID@@@Z 0040ad80 f chunk.obj
 0001:00009dc0       ?_FFindChidCtg@CFL@@AAEHKKKKPAUKID@@@Z 0040adc0 f chunk.obj
 0001:00009ea0       ??0CGE@@QAE@XZ             0040aea0 f chunk.obj
 0001:00009ec0       ??1CGE@@UAE@XZ             0040aec0 f chunk.obj
 0001:00009ef0       ?Init@CGE@@QAEXPAVCFL@@KK@Z 0040aef0 f chunk.obj
 0001:00009f30       ?FNextKid@CGE@@QAEHPAUKID@@PAUCKI@@PAKK@Z 0040af30 f chunk.obj
 0001:0000a110       ??_ECFL@@EAEPAXI@Z         0040b110 f chunk.obj
 0001:0000a110       ??_GCFL@@EAEPAXI@Z         0040b110 f chunk.obj
 0001:0000a130       ??_GCGE@@UAEPAXI@Z         0040b130 f chunk.obj
 0001:0000a130       ??_ECGE@@UAEPAXI@Z         0040b130 f chunk.obj
 0001:0000a150       ?FWouldBe@CODM@@SGHJ@Z     0040b150 f codec.obj
 0001:0000a170       ?FIs@CODM@@UAEHJ@Z         0040b170 f codec.obj
 0001:0000a180       ?Cls@CODM@@UAEJXZ          0040b180 f codec.obj
 0001:0000a190       ?FWouldBe@CODC@@SGHJ@Z     0040b190 f codec.obj
 0001:0000a1b0       ??0CODM@@QAE@PAVCODC@@J@Z  0040b1b0 f codec.obj
 0001:0000a1f0       ??1CODM@@UAE@XZ            0040b1f0 f codec.obj
 0001:0000a270       ?FRegisterCodec@CODM@@UAEHPAVCODC@@@Z 0040b270 f codec.obj
 0001:0000a2c0       ?FCanDo@CODM@@UAEHJH@Z     0040b2c0 f codec.obj
 0001:0000a2f0       ?FGetCfmtFromBlck@CODM@@UAEHPAVBLCK@@PAJ@Z 0040b2f0 f codec.obj
 0001:0000a370       ?_FFindCodec@CODM@@MAEHHJPAPAVCODC@@@Z 0040b370 f codec.obj
 0001:0000a420       ?_FCodePhq@CODM@@MAEHJPAPAX@Z 0040b420 f codec.obj
 0001:0000a540       ?_FCode@CODM@@MAEHJPAXJ0JPAJ@Z 0040b540 f codec.obj
 0001:0000a750       ??_GCODM@@UAEPAXI@Z        0040b750 f codec.obj
 0001:0000a750       ??_ECODM@@UAEPAXI@Z        0040b750 f codec.obj
 0001:0000a770       ?FWouldBe@KCDC@@SGHJ@Z     0040b770 f codkauai.obj
 0001:0000a790       ?FIs@KCDC@@UAEHJ@Z         0040b790 f codkauai.obj
 0001:0000a7a0       ?Cls@KCDC@@UAEJXZ          0040b7a0 f codkauai.obj
 0001:0000a7b0       ?FConvert@KCDC@@UAEHHJPAXJ0JPAJ@Z 0040b7b0 f codkauai.obj
 0001:0000a830       ?Set@BITA@@QAEXPAXJ@Z      0040b830 f codkauai.obj
 0001:0000a850       ?FWriteBits@BITA@@QAEHKJ@Z 0040b850 f codkauai.obj
 0001:0000a910       ?FWriteLogEncoded@BITA@@QAEHK@Z 0040b910 f codkauai.obj
 0001:0000a960       ?_FEncode@KCDC@@IAEHPAXJ0JPAJ@Z 0040b960 f codkauai.obj
 0001:0000ac70       ?_FDecode@KCDC@@IAEHPAXJ0JPAJ@Z 0040bc70 f codkauai.obj
 0001:0000e5a0       ?_FEncode2@KCDC@@IAEHPAXJ0JPAJ@Z 0040f5a0 f codkauai.obj
 0001:0000e980       ?_FDecode2@KCDC@@IAEHPAXJ0JPAJ@Z 0040f980 f codkauai.obj
 0001:00010f10       ?FWouldBe@BACO@@SGHJ@Z     00411f10 f crf.obj
 0001:00010f30       ?FIs@BACO@@UAEHJ@Z         00411f30 f crf.obj
 0001:00010f40       ?Cls@BACO@@UAEJXZ          00411f40 f crf.obj
 0001:00010f50       ??0BACO@@IAE@XZ            00411f50 f crf.obj
 0001:00010f80       ??1BACO@@MAE@XZ            00411f80 f crf.obj
 0001:00010fb0       ?FWriteFlo@BACO@@UAEHPAUFLO@@@Z 00411fb0 f crf.obj
 0001:00010ff0       ?FWrite@BACO@@UAEHPAVBLCK@@@Z 00411ff0 f crf.obj
 0001:00011000       ?CbOnFile@BACO@@UAEJXZ     00412000 f crf.obj
 0001:00011010       ?Release@BACO@@UAEXXZ      00412010 f crf.obj
 0001:00011060       ?Detach@BACO@@UAEXXZ       00412060 f crf.obj
 0001:000110a0       ?SetCrep@BACO@@UAEXJ@Z     004120a0 f crf.obj
 0001:000110d0       ?BacoDetached@CRF@@QAEXPAVBACO@@@Z 004120d0 f crf.obj
 0001:00011120       ?BacoReleased@CRF@@QAEXPAVBACO@@@Z 00412120 f crf.obj
 0001:000111a0       ?_FFindBaco@CRF@@IAEHPAVBACO@@PAJ@Z 004121a0 f crf.obj
 0001:000112e0       ??_EBACO@@MAEPAXI@Z        004122e0 f crf.obj
 0001:000112e0       ??_GBACO@@MAEPAXI@Z        004122e0 f crf.obj
 0001:00011310       ?FWouldBe@FIL@@SGHJ@Z      00412310 f file.obj
 0001:00011330       ?FIs@FIL@@UAEHJ@Z          00412330 f file.obj
 0001:00011340       ?Cls@FIL@@UAEJXZ           00412340 f file.obj
 0001:00011350       ?FWouldBe@BLCK@@SGHJ@Z     00412350 f file.obj
 0001:00011370       ?FIs@BLCK@@UAEHJ@Z         00412370 f file.obj
 0001:00011380       ?Cls@BLCK@@UAEJXZ          00412380 f file.obj
 0001:00011390       ??0FIL@@IAE@PAVFNI@@K@Z    00412390 f file.obj
 0001:00011400       ??1FIL@@MAE@XZ             00412400 f file.obj
 0001:00011450       ?PfilOpen@FIL@@SGPAV1@PAVFNI@@K@Z 00412450 f file.obj
 0001:000114f0       ?PfilCreate@FIL@@SGPAV1@PAVFNI@@K@Z 004124f0 f file.obj
 0001:00011580       ?PfilCreateTemp@FIL@@SGPAV1@PAVFNI@@@Z 00412580 f file.obj
 0001:00011610       ?PfilFromFni@FIL@@SGPAV1@PAVFNI@@@Z 00412610 f file.obj
 0001:00011670       ?FSetGrffil@FIL@@QAEHKK@Z  00412670 f file.obj
 0001:00011700       ?Release@FIL@@UAEXXZ       00412700 f file.obj
 0001:00011730       ?GetStnPath@FIL@@QAEXPAVSTN@@@Z 00412730 f file.obj
 0001:00011760       ?SetTemp@FIL@@QAEXH@Z      00412760 f file.obj
 0001:000117d0       ?FReadRgb@FLO@@QAEHPAXJJ@Z 004127d0 f file.obj
 0001:00011820       ?FWriteRgb@FLO@@QAEHPAXJJ@Z 00412820 f file.obj
 0001:00011870       ?FCopy@FLO@@QAEHPAU1@@Z    00412870 f file.obj
 0001:00011940       ?FReadHq@FLO@@QAEHPAPAXJJ@Z 00412940 f file.obj
 0001:000119c0       ??0BLCK@@QAE@PAUFLO@@H@Z   004129c0 f file.obj
 0001:00011a10       ??0BLCK@@QAE@PAVFIL@@JJH@Z 00412a10 f file.obj
 0001:00011a50       ??0BLCK@@QAE@XZ            00412a50 f file.obj
 0001:00011a70       ??1BLCK@@UAE@XZ            00412a70 f file.obj
 0001:00011a90       ?Set@BLCK@@QAEXPAUFLO@@H@Z 00412a90 f file.obj
 0001:00011ad0       ?Set@BLCK@@QAEXPAVFIL@@JJH@Z 00412ad0 f file.obj
 0001:00011b10       ?SetHq@BLCK@@QAEXPAPAXH@Z  00412b10 f file.obj
 0001:00011b50       ?Free@BLCK@@QAEXXZ         00412b50 f file.obj
 0001:00011b80       ?HqFree@BLCK@@QAEPAXH@Z    00412b80 f file.obj
 0001:00011c30       ?Cb@BLCK@@QAEJH@Z          00412c30 f file.obj
 0001:00011c50       ?FSetTemp@BLCK@@QAEHJH@Z   00412c50 f file.obj
 0001:00011ce0       ?FReadRgb@BLCK@@QAEHPAXJJH@Z 00412ce0 f file.obj
 0001:00011d70       ?FWriteRgb@BLCK@@QAEHPAXJJH@Z 00412d70 f file.obj
 0001:00011e00       ?FWriteToFlo@BLCK@@QAEHPAUFLO@@H@Z 00412e00 f file.obj
 0001:00011e80       ?FPackData@BLCK@@QAEHJ@Z   00412e80 f file.obj
 0001:00011fa0       ?FUnpackData@BLCK@@QAEHXZ  00412fa0 f file.obj
 0001:000120d0       ??_GFIL@@MAEPAXI@Z         004130d0 f file.obj
 0001:000120d0       ??_EFIL@@MAEPAXI@Z         004130d0 f file.obj
 0001:000120f0       ??_GBLCK@@UAEPAXI@Z        004130f0 f file.obj
 0001:000120f0       ??_EBLCK@@UAEPAXI@Z        004130f0 f file.obj
 0001:00012160       ?_FOpen@FIL@@IAEHHK@Z      00413160 f filewin.obj
 0001:00012260       ?_Close@FIL@@IAEXH@Z       00413260 f filewin.obj
 0001:000122d0       ?Flush@FIL@@QAEXXZ         004132d0 f filewin.obj
 0001:00012300       ?_SetFpPos@FIL@@IAEXJ@Z    00413300 f filewin.obj
 0001:00012360       ?FSetFpMac@FIL@@QAEHJ@Z    00413360 f filewin.obj
 0001:000123f0       ?FpMac@FIL@@QAEJXZ         004133f0 f filewin.obj
 0001:00012480       ?FReadRgb@FIL@@QAEHPAXJJ@Z 00413480 f filewin.obj
 0001:00012530       ?FWriteRgb@FIL@@QAEHPAXJJ@Z 00413530 f filewin.obj
 0001:00012610       ?FWouldBe@FNI@@SGHJ@Z      00413610 f fniwin.obj
 0001:00012630       ?FIs@FNI@@UAEHJ@Z          00413630 f fniwin.obj
 0001:00012640       ?Cls@FNI@@UAEJXZ           00413640 f fniwin.obj
 0001:00012650       ?SetNil@FNI@@QAEXXZ        00413650 f fniwin.obj
 0001:00012660       ??0FNI@@QAE@XZ             00413660 f fniwin.obj
 0001:00012690       ?FBuildFromPath@FNI@@QAEHPAVSTN@@J@Z 00413690 f fniwin.obj
 0001:000127e0       ?FSearchInPath@FNI@@QAEHPAVSTN@@0@Z 004137e0 f fniwin.obj
 0001:00012880       ?FGetUnique@FNI@@QAEHJ@Z   00413880 f fniwin.obj
 0001:00012990       ?FGetTemp@FNI@@QAEHXZ      00413990 f fniwin.obj
 0001:00012a30       ?Ftg@FNI@@QAEJXZ           00413a30 f fniwin.obj
 0001:00012a40       ?FSetLeaf@FNI@@QAEHPAVSTN@@J@Z 00413a40 f fniwin.obj
 0001:00012ab0       ?FChangeFtg@FNI@@QAEHJ@Z   00413ab0 f fniwin.obj
 0001:00012b60       ?GetLeaf@FNI@@QAEXPAVSTN@@@Z 00413b60 f fniwin.obj
 0001:00012ba0       ?GetStnPath@FNI@@QAEXPAVSTN@@@Z 00413ba0 f fniwin.obj
 0001:00012bb0       ?TExists@FNI@@QAEHXZ       00413bb0 f fniwin.obj
 0001:00012cb0       ?FEqual@FNI@@QAEHPAV1@@Z   00413cb0 f fniwin.obj
 0001:00012cd0       ?_CchExt@FNI@@AAEJXZ       00413cd0 f fniwin.obj
 0001:00012d10       ?_SetFtgFromName@FNI@@AAEXXZ 00413d10 f fniwin.obj
 0001:00012d90       ?_FChangeLeaf@FNI@@AAEHPAVSTN@@@Z 00413d90 f fniwin.obj
 0001:00012ee0       ??_EFNI@@UAEPAXI@Z         00413ee0 f fniwin.obj
 0001:00012ee0       ??_GFNI@@UAEPAXI@Z         00413ee0 f fniwin.obj
 0001:00012f00       ?FWouldBe@GRPB@@SGHJ@Z     00413f00 f groups.obj
 0001:00012f20       ?FIs@GRPB@@UAEHJ@Z         00413f20 f groups.obj
 0001:00012f30       ?Cls@GRPB@@UAEJXZ          00413f30 f groups.obj
 0001:00012f40       ?FWouldBe@GLB@@SGHJ@Z      00413f40 f groups.obj
 0001:00012f60       ?FIs@GLB@@UAEHJ@Z          00413f60 f groups.obj
 0001:00012f70       ?Cls@GLB@@UAEJXZ           00413f70 f groups.obj
 0001:00012f80       ?FWouldBe@GL@@SGHJ@Z       00413f80 f groups.obj
 0001:00012fa0       ?FIs@GL@@UAEHJ@Z           00413fa0 f groups.obj
 0001:00012fb0       ?Cls@GL@@UAEJXZ            00413fb0 f groups.obj
 0001:00012fc0       ?FWouldBe@GGB@@SGHJ@Z      00413fc0 f groups.obj
 0001:00012fe0       ?FIs@GGB@@UAEHJ@Z          00413fe0 f groups.obj
 0001:00012ff0       ?Cls@GGB@@UAEJXZ           00413ff0 f groups.obj
 0001:00013000       ?FWouldBe@GG@@SGHJ@Z       00414000 f groups.obj
 0001:00013020       ?FIs@GG@@UAEHJ@Z           00414020 f groups.obj
 0001:00013030       ?Cls@GG@@UAEJXZ            00414030 f groups.obj
 0001:00013040       ??1GRPB@@UAE@XZ            00414040 f groups.obj
 0001:00013070       ?_FEnsureSizes@GRPB@@IAEHJJK@Z 00414070 f groups.obj
 0001:00013150       ?_FEnsureHqCb@GRPB@@AAEHPAPAXJJPAJ@Z 00414150 f groups.obj
 0001:00013220       ?FWriteFlo@GRPB@@UAEHPAUFLO@@FF@Z 00414220 f groups.obj
 0001:00013270       ?_FWrite@GRPB@@IAEHPAVBLCK@@PAXJJJ@Z 00414270 f groups.obj
 0001:00013340       ?_FReadData@GRPB@@IAEHPAVBLCK@@JJJ@Z 00414340 f groups.obj
 0001:00013400       ??0GLB@@IAE@J@Z            00414400 f groups.obj
 0001:00013430       ?QvGet@GLB@@QAEPAXJ@Z      00414430 f groups.obj
 0001:00013450       ?Get@GLB@@QAEXJPAX@Z       00414450 f groups.obj
 0001:00013470       ?Put@GLB@@QAEXJPAX@Z       00414470 f groups.obj
 0001:00013490       ?PvLock@GLB@@QAEPAXJ@Z     00414490 f groups.obj
 0001:000134b0       ?PglNew@GL@@SGPAV1@JJ@Z    004144b0 f groups.obj
 0001:00013510       ?PglRead@GL@@SGPAV1@PAVBLCK@@PAF1@Z 00414510 f groups.obj
 0001:00013570       ?PglRead@GL@@SGPAV1@PAVFIL@@JJPAF1@Z 00414570 f groups.obj
 0001:000135c0       ??0GL@@IAE@J@Z             004145c0 f groups.obj
 0001:000135e0       ?FFree@GL@@UAEHJ@Z         004145e0 f groups.obj
 0001:00013600       ?CbOnFile@GL@@UAEJXZ       00414600 f groups.obj
 0001:00013610       ?FWrite@GL@@UAEHPAVBLCK@@FF@Z 00414610 f groups.obj
 0001:00013680       ?_FRead@GL@@IAEHPAVBLCK@@PAF1@Z 00414680 f groups.obj
 0001:00013750       ?FInsert@GL@@QAEHJPAXJ@Z   00414750 f groups.obj
 0001:000137f0       ?Delete@GL@@UAEXJ@Z        004147f0 f groups.obj
 0001:00013800       ?Delete@GL@@QAEXJJ@Z       00414800 f groups.obj
 0001:00013840       ?FAdd@GL@@UAEHPAXPAJ@Z     00414840 f groups.obj
 0001:00013870       ?FPop@GL@@QAEHPAX@Z        00414870 f groups.obj
 0001:000138a0       ?FSetIvMac@GL@@QAEHJ@Z     004148a0 f groups.obj
 0001:000138f0       ?FEnsureSpace@GL@@QAEHJK@Z 004148f0 f groups.obj
 0001:00013930       ??0GGB@@IAE@JH@Z           00414930 f groups.obj
 0001:00013970       ?CbOnFile@GGB@@UAEJXZ      00414970 f groups.obj
 0001:00013980       ?FWrite@GGB@@UAEHPAVBLCK@@FF@Z 00414980 f groups.obj
 0001:00013a70       ?_FRead@GGB@@IAEHPAVBLCK@@PAF1@Z 00414a70 f groups.obj
 0001:00013c00       ?FFree@GGB@@UAEHJ@Z        00414c00 f groups.obj
 0001:00013c30       ?FEnsureSpace@GGB@@QAEHJJK@Z 00414c30 f groups.obj
 0001:00013cc0       ?_RemoveRgb@GGB@@IAEXJJ@Z  00414cc0 f groups.obj
 0001:00013d10       ?_AdjustLocs@GGB@@IAEXJJJ@Z 00414d10 f groups.obj
 0001:00013d60       ?QvFixedGet@GGB@@QAEPAXJPAJ@Z 00414d60 f groups.obj
 0001:00013da0       ?PvFixedLock@GGB@@QAEPAXJPAJ@Z 00414da0 f groups.obj
 0001:00013dd0       ?GetFixed@GGB@@QAEXJPAX@Z  00414dd0 f groups.obj
 0001:00013e00       ?PutFixed@GGB@@QAEXJPAX@Z  00414e00 f groups.obj
 0001:00013e30       ?Cb@GGB@@QAEJJ@Z           00414e30 f groups.obj
 0001:00013e50       ?QvGet@GGB@@QAEPAXJPAJ@Z   00414e50 f groups.obj
 0001:00013e90       ?PvLock@GGB@@QAEPAXJPAJ@Z  00414e90 f groups.obj
 0001:00013ec0       ?GetRgb@GGB@@QAEXJJJPAX@Z  00414ec0 f groups.obj
 0001:00013f00       ?DeleteRgb@GGB@@QAEXJJJ@Z  00414f00 f groups.obj
 0001:00013f90       ?FInsertRgb@GGB@@QAEHJJJPAX@Z 00414f90 f groups.obj
 0001:000140b0       ?FMoveRgb@GGB@@QAEHJJJJJ@Z 004150b0 f groups.obj
 0001:00014240       ?Merge@GGB@@QAEXJJ@Z       00415240 f groups.obj
 0001:000142e0       ?PggNew@GG@@SGPAV1@JJJ@Z   004152e0 f groups.obj
 0001:00014350       ?PggRead@GG@@SGPAV1@PAVBLCK@@PAF1@Z 00415350 f groups.obj
 0001:000143b0       ?PggRead@GG@@SGPAV1@PAVFIL@@JJPAF1@Z 004153b0 f groups.obj
 0001:00014400       ?FInsert@GG@@QAEHJJPAX0@Z  00415400 f groups.obj
 0001:000144d0       ?FAdd@GG@@UAEHJPAJPAX1@Z   004154d0 f groups.obj
 0001:00014500       ?Delete@GG@@UAEXJ@Z        00415500 f groups.obj
 0001:00014570       ??_EGRPB@@UAEPAXI@Z        00415570 f groups.obj
 0001:00014570       ??_GGRPB@@UAEPAXI@Z        00415570 f groups.obj
 0001:00014590       ??_EGG@@UAEPAXI@Z          00415590 f groups.obj
 0001:00014590       ??_GGG@@UAEPAXI@Z          00415590 f groups.obj
 0001:000145b0       ??_GGLB@@UAEPAXI@Z         004155b0 f groups.obj
 0001:000145b0       ??_EGLB@@UAEPAXI@Z         004155b0 f groups.obj
 0001:000145d0       ??_EGL@@UAEPAXI@Z          004155d0 f groups.obj
 0001:000145d0       ??_GGL@@UAEPAXI@Z          004155d0 f groups.obj
 0001:000145f0       ??_EGGB@@UAEPAXI@Z         004155f0 f groups.obj
 0001:000145f0       ??_GGGB@@UAEPAXI@Z         004155f0 f groups.obj
 0001:00014630       ?FWouldBe@CHSE@@SGHJ@Z     00415630 f chse.obj
 0001:00014650       ?FIs@CHSE@@UAEHJ@Z         00415650 f chse.obj
 0001:00014660       ?Cls@CHSE@@UAEJXZ          00415660 f chse.obj
 0001:00014670       ??0CHSE@@QAE@XZ            00415670 f chse.obj
 0001:000146a0       ??1CHSE@@UAE@XZ            004156a0 f chse.obj
 0001:000146c0       ?Init@CHSE@@QAEXPAVMSNK@@0@Z 004156c0 f chse.obj
 0001:000146f0       ?Uninit@CHSE@@QAEXXZ       004156f0 f chse.obj
 0001:00014740       ?DumpHeader@CHSE@@QAEXKKPAVSTN@@H@Z 00415740 f chse.obj
 0001:00014800       ?DumpRgb@CHSE@@QAEXPAXJJ@Z 00415800 f chse.obj
 0001:00014830       ?DumpParentCmd@CHSE@@QAEXKKK@Z 00415830 f chse.obj
 0001:00014890       ?DumpBitmapCmd@CHSE@@QAEXEJJPAVSTN@@@Z 00415890 f chse.obj
 0001:000148f0       ?DumpFileCmd@CHSE@@QAEXPAVSTN@@H@Z 004158f0 f chse.obj
 0001:00014960       ?_DumpBsf@CHSE@@IAEXJ@Z    00415960 f chse.obj
 0001:00014b30       ?DumpList@CHSE@@QAEXPAVGLB@@@Z 00415b30 f chse.obj
 0001:00014c10       ?DumpGroup@CHSE@@QAEXPAVGGB@@@Z 00415c10 f chse.obj
 0001:00014d60       ??_ECHSE@@UAEPAXI@Z        00415d60 f chse.obj
 0001:00014d60       ??_GCHSE@@UAEPAXI@Z        00415d60 f chse.obj
 0001:00014da0       ?FWouldBe@LEXB@@SGHJ@Z     00415da0 f lex.obj
 0001:00014dc0       ?FIs@LEXB@@UAEHJ@Z         00415dc0 f lex.obj
 0001:00014dd0       ?Cls@LEXB@@UAEJXZ          00415dd0 f lex.obj
 0001:00014de0       ?_TtFromCh@@YGJD@Z         00415de0 f lex.obj
 0001:00014e00       ?_TtFromChCh@@YGJDD@Z      00415e00 f lex.obj
 0001:00014e70       ??0LEXB@@QAE@PAVFIL@@H@Z   00415e70 f lex.obj
 0001:00014f10       ??1LEXB@@UAE@XZ            00415f10 f lex.obj
 0001:00014f50       ?_FFetchRgch@LEXB@@IAEHPADJ@Z 00415f50 f lex.obj
 0001:00015080       ?_FSkipWhiteSpace@LEXB@@IAEHXZ 00416080 f lex.obj
 0001:00015530       ?FGetTok@LEXB@@UAEHPAUTOK@@@Z 00416530 f lex.obj
 0001:00015990       ?CbExtra@LEXB@@UAEJXZ      00416990 f lex.obj
 0001:000159a0       ?GetExtra@LEXB@@UAEXPAX@Z  004169a0 f lex.obj
 0001:000159b0       ?_ReadNumber@LEXB@@MAEXPAJDJJ@Z 004169b0 f lex.obj
 0001:00015a30       ?_FReadHex@LEXB@@IAEHPAJ@Z 00416a30 f lex.obj
 0001:00015b10       ?_FReadControlCh@LEXB@@IAEHPAD@Z 00416b10 f lex.obj
 0001:00015cc0       ??_ELEXB@@UAEPAXI@Z        00416cc0 f lex.obj
 0001:00015cc0       ??_GLEXB@@UAEPAXI@Z        00416cc0 f lex.obj
 0001:00015ce0       ?_ReadNumTok@LEXB@@MAEXPAUTOK@@DJJ@Z 00416ce0 f lex.obj
 0001:00015d00       ?FWouldBe@BSF@@SGHJ@Z      00416d00 f stream.obj
 0001:00015d20       ?FIs@BSF@@UAEHJ@Z          00416d20 f stream.obj
 0001:00015d30       ?Cls@BSF@@UAEJXZ           00416d30 f stream.obj
 0001:00015d50       ??0BSF@@QAE@XZ             00416d50 f stream.obj
 0001:00015d70       ??1BSF@@UAE@XZ             00416d70 f stream.obj
 0001:00015de0       ?_IfloFind@BSF@@IAEJJPAJ0@Z 00416de0 f stream.obj
 0001:00015e70       ?_FEnsureSplit@BSF@@IAEHJPAJ@Z 00416e70 f stream.obj
 0001:00015fa0       ?_AttemptMerge@BSF@@IAEXJJ@Z 00416fa0 f stream.obj
 0001:00016090       ?FReplace@BSF@@QAEHPAXJJJ@Z 00417090 f stream.obj
 0001:00016380       ?FetchRgb@BSF@@QAEXJJPAX@Z 00417380 f stream.obj
 0001:00016440       ??_GBSF@@UAEPAXI@Z         00417440 f stream.obj
 0001:00016440       ??_EBSF@@UAEPAXI@Z         00417440 f stream.obj
 0001:00016490       ?FReadBitmap@@YGHPAVFNI@@PAPAEPAPAVGL@@PAJ3PAHE@Z 00417490 f mbmp.obj
 0001:000169d0       ??0MSSIO@@QAE@PAU_iobuf@@@Z 004179d0 f mssio.obj
 0001:00016a00       ?ReportLine@MSSIO@@UAEXPAD@Z 00417a00 f mssio.obj
 0001:00016a30       ?Report@MSSIO@@UAEXPAD@Z   00417a30 f mssio.obj
 0001:00016a60       ?FError@MSSIO@@UAEHXZ      00417a60 f mssio.obj
 0001:00016a80       ??_GMSSIO@@UAEPAXI@Z       00417a80 f mssio.obj
 0001:00016a80       ??_EMSSIO@@UAEPAXI@Z       00417a80 f mssio.obj
 0001:00016ab0       ?FIs@MSNK@@UAEHJ@Z         00417ab0 f mssio.obj
 0001:00016ad0       ?Cls@MSNK@@UAEJXZ          00417ad0 f mssio.obj
 0001:00016ad6       _timeGetTime@0             00417ad6   winmm:WINMM.dll
 0001:00016ae0       ?FWouldBe@TMAP@@SGHJ@Z     00417ae0 f bren:tmap.obj
 0001:00016b00       ?FIs@TMAP@@UAEHJ@Z         00417b00 f bren:tmap.obj
 0001:00016b10       ?Cls@TMAP@@UAEJXZ          00417b10 f bren:tmap.obj
 0001:00016b20       ??1TMAP@@UAE@XZ            00417b20 f bren:tmap.obj
 0001:00016b50       ?FWrite@TMAP@@UAEHPAVBLCK@@@Z 00417b50 f bren:tmap.obj
 0001:00016c20       ?PtmapReadNative@TMAP@@SGPAV1@PAVFNI@@PAVGL@@@Z 00417c20 f bren:tmap.obj
 0001:00016e10       ?PtmapNew@TMAP@@SGPAV1@PAEJJ@Z 00417e10 f bren:tmap.obj
 0001:00016e80       ?FWriteTmapChkFile@TMAP@@QAEHPAVFNI@@HPAVMSNK@@@Z 00417e80 f bren:tmap.obj
 0001:00017010       ??_GTMAP@@UAEPAXI@Z        00418010 f bren:tmap.obj
 0001:00017010       ??_ETMAP@@UAEPAXI@Z        00418010 f bren:tmap.obj
 0001:000170c0       ?CbOnFile@TMAP@@UAEJXZ     004180c0 f bren:tmap.obj
 0001:000170e0       _BrBegin                   004180e0   brfwmxr:fwsetup.obj
 0001:000171e4       _BrEnd                     004181e4   brfwmxr:fwsetup.obj
 0001:00017207       _BrDiagHandlerSet          00418207   brfwmxr:fwsetup.obj
 0001:00017226       _BrFilesystemSet           00418226   brfwmxr:fwsetup.obj
 0001:00017245       _BrAllocatorSet            00418245   brfwmxr:fwsetup.obj
 0001:00017264       _BrFixedAbs                00418264   brfwmxr:fixed386.obj
 0001:00017274       _BrFixedMul                00418274   brfwmxr:fixed386.obj
 0001:00017285       _BrFixedMac2               00418285   brfwmxr:fixed386.obj
 0001:000172a8       _BrFixedMac3               004182a8   brfwmxr:fixed386.obj
 0001:000172d5       _BrFixedMac4               004182d5   brfwmxr:fixed386.obj
 0001:0001730c       _BrFixedLength2            0041830c   brfwmxr:fixed386.obj
 0001:00017330       _BrFixedLength3            00418330   brfwmxr:fixed386.obj
 0001:0001735d       _BrFixedLength4            0041835d   brfwmxr:fixed386.obj
 0001:00017393       _BrFixedRLength2           00418393   brfwmxr:fixed386.obj
 0001:000173b7       _BrFixedRLength3           004183b7   brfwmxr:fixed386.obj
 0001:000173e4       _BrFixedRLength4           004183e4   brfwmxr:fixed386.obj
 0001:0001741a       _BrFixedDiv                0041841a   brfwmxr:fixed386.obj
 0001:0001742f       _BrFixedDivR               0041842f   brfwmxr:fixed386.obj
 0001:00017445       _BrFixedDivF               00418445   brfwmxr:fixed386.obj
 0001:00017458       _BrFixedMulDiv             00418458   brfwmxr:fixed386.obj
 0001:00017468       _BrFixedMac2Div            00418468   brfwmxr:fixed386.obj
 0001:0001748a       _BrFixedMac3Div            0041848a f brfwmxr:fixed386.obj
 0001:000174b6       _BrFixedMac4Div            004184b6   brfwmxr:fixed386.obj
 0001:000174ec       _BrFixedFMac2              004184ec   brfwmxr:fixed386.obj
 0001:00017511       _BrFixedFMac3              00418511   brfwmxr:fixed386.obj
 0001:00017541       _BrFixedFMac4              00418541   brfwmxr:fixed386.obj
 0001:0001757c       _BrFixedRcp                0041857c   brfwmxr:fixed386.obj
 0001:0001758d       _BrFixedSqr                0041858d   brfwmxr:fixed386.obj
 0001:0001759d       _BrFixedSqr2               0041859d   brfwmxr:fixed386.obj
 0001:000175be       _BrFixedSqr3               004185be   brfwmxr:fixed386.obj
 0001:000175e8       _BrFixedSqr4               004185e8   brfwmxr:fixed386.obj
 0001:0001761b       _BrFixedSin                0041861b   brfwmxr:fixed386.obj
 0001:0001764c       _BrFixedCos                0041864c   brfwmxr:fixed386.obj
 0001:0001767d       _BrFixedASin               0041867d   brfwmxr:fixed386.obj
 0001:000176b1       _BrFixedACos               004186b1   brfwmxr:fixed386.obj
 0001:000176e5       _BrFixedATan2              004186e5   brfwmxr:fixed386.obj
 0001:000178e9       _BrFixedATan2Fast          004188e9   brfwmxr:fixed386.obj
 0001:000179f1       __Sqrt                     004189f1   brfwmxr:fixed386.obj
 0001:00017b49       __Sqrt64                   00418b49   brfwmxr:fixed386.obj
 0001:00017df0       __FastSqrt                 00418df0   brfwmxr:fixed386.obj
 0001:00017e1b       __FastRSqrt                00418e1b   brfwmxr:fixed386.obj
 0001:00017e44       __FastRSqrt64              00418e44   brfwmxr:fixed386.obj
 0001:00017e90       _BrMatrix34Copy            00418e90   brfwmxr:matrix34.obj
 0001:00017ee4       _BrMatrix34Mul             00418ee4   brfwmxr:matrix34.obj
 0001:0001824f       _BrMatrix34Identity        0041924f   brfwmxr:matrix34.obj
 0001:000182ab       _BrMatrix34RotateX         004192ab   brfwmxr:matrix34.obj
 0001:00018322       _BrMatrix34RotateY         00419322   brfwmxr:matrix34.obj
 0001:00018399       _BrMatrix34RotateZ         00419399   brfwmxr:matrix34.obj
 0001:00018410       _BrMatrix34Rotate          00419410   brfwmxr:matrix34.obj
 0001:00018554       _BrMatrix34Translate       00419554   brfwmxr:matrix34.obj
 0001:000185ac       _BrMatrix34Scale           004195ac   brfwmxr:matrix34.obj
 0001:00018604       _BrMatrix34ShearX          00419604   brfwmxr:matrix34.obj
 0001:0001865f       _BrMatrix34ShearY          0041965f   brfwmxr:matrix34.obj
 0001:000186ba       _BrMatrix34ShearZ          004196ba   brfwmxr:matrix34.obj
 0001:00018715       _BrMatrix34Inverse         00419715   brfwmxr:matrix34.obj
 0001:00018b61       _BrMatrix34LPInverse       00419b61   brfwmxr:matrix34.obj
 0001:00018c9d       _BrMatrix34LPNormalise     00419c9d   brfwmxr:matrix34.obj
 0001:00018e41       _BrMatrix34RollingBall     00419e41   brfwmxr:matrix34.obj
 0001:00018f99       _BrMatrix34Copy4           00419f99   brfwmxr:matrix34.obj
 0001:00018fed       BrMatrix34TApplyFV_        00419fed   brfwmxr:matrix34.obj
 0001:000190d9       _BrMatrix34Apply           0041a0d9   brfwmxr:matrix34.obj
 0001:000191b9       _BrMatrix34ApplyP          0041a1b9   brfwmxr:matrix34.obj
 0001:000192a5       _BrMatrix34ApplyV          0041a2a5   brfwmxr:matrix34.obj
 0001:00019381       _BrMatrix34TApply          0041a381   brfwmxr:matrix34.obj
 0001:000194b4       _BrMatrix34TApplyP         0041a4b4   brfwmxr:matrix34.obj
 0001:00019590       _BrMatrix34TApplyV         0041a590   brfwmxr:matrix34.obj
 0001:0001966c       _BrMatrix34Pre             0041a66c   brfwmxr:matrix34.obj
 0001:0001969b       _BrMatrix34Post            0041a69b   brfwmxr:matrix34.obj
 0001:000196ca       _BrMatrix34PreRotateX      0041a6ca   brfwmxr:matrix34.obj
 0001:0001970e       _BrMatrix34PostRotateX     0041a70e   brfwmxr:matrix34.obj
 0001:00019752       _BrMatrix34PreRotateY      0041a752   brfwmxr:matrix34.obj
 0001:00019796       _BrMatrix34PostRotateY     0041a796   brfwmxr:matrix34.obj
 0001:000197da       _BrMatrix34PreRotateZ      0041a7da   brfwmxr:matrix34.obj
 0001:0001981e       _BrMatrix34PostRotateZ     0041a81e   brfwmxr:matrix34.obj
 0001:00019862       _BrMatrix34PreRotate       0041a862   brfwmxr:matrix34.obj
 0001:000198aa       _BrMatrix34PostRotate      0041a8aa   brfwmxr:matrix34.obj
 0001:000198f2       _BrMatrix34PreTranslate    0041a8f2   brfwmxr:matrix34.obj
 0001:0001993d       _BrMatrix34PostTranslate   0041a93d   brfwmxr:matrix34.obj
 0001:00019988       _BrMatrix34PreScale        0041a988   brfwmxr:matrix34.obj
 0001:000199d3       _BrMatrix34PostScale       0041a9d3   brfwmxr:matrix34.obj
 0001:00019a1e       _BrMatrix34PreShearX       0041aa1e   brfwmxr:matrix34.obj
 0001:00019a62       _BrMatrix34PostShearX      0041aa62   brfwmxr:matrix34.obj
 0001:00019aa6       _BrMatrix34PreShearY       0041aaa6   brfwmxr:matrix34.obj
 0001:00019aea       _BrMatrix34PostShearY      0041aaea   brfwmxr:matrix34.obj
 0001:00019b2e       _BrMatrix34PreShearZ       0041ab2e   brfwmxr:matrix34.obj
 0001:00019b72       _BrMatrix34PostShearZ      0041ab72   brfwmxr:matrix34.obj
 0001:00019bdc       _BrTransformToMatrix34     0041abdc   brfwmxr:transfrm.obj
 0001:00019e68       _BrMatrix34PreTransform    0041ae68   brfwmxr:transfrm.obj
 0001:00019e9c       _BrMatrix34PostTransform   0041ae9c   brfwmxr:transfrm.obj
 0001:00019ed0       _BrMatrix4PreTransform     0041aed0   brfwmxr:transfrm.obj
 0001:00019f20       _BrMatrix34ToTransform     0041af20   brfwmxr:transfrm.obj
 0001:0001a010       _BrTransformToTransform    0041b010   brfwmxr:transfrm.obj
 0001:0001a080       _BrMatrix23Copy            0041b080   brfwmxr:matrix23.obj
 0001:0001a0b0       _BrMatrix23Mul             0041b0b0   brfwmxr:matrix23.obj
 0001:0001a190       _BrMatrix23Identity        0041b190   brfwmxr:matrix23.obj
 0001:0001a1c3       _BrMatrix23Rotate          0041b1c3   brfwmxr:matrix23.obj
 0001:0001a20f       _BrMatrix23Translate       0041b20f   brfwmxr:matrix23.obj
 0001:0001a23f       _BrMatrix23Scale           0041b23f   brfwmxr:matrix23.obj
 0001:0001a26f       _BrMatrix23ShearX          0041b26f   brfwmxr:matrix23.obj
 0001:0001a29f       _BrMatrix23ShearY          0041b29f   brfwmxr:matrix23.obj
 0001:0001a2cf       _BrMatrix23Inverse         0041b2cf   brfwmxr:matrix23.obj
 0001:0001a417       _BrMatrix23LPInverse       0041b417   brfwmxr:matrix23.obj
 0001:0001a487       _BrMatrix23LPNormalise     0041b487   brfwmxr:matrix23.obj
 0001:0001a506       _BrMatrix23ApplyP          0041b506   brfwmxr:matrix23.obj
 0001:0001a562       _BrMatrix23ApplyV          0041b562   brfwmxr:matrix23.obj
 0001:0001a5b6       _BrMatrix23TApplyP         0041b5b6   brfwmxr:matrix23.obj
 0001:0001a60a       _BrMatrix23TApplyV         0041b60a   brfwmxr:matrix23.obj
 0001:0001a65e       _BrMatrix23Pre             0041b65e   brfwmxr:matrix23.obj
 0001:0001a68d       _BrMatrix23Post            0041b68d   brfwmxr:matrix23.obj
 0001:0001a6bc       _BrMatrix23PreRotate       0041b6bc   brfwmxr:matrix23.obj
 0001:0001a700       _BrMatrix23PostRotate      0041b700   brfwmxr:matrix23.obj
 0001:0001a744       _BrMatrix23PreTranslate    0041b744   brfwmxr:matrix23.obj
 0001:0001a788       _BrMatrix23PostTranslate   0041b788   brfwmxr:matrix23.obj
 0001:0001a7a8       _BrMatrix23PreScale        0041b7a8   brfwmxr:matrix23.obj
 0001:0001a7ec       _BrMatrix23PostScale       0041b7ec   brfwmxr:matrix23.obj
 0001:0001a830       _BrMatrix23PreShearX       0041b830   brfwmxr:matrix23.obj
 0001:0001a870       _BrMatrix23PostShearX      0041b870   brfwmxr:matrix23.obj
 0001:0001a8b0       _BrMatrix23                0041b8b0   brfwmxr:matrix23.obj
 0001:0001a8f0       _BrMatrix23PostShearY      0041b8f0   brfwmxr:matrix23.obj
 0001:0001a930       _BrFailure                 0041b930   brfwmxr:diag.obj
 0001:0001a970       _BrWarning                 0041b970   brfwmxr:diag.obj
 0001:0001a9b0       _BrFatal                   0041b9b0   brfwmxr:diag.obj
 0001:0001aa20       _BrResAllocate             0041ba20   brfwmxr:resource.obj
 0001:0001ab44       _BrResFree                 0041bb44   brfwmxr:resource.obj
 0001:0001ab63       _BrResAdd                  0041bb63   brfwmxr:resource.obj
 0001:0001abb3       _BrResRemove               0041bbb3   brfwmxr:resource.obj
 0001:0001abdb       _BrResClass                0041bbdb   brfwmxr:resource.obj
 0001:0001abfb       _BrResSize                 0041bbfb   brfwmxr:resource.obj
 0001:0001ac4f       _BrResSizeTotal            0041bc4f   brfwmxr:resource.obj
 0001:0001ac8f       _BrResChildEnum            0041bc8f   brfwmxr:resource.obj
 0001:0001acdb       _BrResCheck                0041bcdb   brfwmxr:resource.obj
 0001:0001ad0f       _BrResStrDup               0041bd0f   brfwmxr:resource.obj
 0001:0001b929       PrepareVertices_           0041c929   brfwmxr:prepmesh.obj
 0001:0001be31       PrepareVerticesFast_       0041ce31   brfwmxr:prepmesh.obj
 0001:0001c169       PrepareEdges_              0041d169   brfwmxr:prepmesh.obj
 0001:0001c348       _BrModelUpdate             0041d348   brfwmxr:prepmesh.obj
 0001:0001c580       _BrModelAdd                0041d580   brfwmxr:regsupt.obj
 0001:0001c5b4       _BrModelRemove             0041d5b4   brfwmxr:regsupt.obj
 0001:0001c5cc       _BrModelFind               0041d5cc   brfwmxr:regsupt.obj
 0001:0001c5e0       _BrModelFindHook           0041d5e0   brfwmxr:regsupt.obj
 0001:0001c5f4       _BrModelAddMany            0041d5f4   brfwmxr:regsupt.obj
 0001:0001c650       _BrModelRemoveMany         0041d650   brfwmxr:regsupt.obj
 0001:0001c694       _BrModelFindMany           0041d694   brfwmxr:regsupt.obj
 0001:0001c6b3       _BrModelCount              0041d6b3   brfwmxr:regsupt.obj
 0001:0001c6c7       _BrModelEnum               0041d6c7   brfwmxr:regsupt.obj
 0001:0001c6e6       _BrMaterialAdd             0041d6e6   brfwmxr:regsupt.obj
 0001:0001c716       _BrMaterialRemove          0041d716   brfwmxr:regsupt.obj
 0001:0001c72e       _BrMaterialFind            0041d72e   brfwmxr:regsupt.obj
 0001:0001c742       _BrMaterialFindHook        0041d742   brfwmxr:regsupt.obj
 0001:0001c756       _BrMaterialAddMany         0041d756   brfwmxr:regsupt.obj
 0001:0001c7b6       _BrMaterialRemoveMany      0041d7b6   brfwmxr:regsupt.obj
 0001:0001c7fa       _BrMaterialFindMany        0041d7fa   brfwmxr:regsupt.obj
 0001:0001c819       _BrMaterialCount           0041d819   brfwmxr:regsupt.obj
 0001:0001c82d       _BrMaterialEnum            0041d82d   brfwmxr:regsupt.obj
 0001:0001c84c       _BrMapAdd                  0041d84c   brfwmxr:regsupt.obj
 0001:0001c860       _BrMapRemove               0041d860   brfwmxr:regsupt.obj
 0001:0001c874       _BrMapFind                 0041d874   brfwmxr:regsupt.obj
 0001:0001c888       _BrMapFindHook             0041d888   brfwmxr:regsupt.obj
 0001:0001c89c       _BrMapAddMany              0041d89c   brfwmxr:regsupt.obj
 0001:0001c8b8       _BrMapRemoveMany           0041d8b8   brfwmxr:regsupt.obj
 0001:0001c8d4       _BrMapFindMany             0041d8d4   brfwmxr:regsupt.obj
 0001:0001c8f3       _BrMapCount                0041d8f3   brfwmxr:regsupt.obj
 0001:0001c907       _BrMapEnum                 0041d907   brfwmxr:regsupt.obj
 0001:0001c926       _BrTableAdd                0041d926   brfwmxr:regsupt.obj
 0001:0001c93a       _BrTableRemove             0041d93a   brfwmxr:regsupt.obj
 0001:0001c94e       _BrTableFind               0041d94e   brfwmxr:regsupt.obj
 0001:0001c962       _BrTableFindHook           0041d962   brfwmxr:regsupt.obj
 0001:0001c976       _BrTableAddMany            0041d976   brfwmxr:regsupt.obj
 0001:0001c992       _BrTableRemoveMany         0041d992   brfwmxr:regsupt.obj
 0001:0001c9ae       _BrTableFindMany           0041d9ae   brfwmxr:regsupt.obj
 0001:0001c9cd       _BrTableCount              0041d9cd   brfwmxr:regsupt.obj
 0001:0001c9e1       _BrTableEnum               0041d9e1   brfwmxr:regsupt.obj
 0001:0001ca00       _BrResClassAdd             0041da00   brfwmxr:regsupt.obj
 0001:0001ca33       _BrResClassRemove          0041da33   brfwmxr:regsupt.obj
 0001:0001ca63       _BrResClassFind            0041da63   brfwmxr:regsupt.obj
 0001:0001ca77       _BrResClassFindHook        0041da77   brfwmxr:regsupt.obj
 0001:0001ca8b       _BrResClassAddMany         0041da8b   brfwmxr:regsupt.obj
 0001:0001cade       _BrResClassRemoveMany      0041dade   brfwmxr:regsupt.obj
 0001:0001cb36       _BrResClassFindMany        0041db36   brfwmxr:regsupt.obj
 0001:0001cb55       _BrResClassCount           0041db55   brfwmxr:regsupt.obj
 0001:0001cb69       _BrResClassEnum            0041db69   brfwmxr:regsupt.obj
 0001:0001cb9c       _BrModelApplyMap           0041db9c   brfwmxr:regsupt.obj
 0001:0001cd68       _BrModelFitMap             0041dd68   brfwmxr:regsupt.obj
 0001:0001cf38       _BrModelFree               0041df38   brfwmxr:regsupt.obj
 0001:0001cf4c       _BrModelAllocate           0041df4c   brfwmxr:regsupt.obj
 0001:0001cfc8       _BrMaterialAllocate        0041dfc8   brfwmxr:regsupt.obj
 0001:0001d01c       _BrMaterialFree            0041e01c   brfwmxr:regsupt.obj
 0001:0001d030       NamePatternMatch_          0041e030   brfwmxr:register.obj
 0001:0001d103       RegistryNew_               0041e103   brfwmxr:register.obj
 0001:0001d127       RegistryClear_             0041e127   brfwmxr:register.obj
 0001:0001d15b       RegistryAdd_               0041e15b   brfwmxr:register.obj
 0001:0001d197       RegistryAddMany_           0041e197   brfwmxr:register.obj
 0001:0001d202       RegistryRemove_            0041e202   brfwmxr:register.obj
 0001:0001d24a       RegistryRemoveMany_        0041e24a   brfwmxr:register.obj
 0001:0001d28e       RegistryFind_              0041e28e   brfwmxr:register.obj
 0001:0001d2d9       RegistryFindMany_          0041e2d9   brfwmxr:register.obj
 0001:0001d329       RegistryCount_             0041e329   brfwmxr:register.obj
 0001:0001d364       RegistryEnum_              0041e364   brfwmxr:register.obj
 0001:0001da30       _BrImageFind               0041ea30   brfwmxr:loader.obj
 0001:0001da67       _BrImageReference          0041ea67   brfwmxr:loader.obj
 0001:0001daca       _BrImageLookupName         0041eaca   brfwmxr:loader.obj
 0001:0001db7a       _BrImageLookupOrdinal      0041eb7a   brfwmxr:loader.obj
 0001:0001dba6       _BrImageDereference        0041eba6   brfwmxr:loader.obj
 0001:0001dbd6       _BrImageFree               0041ebd6   brfwmxr:loader.obj
 0001:0001dc21       __BrImageFree              0041ec21   brfwmxr:loader.obj
 0001:0001dc50       __BrPmMemFill              0041ec50   brfwmxr:pmmemops.obj
 0001:0001dd1f       __BrPmMemRectangleCopyTo   0041ed1f   brfwmxr:pmmemops.obj
 0001:0001de0f       __BrPmMemRectangleCopyFrom 0041ee0f   brfwmxr:pmmemops.obj
 0001:0001deef       __BrPmMemRectangleFill     0041eeef   brfwmxr:pmmemops.obj
 0001:0001df63       __BrPmMemDirtyRectangleCopy 0041ef63   brfwmxr:pmmemops.obj
 0001:0001dfa3       __BrPmMemDirtyRectangleFill 0041efa3   brfwmxr:pmmemops.obj
 0001:0001dfdf       __BrPmMemCopy              0041efdf   brfwmxr:pmmemops.obj
 0001:0001e16a       __BrPmMemPixelSet          0041f16a   brfwmxr:pmmemops.obj
 0001:0001e1d2       __BrPmMemPixelGet          0041f1d2   brfwmxr:pmmemops.obj
 0001:0001e236       __BrPmMemLine              0041f236   brfwmxr:pmmemops.obj
 0001:0001f90e       __BrPmMemCopyBits          0042090e   brfwmxr:pmmemops.obj
 0001:0001f994       __MemCopyBits_A            00420994   brfwmxr:memloops.obj
 0001:0001fd84       __MemFill_A                00420d84   brfwmxr:memloops.obj
 0001:0001fe68       __MemRectFill_A            00420e68   brfwmxr:memloops.obj
 0001:0001ff91       __MemRectCopy_A            00420f91   brfwmxr:memloops.obj
 0001:0001ffe9       __MemCopy_A                00420fe9   brfwmxr:memloops.obj
 0001:0002002e       __MemPixelSet              0042102e   brfwmxr:memloops.obj
 0001:0002008b       __MemPixelGet              0042108b f brfwmxr:memloops.obj
 0001:000200e7       __GetSysQual               004210e7   brfwmxr:memloops.obj
 0001:000200f0       __BrFileFree               004210f0   brfwmxr:file.obj
 0001:0002010c       _BrFileAttributes          0042110c   brfwmxr:file.obj
 0001:0002011c       _BrFileOpenRead            0042111c   brfwmxr:file.obj
 0001:00020188       _BrFileOpenWrite           00421188   brfwmxr:file.obj
 0001:000201e8       _BrFileClose               004211e8   brfwmxr:file.obj
 0001:00020204       _BrFileEof                 00421204   brfwmxr:file.obj
 0001:00020220       _BrFileGetChar             00421220   brfwmxr:file.obj
 0001:0002023c       _BrFilePutChar             0042123c   brfwmxr:file.obj
 0001:0002025c       _BrFileRead                0042125c   brfwmxr:file.obj
 0001:00020288       _BrFileWrite               00421288   brfwmxr:file.obj
 0001:000202b4       _BrFileGetLine             004212b4   brfwmxr:file.obj
 0001:000202db       _BrFilePutLine             004212db   brfwmxr:file.obj
 0001:000202fb       _BrFileAdvance             004212fb   brfwmxr:file.obj
 0001:0002031b       _BrFilePrintf              0042131b   brfwmxr:file.obj
 0001:00020360       _BrEulerToMatrix34         00421360   brfwmxr:angles.obj
 0001:00020684       _BrMatrix34ToEuler         00421684   brfwmxr:angles.obj
 0001:000208e3       _BrEulerToMatrix4          004218e3   brfwmxr:angles.obj
 0001:00020913       _BrMatrix4ToEuler          00421913   brfwmxr:angles.obj
 0001:00020942       _BrEulerToQuat             00421942   brfwmxr:angles.obj
 0001:00020bc6       _BrQuatToEuler             00421bc6   brfwmxr:angles.obj
 0001:00020c00       _BrQuatMul                 00421c00   brfwmxr:quat.obj
 0001:00020d20       _BrQuatNormalise           00421d20   brfwmxr:quat.obj
 0001:00020d98       _BrQuatInvert              00421d98   brfwmxr:quat.obj
 0001:00020dc8       _BrQuatSlerp               00421dc8   brfwmxr:quat.obj
 0001:00020f98       _BrQuatToMatrix34          00421f98   brfwmxr:quat.obj
 0001:000210c3       _BrMatrix34ToQuat          004220c3   brfwmxr:quat.obj
 0001:0002128f       _BrQuatToMatrix4           0042228f   brfwmxr:quat.obj
 0001:000212bf       _BrMatrix4ToQuat           004222bf   brfwmxr:quat.obj
 0001:000212f0       _BrMatrix4Copy             004222f0   brfwmxr:matrix4.obj
 0001:0002135c       _BrMatrix4Mul              0042235c   brfwmxr:matrix4.obj
 0001:000217ac       _BrMatrix4Identity         004227ac   brfwmxr:matrix4.obj
 0001:00021824       _BrMatrix4Scale            00422824   brfwmxr:matrix4.obj
 0001:00021898       _BrMatrix4Inverse          00422898   brfwmxr:matrix4.obj
 0001:000219c7       _BrMatrix4Determinant      004229c7   brfwmxr:matrix4.obj
 0001:00021b17       _BrMatrix4Adjoint          00422b17   brfwmxr:matrix4.obj
 0001:00021e53       _BrMatrix4Perspective      00422e53   brfwmxr:matrix4.obj
 0001:00021f36       _BrMatrix4Apply            00422f36   brfwmxr:matrix4.obj
 0001:00022059       _BrMatrix4ApplyP           00423059   brfwmxr:matrix4.obj
 0001:000221a4       _BrMatrix4ApplyV           004231a4   brfwmxr:matrix4.obj
 0001:000222c8       _BrMatrix4TApply           004232c8   brfwmxr:matrix4.obj
 0001:000223eb       _BrMatrix4TApplyP          004233eb   brfwmxr:matrix4.obj
 0001:00022536       _BrMatrix4TApplyV          00423536   brfwmxr:matrix4.obj
 0001:0002265a       _BrMatrix4Copy34           0042365a   brfwmxr:matrix4.obj
 0001:000226ca       _BrMatrix4Pre34            004236ca   brfwmxr:matrix4.obj
 0001:00022ad0       _BrNewList                 00423ad0   brfwmxr:brlists.obj
 0001:00022ae8       _BrAddHead                 00423ae8   brfwmxr:brlists.obj
 0001:00022b03       _BrAddTail                 00423b03   brfwmxr:brlists.obj
 0001:00022b22       _BrRemHead                 00423b22   brfwmxr:brlists.obj
 0001:00022b3e       _BrRemTail                 00423b3e   brfwmxr:brlists.obj
 0001:00022b5a       _BrInsert                  00423b5a   brfwmxr:brlists.obj
 0001:00022b76       _BrRemove                  00423b76   brfwmxr:brlists.obj
 0001:00022b8e       _BrSimpleNewList           00423b8e   brfwmxr:brlists.obj
 0001:00022b9e       _BrSimpleAddHead           00423b9e   brfwmxr:brlists.obj
 0001:00022bbe       _BrSimpleRemHead           00423bbe   brfwmxr:brlists.obj
 0001:00022bf2       _BrSimpleInsert            00423bf2   brfwmxr:brlists.obj
 0001:00022c12       _BrSimpleRemove            00423c12   brfwmxr:brlists.obj
 0001:00022c40       _BrMemAllocate             00423c40   brfwmxr:mem.obj
 0001:00022c73       _BrMemFree                 00423c73   brfwmxr:mem.obj
 0001:00022c8b       _BrMemInquire              00423c8b   brfwmxr:mem.obj
 0001:00022ca3       _BrMemCalloc               00423ca3   brfwmxr:mem.obj
 0001:00022cda       _BrMemStrDup               00423cda   brfwmxr:mem.obj
 0001:00022d20       _BrScratchAllocate         00423d20   brfwmxr:scratch.obj
 0001:00022d9c       _BrScratchFree             00423d9c   brfwmxr:scratch.obj
 0001:00022dab       _BrScratchFlush            00423dab   brfwmxr:scratch.obj
 0001:00022def       _BrScratchInquire          00423def   brfwmxr:scratch.obj
 0001:00022e00       _BrQsort                   00423e00   brfwmxr:brqsort.obj
 0001:00023010       _BrFixedSqrt               00424010   brfwmxr:fixed.obj
 0001:00023044       _BrFixedPow                00424044   brfwmxr:fixed.obj
 0001:00023090       __CHP                      00424090 f brfwmxr:magicsym.obj
 0001:000230b0       _BrMaterialUpdate          004240b0   brfwmxr:prepmatl.obj
 0001:00023100       __BrGenericLine            00424100   brfwmxr:pmgenops.obj
 0001:00023f7c       __BrGenericDoubleBuffer    00424f7c   brfwmxr:pmgenops.obj
 0001:00023f98       __BrGenericMatch           00424f98   brfwmxr:pmgenops.obj
 0001:0002407c       __BrGenericClone           0042507c   brfwmxr:pmgenops.obj
 0001:000240c8       __BrGenericFree            004250c8   brfwmxr:pmgenops.obj
 0001:000240dc       __BrGenericDirtyRectangleCopy 004250dc   brfwmxr:pmgenops.obj
 0001:00024118       __BrGenericDirtyRectangleFill 00425118   brfwmxr:pmgenops.obj
 0001:00024150       __BrGenericRectangle       00425150   brfwmxr:pmgenops.obj
 0001:000241f0       __BrGenericRectangle2      004251f0   brfwmxr:pmgenops.obj
 0001:00024288       __BrGenericRectangleCopy   00425288   brfwmxr:pmgenops.obj
 0001:0002428f       __BrGenericCopy            0042528f   brfwmxr:pmgenops.obj
 0001:000242a0       _BrPixelmapAllocate        004252a0   brfwmxr:pixelmap.obj
 0001:000243b8       _BrPixelmapAllocateSub     004253b8   brfwmxr:pixelmap.obj
 0001:00024480       _BrPixelmapFileSize        00425480   brfwmxr:pixelmap.obj
 0001:00024497       _BrPixelmapPixelSize       00425497   brfwmxr:pixelmap.obj
 0001:000244ae       _BrPixelmapChannels        004254ae   brfwmxr:pixelmap.obj
 0001:000244d0       _BrPixelmapFree            004254d0   brfwmxr:pmdsptch.obj
 0001:000244f8       _BrPixelmapMatch           004254f8   brfwmxr:pmdsptch.obj
 0001:00024527       _BrPixelmapClone           00425527   brfwmxr:pmdsptch.obj
 0001:0002454f       _BrPixelmapFill            0042554f   brfwmxr:pmdsptch.obj
 0001:0002457b       _BrPixelmapRectangle       0042557b   brfwmxr:pmdsptch.obj
 0001:000245d3       _BrPixelmapRectangle2      004255d3   brfwmxr:pmdsptch.obj
 0001:0002462b       _BrPixelmapRectangleCopy   0042562b   brfwmxr:pmdsptch.obj
 0001:00024986       _BrPixelmapRectangleFill   00425986   brfwmxr:pmdsptch.obj
 0001:00024aba       _BrPixelmapDirtyRectangleCopy 00425aba   brfwmxr:pmdsptch.obj
 0001:00024bf1       _BrPixelmapDirtyRectangleClear 00425bf1   brfwmxr:pmdsptch.obj
 0001:00024d25       _BrPixelmapPixelSet        00425d25   brfwmxr:pmdsptch.obj
 0001:00024d9d       _BrPixelmapPixelGet        00425d9d   brfwmxr:pmdsptch.obj
 0001:00024e20       _BrPixelmapCopy            00425e20   brfwmxr:pmdsptch.obj
 0001:00024ea0       _BrPixelmapLine            00425ea0   brfwmxr:pmdsptch.obj
 0001:0002515c       _BrPixelmapDoubleBuffer    0042615c   brfwmxr:pmdsptch.obj
 0001:00025188       _BrPixelmapText            00426188   brfwmxr:pmdsptch.obj
 0001:00025423       _BrPixelmapTextF           00426423   brfwmxr:pmdsptch.obj
 0001:0002546b       _BrPixelmapTextWidth       0042646b   brfwmxr:pmdsptch.obj
 0001:000254eb       _BrPixelmapTextHeight      004264eb   brfwmxr:pmdsptch.obj
 0001:00025513       _BrPixelmapCopyBits        00426513   brfwmxr:pmdsptch.obj
 0001:00025679       _DK_modelAllocate          00426679 f libdkit:tinyModel.obj
 0001:000258a5       _DK_modelDispose           004268a5 f libdkit:tinyModel.obj
 0001:00025cf9       _DK_modelReadFile          00426cf9 f libdkit:tinyModel.obj
 0001:00025e52       _DK_fdmodelReadBinaryFile  00426e52 f libdkit:tinyModel.obj
 0001:00025f0c       _DK_modelReadBinaryNode    00426f0c f libdkit:tinyModel.obj
 0001:00026732       _DK_modelReadAsciiNode     00427732 f libdkit:tinyModel.obj
 0001:00026ce6       _DK_actFcurveArrayDispose  00427ce6 f libdkit:tinyFcurve.obj
 0001:00026d12       _DK_fcurveArrayDispose     00427d12 f libdkit:tinyFcurve.obj
 0001:00026d3b       _DK_fcurveDispose          00427d3b f libdkit:tinyFcurve.obj
 0001:00026d6d       _DK_fcvkeyDispose          00427d6d f libdkit:tinyFcurve.obj
 0001:00026d8d       _DK_constraintDispose      00427d8d f libdkit:tinyConstr.obj
 0001:00026eb9       _DK_invKinAllocate         00427eb9 f libdkit:tinyActor.obj
 0001:00026ed6       _DK_envelopDataAllocate    00427ed6 f libdkit:tinyActor.obj
 0001:00026fa6       _DK_envelopListVertAllocate 00427fa6 f libdkit:tinyActor.obj
 0001:00026fc2       _DK_envelopVertAllocate    00427fc2 f libdkit:tinyActor.obj
 0001:0002701f       _DK_invKinDispose          0042801f f libdkit:tinyActor.obj
 0001:0002703f       _DK_envelopDataDispose     0042803f f libdkit:tinyActor.obj
 0001:000270d4       _DK_envelopVertDispose     004280d4 f libdkit:tinyActor.obj
 0001:000272bc       _DK_invKinReadBinaryChunk  004282bc f libdkit:tinyActor.obj
 0001:0002753c       _DK_envelopReadBinaryChunk 0042853c f libdkit:tinyActor.obj
 0001:0002821d       _DK_oEnvelopeReadBinaryChunk 0042921d f libdkit:tinyActor.obj
 0001:0002830a       _DK_modelActorDataReadAscii 0042930a f libdkit:tinyActor.obj
 0001:000284a5       _DK_dynaMatterInfoAllocate 004294a5 f libdkit:tinyDynamics.obj
 0001:000284e2       _DK_dynaJntInfoAllocate    004294e2 f libdkit:tinyDynamics.obj
 0001:00028500       _DK_dynaChnVarAllocate     00429500 f libdkit:tinyDynamics.obj
 0001:00028559       _DK_dynaMatterInfoDispose  00429559 f libdkit:tinyDynamics.obj
 0001:00028579       _DK_dynaJntInfoDispose     00429579 f libdkit:tinyDynamics.obj
 0001:00028599       _DK_dynaConstrInfoDispose  00429599 f libdkit:tinyDynamics.obj
 0001:000285dd       _DK_dynaChnVarDispose      004295dd f libdkit:tinyDynamics.obj
 0001:000286c8       _DK_dynamatterReadBinaryChunk 004296c8 f libdkit:tinyDynamics.obj
 0001:00028844       _DK_dynamatterReadAscii    00429844 f libdkit:tinyDynamics.obj
 0001:000289ad       _DK_dynajntpropReadBinaryChunk 004299ad f libdkit:tinyDynamics.obj
 0001:00028a88       _DK_dynajntpropReadAscii   00429a88 f libdkit:tinyDynamics.obj
 0001:00028b38       _DK_odynamicReadBinaryChunk 00429b38 f libdkit:tinyDynamics.obj
 0001:00028b7e       _DK_clusterDispose         00429b7e f libdkit:tinyCluster.obj
 0001:00028bc4       _DK_clusterDataDispose     00429bc4 f libdkit:tinyCluster.obj
 0001:00028ccd       _DK_clusterKeyDispose      00429ccd f libdkit:tinyCluster.obj
 0001:00028d13       _DK_klusterAllocate        00429d13 f libdkit:tinyCluster.obj
 0001:00028d39       _DK_klusterDispose         00429d39 f libdkit:tinyCluster.obj
 0001:00028dd5       _DK_clustersReadBinaryChunk 00429dd5 f libdkit:tinyCluster.obj
 0001:00028f43       _DK_clustersReadAscii      00429f43 f libdkit:tinyCluster.obj
 0001:000290d4       _DK_spl_fittingDispose     0042a0d4 f libdkit:tinyFitting.obj
 0001:00029146       _DK_ptch_fittingDispose    0042a146 f libdkit:tinyFitting.obj
 0001:000291a5       _DK_latticeDispose         0042a1a5 f libdkit:tinyLattice.obj
 0001:00029200       _DK_textureAllocate        0042a200 f libdkit:tinyTexture.obj
 0001:00029392       _DK_textureDispose         0042a392 f libdkit:tinyTexture.obj
 0001:00029451       _DK_textureReadAscii       0042a451 f libdkit:tinyTexture.obj
 0001:00029a5a       _DK_textureReadBinary      0042aa5a f libdkit:tinyTexture.obj
 0001:00029fd7       _DK_texture3DAllocate      0042afd7 f libdkit:tinyTexture.obj
 0001:0002a120       _DK_texture3DDispose       0042b120 f libdkit:tinyTexture.obj
 0001:0002a1c8       _DK_texture3DReadBinary    0042b1c8 f libdkit:tinyTexture.obj
 0001:0002a632       _DK_texture3DReadAscii     0042b632 f libdkit:tinyTexture.obj
 0001:0002ad18       _DK_materialAllocate       0042bd18 f libdkit:tinyMaterial.obj
 0001:0002ae27       _DK_materialDispose        0042be27 f libdkit:tinyMaterial.obj
 0001:0002af0c       _DK_materialReadBinary     0042bf0c f libdkit:tinyMaterial.obj
 0001:0002b34c       _DK_materialReadAscii      0042c34c f libdkit:tinyMaterial.obj
 0001:0002b7a0       _DK_splineAllocate         0042c7a0 f libdkit:tinySpline.obj
 0001:0002b7f3       _DK_splineDispose          0042c7f3 f libdkit:tinySpline.obj
 0001:0002b84c       _DK_splineKeyAllocate      0042c84c f libdkit:tinySpline.obj
 0001:0002b8a9       _DK_splineReadBinary       0042c8a9 f libdkit:tinySpline.obj
 0001:0002bbf9       _DK_splineGetTypeByName    0042cbf9 f libdkit:tinySpline.obj
 0001:0002bc26       _DK_splineReadAscii        0042cc26 f libdkit:tinySpline.obj
 0001:0002c1dd       _DK_splineShrinkBezier     0042d1dd f libdkit:tinySpline.obj
 0001:0002c2a6       _DK_nurbsCrvAllocate       0042d2a6 f libdkit:tinyNurbs.obj
 0001:0002c2ec       _DK_nurbsSrfAllocate       0042d2ec f libdkit:tinyNurbs.obj
 0001:0002c3d0       _DK_nurbsCrvDispose        0042d3d0 f libdkit:tinyNurbs.obj
 0001:0002c426       _DK_nurbsSrfDispose        0042d426 f libdkit:tinyNurbs.obj
 0001:0002c4e5       _DK_nurbsCompCrvDispose    0042d4e5 f libdkit:tinyNurbs.obj
 0001:0002c56a       _DK_nurbsCrvBinaryRead     0042d56a f libdkit:tinyNurbs.obj
 0001:0002c749       _DK_nurbsSrfBinaryRead     0042d749 f libdkit:tinyNurbs.obj
 0001:0002cc4e       _DK_nurbsCrvAsciiRead      0042dc4e f libdkit:tinyNurbs.obj
 0001:0002cee8       _DK_nurbsSrfAsciiRead      0042dee8 f libdkit:tinyNurbs.obj
 0001:0002de35       _DK_metaballAllocate       0042ee35 f libdkit:tinyMetaball.obj
 0001:0002dea3       _DK_metaballDispose        0042eea3 f libdkit:tinyMetaball.obj
 0001:0002debf       _DK_metaballReadBinary     0042eebf f libdkit:tinyMetaball.obj
 0001:0002dff9       _DK_metaballReadAscii      0042eff9 f libdkit:tinyMetaball.obj
 0001:0002e15d       _DK_metaSystemAllocate     0042f15d f libdkit:tinyMetaball.obj
 0001:0002e187       _DK_metaSystemDispose      0042f187 f libdkit:tinyMetaball.obj
 0001:0002e1e8       _DK_metaSystemReadBinary   0042f1e8 f libdkit:tinyMetaball.obj
 0001:0002e527       _DK_metaSystemReadAscii    0042f527 f libdkit:tinyMetaball.obj
 0001:0002e725       _DK_metaGroupAllocate      0042f725 f libdkit:tinyMetaball.obj
 0001:0002e76b       _DK_metaGroupDispose       0042f76b f libdkit:tinyMetaball.obj
 0001:0002e7e3       _DK_metaGroupAddPrimitive  0042f7e3 f libdkit:tinyMetaball.obj
 0001:0002e843       _DK_metaGroupRemovePrimitive 0042f843 f libdkit:tinyMetaball.obj
 0001:0002e8b0       _DK_metaGroupsBlend        0042f8b0 f libdkit:tinyMetaball.obj
 0001:0002e962       _DK_metaGroupsUnblend      0042f962 f libdkit:tinyMetaball.obj
 0001:0002ea1d       _DK_meshAllocate           0042fa1d f libdkit:tinyMesh.obj
 0001:0002ea4c       _DK_meshDispose            0042fa4c f libdkit:tinyMesh.obj
 0001:0002eac7       _DK_edgeAllocate           0042fac7 f libdkit:tinyMesh.obj
 0001:0002eb06       _DK_polygonAllocate        0042fb06 f libdkit:tinyMesh.obj
 0001:0002eb41       _DK_vertexAllocate         0042fb41 f libdkit:tinyMesh.obj
 0001:0002eb71       _DK_meshReadBinary         0042fb71 f libdkit:tinyMesh.obj
 0001:0002f1db       _DK_meshReadAscii          004301db f libdkit:tinyMesh.obj
 0001:0002f989       _DK_faceAllocate           00430989 f libdkit:tinyFace.obj
 0001:0002f9af       _DK_faceDispose            004309af f libdkit:tinyFace.obj
 0001:0002fa53       _DK_faceReadBinary         00430a53 f libdkit:tinyFace.obj
 0001:0002fc24       _DK_faceReadAscii          00430c24 f libdkit:tinyFace.obj
 0001:0002fc7b       _DK_nurbsFaceReadAscii     00430c7b f libdkit:tinyFace.obj
 0001:0002fe27       _DK_patchAllocate          00430e27 f libdkit:tinyPatch.obj
 0001:0002feac       _DK_patchDispose           00430eac f libdkit:tinyPatch.obj
 0001:0002fed9       _DK_patchReadAscii         00430ed9 f libdkit:tinyPatch.obj
 0001:00030542       _DK_patchReadBinary        00431542 f libdkit:tinyPatch.obj
 0001:00030963       _DK_prototypeRead          00431963 f libdkit:tinyFile.obj
 0001:00030e60       _DK_prototypeAllocate      00431e60 f libdkit:tinyFile.obj
 0001:00030f5b       _DK_prototypeDispose       00431f5b f libdkit:tinyFile.obj
 0001:00031193       _DK_headerReadAscii        00432193 f libdkit:tinyFile.obj
 0001:000311ff       _DK_headerReadBinary       004321ff f libdkit:tinyFile.obj
 0001:000312cf       _DK_stringReadBinary       004322cf f libdkit:tinyFile.obj
 0001:00031318       _DK_stringReadAscii        00432318 f libdkit:tinyFile.obj
 0001:0003137e       _DK_userDataReadAscii      0043237e f libdkit:tinyFile.obj
 0001:00031463       _DK_fileSkipField          00432463 f libdkit:tinyFile.obj
 0001:000314d5       _DK_in_animToken           004324d5 f libdkit:tinyUtils.obj
 0001:00031547       _DK_in_animSValue          00432547 f libdkit:tinyUtils.obj
 0001:000315ce       _DK_in_animFValue          004325ce f libdkit:tinyUtils.obj
 0001:00031654       _DK_in_animLValue          00432654 f libdkit:tinyUtils.obj
 0001:000316da       _DK_udfAllocate            004326da f libdkit:tinyMental.obj
 0001:000316f8       _DK_udfDispose             004326f8 f libdkit:tinyMental.obj
 0001:0003174e       _DK_udfReadBinary          0043274e f libdkit:tinyMental.obj
 0001:000318f1       _DK_udfReadAscii           004328f1 f libdkit:tinyMental.obj
 0001:00031aa1       _printf                    00432aa1 f LIBC:printf.obj
 0001:00031add       _fclose                    00432add f LIBC:fclose.obj
 0001:00031b39       __fsopen                   00432b39 f LIBC:fopen.obj
 0001:00031b5c       _fopen                     00432b5c f LIBC:fopen.obj
 0001:00031b70       __ftol                     00432b70 f LIBC:ftol.obj
 0001:00031b97       __fpmath                   00432b97 f LIBC:fpinit.obj
 0001:00031bab       __fpclear                  00432bab f LIBC:fpinit.obj
 0001:00031bac       __cfltcvt_init             00432bac f LIBC:fpinit.obj
 0001:00031be4       _fdiv_main_routine         00432be4 f LIBC:adj_fdiv.obj
 0001:00031cfb       __adj_fdiv_r               00432cfb f LIBC:adj_fdiv.obj
 0001:0003219a       _fdivp_sti_st              0043319a f LIBC:adj_fdiv.obj
 0001:000321ad       _fdivrp_sti_st             004331ad f LIBC:adj_fdiv.obj
 0001:000321c0       __adj_fdiv_m32             004331c0 f LIBC:adj_fdiv.obj
 0001:0003220c       __adj_fdiv_m64             0043320c f LIBC:adj_fdiv.obj
 0001:00032258       __adj_fdiv_m16i            00433258 f LIBC:adj_fdiv.obj
 0001:0003228c       __adj_fdiv_m32i            0043328c f LIBC:adj_fdiv.obj
 0001:000322c0       __adj_fdivr_m32            004332c0 f LIBC:adj_fdiv.obj
 0001:0003230c       __adj_fdivr_m64            0043330c f LIBC:adj_fdiv.obj
 0001:00032358       __adj_fdivr_m16i           00433358 f LIBC:adj_fdiv.obj
 0001:0003238c       __adj_fdivr_m32i           0043338c f LIBC:adj_fdiv.obj
 0001:000323c0       __safe_fdiv                004333c0 f LIBC:adj_fdiv.obj
 0001:000323d5       __safe_fdivr               004333d5 f LIBC:adj_fdiv.obj
 0001:000323ea       __fprem_common             004333ea f LIBC:adj_fdiv.obj
 0001:000325f0       __adj_fprem                004335f0 f LIBC:adj_fdiv.obj
 0001:000326a2       __fprem1_common            004336a2 f LIBC:adj_fdiv.obj
 0001:000328a8       __adj_fprem1               004338a8 f LIBC:adj_fdiv.obj
 0001:0003295d       __safe_fprem               0043395d f LIBC:adj_fdiv.obj
 0001:00032963       __safe_fprem1              00433963 f LIBC:adj_fdiv.obj
 0001:00032969       __adj_fpatan               00433969 f LIBC:adj_fdiv.obj
 0001:0003296c       __adj_fptan                0043396c f LIBC:adj_fdiv.obj
 0001:00032970       _asin                      00433970   LIBC:87ctriga.obj
 0001:0003297a       _acos                      0043397a   LIBC:87ctriga.obj
 0001:00032981       _atan                      00433981   LIBC:87ctriga.obj
 0001:00032988       _atan2                     00433988   LIBC:87ctriga.obj
 0001:00032992       __CIasin                   00433992   LIBC:87ctriga.obj
 0001:0003299c       __CIacos                   0043399c   LIBC:87ctriga.obj
 0001:000329a3       __CIatan                   004339a3   LIBC:87ctriga.obj
 0001:000329aa       __CIatan2                  004339aa   LIBC:87ctriga.obj
 0001:000329b4       ??2@YAPAXI@Z               004339b4 f LIBC:new.obj
 0001:000329c3       ??3@YAXPAX@Z               004339c3 f LIBC:delete.obj
 0001:000329d0       _fread                     004339d0 f LIBC:fread.obj
 0001:00032b07       _fwrite                    00433b07 f LIBC:fwrite.obj
 0001:00032c5c       __onexit                   00433c5c f LIBC:onexit.obj
 0001:00032cd2       _atexit                    00433cd2 f LIBC:onexit.obj
 0001:00032ce4       ___onexitinit              00433ce4 f LIBC:onexit.obj
 0001:00032d1a       __purecall                 00433d1a f LIBC:purevirt.obj
 0001:00032d25       _fprintf                   00433d25 f LIBC:fprintf.obj
 0001:00032d5b       _mainCRTStartup            00433d5b f LIBC:crt0.obj
 0001:00032e54       __amsg_exit                00433e54 f LIBC:crt0.obj
 0001:00032e74       _sprintf                   00433e74 f LIBC:sprintf.obj
 0001:00032ed0       _strcat                    00433ed0 f LIBC:strcat.obj
 0001:00032ed4       _strcpy                    00433ed4   LIBC:strcat.obj
 0001:00032f61       _vsprintf                  00433f61 f LIBC:vsprintf.obj
 0001:00032fbc       _strlen                    00433fbc f LIBC:strlen.obj
 0001:0003300c       _sqrt                      0043400c   LIBC:87csqrt.obj
 0001:00033016       __CIsqrt                   00434016   LIBC:87csqrt.obj
 0001:00033020       _memset                    00434020 f LIBC:memset.obj
 0001:00033064       _strcmp                    00434064 f LIBC:strcmp.obj
 0001:000330e8       _pow                       004340e8   LIBC:87ctran.obj
 0001:000330f2       _log                       004340f2   LIBC:87ctran.obj
 0001:000330fc       _log10                     004340fc   LIBC:87ctran.obj
 0001:00033103       _exp                       00434103   LIBC:87ctran.obj
 0001:0003310a       __CIpow                    0043410a   LIBC:87ctran.obj
 0001:00033114       __CIlog                    00434114   LIBC:87ctran.obj
 0001:0003311e       __CIlog10                  0043411e   LIBC:87ctran.obj
 0001:00033125       __CIexp                    00434125   LIBC:87ctran.obj
 0001:0003312c       _calloc                    0043412c f LIBC:calloc.obj
 0001:00033166       _free                      00434166 f LIBC:free.obj
 0001:000331ce       _fflush                    004341ce f LIBC:fflush.obj
 0001:0003321a       __flush                    0043421a f LIBC:fflush.obj
 0001:0003327c       __flushall                 0043427c f LIBC:fflush.obj
 0001:000332f1       ___endstdio                004342f1 f LIBC:fflush.obj
 0001:00033305       _fscanf                    00434305 f LIBC:fscanf.obj
 0001:0003331b       _malloc                    0043431b f LIBC:malloc.obj
 0001:0003332e       __nh_malloc                0043432e f LIBC:malloc.obj
 0001:000333ed       __heap_split_block         004343ed f LIBC:malloc.obj
 0001:00033434       _strrchr                   00434434 f LIBC:strrchr.obj
 0001:0003345c       _strncpy                   0043445c f LIBC:strncpy.obj
 0001:00033480       _strncmp                   00434480 f LIBC:strncmp.obj
 0001:000334b8       _memcpy                    004344b8 f LIBC:memcpy.obj
 0001:00033606       _realloc                   00434606 f LIBC:realloc.obj
 0001:00033758       _atof                      00434758 f LIBC:atof.obj
 0001:000337b4       _atol                      004347b4 f LIBC:atox.obj
 0001:00033849       _atoi                      00434849 f LIBC:atox.obj
 0001:00033856       __setmode                  00434856 f LIBC:setmode.obj
 0001:000338d0       _fgets                     004348d0 f LIBC:fgets.obj
 0001:0003392b       _fgetc                     0043492b f LIBC:fgetc.obj
 0001:0003394c       _ftell                     0043494c f LIBC:ftell.obj
 0001:00033a84       _fseek                     00434a84 f LIBC:fseek.obj
 0001:00033b18       _ungetc                    00434b18 f LIBC:ungetc.obj
 0001:00033b8f       __stbuf                    00434b8f f LIBC:_sftbuf.obj
 0001:00033c10       __ftbuf                    00434c10 f LIBC:_sftbuf.obj
 0001:00033c56       __output                   00434c56 f LIBC:output.obj
 0001:0003457c       __close                    0043557c f LIBC:close.obj
 0001:00034612       __freebuf                  00435612 f LIBC:_freebuf.obj
 0001:0003464a       __openfile                 0043564a f LIBC:_open.obj
 0001:000347e5       __getstream                004357e5 f LIBC:stream.obj
 0001:00034822       __setdefaultprecision      00435822 f LIBC:fp8.obj
 0001:00034835       _ms_p5_test_fdiv           00435835 f LIBC:testfdiv.obj
 0001:0003487b       _ms_p5_mp_test_fdiv        0043587b f LIBC:testfdiv.obj
 0001:0003494e       __forcdecpt                0043594e f LIBC:cvt.obj
 0001:000349b3       __cropzeros                004359b3 f LIBC:cvt.obj
 0001:00034a12       __positive                 00435a12 f LIBC:cvt.obj
 0001:00034a27       __fassign                  00435a27 f LIBC:cvt.obj
 0001:00034a6a       __cftoe                    00435a6a f LIBC:cvt.obj
 0001:00034bbd       __cftof                    00435bbd f LIBC:cvt.obj
 0001:00034cd9       __cftog                    00435cd9 f LIBC:cvt.obj
 0001:00034d81       __cfltcvt                  00435d81 f LIBC:cvt.obj
 0001:00034e1c       __fFATN2                   00435e1c   LIBC:87triga.obj
 0001:00034e6c       __rtpiby2                  00435e6c   LIBC:87triga.obj
 0001:00034ea4       __cintrindisp2             00435ea4 f LIBC:87cdisp.obj
[...]
 0001:000270ff       _DK_modelAlgoTypeReadAscii 004280ff f libdkit:tinyActor.obj
 0001:00027302       _invKinReadAscii           00428302 f libdkit:tinyActor.obj
 0001:000273f9       _DK_envelopVertReadBinaryChunk 004283f9 f libdkit:tinyActor.obj
 0001:00027a58       _DK_envelopVertReadAscii   00428a58 f libdkit:tinyActor.obj
 0001:00027bd1       _envelopReadAscii          00428bd1 f libdkit:tinyActor.obj
 0001:00028173       _DK_oEnvelopeVertReadBinaryChunk 00429173 f libdkit:tinyActor.obj
 0001:00025dc3       _DK_modelReadAsciiFile     00426dc3 f libdkit:tinyModel.obj
 0001:00025ec4       _DK_modelReadBinaryFile    00426ec4 f libdkit:tinyModel.obj
 0001:0003b5cf       _findenv                   0043c5cf f LIBC:setenv.obj
 0001:0003b62c       _copy_environ              0043c62c f LIBC:setenv.obj
 0001:0003b0d6       _strncnt                   0043c0d6 f LIBC:aw_cmp.obj
 0001:00039643       _strncnt                   0043a643 f LIBC:aw_map.obj
 0001:00038d1c       __before                   00439d1c f LIBC:heapadd.obj
 0001:00037af5       __abstract_cw              00438af5 f LIBC:ieee87.obj
 0001:00037b88       __hw_cw                    00438b88 f LIBC:ieee87.obj
 0001:00037109       __heap_new_region          00438109 f LIBC:heapgrow.obj
 0001:00036f16       __hextodec                 00437f16 f LIBC:input.obj
 0001:00036f4f       __inc                      00437f4f f LIBC:input.obj
 0001:00036f72       __un_inc                   00437f72 f LIBC:input.obj
 0001:00036f89       __whiteout                 00437f89 f LIBC:input.obj
 0001:00036019       __heap_grow_emptylist      00437019 f LIBC:heapinit.obj
 0001:00035ccd       _getSystemCP               00436ccd f LIBC:mbctype.obj
 0001:00035d08       _CPtoLCID                  00436d08 f LIBC:mbctype.obj
 0001:00035d47       _setSBCS                   00436d47 f LIBC:mbctype.obj
 0001:00035b03       _parse_cmdline             00436b03 f LIBC:stdargv.obj
 0001:00035975       _xcptlookup                00436975 f LIBC:winxfltr.obj
 0001:00035778       __unwind_handler           00436778 f LIBC:exsup.obj
 0001:000356a5       _doexit                    004366a5 f LIBC:crt0dat.obj
 0001:00035724       __initterm                 00436724 f LIBC:crt0dat.obj
 0001:00034b95       __cftoe_g                  00435b95 f LIBC:cvt.obj
 0001:00034cb6       __cftof_g                  00435cb6 f LIBC:cvt.obj
 0001:00034dd2       __shift                    00435dd2 f LIBC:cvt.obj
 0001:000344a1       _write_char                004354a1 f LIBC:output.obj
 0001:000344e1       _write_multi_char          004354e1 f LIBC:output.obj
 0001:00034512       _write_string              00435512 f LIBC:output.obj
 0001:00034549       _get_int_arg               00435549 f LIBC:output.obj
 0001:00034558       _get_int64_arg             00435558 f LIBC:output.obj
 0001:0003456c       _get_short_arg             0043556c f LIBC:output.obj
 0001:000336fc       __heap_expand_block        004346fc f LIBC:realloc.obj
 0001:00033287       _flsall                    00434287 f LIBC:fflush.obj

FIXUPS: 339b0 fffff1e8 5 a ffffff93 1a 13 ffffff8e b b 1b ffffff83 18 10
FIXUPS: 3b8c1 8 c ffff84e2 c 5 10 10 5 1c 9 15 f 1f 9 fffffed0 14 c ffffffcf
FIXUPS: 33c63 1e 12 44 13 13 fffffe9a 2d 32 fffffe8e 1a ffffff2a fffffff3
FIXUPS: 33976 18 a cf7 23 23 fffffc51 2d f e c 3d 55 ffffff05 fffffec7
FIXUPS: 341e5 21 42 37 2f 19 2b e fffffe7f ffffffba ffffffb5 a 18 a fffffef8
FIXUPS: 3401c ffffff6f 20 fffffef4 20 1491 14 1c 2d 16 1d 1b cb 3a 37 fffff662
FIXUPS: 34bde 46 29 fffffef1 ffffff74 15 2f fffffe78 ab 2e fffffefd ffffffbe
FIXUPS: 347d0 43 3b ffffff24 35 fffffe73 16 33 1f 171f 16 13 29 fffffa90
FIXUPS: 3591d ffffff10 ffffff84 fffffe75 ffffff8c c d 20 d fffff762 4c
FIXUPS: 34e41 1d 6d 10 6b 4f 24 6b 6a 30 14 16 11 ab 17 ff 11d3 fffffde4
FIXUPS: 3636c fffffdb9 18 fffffd83 3d 49 132 31 fffffdbf 1f 7 10 fffffabb
FIXUPS: 3597a c1 1c 48 13 31 ca 5a 28 1f 17 30 35 1d 36 47 11 137e d 35
FIXUPS: 3715a ffffff1f fffffcff b8 78 44 10 fffffbb0 12 10 19 fffffef2
FIXUPS: 369ee 2a 11 fffffdf5 ffffff4e fffffefd 12 11 11 5d 12 fffffe07
FIXUPS: 36606 fffffe16 d 2b 1a 1852 11 56 3e 20 30 11 72 2b 34 d 84 42
FIXUPS: 37f81 17 b fffff4cf ffffffb7 ffffffe1 fffffe36 12 1d 5 55 3c 7
FIXUPS: 3733b b2 15 fffffdf9 ffffff70 18 375 9 12 61 116 e a1 2c 2e 23
FIXUPS: 377d6 2e 36 2d 16 31 178 20 55 19 33 64 29 13 2f 13 3a 24 c 18
FIXUPS: 37c78 11 fd3 64 ffffff58 fffffe9a 17 24 fffffe3a 51 2b 29 33 1c
FIXUPS: 38a35 14 e 14 e fffff99d ffffffaf 26 ffffff89 ffffff1c 2c fffffe2f
FIXUPS: 380f7 75 d 96 d c 32 fffff277 23a9 a4 22 fffffd28 78 10 18 e fffffade
FIXUPS: 3920e fffffb77 17 67 e 177 1a 1d 12 1f 20 d f 13 17 13 22 5b 16
FIXUPS: 3911e f 22 f 16df 77 c fffffc58 2e 19 31 1e 2d 10 9 37 fffffe9b
FIXUPS: 3a4fe fffffa34 c5 92 10e 49 c6 4f fffff7f6 10 10 18 a1 3e 24 d
FIXUPS: 39c74 34 fffffe0b 1a36 1c fffff9ea 133 ef 21 26 10d aa 1f fffff928
FIXUPS: 3ac70 65 1d 2b c 10 c fffffbbc 14 18 18 b0 9 e 9 29 4d fffffc51
FIXUPS: 3a79e 75 c 1caa 39 2d 37 4d 3a 6c 12 14 fffffaf2 15 1a0 52 3e b
FIXUPS: 3c0b1 ffffff9b 28 fffffe0f bd 21 fffffeba f e ffffff29 50 ffffff6f
FIXUPS: 3bd40 fffff99d 47 3e 110 fffec1f3 13 d 26 13 d 26 13 d 26 12 19
FIXUPS: 27b7b 23 16 19 26 16 19 26 13 d 2a 13 10 19 149e3 fffffd38 3a 2a
FIXUPS: 3c474 2b fffeb2b2 28 11 20 18 d 19 1e 16 1e 3a 1e 16 14 19 14 19
FIXUPS: 27916 19 14 19 18 19 14 19 14 19 14 19 14 19 e fffff910 1c a 1c
FIXUPS: 273bc 14 1c 20 1b 16 1c 13 19 16 16 14 1c 22 24 1d 11 17 d 19 4b
FIXUPS: 275f0 10 13 14 17 17 2e fffff9b9 12 12 12 40 22 10 d 12 d 30 22
FIXUPS: 27172 d 12 d 30 22 10 d 12 d 30 16 1c 18 1c 1d 24 e 15 19 fffffa0c
FIXUPS: 26d5f 1b 9 18 1c 21 17 1d 11 f b b 27 13 14 17 e 1d 13 f b 29 47
FIXUPS: 26f97 e 19 27 f 12 12 12 fffffa28 14 14 14 14 11 11 13 1d 1d 1e
FIXUPS: 26b43 14 14 14 14 13 1e 14 f 11 11 16 11 13 1d 27 14 17 56 18 14
FIXUPS: 27dfc 1e 2f 16 16 13 10 fffffe6a 29 24 f 20 ffffe907 24b 16 17
FIXUPS: 2692a 11 11 11 11 11 11 11 10 18 10 17 18 11 11 14 2804 11 12 14
FIXUPS: 2928d 12 14 14 14 a 12 25 1b e 18 12 23 e 18 c 1b e 1b e 1b e 1b
FIXUPS: 29468 15 19 ffffe917 17 111f 18 14 18 14 18 16 15 13 19 23 2f 16
FIXUPS: 29027 13 19 23 2f 16 1d b 13 14 11 47 2b 16 11 11 11 11 3f fffffa3c
FIXUPS: 28c6f d 15 11 d d 18 11 d d 18 11 d 10 18 14 18 12 23 14 18 14
FIXUPS: 28e16 14 18 14 18 12 23 14 18 fffff9a8 28 1e 22 28 1d 13 18 63
FIXUPS: 289dc 89 13 10 1f 1f 13 1b 12 1e 18 19 1c 1c 11 9 13 21 22 14 13
FIXUPS: 28c36 1b fffff776 d 16 1a 4e 3c 1b 24 28 2c 2d fc 28 15 35 18 13
FIXUPS: 286ff 18 18 c 1e 10 23 20 18 18 18 18 18 13 1e fffff80d c 19 21
FIXUPS: 280c3 28 21 1f 13 2d 26 2a 22 13 26 26 23 23 23 1a 15 11 11 15
FIXUPS: 2832a 13 13 11 1b 11 1c 11 1553 18 11 18 11 18 d 1d 1b 25 38 1f
FIXUPS: 29a48 29 1c 1f 11 13 14 a a 9 13 16 22 14 11 ffffe34d 1e cd 1c
FIXUPS: 28030 1585 13 26 15 13 1f 1d 1d 1d 30 17 1f 3a 45 13 13 13 13 13
FIXUPS: 297e3 14 30 20 1f 14 13 e 15 11 15 11 15 4ad 68 36 10 b 20 2a 2a
FIXUPS: 29ef0 3a 26 17 10 b 22 12 27 d 20 1f 19 15 12 20 17 17 9 fffff3ea
FIXUPS: 294e7 23 60 20 272e 1b 2c ffffe4c2 17 13 ffffff02 12 19 10 f 27
FIXUPS: 2a177 10 f fffff9ff 17 49 1b 20 1b 17 e 29 16 35 17 1b 3f f 16
FIXUPS: 29d8e 1c0a 16 16 22 16 16 16 22 16 19 16 22 16 27 16 27 16 27 16
FIXUPS: 2bb97 16 19 16 19 16 19 16 19 13 19 13 d fffff9e2 1f 11 d 18 19
FIXUPS: 2b6fe 19 16 16 16 16 16 16 16 16 16 16 25 19 14 21 24 19 14 21
FIXUPS: 2b8fc 16 16 22 16 22 fffff665 15c 16 18 11 f f f 2c 3e 28 e 18
FIXUPS: 2b284 45 24 1d 2d 16 16 8d 13 13 13 13 34 3e 1c 2e 147 1f 12 fffff55f
FIXUPS: 2abe5 16 16 16 16 17 16 17 2f 17 1f 16 16 16 17 20 20 1f 16 16
FIXUPS: 2ade3 19 16 16 c 1c b d 2d f9 30 fffff894 24 19 14 21 24 16 16
FIXUPS: 2a93a 16 27 16 27 13 27 13 d 19 1b 23 41 2b e 19 1e 16 16 16 16
FIXUPS: 2ab84 16 17 fffff99e f 19 1a 16 1a 16 1a 16 1e 1e 1e 1e 16 16 16
FIXUPS: 2a6d7 16 16 16 16 16 16 16 16 16 16 16 16 25 19 14 1e5a d 1c d
FIXUPS: 2c6da 11 d 1f 13 d 21 2f ffffda89 1a5 16 17 18 11 f f f 26 1f 12
FIXUPS: 2a4a0 1f 11 d 18 19 f 19 1e84 11 d 18 19 f 19 1e 16 1e 16 1e 16
FIXUPS: 2c4e3 16 16 16 16 16 16 16 16 16 16 16 19 16 19 16 19 16 d fffff9ab
FIXUPS: 2c033 16 16 2b 19 19 16 21 27 21 10 9 10 10 36 21 10 9 10 10 33
FIXUPS: 2c24f 18 c 15 15 37 8a 1f 12 11 d2c 1a 16 11 16 11 19 18 2c 31
FIXUPS: 2d213 79 ffffea98 126 16 18 11 e 11 f f f f f 29 3f 28 e 1b 23
FIXUPS: 2bfe8 19 d95 16 16 19 f 1a 19 f 1a e 16 1d d 13 1b 25 22 2f 23
FIXUPS: 2cf6f 1d 31 1e 19 1b 19 1e 19 19 f 1d 19 fffff90b 19 19 19 1c f
FIXUPS: 2ca8a 39 10 10 10 24 2e 2d 33 23 45 26 26 11 1d 11 d 18 19 f 19
FIXUPS: 2cd1e 20 16 16 16 1e3b b 28 12 12 28 28 2b 12 12 a 5f 11 21 1c
FIXUPS: 2ed7e 23 32 11 d ffffd9b4 69 16 13 24 61 3f 28 16 2d f 2f 1ed9
FIXUPS: 2e899 20 20 1a b 2c 12 12 28 15 11 1d 1f 16 16 16 16 16 16 16 16
FIXUPS: 2eaab 23 19 16 16 1c 16 1c 20 20 fffff928 33 13 13 12 1c 45 2f
FIXUPS: 2e5e4 11 1c 1c 22 39 3e 11 1d 1f 16 16 13 16 16 16 16 16 23 23
FIXUPS: 2e81f 16 16 1c fffff879 16 19 16 19 16 19 16 19 13 16 2f 16 f 11
FIXUPS: 2e255 59 18 20 11 1c 1c 22 39 26 20 11 18 1c 16 1b 1e fffff9a2
FIXUPS: 2de1c 16 16 13 1b 1d e 10 e 11 22 1f 11 1a 11 10 11 10 16 16 16
FIXUPS: 2dfd6 16 20 20 e 13 19 16 16 35 fffff99f 19 19 19 19 16 38 19 16
FIXUPS: 2db5d 16 13 49 89 1f 11 1f 11 13 16 16 16 16 16 16 16 16 c 15 1e
FIXUPS: 2ddda 16 fffff9a1 32 13 11 16 11 12 29 19 21 11 19 e a 14 e a 11
FIXUPS: 2d918 11 11 11 16 16 16 22 2a 16 16 16 19 19 1f58 10 26 ffffd8d0
FIXUPS: 2d2f9 eb 1b 18 29 1b 1b 2d 19 18 39 19 1b 18 1d 3c 5c 21 b 29 19
FIXUPS: 2d6a7 e a 1b 25 2f 25 1ec3 d b b 11 24 22 11 16 11 d 15 d a 11
FIXUPS: 2f72b 62 39 23 20 50 40 9 29 10 f 10 46 10 9 2c 10 fffff8e4 15
FIXUPS: 2f2a7 19 16 1d 35 27 b 15 17 d 3d 31 47 1d b c 33 17 45 26 1f 11
FIXUPS: 2f57b 11 13 13 16 10 1d e 1370 ffffe4c7 76 1a 44 3c 14 11 10 10
FIXUPS: 2ef9f d 30 26 1f 11 1a 11 16 16 16 16 1e 13 4f 11 1c 41 24 11 1c
FIXUPS: 2f237 13a1 11 1c 18 21 20 d 1b 37 17 19 1a 11 1a 11 1b 1b 1b 19
FIXUPS: 307c9 1c 33 f 6c 11 1f 1f 18 13 23 13 1f fffff926 1d 14 21 21 1f
FIXUPS: 3033b 19 19 19 d 1b 34 1b 19 16 11 1a 11 19 18 21 20 d 1b 3a 10
FIXUPS: 30565 19 19 16 11 fffff815 37 13 13 f 4d 2f 13 26 23 17 2e 3c 2e
FIXUPS: 30002 28 d 4d 2a 13 17 21 11 2e 35 2e 54 23 14 1d 14 1d b0f 15
FIXUPS: 30dae 12 11 e 31 e ffffec04 40 20 18 12 a 1f 3a 3b 37 3f 28 16
FIXUPS: 2fc3d 18 d 49 21 10 10 2e 38 28 d 1b22 3b fffff0aa 3f 20 1c 25
FIXUPS: 30a42 25 44 3a 19 22 17 1a 25 21 17 16 43 22 1b 48 20 1c c 20 11
FIXUPS: 30d15 1f 29 11 7c3 1d 3b 32 16 1c 1d 11 16 1b 2e 29 16 16 16 16
FIXUPS: 31711 16 16 16 16 16 16 16 16 16 2f 16 16 13 13 13 fffff99e 16
FIXUPS: 31235 16 2b 16 16 16 16 16 16 16 16 16 13 16 25 e 11 33 2c 11 18
FIXUPS: 31456 1b 11 2c 18 11 19 11 16 fffffa0c 1f 11 19 f 18 19 f 19 16
FIXUPS: 31000 16 16 1e 1e 16 16 16 16 16 16 16 16 16 16 16 16 1e 1e 1e
FIXUPS: 311e8 e fc6 1e d 2c 6f 13 16 11 25 2a 1f 1c 2b 1b e e d 12 11 16
FIXUPS: 323f8 16 1d 20 5f 17 ffffe970 8f a 21 8 1f ebf 97 10d 12 12 12
FIXUPS: 31fbd 12 12 12 12 12 12 12 12 12 12 12 12 12 15 15 15 15 15 15
FIXUPS: 3213a 15 15 15 a 27 fffff7de 1f 3e 14 21 20 21 21 21 21 21 21 21
FIXUPS: 31b42 21 21 21 21 21 21 21 21 24 24 24 24 24 24 21 21 21 2f b2c
FIXUPS: 328fb 1f 11 1f 11 d 15 1b 1b 16 18 44 b 9 b 9 b 9 1f fffffa64 30
FIXUPS: 32556 30 32 25 30 32 24 30 32 fffff2a8 fffe79d1 fffffff5 ffffff94
FIXUPS: 192bc ba6 ffffff13 ffffff41 1fe ffffe33e ffffffb2 ffffffe8 ffffffde
FIXUPS: 18149 fffffff6 fffffff6 fffffff6 fffffff6 ffffffe4 1a5d8 2f 16
FIXUPS: 32738 60 57 b 16 1c 1c 4e e 13 13 fffe9219 ffffffea ffffffd9 ffffffd5
FIXUPS: 1ba41 ffffff9c ffffffea ffffffcc ffffffeb ffffffd5 ffffffeb fffff9e0
FIXUPS: 1b1df fffffff5 2c8 fffffb0c ffffffdc ffffffee ffffff87 ffffffcc
FIXUPS: 1ae91 ffffffc7 fffffefe ffffff3c ffffffe4 ffffffd1 ffffffdc 42f
FIXUPS: 19433 fffffff4 ffffff8e fffffff5 36a4 ffffff73 ffffffea 746 ffffffe8
FIXUPS: 1d077 ffffffe1 ffffffc4 ffffffec ffffff9f ffffffea ffffffdc ffffff27
FIXUPS: 1ce76 ffffff92 ffffffdb ffffffc0 ffffffe7 728 ffffffc3 ffffff56
FIXUPS: 1d38b ffffff12 ffffff8a ffffff92 ffffffd8 ffffeba4 ffffffe4 fffffeb3
FIXUPS: 1bba2 fffffff3 ffffff9e 242e ffffffdf ffffffe7 ffffffe8 fffffe67
FIXUPS: 1c142 ffffffc8 ffffff99 48e ffffff6f fffffe87 ffffffdb fffffe79
FIXUPS: 1c7cc ffffffdb ffffff8c ffffffec ffffffd3 ffffffc8 ffffffe5 ffffff96
FIXUPS: 1c621 ffffffe1 ffffffbc ffffffe3 ffffffd8 728 ffffff1b ffffffbb
FIXUPS: 1cb47 ffffffd2 ffffff9c b6e ffffffb5 ffffffec ffffffd6 fffffff5
FIXUPS: 1dd3f ffffffcc ffffffb5 ffffffbe fffffff3 ffffffcc ffffff97 ffffffdc
FIXUPS: 1db7c ffffffe5 ffffffe8 ffffffbf ffffffad ffffffba ffffffd3 ffffffcd
FIXUPS: 1d9f4 ffffffe5 ffffffe8 ffffffe1 ffffffe4 69e ffffffde ffffffdb
FIXUPS: 1dfb3 ffffffe5 ffffffe9 24b ffffffb2 fffffff3 ffffffd2 fffffff7
FIXUPS: 1e10d fffff84d ffffffec ffffffec ffffffe8 ffffffe5 ffffffe8 ffffffe1
FIXUPS: 1d8ac ffffffd4 ffffffec ffffffec ffffffe8 ffffffe5 ffffffe8 ffffffd3
FIXUPS: 1d79c ffffffe8 ffffffb6 ffffffec ffffffe6 ffffffe8 ffffffe6 ffffffe5
FIXUPS: 1d6a7 ffffffd3 ffffffb4 1138 ffffffd2 ffffff83 ffffff8e ffffffdd
FIXUPS: 1e605 ffffffde ffffffdf ffffff6b ffffffc9 ffffffef ffffffb0 ffffffe2
FIXUPS: 1e464 ffffffee ffffffec ffffffed ffffffee ffffffec 72e ffffffb7
FIXUPS: 1eab8 ffffffcd ffffffca fffffe17 39f fffffff7 ffffffcd fffffff7
FIXUPS: 1e22f fffffff4 ffffffb9 1852 ffffff8b ffffff8a ffffff9a 73f ffffff8a
FIXUPS: 1ff2e ffffff52 ffffff7c ffffff98 ffffff87 ffffff7b 71d ffffff8a
FIXUPS: 202d4 ffffff20 ffffff9d ffffff88 ffffff81 75d ffffff9a ffffff21
FIXUPS: 2063e ffffff83 ffffff7c ffffff8e ffffff5d 55d ffffff93 ffffffe7
FIXUPS: 2088a ffffdf1e 29ad fffffff2 ffffdebc ffffff52 ffffffa4 ffffffe7
FIXUPS: 1ee30 ffffffd0 ffffff40 ffffffce ffffffbe ffffff92 5e6 ffffffe3
FIXUPS: 1f1db ffffffe8 ffffffb0 ffffffe6 ffffff77 72d ffffff9d ffffff88
FIXUPS: 1f6a3 ffffff8b ffffff9d ffffff9a ffffff52 ffffff9d 7ce ffffff87
FIXUPS: 1fb2c ffffff9a 2623 fffff318 ffffffef fffffff1 fffffff4 ffffffed
FIXUPS: 213ae 66b fffffff2 fffffff4 fffffff4 ffffffec ffffffee ffffff56
FIXUPS: 21903 ffffff81 ffffffec ffffffe4 ffffffe8 ffffffec ffffffd4 ffffffd8
FIXUPS: 217b5 ffffffe6 ffffffee ffffffdb 472 fffff757 fffffeaa ffffffe2
FIXUPS: 211ab ffffffca 3f41 fffffff4 ffffffa3 ffffffb8 fffffff3 ffffffdf
FIXUPS: 24075 fffffff2 ffffffcd fffffff2 fffffdac ffffffed ffffffba fffffff2
FIXUPS: 23d5a ffffffdd ffffffd7 fffffff6 ffffffe1 ffffffe3 ffffff99 ffffec60
FIXUPS: 22e7d fffffff5 fffff070 ffffffd6 ffffffe5 ffffffd5 fffffeca 593
FIXUPS: 222af ffffff4a ffff5b07 24 6f 5d 24 d 74 39 10 21 21 16 14 12 10
FIXUPS: 17f7c 1c 46 23 5 e d d954 51c 60c ffffff99 9e ffffeefe ffffffa8
FIXUPS: 252c1 ffffee53 fbc 1684f 12 1c 1a 1a 15 8d 40 d 4e 15 17 d 31 e
FIXUPS: 3bb6b 34 26 20 1d 4a 1d 24 fffdbe68 11 2e 7 89 2b 5e 23 6b fffefaaa
FIXUPS: 781e 4b 91 5d 6e 2d 30 a 9f 27 13 4b b 3a 1b d 3f 1c 18 10 e 18
FIXUPS: 7c81 5 5 17 1a d 1b d 33fe6 fffcb480 21 1a 11 4f 36 4d 1c 24 1d
FIXUPS: 731a c9 16 19 1c 9 43 27 e a 19 58 8 b f 9 33 33 3d 10 10 125 fffff47c
FIXUPS: 6bcf 3b 15 29 d a 30 49 12 3c 25 16 33 52 1b 45 18 a 59 15 14 1f
FIXUPS: 6f17 42 1c d7 e a 18 29 6b fffff412 141 50 41 31 a d 9e 1c 10 e
FIXUPS: 6858 8a 19 11 e 43 e 4e 19 11 e 5f 50 2e 20 c 11 19 f 42 1d fffff270
FIXUPS: 5e2e 21 2f 17 10 2d 13 11 f 2d 19 43 73 34 23 34 e 45 12 d f d
FIXUPS: 6141 19 19 b8 46 22 26 bf 80 fffff282 e 5d 10 10 20 af 10c 58 20
FIXUPS: 596a b 12 21 12 b 12 1c 6a 46 16 1c ad 4c 125 20 25 31 1d 1a 15
FIXUPS: 5dc5 fffff4a7 22 21 12 14 18 12 35 4c 1a 26 1d 42 21 f 18 27 17
FIXUPS: 54b2 14 2f 16 10 75 11 d 21 12 3a 18 20 14 fffff67c 18 e d 12 f
FIXUPS: 4d44 10 16 32 2c 88 32 10 1a 27 8 37 32 47 36 36 29 15 a2 45 9
FIXUPS: 5133 16 be 1f 32 fffff49d 13 82 b 2c 10 1c 5d 16 6 19 6 1b 6 65
FIXUPS: 491d e 11 10 12 5d c cb 80 12 26 12 16 53 25 35 b6 fffff5dc 32
FIXUPS: 4302 19 32 3c 18 1c 47 1c 47 1c 41 b 28 39 40 17 1a 1c f 1a f 1a
FIXUPS: 461e 1a f 1a 1c 25 11 20 fffff7d3 16 b 6 30 24 21 16 16 24 2d 3e
FIXUPS: 402e 1f 19 31 39 15 17 2a c 1a 19 c 1a 13 35 21 16 14 1a 2d fffff825
FIXUPS: 3ac3 d 87 22 1c 51 30 13 10 15 17 d 18 22 13 10 36 a 2b f 20 4b
FIXUPS: 3de1 1e 1e 1c 14 16 b 6 23 fffff6ca 65 1a 16 11 28 11 67 19 14
FIXUPS: 36f2 37 3d 20 e 14 14 bc 2a 39 16 17 2c 1c e 25 1d 61 1b 25 d 23
FIXUPS: 312d 17 d 22 14 1c 13 19 77 10 27 15 1b 56 19 11 8 45 17 46 1c
FIXUPS: 3425 14 35 19 1c 2b 25 29 f 19 11 fffff6b9 28 16 6d 14 12 14 1f
FIXUPS: 2d30 2d 8e 4b 1a 11 2b 1f 17 2b 5d 13 5a 15 18 1c 21 40 12 15 11
FIXUPS: 30b9 18 30 fffff62b 1b 32 12 1e 32 33 25 1a 14 9 1b 18 2a c 18
FIXUPS: 2936 7b 19 14 f 66 19 14 f 59 1f 17 2f 44 f 14 fffff55f 12 f f
FIXUPS: 219b 56 5e 70 3c 2e 11 34 1a 21 2a 2c 2e de 20 2b 17 5c 17 22 11
FIXUPS: 2666 13 1a 11 35 22 11 fffff476 52 38 20 2e 20 19 2d 91 18 28 13
FIXUPS: 1dd6 17 1d 3e 11 11 14 11 f 10 f c c f 40 95 46 44 5b 4d fffff5b2
FIXUPS: 1745 11 2f 11 27 24 17 14 42 8 3c 9 4c b6 b 16 11 11 12 16 1c 18
FIXUPS: 1a66 1a 14 14 19 1c 18 f c fffff801 2f 1c d 1c e 2a 1c 50 11 14
FIXUPS: 1460 4a e 12 2b 11 10 1f 12 1e 10 42 18 46 26 14 d d d d d 67c4
FIXUPS: 7e63 f c 29 f 29 f f c c 26 f f c 2b 10 2d f ffff9091 c c 57 f
FIXUPS: 1101 33 12 1d 12 14 7f fc 70ea 7 11e ae fffffbb4 11 ee 30 5d 23
FIXUPS: 8331 fffffe10 fffffec4 11 2d c a 1e a 1f 1e 18 b 5 5 27 fffffc9a
FIXUPS: 7db8 23 31 8 8 f12 1b 28 27 5e 1e d 3a 15 26 2b 21 12 d fffffb9d
FIXUPS: 8b8d 54 fffffd93 b 52 21 fffffbe4 1f 11 1e 5c 1b6 b 5 5 21 fffffb72
FIXUPS: 9900 51 fffff5d1 32 26 9 54 4b 94 11 4e 33 36 f 1e f 25b 6d 153
FIXUPS: 96a6 49 f 2e 95 fffff454 11 2f 11 1e 12 10 53 1e7b 2e 2c 2f 33
FIXUPS: ac4b 2b 29 27 1c 34 1c 2d 3d 3d 19 21 91 c8 47 49 2a 13 16 5b 57
FIXUPS: b114 d 13 d ffffe6ab a8 c60 30 24 52 a 9 19 75 60 28 6 3a 40 1d
FIXUPS: a777 16 7b 19 41 b 15 24 11 1a 25 5d 4e 1a 16 a0 84 48 fffff46b
FIXUPS: 9fbe 16 13 39 2a 4c d cc 48 51 54 52 6 70 11 1c c 18 19 15 10 b
FIXUPS: a3cd 12 b 10 2a 39 1e 47 6 fffff63b b d e b f 63 4c 8 1c 22 78
FIXUPS: 9ccf 4d 13 13 26 27 17 2e 17 3a 2b 27 17 41 16 18 16 13 26 30 1229
FIXUPS: b1b4 7a 50 7f 20 b1 65 a 2b 23 18 16 1a 8 e 16 19 6 223 13 d ffffe224
FIXUPS: 9996 2f 11 1e 12 88 2c 14 2c 1f25 11 d 81 6a 12 78 12 33 27 21
FIXUPS: f5d3 1b 1c 52 f d 9c 73 11 32 e 3a 30 97 13 30 27 21 259d ffff9264
FIXUPS: b176 7f55 9 d 13 d ffffee24 11 1e 6e 17 68 3c 6c 16 41 16 1d 46
FIXUPS: 122d1 13 d ffff9494 11 52 8 28 8 11c 18 3f 1b 1c 72d5 20 4a 6 20
FIXUPS: 12d5a 3f 6 20 2b 37 1a 12 11 b 58 e 12 35 1c 38 18 57 e 12 29 25
FIXUPS: 13073 16 2d b 5 fffff574 64 a9 9d 2e 22 2e 4b 36 17 27 34 1c 17
FIXUPS: 12990 a a 20 50 40 28 18 40 40 1f 38 45 3e 10 17 61 14 78d aa c
FIXUPS: 13571 c 74 ffffed34 11 2f 11 1e 12 22 21 25 14 23 14 14 25 11 18
FIXUPS: 124f8 1c d 14 57 26 7 a f 2a 144f c 24 b 4d 1a 22 24 13 3a b 1e
FIXUPS: 13bd6 1a d4 76 1d 68 34 7 70 28 34 b 5 5 17 fffff2dc 23 89 9e 5e
FIXUPS: 155c1 13 d 13 d ffffe005 1f 11 2e 15 ab d 2c 19 20 12 83 e 7 16
FIXUPS: 138a5 26 11 24 1e 11 b 1e 82 10 28 e 17c0 1d 12 19 29 a 1b e 17
FIXUPS: 152cb 19 14 2f 2d 11 24 41 14 b 51 31 2e 18 40 44 17 15 13 d 13
FIXUPS: 155a1 13 fffff380 98 35 1e 3e 23 12 1d 43 b8 42 b9 44 e b5 11 37
FIXUPS: 14e25 77 11 42 55 23 85 2f 13 2d 1f aa 18 70 20 fffff293 6 15 b
FIXUPS: 1449c c 11 10 1e 32 d 1c 48 14 b 20 80 1d 2c 10 1b 3c 41 45 34
FIXUPS: 147c7 31 38 29 35 45 4d fffff6f5 11 28 9 32 1c 14 1c 21 24 6e 1e
FIXUPS: 141d5 22 3b 23 38 20 1e a b 28 a b 4c 22 a b 24 a b 2b 16a2 f 27
FIXUPS: 15aea f 7f 54 9 d 9 6d 61 9 d 9 8 2a 9 d 9 28 13 d fffff8b0 ffffe8f4
FIXUPS: 13f26 2f 11 2f 11 2f 11 2bc1 3a 29 a7 13 d fffff0c0 fffff8b4 11
FIXUPS: 15674 8 30 8 10 67 47 c 27 24 52 c 3f 6a 56 8a 11 f 4f 28 e 21
FIXUPS: 15a95 919 2d 2c 3d 12 1c 93 44 36 61 52 2b 57 54 16 24 25 e 48
FIXUPS: 167f5 4a 2e 2c 44 36 e 31 1a 6f 6e 7f 57 82d 16 36 2d 29 12 10
FIXUPS: 17431 13 d ffffe964 11 b6 26 1d e7 5a 2c 25 51 58 45 19 42 3d 1e
FIXUPS: 1624c 34 3d 12 42 8f 9b4 49 6b 7d 28 2e 2c 2c 42 54 2d e 2d 3b
FIXUPS: 170bf 23 26 18 1d 11 31 1f 16 22 1c 38 21 1b 5c 21 2b 16 6b0 3e
FIXUPS: 17a42 2f 21 33 fffff9fc 1d 1d 113 1a d 11 19 2a 1c 17 63 28 3c
FIXUPS: 177a1 49 22 78 a 2e 1e 57 5 fffffb3b fffff8a4 11
